c [Version] Cyclic Anti-bandwidth Encoder version 1.0.0.
c [Param] Real time limit is set to 1800.
c [Param] Memory limit is set to 30000.
c [Param] Worker count is set to 8.
c [Main] Encoding and solving for graph: I-ash85.mtx.rnd.
c [Main] Search strategy: Binary search from upper bound.
c [Main] Lower bound is set to 10.
c [Main] Upper bound is set to 27.
c [Main] Search order: 18 23 25 26 27 24 20 21 22 19 13 15 16 17 14 11 12 10.
c [w = 27] Start task in PID: 117035.
c [w = 27] Cyclic Antibandwidth problem with w = 27 (I-ash85.mtx.rnd):
c [w = 27] Initializing CaDiCaL (version 2.2.1).
c [w = 27] Configuring CaDiCaL as --sat (1).
c [w = 27] Encoding starts with w = 27:
c [w = 27] Symmetry breaking highest degree node is applied.
c [w = 27] Encoding duration: 110 ms.
c [w = 27] Number of clauses: 153814.
c [w = 27] Number of variables: 25500.
c [w = 27] SAT Solving starts:
c [w = 27] Solving duration: 402 ms.
c [w = 27] Answer:
s [w = 27] UNSAT (w = 27).
c [w = 27] Result: 20.
c [Main] Min width UNSAT is set to 27
c [w = 23] Start task in PID: 117032.
c [w = 23] Cyclic Antibandwidth problem with w = 23 (I-ash85.mtx.rnd):
c [w = 23] Initializing CaDiCaL (version 2.2.1).
c [w = 23] Configuring CaDiCaL as --sat (1).
c [w = 23] Encoding starts with w = 23:
c [w = 23] Symmetry breaking highest degree node is applied.
c [w = 23] Encoding duration: 104 ms.
c [w = 23] Number of clauses: 149394.
c [w = 23] Number of variables: 24140.
c [w = 23] SAT Solving starts:
c [w = 23] Solving duration: 424 ms.
c [w = 23] Answer:
s [w = 23] UNSAT (w = 23).
c [w = 23] Result: 20.
c [w = 24] Start task in PID: 117036.
c [w = 24] Cyclic Antibandwidth problem with w = 24 (I-ash85.mtx.rnd):
c [w = 24] Initializing CaDiCaL (version 2.2.1).
c [w = 24] Configuring CaDiCaL as --sat (1).
c [w = 24] Encoding starts with w = 24:
c [w = 24] Symmetry breaking highest degree node is applied.
c [w = 24] Encoding duration: 104 ms.
c [w = 24] Number of clauses: 150499.
c [w = 24] Number of variables: 24480.
c [w = 24] SAT Solving starts:
c [w = 24] Solving duration: 426 ms.
c [w = 24] Answer:
s [w = 24] UNSAT (w = 24).
c [w = 24] Result: 20.
c [Main] Min width UNSAT is set to 23
c [Main] Kill higher pid 24.
c [Main] Kill higher pid 26.
c [Main] Kill higher pid 25.
c [w = 25] Start task in PID: 117033.
c [w = 25] Cyclic Antibandwidth problem with w = 25 (I-ash85.mtx.rnd):
c [w = 25] Initializing CaDiCaL (version 2.2.1).
c [w = 25] Configuring CaDiCaL as --sat (1).
c [w = 25] Encoding starts with w = 25:
c [w = 25] Symmetry breaking highest degree node is applied.
c [w = 25] Encoding duration: 109 ms.
c [w = 25] Number of clauses: 151604.
c [w = 25] Number of variables: 24820.
c [w = 25] SAT Solving starts:
c [w = 25] Solving duration: 423 ms.
c [w = 25] Answer:
s [w = 25] UNSAT (w = 25).
c [Signal] Signal interruption. Caught signal: SIGTERM (15).
c [w = 26] Start task in PID: 117034.
c [w = 26] Cyclic Antibandwidth problem with w = 26 (I-ash85.mtx.rnd):
c [w = 26] Initializing CaDiCaL (version 2.2.1).
c [w = 26] Configuring CaDiCaL as --sat (1).
c [w = 26] Encoding starts with w = 26:
c [w = 26] Symmetry breaking highest degree node is applied.
c [w = 26] Encoding duration: 108 ms.
c [w = 26] Number of clauses: 152709.
c [w = 26] Number of variables: 25160.
c [w = 26] SAT Solving starts:
c [w = 26] Solving duration: 443 ms.
c [w = 26] Answer:
s [w = 26] UNSAT (w = 26).
c [Signal] Signal interruption. Caught signal: SIGTERM (15).
c [Main] Kill higher pid 26.
c [Main] Kill higher pid 25.
c [Main] Child pid 26 - 117034 terminated by signal 15.
c [Main] Child pid 25 - 117033 terminated by signal 15.
c [w = 20] Start task in PID: 117037.
c [w = 20] Cyclic Antibandwidth problem with w = 20 (I-ash85.mtx.rnd):
c [w = 20] Initializing CaDiCaL (version 2.2.1).
c [w = 20] Configuring CaDiCaL as --sat (1).
c [w = 20] Encoding starts with w = 20:
c [w = 20] Symmetry breaking highest degree node is applied.
c [w = 20] Encoding duration: 108 ms.
c [w = 20] Number of clauses: 150182.
c [w = 20] Number of variables: 24565.
c [w = 20] SAT Solving starts:
c [w = 20] Solving duration: 497 ms.
c [w = 20] Answer:
s [w = 20] SAT (w = 20).
c [w = 20] Solution check = 20.
c [w = 20] The solution is correct.
c [w = 20] Result: 10.
c [Main] Max width SAT is set to 20.
c [Main] Kill lower pid 16.
c [Main] Kill lower pid 15.
c [Main] Kill lower pid 19.
c [Main] Kill lower pid 13.
c [Main] Kill lower pid 18.
c [w = 16] Start task in PID: 117043.
c [w = 16] Cyclic Antibandwidth problem with w = 16 (I-ash85.mtx.rnd):
c [w = 16] Initializing CaDiCaL (version 2.2.1).
c [w = 16] Configuring CaDiCaL as --sat (1).
c [w = 16] Encoding starts with w = 16:
c [w = 16] Symmetry breaking highest degree node is applied.
c [Signal] Signal interruption. Caught signal: SIGTERM (15).
c [w = 15] Start task in PID: 117042.
c [w = 15] Cyclic Antibandwidth problem with w = 15 (I-ash85.mtx.rnd):
c [w = 15] Initializing CaDiCaL (version 2.2.1).
c [w = 15] Configuring CaDiCaL as --sat (1).
c [w = 15] Encoding starts with w = 15:
c [w = 15] Symmetry breaking highest degree node is applied.
c [Signal] Signal interruption. Caught signal: SIGTERM (15).
c [w = 18] Start task in PID: 117031.
c [w = 18] Cyclic Antibandwidth problem with w = 18 (I-ash85.mtx.rnd):
c [w = 18] Initializing CaDiCaL (version 2.2.1).
c [w = 18] Configuring CaDiCaL as --sat (1).
c [w = 18] Encoding starts with w = 18:
c [w = 18] Symmetry breaking highest degree node is applied.
c [w = 18] Encoding duration: 105 ms.
c [w = 18] Number of clauses: 147462.
c [w = 18] Number of variables: 23715.
c [w = 18] SAT Solving starts:
c [w = 18] Solving duration: 507 ms.
c [w = 18] Answer:
s [w = 18] SAT (w = 18).
c [w = 18] Solution check = 18.
c [w = 18] The solution is correct.
c [Signal] Signal interruption. Caught signal: SIGTERM (15).
c [w = 19] Start task in PID: 117040.
c [w = 19] Cyclic Antibandwidth problem with w = 19 (I-ash85.mtx.rnd):
c [w = 19] Initializing CaDiCaL (version 2.2.1).
c [w = 19] Configuring CaDiCaL as --sat (1).
c [w = 19] Encoding starts with w = 19:
c [w = 19] Symmetry breaking highest degree node is applied.
c [Signal] Signal interruption. Caught signal: SIGTERM (15).
c [w = 13] Start task in PID: 117041.
c [w = 13] Cyclic Antibandwidth problem with w = 13 (I-ash85.mtx.rnd):
c [w = 13] Initializing CaDiCaL (version 2.2.1).
c [w = 13] Configuring CaDiCaL as --sat (1).
c [w = 13] Encoding starts with w = 13:
c [w = 13] Symmetry breaking highest degree node is applied.
c [Signal] Signal interruption. Caught signal: SIGTERM (15).
c [Main] Child pid 15 - 117042 terminated by signal 15.
c [Main] Child pid 16 - 117043 terminated by signal 15.
c [Main] Child pid 19 - 117040 terminated by signal 15.
c [Main] Child pid 13 - 117041 terminated by signal 15.
c [Main] Child pid 18 - 117031 terminated by signal 15.
c [w = 22] Start task in PID: 117039.
c [w = 22] Cyclic Antibandwidth problem with w = 22 (I-ash85.mtx.rnd):
c [w = 22] Initializing CaDiCaL (version 2.2.1).
c [w = 22] Configuring CaDiCaL as --sat (1).
c [w = 22] Encoding starts with w = 22:
c [w = 22] Symmetry breaking highest degree node is applied.
c [w = 22] Encoding duration: 97 ms.
c [w = 22] Number of clauses: 148289.
c [w = 22] Number of variables: 23800.
c [w = 22] SAT Solving starts:
c [w = 22] Solving duration: 242 ms.
c [w = 22] Answer:
s [w = 22] UNSAT (w = 22).
c [w = 22] Result: 20.
c [Main] Min width UNSAT is set to 22
c [w = 21] Start task in PID: 117038.
c [w = 21] Cyclic Antibandwidth problem with w = 21 (I-ash85.mtx.rnd):
c [w = 21] Initializing CaDiCaL (version 2.2.1).
c [w = 21] Configuring CaDiCaL as --sat (1).
c [w = 21] Encoding starts with w = 21:
c [w = 21] Symmetry breaking highest degree node is applied.
c [w = 21] Encoding duration: 104 ms.
c [w = 21] Number of clauses: 146782.
c [w = 21] Number of variables: 23460.
c [w = 21] SAT Solving starts:
c [w = 21] Solving duration: 2033 ms.
c [w = 21] Answer:
s [w = 21] SAT (w = 21).
c [w = 21] Solution check = 21.
c [w = 21] The solution is correct.
c [w = 21] Result: 10.
c [Main] Max width SAT is set to 21.
c [Main] All children have completed.
r [Main] 
r [Main] Final results: 
r [Main] Max width SAT:  	21.
r [Main] Min width UNSAT:	22.
r [Main] Total real time: 2160 ms.
r [Main] Total memory consumed: 415.1 MB.
r [Main] 
c [Signal] Signal interruption. Caught signal: SIGTERM (15).
