c [Version] Cyclic Anti-bandwidth Encoder version 1.0.0.
c [Param] Real time limit is set to 1800.
c [Param] Memory limit is set to 30000.
c [Param] Worker count is set to 8.
c [Main] Encoding and solving for graph: L-bcspwr03.mtx.rnd.
c [Main] Search strategy: Binary search from upper bound.
c [Main] Lower bound is set to 20.
c [Main] Upper bound is set to 39.
c [Main] Search order: 29 34 37 38 39 35 36 31 32 33 30 24 26 27 28 25 21 22 23 20.
c [w = 39] Start task in PID: 118702.
c [w = 39] Cyclic Antibandwidth problem with w = 39 (L-bcspwr03.mtx.rnd):
c [w = 39] Initializing CaDiCaL (version 2.2.1).
c [w = 39] Configuring CaDiCaL as --sat (1).
c [w = 39] Encoding starts with w = 39:
c [w = 39] Symmetry breaking highest degree node is applied.
c [w = 39] Encoding duration: 277 ms.
c [w = 39] Number of clauses: 229899.
c [w = 39] Number of variables: 45312.
c [w = 39] SAT Solving starts:
c [w = 39] Solving duration: 884 ms.
c [w = 39] Answer:
s [w = 39] UNSAT (w = 39).
c [w = 39] Result: 20.
c [Main] Min width UNSAT is set to 39
c [w = 31] Start task in PID: 118705.
c [w = 31] Cyclic Antibandwidth problem with w = 31 (L-bcspwr03.mtx.rnd):
c [w = 31] Initializing CaDiCaL (version 2.2.1).
c [w = 31] Configuring CaDiCaL as --sat (1).
c [w = 31] Encoding starts with w = 31:
c [w = 31] Symmetry breaking highest degree node is applied.
c [w = 31] Encoding duration: 280 ms.
c [w = 31] Number of clauses: 230607.
c [w = 31] Number of variables: 45784.
c [w = 31] SAT Solving starts:
c [w = 31] Solving duration: 941 ms.
c [w = 31] Answer:
s [w = 31] UNSAT (w = 31).
c [w = 31] Result: 20.
c [w = 32] Start task in PID: 118707.
c [w = 32] Cyclic Antibandwidth problem with w = 32 (L-bcspwr03.mtx.rnd):
c [w = 32] Initializing CaDiCaL (version 2.2.1).
c [w = 32] Configuring CaDiCaL as --sat (1).
c [w = 32] Encoding starts with w = 32:
c [w = 32] Symmetry breaking highest degree node is applied.
c [Signal] Signal interruption. Caught signal: SIGTERM (15).
c [Main] Min width UNSAT is set to 31
c [Main] Kill higher pid 32.
c [Main] Kill higher pid 36.
c [Main] Kill higher pid 35.
c [Main] Kill higher pid 38.
c [Main] Kill higher pid 37.
c [Main] Kill higher pid 34.
c [w = 38] Start task in PID: 118701.
c [w = 38] Cyclic Antibandwidth problem with w = 38 (L-bcspwr03.mtx.rnd):
c [w = 38] Initializing CaDiCaL (version 2.2.1).
c [w = 38] Configuring CaDiCaL as --sat (1).
c [w = 38] Encoding starts with w = 38:
c [w = 38] Symmetry breaking highest degree node is applied.
c [w = 38] Encoding duration: 304 ms.
c [w = 38] Number of clauses: 241345.
c [w = 38] Number of variables: 49088.
c [w = 38] SAT Solving starts:
c [w = 38] Solving duration: 971 ms.
c [w = 38] Answer:
s [w = 38] UNSAT (w = 38).
c [Signal] Signal interruption. Caught signal: SIGTERM (15).
c [w = 36] Start task in PID: 118704.
c [w = 36] Cyclic Antibandwidth problem with w = 36 (L-bcspwr03.mtx.rnd):
c [w = 36] Initializing CaDiCaL (version 2.2.1).
c [w = 36] Configuring CaDiCaL as --sat (1).
c [w = 36] Encoding starts with w = 36:
c [w = 36] Symmetry breaking highest degree node is applied.
c [w = 36] Encoding duration: 294 ms.
c [w = 36] Number of clauses: 238277.
c [w = 36] Number of variables: 48144.
c [w = 36] SAT Solving starts:
c [w = 36] Solving duration: 962 ms.
c [w = 36] Answer:
s [w = 36] UNSAT (w = 36).
c [Signal] Signal interruption. Caught signal: SIGTERM (15).
c [w = 34] Start task in PID: 118699.
c [w = 34] Cyclic Antibandwidth problem with w = 34 (L-bcspwr03.mtx.rnd):
c [w = 34] Initializing CaDiCaL (version 2.2.1).
c [w = 34] Configuring CaDiCaL as --sat (1).
c [w = 34] Encoding starts with w = 34:
c [w = 34] Symmetry breaking highest degree node is applied.
c [w = 34] Encoding duration: 286 ms.
c [w = 34] Number of clauses: 235209.
c [w = 34] Number of variables: 47200.
c [w = 34] SAT Solving starts:
c [w = 34] Solving duration: 958 ms.
c [w = 34] Answer:
s [w = 34] UNSAT (w = 34).
c [Signal] Signal interruption. Caught signal: SIGTERM (15).
c [w = 37] Start task in PID: 118700.
c [w = 37] Cyclic Antibandwidth problem with w = 37 (L-bcspwr03.mtx.rnd):
c [w = 37] Initializing CaDiCaL (version 2.2.1).
c [w = 37] Configuring CaDiCaL as --sat (1).
c [w = 37] Encoding starts with w = 37:
c [w = 37] Symmetry breaking highest degree node is applied.
c [w = 37] Encoding duration: 292 ms.
c [w = 37] Number of clauses: 239811.
c [w = 37] Number of variables: 48616.
c [w = 37] SAT Solving starts:
c [w = 37] Solving duration: 969 ms.
c [w = 37] Answer:
s [w = 37] UNSAT (w = 37).
c [Signal] Signal interruption. Caught signal: SIGTERM (15).
c [w = 35] Start task in PID: 118703.
c [w = 35] Cyclic Antibandwidth problem with w = 35 (L-bcspwr03.mtx.rnd):
c [w = 35] Initializing CaDiCaL (version 2.2.1).
c [w = 35] Configuring CaDiCaL as --sat (1).
c [w = 35] Encoding starts with w = 35:
c [w = 35] Symmetry breaking highest degree node is applied.
c [w = 35] Encoding duration: 303 ms.
c [w = 35] Number of clauses: 236743.
c [w = 35] Number of variables: 47672.
c [w = 35] SAT Solving starts:
c [w = 35] Solving duration: 959 ms.
c [w = 35] Answer:
s [w = 35] UNSAT (w = 35).
c [Signal] Signal interruption. Caught signal: SIGTERM (15).
c [Main] Child pid 32 - 118707 terminated by signal 15.
c [Main] Child pid 37 - 118700 terminated by signal 15.
c [Main] Child pid 38 - 118701 terminated by signal 15.
c [Main] Child pid 34 - 118699 terminated by signal 15.
c [Main] Child pid 35 - 118703 terminated by signal 15.
c [Main] Child pid 36 - 118704 terminated by signal 15.
c [w = 29] Start task in PID: 118698.
c [w = 29] Cyclic Antibandwidth problem with w = 29 (L-bcspwr03.mtx.rnd):
c [w = 29] Initializing CaDiCaL (version 2.2.1).
c [w = 29] Configuring CaDiCaL as --sat (1).
c [w = 29] Encoding starts with w = 29:
c [w = 29] Symmetry breaking highest degree node is applied.
c [w = 29] Encoding duration: 297 ms.
c [w = 29] Number of clauses: 236796.
c [w = 29] Number of variables: 47908.
c [w = 29] SAT Solving starts:
c [w = 29] Solving duration: 1133 ms.
c [w = 29] Answer:
s [w = 29] SAT (w = 29).
c [w = 29] Solution check = 29.
c [w = 29] The solution is correct.
c [w = 29] Result: 10.
c [Main] Max width SAT is set to 29.
c [Main] Kill lower pid 21.
c [Main] Kill lower pid 25.
c [Main] Kill lower pid 28.
c [Main] Kill lower pid 27.
c [Main] Kill lower pid 26.
c [Main] Kill lower pid 24.
c [w = 28] Start task in PID: 118712.
c [w = 28] Cyclic Antibandwidth problem with w = 28 (L-bcspwr03.mtx.rnd):
c [w = 28] Initializing CaDiCaL (version 2.2.1).
c [w = 28] Configuring CaDiCaL as --sat (1).
c [w = 28] Encoding starts with w = 28:
c [w = 28] Symmetry breaking highest degree node is applied.
c [w = 28] Encoding duration: 162 ms.
c [w = 28] Number of clauses: 234908.
c [w = 28] Number of variables: 47318.
c [w = 28] SAT Solving starts:
c [Signal] Signal interruption. Caught signal: SIGTERM (15).
c [w = 27] Start task in PID: 118711.
c [w = 27] Cyclic Antibandwidth problem with w = 27 (L-bcspwr03.mtx.rnd):
c [w = 27] Initializing CaDiCaL (version 2.2.1).
c [w = 27] Configuring CaDiCaL as --sat (1).
c [w = 27] Encoding starts with w = 27:
c [w = 27] Symmetry breaking highest degree node is applied.
c [w = 27] Encoding duration: 162 ms.
c [w = 27] Number of clauses: 233020.
c [w = 27] Number of variables: 46728.
c [w = 27] SAT Solving starts:
c [Signal] Signal interruption. Caught signal: SIGTERM (15).
c [w = 25] Start task in PID: 118713.
c [w = 25] Cyclic Antibandwidth problem with w = 25 (L-bcspwr03.mtx.rnd):
c [w = 25] Initializing CaDiCaL (version 2.2.1).
c [w = 25] Configuring CaDiCaL as --sat (1).
c [w = 25] Encoding starts with w = 25:
c [w = 25] Symmetry breaking highest degree node is applied.
c [w = 25] Encoding duration: 158 ms.
c [w = 25] Number of clauses: 229244.
c [w = 25] Number of variables: 45548.
c [w = 25] SAT Solving starts:
c [Signal] Signal interruption. Caught signal: SIGTERM (15).
c [w = 24] Start task in PID: 118709.
c [w = 24] Cyclic Antibandwidth problem with w = 24 (L-bcspwr03.mtx.rnd):
c [w = 24] Initializing CaDiCaL (version 2.2.1).
c [w = 24] Configuring CaDiCaL as --sat (1).
c [w = 24] Encoding starts with w = 24:
c [w = 24] Symmetry breaking highest degree node is applied.
c [w = 24] Encoding duration: 155 ms.
c [w = 24] Number of clauses: 227356.
c [w = 24] Number of variables: 44958.
c [w = 24] SAT Solving starts:
c [Signal] Signal interruption. Caught signal: SIGTERM (15).
c [w = 26] Start task in PID: 118710.
c [w = 26] Cyclic Antibandwidth problem with w = 26 (L-bcspwr03.mtx.rnd):
c [w = 26] Initializing CaDiCaL (version 2.2.1).
c [w = 26] Configuring CaDiCaL as --sat (1).
c [w = 26] Encoding starts with w = 26:
c [w = 26] Symmetry breaking highest degree node is applied.
c [w = 26] Encoding duration: 154 ms.
c [w = 26] Number of clauses: 231132.
c [w = 26] Number of variables: 46138.
c [w = 26] SAT Solving starts:
c [Signal] Signal interruption. Caught signal: SIGTERM (15).
c [w = 21] Start task in PID: 118714.
c [w = 21] Cyclic Antibandwidth problem with w = 21 (L-bcspwr03.mtx.rnd):
c [w = 21] Initializing CaDiCaL (version 2.2.1).
c [w = 21] Configuring CaDiCaL as --sat (1).
c [w = 21] Encoding starts with w = 21:
c [w = 21] Symmetry breaking highest degree node is applied.
c [w = 21] Encoding duration: 157 ms.
c [w = 21] Number of clauses: 228235.
c [w = 21] Number of variables: 45312.
c [w = 21] SAT Solving starts:
c [Signal] Signal interruption. Caught signal: SIGTERM (15).
c [Main] Child pid 27 - 118711 terminated by signal 15.
c [Main] Child pid 28 - 118712 terminated by signal 15.
c [Main] Child pid 24 - 118709 terminated by signal 15.
c [Main] Child pid 25 - 118713 terminated by signal 15.
c [Main] Child pid 21 - 118714 terminated by signal 15.
c [Main] Child pid 26 - 118710 terminated by signal 15.
c [w = 30] Start task in PID: 118708.
c [w = 30] Cyclic Antibandwidth problem with w = 30 (L-bcspwr03.mtx.rnd):
c [w = 30] Initializing CaDiCaL (version 2.2.1).
c [w = 30] Configuring CaDiCaL as --sat (1).
c [w = 30] Encoding starts with w = 30:
c [w = 30] Symmetry breaking highest degree node is applied.
c [w = 30] Encoding duration: 164 ms.
c [w = 30] Number of clauses: 229073.
c [w = 30] Number of variables: 45312.
c [w = 30] SAT Solving starts:
c [w = 30] Solving duration: 546 ms.
c [w = 30] Answer:
s [w = 30] UNSAT (w = 30).
c [w = 30] Result: 20.
c [Main] Min width UNSAT is set to 30
c [Main] All children have completed.
r [Main] 
r [Main] Final results: 
r [Main] Max width SAT:  	29.
r [Main] Min width UNSAT:	30.
r [Main] Total real time: 2062 ms.
r [Main] Total memory consumed: 629.4 MB.
r [Main] 
c [Signal] Signal interruption. Caught signal: SIGTERM (15).
