c [Version] Cyclic Anti-bandwidth Encoder version 1.0.0.
c [Param] Real time limit is set to 1800.
c [Param] Memory limit is set to 30000.
c [Param] Worker count is set to 8.
c [Main] Encoding and solving for graph: N-bcsstk07.mtx.rnd.
c [Main] Search strategy: Binary search from upper bound.
c [Main] Lower bound is set to 14.
c [Main] Upper bound is set to 72.
c [Main] Search order: 43 58 65 69 71 72 70 67 68 66 61 63 64 62 59 60 50 54 56 57 55 52 53 51 46 48 49 47 44 45 28 35 39 41 42 40 37 38 36 31 33 34 32 29 30 20 24 26 27 25 22 23 21 16 18 19 17 14 15.
c [w = 70] Start task in PID: 120365.
c [w = 70] Cyclic Antibandwidth problem with w = 70 (N-bcsstk07.mtx.rnd):
c [w = 70] Initializing CaDiCaL (version 2.2.1).
c [w = 70] Configuring CaDiCaL as --sat (1).
c [w = 70] Encoding starts with w = 70:
c [w = 70] Symmetry breaking highest degree node is applied.
c [w = 70] Encoding duration: 6073 ms.
c [w = 70] Number of clauses: 8008590.
c [w = 70] Number of variables: 554400.
c [w = 70] SAT Solving starts:
c [w = 70] Solving duration: 17559 ms.
c [w = 70] Answer:
s [w = 70] UNSAT (w = 70).
c [w = 70] Result: 20.
c [Main] Min width UNSAT is set to 70
c [Main] Kill higher pid 72.
c [Main] Kill higher pid 71.
c [w = 71] Start task in PID: 120363.
c [w = 71] Cyclic Antibandwidth problem with w = 71 (N-bcsstk07.mtx.rnd):
c [w = 71] Initializing CaDiCaL (version 2.2.1).
c [w = 71] Configuring CaDiCaL as --sat (1).
c [w = 71] Encoding starts with w = 71:
c [w = 71] Symmetry breaking highest degree node is applied.
c [w = 71] Encoding duration: 6119 ms.
c [w = 71] Number of clauses: 8016570.
c [w = 71] Number of variables: 556920.
c [w = 71] SAT Solving starts:
c [Signal] Signal interruption. Caught signal: SIGTERM (15).
c [w = 72] Start task in PID: 120364.
c [w = 72] Cyclic Antibandwidth problem with w = 72 (N-bcsstk07.mtx.rnd):
c [w = 72] Initializing CaDiCaL (version 2.2.1).
c [w = 72] Configuring CaDiCaL as --sat (1).
c [w = 72] Encoding starts with w = 72:
c [w = 72] Symmetry breaking highest degree node is applied.
c [w = 72] Encoding duration: 6084 ms.
c [w = 72] Number of clauses: 8024550.
c [w = 72] Number of variables: 559440.
c [w = 72] SAT Solving starts:
c [Signal] Signal interruption. Caught signal: SIGTERM (15).
c [Main] Child pid 72 - 120364 terminated by signal 15.
c [Main] Child pid 71 - 120363 terminated by signal 15.
c [w = 65] Start task in PID: 120361.
c [w = 65] Cyclic Antibandwidth problem with w = 65 (N-bcsstk07.mtx.rnd):
c [w = 65] Initializing CaDiCaL (version 2.2.1).
c [w = 65] Configuring CaDiCaL as --sat (1).
c [w = 65] Encoding starts with w = 65:
c [w = 65] Symmetry breaking highest degree node is applied.
c [w = 65] Encoding duration: 6130 ms.
c [w = 65] Number of clauses: 8038590.
c [w = 65] Number of variables: 567840.
c [w = 65] SAT Solving starts:
c [w = 65] Solving duration: 39252 ms.
c [w = 65] Answer:
s [w = 65] UNSAT (w = 65).
c [w = 65] Result: 20.
c [w = 67] Start task in PID: 120366.
c [w = 67] Cyclic Antibandwidth problem with w = 67 (N-bcsstk07.mtx.rnd):
c [w = 67] Initializing CaDiCaL (version 2.2.1).
c [w = 67] Configuring CaDiCaL as --sat (1).
c [w = 67] Encoding starts with w = 67:
c [w = 67] Symmetry breaking highest degree node is applied.
c [w = 67] Encoding duration: 6125 ms.
c [w = 67] Number of clauses: 8057070.
c [w = 67] Number of variables: 573720.
c [w = 67] SAT Solving starts:
c [w = 67] Solving duration: 39328 ms.
c [w = 67] Answer:
s [w = 67] UNSAT (w = 67).
c [w = 67] Result: 20.
c [Main] Min width UNSAT is set to 65
c [Main] Kill higher pid 66.
c [Main] Kill higher pid 68.
c [Main] Kill higher pid 67.
c [Main] Kill higher pid 69.
c [w = 68] Start task in PID: 120369.
c [w = 68] Cyclic Antibandwidth problem with w = 68 (N-bcsstk07.mtx.rnd):
c [w = 68] Initializing CaDiCaL (version 2.2.1).
c [w = 68] Configuring CaDiCaL as --sat (1).
c [w = 68] Encoding starts with w = 68:
c [w = 68] Symmetry breaking highest degree node is applied.
c [w = 68] Encoding duration: 5447 ms.
c [w = 68] Number of clauses: 8066310.
c [w = 68] Number of variables: 576660.
c [w = 68] SAT Solving starts:
c [Signal] Signal interruption. Caught signal: SIGTERM (15).
c [w = 66] Start task in PID: 120370.
c [w = 66] Cyclic Antibandwidth problem with w = 66 (N-bcsstk07.mtx.rnd):
c [w = 66] Initializing CaDiCaL (version 2.2.1).
c [w = 66] Configuring CaDiCaL as --sat (1).
c [w = 66] Encoding starts with w = 66:
c [w = 66] Symmetry breaking highest degree node is applied.
c [w = 66] Encoding duration: 5477 ms.
c [w = 66] Number of clauses: 8047830.
c [w = 66] Number of variables: 570780.
c [w = 66] SAT Solving starts:
c [Signal] Signal interruption. Caught signal: SIGTERM (15).
c [w = 69] Start task in PID: 120362.
c [w = 69] Cyclic Antibandwidth problem with w = 69 (N-bcsstk07.mtx.rnd):
c [w = 69] Initializing CaDiCaL (version 2.2.1).
c [w = 69] Configuring CaDiCaL as --sat (1).
c [w = 69] Encoding starts with w = 69:
c [w = 69] Symmetry breaking highest degree node is applied.
c [w = 69] Encoding duration: 6128 ms.
c [w = 69] Number of clauses: 8075550.
c [w = 69] Number of variables: 579600.
c [w = 69] SAT Solving starts:
c [w = 69] Solving duration: 40076 ms.
c [w = 69] Answer:
s [w = 69] UNSAT (w = 69).
c [Signal] Signal interruption. Caught signal: SIGTERM (15).
c [Main] Kill higher pid 68.
c [Main] Kill higher pid 69.
c [Main] Child pid 68 - 120369 terminated by signal 15.
c [Main] Child pid 69 - 120362 terminated by signal 15.
c [Main] Child pid 66 - 120370 terminated by signal 15.
c [w = 61] Start task in PID: 120371.
c [w = 61] Cyclic Antibandwidth problem with w = 61 (N-bcsstk07.mtx.rnd):
c [w = 61] Initializing CaDiCaL (version 2.2.1).
c [w = 61] Configuring CaDiCaL as --sat (1).
c [w = 61] Encoding starts with w = 61:
c [w = 61] Symmetry breaking highest degree node is applied.
c [w = 61] Encoding duration: 5383 ms.
c [w = 61] Number of clauses: 8001630.
c [w = 61] Number of variables: 556080.
c [w = 61] SAT Solving starts:
c [w = 61] Solving duration: 24890 ms.
c [w = 61] Answer:
s [w = 61] UNSAT (w = 61).
c [w = 61] Result: 20.
c [Main] Min width UNSAT is set to 61
c [Main] Kill higher pid 62.
c [Main] Kill higher pid 64.
c [Main] Kill higher pid 63.
c [w = 63] Start task in PID: 120375.
c [w = 63] Cyclic Antibandwidth problem with w = 63 (N-bcsstk07.mtx.rnd):
c [w = 63] Initializing CaDiCaL (version 2.2.1).
c [w = 63] Configuring CaDiCaL as --sat (1).
c [w = 63] Encoding starts with w = 63:
c [w = 63] Symmetry breaking highest degree node is applied.
c [w = 63] Encoding duration: 5264 ms.
c [w = 63] Number of clauses: 8020110.
c [w = 63] Number of variables: 561960.
c [w = 63] SAT Solving starts:
c [Signal] Signal interruption. Caught signal: SIGTERM (15).
c [w = 62] Start task in PID: 120380.
c [w = 62] Cyclic Antibandwidth problem with w = 62 (N-bcsstk07.mtx.rnd):
c [w = 62] Initializing CaDiCaL (version 2.2.1).
c [w = 62] Configuring CaDiCaL as --sat (1).
c [w = 62] Encoding starts with w = 62:
c [w = 62] Symmetry breaking highest degree node is applied.
c [w = 62] Encoding duration: 5246 ms.
c [w = 62] Number of clauses: 8010870.
c [w = 62] Number of variables: 559020.
c [w = 62] SAT Solving starts:
c [Signal] Signal interruption. Caught signal: SIGTERM (15).
c [w = 64] Start task in PID: 120379.
c [w = 64] Cyclic Antibandwidth problem with w = 64 (N-bcsstk07.mtx.rnd):
c [w = 64] Initializing CaDiCaL (version 2.2.1).
c [w = 64] Configuring CaDiCaL as --sat (1).
c [w = 64] Encoding starts with w = 64:
c [w = 64] Symmetry breaking highest degree node is applied.
c [w = 64] Encoding duration: 5549 ms.
c [w = 64] Number of clauses: 8029350.
c [w = 64] Number of variables: 564900.
c [w = 64] SAT Solving starts:
c [Signal] Signal interruption. Caught signal: SIGTERM (15).
c [Main] Child pid 62 - 120380 terminated by signal 15.
c [Main] Child pid 64 - 120379 terminated by signal 15.
c [Main] Child pid 63 - 120375 terminated by signal 15.
c [w = 60] Start task in PID: 120382.
c [w = 60] Cyclic Antibandwidth problem with w = 60 (N-bcsstk07.mtx.rnd):
c [w = 60] Initializing CaDiCaL (version 2.2.1).
c [w = 60] Configuring CaDiCaL as --sat (1).
c [w = 60] Encoding starts with w = 60:
c [w = 60] Symmetry breaking highest degree node is applied.
c [w = 60] Encoding duration: 5498 ms.
c [w = 60] Number of clauses: 7992390.
c [w = 60] Number of variables: 553140.
c [w = 60] SAT Solving starts:
c [w = 60] Solving duration: 34796 ms.
c [w = 60] Answer:
s [w = 60] UNSAT (w = 60).
c [w = 60] Result: 20.
c [Main] Min width UNSAT is set to 60
c [w = 58] Start task in PID: 120360.
c [w = 58] Cyclic Antibandwidth problem with w = 58 (N-bcsstk07.mtx.rnd):
c [w = 58] Initializing CaDiCaL (version 2.2.1).
c [w = 58] Configuring CaDiCaL as --sat (1).
c [w = 58] Encoding starts with w = 58:
c [w = 58] Symmetry breaking highest degree node is applied.
c [w = 58] Encoding duration: 6129 ms.
c [w = 58] Number of clauses: 8035410.
c [w = 58] Number of variables: 570360.
c [w = 58] SAT Solving starts:
c [w = 58] Solving duration: 101609 ms.
c [w = 58] Answer:
s [w = 58] UNSAT (w = 58).
c [w = 58] Result: 20.
c [Main] Min width UNSAT is set to 58
c [Main] Kill higher pid 59.
c [w = 59] Start task in PID: 120381.
c [w = 59] Cyclic Antibandwidth problem with w = 59 (N-bcsstk07.mtx.rnd):
c [w = 59] Initializing CaDiCaL (version 2.2.1).
c [w = 59] Configuring CaDiCaL as --sat (1).
c [w = 59] Encoding starts with w = 59:
c [w = 59] Symmetry breaking highest degree node is applied.
c [w = 59] Encoding duration: 5379 ms.
c [w = 59] Number of clauses: 8045910.
c [w = 59] Number of variables: 573720.
c [w = 59] SAT Solving starts:
c [Signal] Signal interruption. Caught signal: SIGTERM (15).
c [Main] Child pid 59 - 120381 terminated by signal 15.
c [w = 56] Start task in PID: 120386.
c [w = 56] Cyclic Antibandwidth problem with w = 56 (N-bcsstk07.mtx.rnd):
c [w = 56] Initializing CaDiCaL (version 2.2.1).
c [w = 56] Configuring CaDiCaL as --sat (1).
c [w = 56] Encoding starts with w = 56:
c [w = 56] Symmetry breaking highest degree node is applied.
c [w = 56] Encoding duration: 5351 ms.
c [w = 56] Number of clauses: 8014410.
c [w = 56] Number of variables: 563640.
c [w = 56] SAT Solving starts:
c [w = 56] Solving duration: 95824 ms.
c [w = 56] Answer:
s [w = 56] UNSAT (w = 56).
c [w = 56] Result: 20.
c [Main] Min width UNSAT is set to 56
c [Main] Kill higher pid 57.
c [w = 57] Start task in PID: 120387.
c [w = 57] Cyclic Antibandwidth problem with w = 57 (N-bcsstk07.mtx.rnd):
c [w = 57] Initializing CaDiCaL (version 2.2.1).
c [w = 57] Configuring CaDiCaL as --sat (1).
c [w = 57] Encoding starts with w = 57:
c [w = 57] Symmetry breaking highest degree node is applied.
c [w = 57] Encoding duration: 5551 ms.
c [w = 57] Number of clauses: 8024910.
c [w = 57] Number of variables: 567000.
c [w = 57] SAT Solving starts:
c [Signal] Signal interruption. Caught signal: SIGTERM (15).
c [Main] Child pid 57 - 120387 terminated by signal 15.
c [w = 54] Start task in PID: 120385.
c [w = 54] Cyclic Antibandwidth problem with w = 54 (N-bcsstk07.mtx.rnd):
c [w = 54] Initializing CaDiCaL (version 2.2.1).
c [w = 54] Configuring CaDiCaL as --sat (1).
c [w = 54] Encoding starts with w = 54:
c [w = 54] Symmetry breaking highest degree node is applied.
c [w = 54] Encoding duration: 5368 ms.
c [w = 54] Number of clauses: 7993410.
c [w = 54] Number of variables: 556920.
c [w = 54] SAT Solving starts:
c [w = 54] Solving duration: 98370 ms.
c [w = 54] Answer:
s [w = 54] UNSAT (w = 54).
c [w = 54] Result: 20.
c [Main] Min width UNSAT is set to 54
c [Main] Kill higher pid 55.
c [w = 55] Start task in PID: 120393.
c [w = 55] Cyclic Antibandwidth problem with w = 55 (N-bcsstk07.mtx.rnd):
c [w = 55] Initializing CaDiCaL (version 2.2.1).
c [w = 55] Configuring CaDiCaL as --sat (1).
c [w = 55] Encoding starts with w = 55:
c [w = 55] Symmetry breaking highest degree node is applied.
c [w = 55] Encoding duration: 5285 ms.
c [w = 55] Number of clauses: 8003910.
c [w = 55] Number of variables: 560280.
c [w = 55] SAT Solving starts:
c [Signal] Signal interruption. Caught signal: SIGTERM (15).
c [Main] Child pid 55 - 120393 terminated by signal 15.
c [w = 53] Start task in PID: 120400.
c [w = 53] Cyclic Antibandwidth problem with w = 53 (N-bcsstk07.mtx.rnd):
c [w = 53] Initializing CaDiCaL (version 2.2.1).
c [w = 53] Configuring CaDiCaL as --sat (1).
c [w = 53] Encoding starts with w = 53:
c [w = 53] Symmetry breaking highest degree node is applied.
c [w = 53] Encoding duration: 5174 ms.
c [w = 53] Number of clauses: 7982910.
c [w = 53] Number of variables: 553560.
c [w = 53] SAT Solving starts:
c [w = 53] Solving duration: 96300 ms.
c [w = 53] Answer:
s [w = 53] UNSAT (w = 53).
c [w = 53] Result: 20.
c [Main] Min width UNSAT is set to 53
c [w = 50] Start task in PID: 120384.
c [w = 50] Cyclic Antibandwidth problem with w = 50 (N-bcsstk07.mtx.rnd):
c [w = 50] Initializing CaDiCaL (version 2.2.1).
c [w = 50] Configuring CaDiCaL as --sat (1).
c [w = 50] Encoding starts with w = 50:
c [w = 50] Symmetry breaking highest degree node is applied.
c [w = 50] Encoding duration: 5579 ms.
c [w = 50] Number of clauses: 8003250.
c [w = 50] Number of variables: 563220.
c [w = 50] SAT Solving starts:
c [w = 50] Solving duration: 455415 ms.
c [w = 50] Answer:
s [w = 50] UNSAT (w = 50).
c [w = 50] Result: 20.
c [Main] Min width UNSAT is set to 50
c [Main] Kill higher pid 51.
c [Main] Kill higher pid 52.
c [w = 51] Start task in PID: 120840.
c [w = 51] Cyclic Antibandwidth problem with w = 51 (N-bcsstk07.mtx.rnd):
c [w = 51] Initializing CaDiCaL (version 2.2.1).
c [w = 51] Configuring CaDiCaL as --sat (1).
c [w = 51] Encoding starts with w = 51:
c [w = 51] Symmetry breaking highest degree node is applied.
c [w = 51] Encoding duration: 5301 ms.
c [w = 51] Number of clauses: 8015010.
c [w = 51] Number of variables: 567000.
c [w = 51] SAT Solving starts:
c [Signal] Signal interruption. Caught signal: SIGTERM (15).
c [w = 52] Start task in PID: 120399.
c [w = 52] Cyclic Antibandwidth problem with w = 52 (N-bcsstk07.mtx.rnd):
c [w = 52] Initializing CaDiCaL (version 2.2.1).
c [w = 52] Configuring CaDiCaL as --sat (1).
c [w = 52] Encoding starts with w = 52:
c [w = 52] Symmetry breaking highest degree node is applied.
c [w = 52] Encoding duration: 5191 ms.
c [w = 52] Number of clauses: 8026770.
c [w = 52] Number of variables: 570780.
c [w = 52] SAT Solving starts:
c [Signal] Signal interruption. Caught signal: SIGTERM (15).
c [Main] Child pid 52 - 120399 terminated by signal 15.
c [Main] Child pid 51 - 120840 terminated by signal 15.
c [w = 28] Start task in PID: 120904.
c [w = 28] Cyclic Antibandwidth problem with w = 28 (N-bcsstk07.mtx.rnd):
c [w = 28] Initializing CaDiCaL (version 2.2.1).
c [w = 28] Configuring CaDiCaL as --sat (1).
c [w = 28] Encoding starts with w = 28:
c [w = 28] Symmetry breaking highest degree node is applied.
c [w = 28] Encoding duration: 5281 ms.
c [w = 28] Number of clauses: 7898070.
c [w = 28] Number of variables: 543060.
c [w = 28] SAT Solving starts:
c [w = 28] Solving duration: 39776 ms.
c [w = 28] Answer:
s [w = 28] SAT (w = 28).
c [w = 28] Solution check = 28.
c [w = 28] The solution is correct.
c [w = 28] Result: 10.
c [Main] Max width SAT is set to 28.
c [w = 48] Start task in PID: 120842.
c [w = 48] Cyclic Antibandwidth problem with w = 48 (N-bcsstk07.mtx.rnd):
c [w = 48] Initializing CaDiCaL (version 2.2.1).
c [w = 48] Configuring CaDiCaL as --sat (1).
c [w = 48] Encoding starts with w = 48:
c [w = 48] Symmetry breaking highest degree node is applied.
c [w = 48] Encoding duration: 5515 ms.
c [w = 48] Number of clauses: 7979730.
c [w = 48] Number of variables: 555660.
c [w = 48] SAT Solving starts:
c [w = 48] Solving duration: 490564 ms.
c [w = 48] Answer:
s [w = 48] UNSAT (w = 48).
c [w = 48] Result: 20.
c [Main] Min width UNSAT is set to 48
c [Main] Kill higher pid 49.
c [w = 49] Start task in PID: 120843.
c [w = 49] Cyclic Antibandwidth problem with w = 49 (N-bcsstk07.mtx.rnd):
c [w = 49] Initializing CaDiCaL (version 2.2.1).
c [w = 49] Configuring CaDiCaL as --sat (1).
c [w = 49] Encoding starts with w = 49:
c [w = 49] Symmetry breaking highest degree node is applied.
c [w = 49] Encoding duration: 5261 ms.
c [w = 49] Number of clauses: 7991490.
c [w = 49] Number of variables: 559440.
c [w = 49] SAT Solving starts:
c [Signal] Signal interruption. Caught signal: SIGTERM (15).
c [Main] Child pid 49 - 120843 terminated by signal 15.
c [w = 47] Start task in PID: 120852.
c [w = 47] Cyclic Antibandwidth problem with w = 47 (N-bcsstk07.mtx.rnd):
c [w = 47] Initializing CaDiCaL (version 2.2.1).
c [w = 47] Configuring CaDiCaL as --sat (1).
c [w = 47] Encoding starts with w = 47:
c [w = 47] Symmetry breaking highest degree node is applied.
c [w = 47] Encoding duration: 5211 ms.
c [w = 47] Number of clauses: 7967970.
c [w = 47] Number of variables: 551880.
c [w = 47] SAT Solving starts:
c [w = 47] Solving duration: 491373 ms.
c [w = 47] Answer:
s [w = 47] UNSAT (w = 47).
c [w = 47] Result: 20.
c [Main] Min width UNSAT is set to 47
c [w = 42] Start task in PID: 120943.
c [w = 42] Cyclic Antibandwidth problem with w = 42 (N-bcsstk07.mtx.rnd):
c [w = 42] Initializing CaDiCaL (version 2.2.1).
c [w = 42] Configuring CaDiCaL as --sat (1).
c [w = 42] Encoding starts with w = 42:
c [w = 42] Symmetry breaking highest degree node is applied.
c [w = 42] Encoding duration: 5548 ms.
c [w = 42] Number of clauses: 7951350.
c [w = 42] Number of variables: 549360.
c [w = 42] SAT Solving starts:
c [Signal] Signal interruption. Caught signal: SIGTERM (15).
c [w = 41] Start task in PID: 120932.
c [w = 41] Cyclic Antibandwidth problem with w = 41 (N-bcsstk07.mtx.rnd):
c [w = 41] Initializing CaDiCaL (version 2.2.1).
c [w = 41] Configuring CaDiCaL as --sat (1).
c [w = 41] Encoding starts with w = 41:
c [w = 41] Symmetry breaking highest degree node is applied.
c [w = 41] Encoding duration: 5184 ms.
c [w = 41] Number of clauses: 7979670.
c [w = 41] Number of variables: 561120.
c [w = 41] SAT Solving starts:
c [Signal] Signal interruption. Caught signal: SIGTERM (15).
c [w = 39] Start task in PID: 120931.
c [w = 39] Cyclic Antibandwidth problem with w = 39 (N-bcsstk07.mtx.rnd):
c [w = 39] Initializing CaDiCaL (version 2.2.1).
c [w = 39] Configuring CaDiCaL as --sat (1).
c [w = 39] Encoding starts with w = 39:
c [w = 39] Symmetry breaking highest degree node is applied.
c [w = 39] Encoding duration: 5324 ms.
c [w = 39] Number of clauses: 7951110.
c [w = 39] Number of variables: 551880.
c [w = 39] SAT Solving starts:
c [Signal] Signal interruption. Caught signal: SIGTERM (15).
c [w = 35] Start task in PID: 120915.
c [w = 35] Cyclic Antibandwidth problem with w = 35 (N-bcsstk07.mtx.rnd):
c [w = 35] Initializing CaDiCaL (version 2.2.1).
c [w = 35] Configuring CaDiCaL as --sat (1).
c [w = 35] Encoding starts with w = 35:
c [w = 35] Symmetry breaking highest degree node is applied.
c [w = 35] Encoding duration: 5290 ms.
c [w = 35] Number of clauses: 7928190.
c [w = 35] Number of variables: 546840.
c [w = 35] SAT Solving starts:
c [Signal] Signal interruption. Caught signal: SIGTERM (15).
c [w = 44] Start task in PID: 120902.
c [w = 44] Cyclic Antibandwidth problem with w = 44 (N-bcsstk07.mtx.rnd):
c [w = 44] Initializing CaDiCaL (version 2.2.1).
c [w = 44] Configuring CaDiCaL as --sat (1).
c [w = 44] Encoding starts with w = 44:
c [w = 44] Symmetry breaking highest degree node is applied.
c [w = 44] Encoding duration: 5460 ms.
c [w = 44] Number of clauses: 7977390.
c [w = 44] Number of variables: 557760.
c [w = 44] SAT Solving starts:
c [Signal] Signal interruption. Caught signal: SIGTERM (15).
c [w = 46] Start task in PID: 120841.
c [w = 46] Cyclic Antibandwidth problem with w = 46 (N-bcsstk07.mtx.rnd):
c [w = 46] Initializing CaDiCaL (version 2.2.1).
c [w = 46] Configuring CaDiCaL as --sat (1).
c [w = 46] Encoding starts with w = 46:
c [w = 46] Symmetry breaking highest degree node is applied.
c [w = 46] Encoding duration: 5225 ms.
c [w = 46] Number of clauses: 8003430.
c [w = 46] Number of variables: 566160.
c [w = 46] SAT Solving starts:
c [Signal] Signal interruption. Caught signal: SIGTERM (15).
c [w = 43] Start task in PID: 120359.
c [w = 43] Cyclic Antibandwidth problem with w = 43 (N-bcsstk07.mtx.rnd):
c [w = 43] Initializing CaDiCaL (version 2.2.1).
c [w = 43] Configuring CaDiCaL as --sat (1).
c [w = 43] Encoding starts with w = 43:
c [w = 43] Symmetry breaking highest degree node is applied.
c [w = 43] Encoding duration: 6080 ms.
c [w = 43] Number of clauses: 7964370.
c [w = 43] Number of variables: 553560.
c [w = 43] SAT Solving starts:
c [Signal] Signal interruption. Caught signal: SIGTERM (15).
c [Main] Lim pid ends with result: 254.
c [Main] All children have completed.
r [Main] 
r [Main] Final results: 
r [Main] Max width SAT:  	28.
r [Main] Min width UNSAT:	47.
r [Main] Total real time: 1812546 ms.
r [Main] Total memory consumed: 16480.9 MB.
r [Main] 
c [w = 45] Start task in PID: 120903.
c [w = 45] Cyclic Antibandwidth problem with w = 45 (N-bcsstk07.mtx.rnd):
c [w = 45] Initializing CaDiCaL (version 2.2.1).
c [w = 45] Configuring CaDiCaL as --sat (1).
c [w = 45] Encoding starts with w = 45:
c [w = 45] Symmetry breaking highest degree node is applied.
c [w = 45] Encoding duration: 5474 ms.
c [w = 45] Number of clauses: 7990410.
c [w = 45] Number of variables: 561960.
c [w = 45] SAT Solving starts:
c [Signal] Signal interruption. Caught signal: SIGTERM (15).
