c [Version] Cyclic Anti-bandwidth Encoder version 1.0.0.
c [Param] Real time limit is set to 1800.
c [Param] Memory limit is set to 30000.
c [Param] Worker count is set to 8.
c [Main] Encoding and solving for graph: O-impcol_d.mtx.rnd.
c [Main] Search strategy: Binary search from upper bound.
c [Main] Lower bound is set to 46.
c [Main] Upper bound is set to 173.
c [Main] Search order: 109 141 157 165 169 171 172 173 170 167 168 166 161 163 164 162 159 160 158 149 153 155 156 154 151 152 150 145 147 148 146 143 144 142 125 133 137 139 140 138 135 136 134 129 131 132 130 127 128 126 117 121 123 124 122 119 120 118 113 115 116 114 111 112 110 77 93 101 105 107 108 106 103 104 102 97 99 100 98 95 96 94 85 89 91 92 90 87 88 86 81 83 84 82 79 80 78 61 69 73 75 76 74 71 72 70 65 67 68 66 63 64 62 53 57 59 60 58 55 56 54 49 51 52 50 47 48 46.
c [w = 109] Start task in PID: 121994.
c [w = 109] Cyclic Antibandwidth problem with w = 109 (O-impcol_d.mtx.rnd):
c [w = 109] Initializing CaDiCaL (version 2.2.1).
c [w = 109] Configuring CaDiCaL as --sat (1).
c [w = 109] Encoding starts with w = 109:
c [w = 109] Symmetry breaking highest degree node is applied.
c [w = 109] Encoding duration: 2896 ms.
c [w = 109] Number of clauses: 4042483.
c [w = 109] Number of variables: 575450.
c [w = 109] SAT Solving starts:
c [w = 109] Solving duration: 12171 ms.
c [w = 109] Answer:
s [w = 109] UNSAT (w = 109).
c [w = 109] Result: 20.
c [w = 172] Start task in PID: 122000.
c [w = 172] Cyclic Antibandwidth problem with w = 172 (O-impcol_d.mtx.rnd):
c [w = 172] Initializing CaDiCaL (version 2.2.1).
c [w = 172] Configuring CaDiCaL as --sat (1).
c [w = 172] Encoding starts with w = 172:
c [w = 172] Symmetry breaking highest degree node is applied.
c [w = 172] Encoding duration: 3015 ms.
c [w = 172] Number of clauses: 4177184.
c [w = 172] Number of variables: 610725.
c [w = 172] SAT Solving starts:
c [Signal] Signal interruption. Caught signal: SIGTERM (15).
c [Main] Min width UNSAT is set to 109
c [Main] Kill higher pid 173.
c [Main] Kill higher pid 172.
c [Main] Kill higher pid 171.
c [Main] Kill higher pid 169.
c [Main] Kill higher pid 165.
c [Main] Kill higher pid 157.
c [Main] Kill higher pid 141.
c [w = 171] Start task in PID: 121999.
c [w = 171] Cyclic Antibandwidth problem with w = 171 (O-impcol_d.mtx.rnd):
c [w = 171] Initializing CaDiCaL (version 2.2.1).
c [w = 171] Configuring CaDiCaL as --sat (1).
c [w = 171] Encoding starts with w = 171:
c [w = 171] Symmetry breaking highest degree node is applied.
c [w = 171] Encoding duration: 2970 ms.
c [w = 171] Number of clauses: 4172934.
c [w = 171] Number of variables: 609450.
c [w = 171] SAT Solving starts:
c [Signal] Signal interruption. Caught signal: SIGTERM (15).
c [w = 165] Start task in PID: 121997.
c [w = 165] Cyclic Antibandwidth problem with w = 165 (O-impcol_d.mtx.rnd):
c [w = 165] Initializing CaDiCaL (version 2.2.1).
c [w = 165] Configuring CaDiCaL as --sat (1).
c [w = 165] Encoding starts with w = 165:
c [w = 165] Symmetry breaking highest degree node is applied.
c [w = 165] Encoding duration: 2968 ms.
c [w = 165] Number of clauses: 4147434.
c [w = 165] Number of variables: 601800.
c [w = 165] SAT Solving starts:
c [w = 165] Solving duration: 12989 ms.
c [w = 165] Answer:
s [w = 165] UNSAT (w = 165).
c [Signal] Signal interruption. Caught signal: SIGTERM (15).
c [w = 141] Start task in PID: 121995.
c [w = 141] Cyclic Antibandwidth problem with w = 141 (O-impcol_d.mtx.rnd):
c [w = 141] Initializing CaDiCaL (version 2.2.1).
c [w = 141] Configuring CaDiCaL as --sat (1).
c [w = 141] Encoding starts with w = 141:
c [w = 141] Symmetry breaking highest degree node is applied.
c [w = 141] Encoding duration: 3060 ms.
c [w = 141] Number of clauses: 4219283.
c [w = 141] Number of variables: 629850.
c [w = 141] SAT Solving starts:
c [Signal] Signal interruption. Caught signal: SIGTERM (15).
c [w = 169] Start task in PID: 121998.
c [w = 169] Cyclic Antibandwidth problem with w = 169 (O-impcol_d.mtx.rnd):
c [w = 169] Initializing CaDiCaL (version 2.2.1).
c [w = 169] Configuring CaDiCaL as --sat (1).
c [w = 169] Encoding starts with w = 169:
c [w = 169] Symmetry breaking highest degree node is applied.
c [w = 169] Encoding duration: 2969 ms.
c [w = 169] Number of clauses: 4164434.
c [w = 169] Number of variables: 606900.
c [w = 169] SAT Solving starts:
c [Signal] Signal interruption. Caught signal: SIGTERM (15).
c [w = 157] Start task in PID: 121996.
c [w = 157] Cyclic Antibandwidth problem with w = 157 (O-impcol_d.mtx.rnd):
c [w = 157] Initializing CaDiCaL (version 2.2.1).
c [w = 157] Configuring CaDiCaL as --sat (1).
c [w = 157] Encoding starts with w = 157:
c [w = 157] Symmetry breaking highest degree node is applied.
c [w = 157] Encoding duration: 2913 ms.
c [w = 157] Number of clauses: 4113434.
c [w = 157] Number of variables: 591600.
c [w = 157] SAT Solving starts:
c [w = 157] Solving duration: 12548 ms.
c [w = 157] Answer:
s [w = 157] UNSAT (w = 157).
c [Signal] Signal interruption. Caught signal: SIGTERM (15).
c [w = 173] Start task in PID: 122001.
c [w = 173] Cyclic Antibandwidth problem with w = 173 (O-impcol_d.mtx.rnd):
c [w = 173] Initializing CaDiCaL (version 2.2.1).
c [w = 173] Configuring CaDiCaL as --sat (1).
c [w = 173] Encoding starts with w = 173:
c [w = 173] Symmetry breaking highest degree node is applied.
c [w = 173] Encoding duration: 2959 ms.
c [w = 173] Number of clauses: 4181434.
c [w = 173] Number of variables: 612000.
c [w = 173] SAT Solving starts:
c [Signal] Signal interruption. Caught signal: SIGTERM (15).
c [Main] Child pid 157 - 121996 terminated by signal 15.
c [Main] Child pid 171 - 121999 terminated by signal 15.
c [Main] Child pid 141 - 121995 terminated by signal 15.
c [Main] Child pid 169 - 121998 terminated by signal 15.
c [Main] Child pid 172 - 122000 terminated by signal 15.
c [Main] Child pid 165 - 121997 terminated by signal 15.
c [Main] Child pid 173 - 122001 terminated by signal 15.
c [w = 108] Start task in PID: 122009.
c [w = 108] Cyclic Antibandwidth problem with w = 108 (O-impcol_d.mtx.rnd):
c [w = 108] Initializing CaDiCaL (version 2.2.1).
c [w = 108] Configuring CaDiCaL as --sat (1).
c [w = 108] Encoding starts with w = 108:
c [w = 108] Symmetry breaking highest degree node is applied.
c [w = 108] Encoding duration: 2804 ms.
c [w = 108] Number of clauses: 4036958.
c [w = 108] Number of variables: 573750.
c [w = 108] SAT Solving starts:
c [w = 108] Solving duration: 11646 ms.
c [w = 108] Answer:
s [w = 108] UNSAT (w = 108).
c [w = 108] Result: 20.
c [Main] Min width UNSAT is set to 108
c [w = 107] Start task in PID: 122008.
c [w = 107] Cyclic Antibandwidth problem with w = 107 (O-impcol_d.mtx.rnd):
c [w = 107] Initializing CaDiCaL (version 2.2.1).
c [w = 107] Configuring CaDiCaL as --sat (1).
c [w = 107] Encoding starts with w = 107:
c [w = 107] Symmetry breaking highest degree node is applied.
c [w = 107] Encoding duration: 2764 ms.
c [w = 107] Number of clauses: 4031433.
c [w = 107] Number of variables: 572050.
c [w = 107] SAT Solving starts:
c [w = 107] Solving duration: 11838 ms.
c [w = 107] Answer:
s [w = 107] UNSAT (w = 107).
c [w = 107] Result: 20.
c [Main] Min width UNSAT is set to 107
c [w = 106] Start task in PID: 122010.
c [w = 106] Cyclic Antibandwidth problem with w = 106 (O-impcol_d.mtx.rnd):
c [w = 106] Initializing CaDiCaL (version 2.2.1).
c [w = 106] Configuring CaDiCaL as --sat (1).
c [w = 106] Encoding starts with w = 106:
c [w = 106] Symmetry breaking highest degree node is applied.
c [w = 106] Encoding duration: 2776 ms.
c [w = 106] Number of clauses: 4023382.
c [w = 106] Number of variables: 570350.
c [w = 106] SAT Solving starts:
c [w = 106] Solving duration: 71192 ms.
c [w = 106] Answer:
s [w = 106] UNSAT (w = 106).
c [w = 106] Result: 20.
c [Main] Min width UNSAT is set to 106
c [w = 77] Start task in PID: 122004.
c [w = 77] Cyclic Antibandwidth problem with w = 77 (O-impcol_d.mtx.rnd):
c [w = 77] Initializing CaDiCaL (version 2.2.1).
c [w = 77] Configuring CaDiCaL as --sat (1).
c [w = 77] Encoding starts with w = 77:
c [w = 77] Symmetry breaking highest degree node is applied.
c [w = 77] Encoding duration: 2886 ms.
c [w = 77] Number of clauses: 4051456.
c [w = 77] Number of variables: 583950.
c [w = 77] SAT Solving starts:
c [w = 77] Solving duration: 151400 ms.
c [w = 77] Answer:
s [w = 77] SAT (w = 77).
c [w = 77] Solution check = 77.
c [w = 77] The solution is correct.
c [w = 77] Result: 10.
c [Main] Max width SAT is set to 77.
c [w = 102] Start task in PID: 122014.
c [w = 102] Cyclic Antibandwidth problem with w = 102 (O-impcol_d.mtx.rnd):
c [w = 102] Initializing CaDiCaL (version 2.2.1).
c [w = 102] Configuring CaDiCaL as --sat (1).
c [w = 102] Encoding starts with w = 102:
c [w = 102] Symmetry breaking highest degree node is applied.
c [w = 102] Encoding duration: 2776 ms.
c [w = 102] Number of clauses: 4128357.
c [w = 102] Number of variables: 605625.
c [w = 102] SAT Solving starts:
c [w = 102] Solving duration: 176972 ms.
c [w = 102] Answer:
s [w = 102] SAT (w = 102).
c [w = 102] Solution check = 102.
c [w = 102] The solution is correct.
c [w = 102] Result: 10.
c [Main] Max width SAT is set to 102.
c [Main] Kill lower pid 99.
c [Main] Kill lower pid 97.
c [Main] Kill lower pid 101.
c [Main] Kill lower pid 93.
c [w = 99] Start task in PID: 122474.
c [w = 99] Cyclic Antibandwidth problem with w = 99 (O-impcol_d.mtx.rnd):
c [w = 99] Initializing CaDiCaL (version 2.2.1).
c [w = 99] Configuring CaDiCaL as --sat (1).
c [w = 99] Encoding starts with w = 99:
c [w = 99] Symmetry breaking highest degree node is applied.
c [w = 99] Encoding duration: 2665 ms.
c [w = 99] Number of clauses: 4107957.
c [w = 99] Number of variables: 599250.
c [w = 99] SAT Solving starts:
c [Signal] Signal interruption. Caught signal: SIGTERM (15).
c [w = 93] Start task in PID: 122005.
c [w = 93] Cyclic Antibandwidth problem with w = 93 (O-impcol_d.mtx.rnd):
c [w = 93] Initializing CaDiCaL (version 2.2.1).
c [w = 93] Configuring CaDiCaL as --sat (1).
c [w = 93] Encoding starts with w = 93:
c [w = 93] Symmetry breaking highest degree node is applied.
c [w = 93] Encoding duration: 2847 ms.
c [w = 93] Number of clauses: 4067157.
c [w = 93] Number of variables: 586500.
c [w = 93] SAT Solving starts:
c [Signal] Signal interruption. Caught signal: SIGTERM (15).
c [w = 97] Start task in PID: 122026.
c [w = 97] Cyclic Antibandwidth problem with w = 97 (O-impcol_d.mtx.rnd):
c [w = 97] Initializing CaDiCaL (version 2.2.1).
c [w = 97] Configuring CaDiCaL as --sat (1).
c [w = 97] Encoding starts with w = 97:
c [w = 97] Symmetry breaking highest degree node is applied.
c [w = 97] Encoding duration: 2776 ms.
c [w = 97] Number of clauses: 4094357.
c [w = 97] Number of variables: 595000.
c [w = 97] SAT Solving starts:
c [Signal] Signal interruption. Caught signal: SIGTERM (15).
c [w = 101] Start task in PID: 122006.
c [w = 101] Cyclic Antibandwidth problem with w = 101 (O-impcol_d.mtx.rnd):
c [w = 101] Initializing CaDiCaL (version 2.2.1).
c [w = 101] Configuring CaDiCaL as --sat (1).
c [w = 101] Encoding starts with w = 101:
c [w = 101] Symmetry breaking highest degree node is applied.
c [w = 101] Encoding duration: 2910 ms.
c [w = 101] Number of clauses: 4121557.
c [w = 101] Number of variables: 603500.
c [w = 101] SAT Solving starts:
c [Signal] Signal interruption. Caught signal: SIGTERM (15).
c [Main] Child pid 93 - 122005 terminated by signal 15.
c [Main] Child pid 97 - 122026 terminated by signal 15.
c [Main] Child pid 99 - 122474 terminated by signal 15.
c [Main] Child pid 101 - 122006 terminated by signal 15.
c [w = 103] Start task in PID: 122011.
c [w = 103] Cyclic Antibandwidth problem with w = 103 (O-impcol_d.mtx.rnd):
c [w = 103] Initializing CaDiCaL (version 2.2.1).
c [w = 103] Configuring CaDiCaL as --sat (1).
c [w = 103] Encoding starts with w = 103:
c [w = 103] Symmetry breaking highest degree node is applied.
c [w = 103] Encoding duration: 2928 ms.
c [w = 103] Number of clauses: 4135157.
c [w = 103] Number of variables: 607750.
c [w = 103] SAT Solving starts:
c [w = 103] Solving duration: 242421 ms.
c [w = 103] Answer:
s [w = 103] SAT (w = 103).
c [w = 103] Solution check = 103.
c [w = 103] The solution is correct.
c [w = 103] Result: 10.
c [Main] Max width SAT is set to 103.
c [w = 104] Start task in PID: 122013.
c [w = 104] Cyclic Antibandwidth problem with w = 104 (O-impcol_d.mtx.rnd):
c [w = 104] Initializing CaDiCaL (version 2.2.1).
c [w = 104] Configuring CaDiCaL as --sat (1).
c [w = 104] Encoding starts with w = 104:
c [w = 104] Symmetry breaking highest degree node is applied.
c [w = 104] Encoding duration: 2761 ms.
c [w = 104] Number of clauses: 4141957.
c [w = 104] Number of variables: 609875.
c [w = 104] SAT Solving starts:
c [w = 104] Solving duration: 370098 ms.
c [w = 104] Answer:
s [w = 104] SAT (w = 104).
c [w = 104] Solution check = 104.
c [w = 104] The solution is correct.
c [w = 104] Result: 10.
c [Main] Max width SAT is set to 104.
c [w = 105] Start task in PID: 122007.
c [w = 105] Cyclic Antibandwidth problem with w = 105 (O-impcol_d.mtx.rnd):
c [w = 105] Initializing CaDiCaL (version 2.2.1).
c [w = 105] Configuring CaDiCaL as --sat (1).
c [w = 105] Encoding starts with w = 105:
c [w = 105] Symmetry breaking highest degree node is applied.
c [w = 105] Encoding duration: 2965 ms.
c [w = 105] Number of clauses: 4148757.
c [w = 105] Number of variables: 612000.
c [w = 105] SAT Solving starts:
c [w = 105] Solving duration: 402608 ms.
c [w = 105] Answer:
s [w = 105] SAT (w = 105).
c [w = 105] Solution check = 105.
c [w = 105] The solution is correct.
c [w = 105] Result: 10.
c [Main] Max width SAT is set to 105.
c [Signal] Signal interruption. Caught signal: SIGTERM (15).
c [Main] All children have completed.
r [Main] 
r [Main] Final results: 
r [Main] Max width SAT:  	105.
r [Main] Min width UNSAT:	106.
r [Main] Total real time: 422411 ms.
r [Main] Total memory consumed: 9713.1 MB.
r [Main] 
