c [Version] Cyclic Anti-bandwidth Encoder version 1.0.0.
c [Param] Real time limit is set to 1800.
c [Param] Memory limit is set to 30000.
c [Param] Worker count is set to 8.
c [Main] Encoding and solving for graph: R-dwt__503.mtx.rnd.
c [Main] Search strategy: Binary search from upper bound.
c [Main] Lower bound is set to 23.
c [Main] Upper bound is set to 71.
c [Main] Search order: 47 59 65 68 70 71 69 66 67 62 63 64 60 61 53 56 57 58 54 55 50 51 52 48 49 34 40 43 45 46 44 41 42 37 38 39 35 36 28 31 32 33 29 30 25 26 27 23 24.
c [w = 47] Start task in PID: 124234.
c [w = 47] Cyclic Antibandwidth problem with w = 47 (R-dwt__503.mtx.rnd):
c [w = 47] Initializing CaDiCaL (version 2.2.1).
c [w = 47] Configuring CaDiCaL as --sat (1).
c [w = 47] Encoding starts with w = 47:
c [w = 47] Symmetry breaking highest degree node is applied.
c [w = 47] Encoding duration: 6397 ms.
c [w = 47] Number of clauses: 8085873.
c [w = 47] Number of variables: 792728.
c [w = 47] SAT Solving starts:
c [w = 47] Solving duration: 32430 ms.
c [w = 47] Answer:
s [w = 47] SAT (w = 47).
c [w = 47] Solution check = 47.
c [w = 47] The solution is correct.
c [w = 47] Result: 10.
c [Main] Max width SAT is set to 47.
c [w = 71] Start task in PID: 124239.
c [w = 71] Cyclic Antibandwidth problem with w = 71 (R-dwt__503.mtx.rnd):
c [w = 71] Initializing CaDiCaL (version 2.2.1).
c [w = 71] Configuring CaDiCaL as --sat (1).
c [w = 71] Encoding starts with w = 71:
c [w = 71] Symmetry breaking highest degree node is applied.
c [w = 71] Encoding duration: 6530 ms.
c [w = 71] Number of clauses: 8198253.
c [w = 71] Number of variables: 822908.
c [w = 71] SAT Solving starts:
c [w = 71] Solving duration: 208047 ms.
c [w = 71] Answer:
s [w = 71] UNSAT (w = 71).
c [w = 71] Result: 20.
c [Main] Min width UNSAT is set to 71
c [w = 70] Start task in PID: 124238.
c [w = 70] Cyclic Antibandwidth problem with w = 70 (R-dwt__503.mtx.rnd):
c [w = 70] Initializing CaDiCaL (version 2.2.1).
c [w = 70] Configuring CaDiCaL as --sat (1).
c [w = 70] Encoding starts with w = 70:
c [w = 70] Symmetry breaking highest degree node is applied.
c [w = 70] Encoding duration: 6486 ms.
c [w = 70] Number of clauses: 8185678.
c [w = 70] Number of variables: 818884.
c [w = 70] SAT Solving starts:
c [w = 70] Solving duration: 224161 ms.
c [w = 70] Answer:
s [w = 70] UNSAT (w = 70).
c [w = 70] Result: 20.
c [Main] Min width UNSAT is set to 70
c [w = 69] Start task in PID: 124240.
c [w = 69] Cyclic Antibandwidth problem with w = 69 (R-dwt__503.mtx.rnd):
c [w = 69] Initializing CaDiCaL (version 2.2.1).
c [w = 69] Configuring CaDiCaL as --sat (1).
c [w = 69] Encoding starts with w = 69:
c [w = 69] Symmetry breaking highest degree node is applied.
c [w = 69] Encoding duration: 6500 ms.
c [w = 69] Number of clauses: 8173103.
c [w = 69] Number of variables: 814860.
c [w = 69] SAT Solving starts:
c [w = 69] Solving duration: 272624 ms.
c [w = 69] Answer:
s [w = 69] UNSAT (w = 69).
c [w = 69] Result: 20.
c [Main] Min width UNSAT is set to 69
c [w = 66] Start task in PID: 124241.
c [w = 66] Cyclic Antibandwidth problem with w = 66 (R-dwt__503.mtx.rnd):
c [w = 66] Initializing CaDiCaL (version 2.2.1).
c [w = 66] Configuring CaDiCaL as --sat (1).
c [w = 66] Encoding starts with w = 66:
c [w = 66] Symmetry breaking highest degree node is applied.
c [w = 66] Encoding duration: 6383 ms.
c [w = 66] Number of clauses: 8135378.
c [w = 66] Number of variables: 802788.
c [w = 66] SAT Solving starts:
c [w = 66] Solving duration: 318046 ms.
c [w = 66] Answer:
s [w = 66] UNSAT (w = 66).
c [w = 66] Result: 20.
c [Main] Min width UNSAT is set to 66
c [Main] Kill higher pid 67.
c [Main] Kill higher pid 68.
c [w = 68] Start task in PID: 124237.
c [w = 68] Cyclic Antibandwidth problem with w = 68 (R-dwt__503.mtx.rnd):
c [w = 68] Initializing CaDiCaL (version 2.2.1).
c [w = 68] Configuring CaDiCaL as --sat (1).
c [w = 68] Encoding starts with w = 68:
c [w = 68] Symmetry breaking highest degree node is applied.
c [w = 68] Encoding duration: 6460 ms.
c [w = 68] Number of clauses: 8160528.
c [w = 68] Number of variables: 810836.
c [w = 68] SAT Solving starts:
c [Signal] Signal interruption. Caught signal: SIGTERM (15).
c [w = 67] Start task in PID: 124246.
c [w = 67] Cyclic Antibandwidth problem with w = 67 (R-dwt__503.mtx.rnd):
c [w = 67] Initializing CaDiCaL (version 2.2.1).
c [w = 67] Configuring CaDiCaL as --sat (1).
c [w = 67] Encoding starts with w = 67:
c [w = 67] Symmetry breaking highest degree node is applied.
c [w = 67] Encoding duration: 5639 ms.
c [w = 67] Number of clauses: 8147953.
c [w = 67] Number of variables: 806812.
c [w = 67] SAT Solving starts:
c [Signal] Signal interruption. Caught signal: SIGTERM (15).
c [Main] Child pid 68 - 124237 terminated by signal 15.
c [Main] Child pid 67 - 124246 terminated by signal 15.
c [w = 65] Start task in PID: 124236.
c [w = 65] Cyclic Antibandwidth problem with w = 65 (R-dwt__503.mtx.rnd):
c [w = 65] Initializing CaDiCaL (version 2.2.1).
c [w = 65] Configuring CaDiCaL as --sat (1).
c [w = 65] Encoding starts with w = 65:
c [w = 65] Symmetry breaking highest degree node is applied.
c [w = 65] Encoding duration: 6386 ms.
c [w = 65] Number of clauses: 8122803.
c [w = 65] Number of variables: 798764.
c [w = 65] SAT Solving starts:
c [w = 65] Solving duration: 478072 ms.
c [w = 65] Answer:
s [w = 65] UNSAT (w = 65).
c [w = 65] Result: 20.
c [Main] Min width UNSAT is set to 65
c [w = 53] Start task in PID: 124732.
c [w = 53] Cyclic Antibandwidth problem with w = 53 (R-dwt__503.mtx.rnd):
c [w = 53] Initializing CaDiCaL (version 2.2.1).
c [w = 53] Configuring CaDiCaL as --sat (1).
c [w = 53] Encoding starts with w = 53:
c [w = 53] Symmetry breaking highest degree node is applied.
c [w = 53] Encoding duration: 5506 ms.
c [w = 53] Number of clauses: 8115788.
c [w = 53] Number of variables: 800776.
c [w = 53] SAT Solving starts:
c [w = 53] Solving duration: 154116 ms.
c [w = 53] Answer:
s [w = 53] SAT (w = 53).
c [w = 53] Solution check = 53.
c [w = 53] The solution is correct.
c [w = 53] Result: 10.
c [Main] Max width SAT is set to 53.
c [w = 60] Start task in PID: 124730.
c [w = 60] Cyclic Antibandwidth problem with w = 60 (R-dwt__503.mtx.rnd):
c [w = 60] Initializing CaDiCaL (version 2.2.1).
c [w = 60] Configuring CaDiCaL as --sat (1).
c [w = 60] Encoding starts with w = 60:
c [w = 60] Symmetry breaking highest degree node is applied.
c [w = 60] Encoding duration: 5534 ms.
c [w = 60] Number of clauses: 8142182.
c [w = 60] Number of variables: 807315.
c [w = 60] SAT Solving starts:
c [w = 60] Solving duration: 160039 ms.
c [w = 60] Answer:
s [w = 60] SAT (w = 60).
c [w = 60] Solution check = 60.
c [w = 60] The solution is correct.
c [w = 60] Result: 10.
c [Main] Max width SAT is set to 60.
c [Main] Kill lower pid 57.
c [Main] Kill lower pid 56.
c [Main] Kill lower pid 59.
c [w = 57] Start task in PID: 124765.
c [w = 57] Cyclic Antibandwidth problem with w = 57 (R-dwt__503.mtx.rnd):
c [w = 57] Initializing CaDiCaL (version 2.2.1).
c [w = 57] Configuring CaDiCaL as --sat (1).
c [w = 57] Encoding starts with w = 57:
c [w = 57] Symmetry breaking highest degree node is applied.
c [w = 57] Encoding duration: 5363 ms.
c [w = 57] Number of clauses: 8099930.
c [w = 57] Number of variables: 793734.
c [w = 57] SAT Solving starts:
c [Signal] Signal interruption. Caught signal: SIGTERM (15).
c [w = 56] Start task in PID: 124763.
c [w = 56] Cyclic Antibandwidth problem with w = 56 (R-dwt__503.mtx.rnd):
c [w = 56] Initializing CaDiCaL (version 2.2.1).
c [w = 56] Configuring CaDiCaL as --sat (1).
c [w = 56] Encoding starts with w = 56:
c [w = 56] Symmetry breaking highest degree node is applied.
c [w = 56] Encoding duration: 5445 ms.
c [w = 56] Number of clauses: 8085846.
c [w = 56] Number of variables: 789207.
c [w = 56] SAT Solving starts:
c [Signal] Signal interruption. Caught signal: SIGTERM (15).
c [w = 59] Start task in PID: 124235.
c [w = 59] Cyclic Antibandwidth problem with w = 59 (R-dwt__503.mtx.rnd):
c [w = 59] Initializing CaDiCaL (version 2.2.1).
c [w = 59] Configuring CaDiCaL as --sat (1).
c [w = 59] Encoding starts with w = 59:
c [w = 59] Symmetry breaking highest degree node is applied.
c [w = 59] Encoding duration: 6446 ms.
c [w = 59] Number of clauses: 8128098.
c [w = 59] Number of variables: 802788.
c [w = 59] SAT Solving starts:
c [Signal] Signal interruption. Caught signal: SIGTERM (15).
c [Main] Child pid 59 - 124235 terminated by signal 15.
c [Main] Child pid 57 - 124765 terminated by signal 15.
c [Main] Child pid 56 - 124763 terminated by signal 15.
c [w = 61] Start task in PID: 124731.
c [w = 61] Cyclic Antibandwidth problem with w = 61 (R-dwt__503.mtx.rnd):
c [w = 61] Initializing CaDiCaL (version 2.2.1).
c [w = 61] Configuring CaDiCaL as --sat (1).
c [w = 61] Encoding starts with w = 61:
c [w = 61] Symmetry breaking highest degree node is applied.
c [w = 61] Encoding duration: 5391 ms.
c [w = 61] Number of clauses: 8156266.
c [w = 61] Number of variables: 811842.
c [w = 61] SAT Solving starts:
c [w = 61] Solving duration: 243938 ms.
c [w = 61] Answer:
s [w = 61] SAT (w = 61).
c [w = 61] Solution check = 61.
c [w = 61] The solution is correct.
c [w = 61] Result: 10.
c [Main] Max width SAT is set to 61.
c [w = 64] Start task in PID: 124722.
c [w = 64] Cyclic Antibandwidth problem with w = 64 (R-dwt__503.mtx.rnd):
c [w = 64] Initializing CaDiCaL (version 2.2.1).
c [w = 64] Configuring CaDiCaL as --sat (1).
c [w = 64] Encoding starts with w = 64:
c [w = 64] Symmetry breaking highest degree node is applied.
c [w = 64] Encoding duration: 5255 ms.
c [w = 64] Number of clauses: 8110228.
c [w = 64] Number of variables: 794740.
c [w = 64] SAT Solving starts:
c [w = 64] Solving duration: 385929 ms.
c [w = 64] Answer:
s [w = 64] UNSAT (w = 64).
c [w = 64] Result: 20.
c [Main] Min width UNSAT is set to 64
c [w = 63] Start task in PID: 124715.
c [w = 63] Cyclic Antibandwidth problem with w = 63 (R-dwt__503.mtx.rnd):
c [w = 63] Initializing CaDiCaL (version 2.2.1).
c [w = 63] Configuring CaDiCaL as --sat (1).
c [w = 63] Encoding starts with w = 63:
c [w = 63] Symmetry breaking highest degree node is applied.
c [w = 63] Encoding duration: 5362 ms.
c [w = 63] Number of clauses: 8097653.
c [w = 63] Number of variables: 790716.
c [w = 63] SAT Solving starts:
c [w = 63] Solving duration: 534638 ms.
c [w = 63] Answer:
s [w = 63] UNSAT (w = 63).
c [w = 63] Result: 20.
c [Main] Min width UNSAT is set to 63
c [w = 62] Start task in PID: 124707.
c [w = 62] Cyclic Antibandwidth problem with w = 62 (R-dwt__503.mtx.rnd):
c [w = 62] Initializing CaDiCaL (version 2.2.1).
c [w = 62] Configuring CaDiCaL as --sat (1).
c [w = 62] Encoding starts with w = 62:
c [w = 62] Symmetry breaking highest degree node is applied.
c [w = 62] Encoding duration: 5510 ms.
c [w = 62] Number of clauses: 8170350.
c [w = 62] Number of variables: 816369.
c [w = 62] SAT Solving starts:
c [w = 62] Solving duration: 570520 ms.
c [w = 62] Answer:
s [w = 62] SAT (w = 62).
c [w = 62] Solution check = 62.
c [w = 62] The solution is correct.
c [w = 62] Result: 10.
c [Main] Max width SAT is set to 62.
c [Signal] Signal interruption. Caught signal: SIGTERM (15).
c [Main] All children have completed.
r [Main] 
r [Main] Final results: 
r [Main] Max width SAT:  	62.
r [Main] Min width UNSAT:	63.
r [Main] Total real time: 794040 ms.
r [Main] Total memory consumed: 17570.3 MB.
r [Main] 
