c [Version] Cyclic Anti-bandwidth Encoder version 1.0.0.
c [Param] Real time limit is set to 1800.
c [Param] Memory limit is set to 30000.
c [Param] Worker count is set to 8.
c [Main] Encoding and solving for graph: X-can__715.mtx.rnd.
c [Main] Search strategy: Binary search from upper bound.
c [Main] Lower bound is set to 56.
c [Main] Upper bound is set to 142.
c [Main] Search order: 99 121 132 137 140 141 142 138 139 134 135 136 133 126 129 130 131 127 128 123 124 125 122 110 115 118 119 120 116 117 112 113 114 111 104 107 108 109 105 106 101 102 103 100 77 88 93 96 97 98 94 95 90 91 92 89 82 85 86 87 83 84 79 80 81 78 66 71 74 75 76 72 73 68 69 70 67 60 63 64 65 61 62 57 58 59 56.
c [w = 140] Start task in PID: 130300.
c [w = 140] Cyclic Antibandwidth problem with w = 140 (X-can__715.mtx.rnd):
c [w = 140] Initializing CaDiCaL (version 2.2.1).
c [w = 140] Configuring CaDiCaL as --sat (1).
c [w = 140] Encoding starts with w = 140:
c [w = 140] Symmetry breaking highest degree node is applied.
c [w = 140] Encoding duration: 9879 ms.
c [w = 140] Number of clauses: 14018722.
c [w = 140] Number of variables: 1684540.
c [w = 140] SAT Solving starts:
c [w = 140] Solving duration: 49790 ms.
c [w = 140] Answer:
s [w = 140] UNSAT (w = 140).
c [w = 140] Result: 20.
c [Main] Min width UNSAT is set to 140
c [Main] Kill higher pid 142.
c [Main] Kill higher pid 141.
c [w = 142] Start task in PID: 130302.
c [w = 142] Cyclic Antibandwidth problem with w = 142 (X-can__715.mtx.rnd):
c [w = 142] Initializing CaDiCaL (version 2.2.1).
c [w = 142] Configuring CaDiCaL as --sat (1).
c [w = 142] Encoding starts with w = 142:
c [w = 142] Symmetry breaking highest degree node is applied.
c [w = 142] Encoding duration: 9960 ms.
c [w = 142] Number of clauses: 14045892.
c [w = 142] Number of variables: 1693120.
c [w = 142] SAT Solving starts:
c [w = 142] Solving duration: 51189 ms.
c [w = 142] Answer:
s [w = 142] UNSAT (w = 142).
c [Signal] Signal interruption. Caught signal: SIGTERM (15).
c [w = 141] Start task in PID: 130301.
c [w = 141] Cyclic Antibandwidth problem with w = 141 (X-can__715.mtx.rnd):
c [w = 141] Initializing CaDiCaL (version 2.2.1).
c [w = 141] Configuring CaDiCaL as --sat (1).
c [w = 141] Encoding starts with w = 141:
c [w = 141] Symmetry breaking highest degree node is applied.
c [w = 141] Encoding duration: 9784 ms.
c [w = 141] Number of clauses: 14032307.
c [w = 141] Number of variables: 1688830.
c [w = 141] SAT Solving starts:
c [Signal] Signal interruption. Caught signal: SIGTERM (15).
c [Main] Child pid 141 - 130301 terminated by signal 15.
c [Main] Child pid 142 - 130302 terminated by signal 15.
c [w = 138] Start task in PID: 130303.
c [w = 138] Cyclic Antibandwidth problem with w = 138 (X-can__715.mtx.rnd):
c [w = 138] Initializing CaDiCaL (version 2.2.1).
c [w = 138] Configuring CaDiCaL as --sat (1).
c [w = 138] Encoding starts with w = 138:
c [w = 138] Symmetry breaking highest degree node is applied.
c [w = 138] Encoding duration: 9815 ms.
c [w = 138] Number of clauses: 13991552.
c [w = 138] Number of variables: 1675960.
c [w = 138] SAT Solving starts:
c [w = 138] Solving duration: 52682 ms.
c [w = 138] Answer:
s [w = 138] UNSAT (w = 138).
c [w = 138] Result: 20.
c [Main] Min width UNSAT is set to 138
c [Main] Kill higher pid 139.
c [w = 139] Start task in PID: 130314.
c [w = 139] Cyclic Antibandwidth problem with w = 139 (X-can__715.mtx.rnd):
c [w = 139] Initializing CaDiCaL (version 2.2.1).
c [w = 139] Configuring CaDiCaL as --sat (1).
c [w = 139] Encoding starts with w = 139:
c [w = 139] Symmetry breaking highest degree node is applied.
c [Signal] Signal interruption. Caught signal: SIGTERM (15).
c [Main] Child pid 139 - 130314 terminated by signal 15.
c [w = 137] Start task in PID: 130299.
c [w = 137] Cyclic Antibandwidth problem with w = 137 (X-can__715.mtx.rnd):
c [w = 137] Initializing CaDiCaL (version 2.2.1).
c [w = 137] Configuring CaDiCaL as --sat (1).
c [w = 137] Encoding starts with w = 137:
c [w = 137] Symmetry breaking highest degree node is applied.
c [w = 137] Encoding duration: 9848 ms.
c [w = 137] Number of clauses: 13977967.
c [w = 137] Number of variables: 1671670.
c [w = 137] SAT Solving starts:
c [w = 137] Solving duration: 53505 ms.
c [w = 137] Answer:
s [w = 137] UNSAT (w = 137).
c [w = 137] Result: 20.
c [Main] Min width UNSAT is set to 137
c [w = 132] Start task in PID: 130298.
c [w = 132] Cyclic Antibandwidth problem with w = 132 (X-can__715.mtx.rnd):
c [w = 132] Initializing CaDiCaL (version 2.2.1).
c [w = 132] Configuring CaDiCaL as --sat (1).
c [w = 132] Encoding starts with w = 132:
c [w = 132] Symmetry breaking highest degree node is applied.
c [w = 132] Encoding duration: 9851 ms.
c [w = 132] Number of clauses: 13910042.
c [w = 132] Number of variables: 1650220.
c [w = 132] SAT Solving starts:
c [w = 132] Solving duration: 57697 ms.
c [w = 132] Answer:
s [w = 132] UNSAT (w = 132).
c [w = 132] Result: 20.
c [w = 133] Start task in PID: 130318.
c [w = 133] Cyclic Antibandwidth problem with w = 133 (X-can__715.mtx.rnd):
c [w = 133] Initializing CaDiCaL (version 2.2.1).
c [w = 133] Configuring CaDiCaL as --sat (1).
c [w = 133] Encoding starts with w = 133:
c [w = 133] Symmetry breaking highest degree node is applied.
c [Signal] Signal interruption. Caught signal: SIGTERM (15).
c [Main] Min width UNSAT is set to 132
c [Main] Kill higher pid 133.
c [Main] Kill higher pid 136.
c [Main] Kill higher pid 135.
c [Main] Kill higher pid 134.
c [w = 135] Start task in PID: 130316.
c [w = 135] Cyclic Antibandwidth problem with w = 135 (X-can__715.mtx.rnd):
c [w = 135] Initializing CaDiCaL (version 2.2.1).
c [w = 135] Configuring CaDiCaL as --sat (1).
c [w = 135] Encoding starts with w = 135:
c [w = 135] Symmetry breaking highest degree node is applied.
c [Signal] Signal interruption. Caught signal: SIGTERM (15).
c [w = 136] Start task in PID: 130317.
c [w = 136] Cyclic Antibandwidth problem with w = 136 (X-can__715.mtx.rnd):
c [w = 136] Initializing CaDiCaL (version 2.2.1).
c [w = 136] Configuring CaDiCaL as --sat (1).
c [w = 136] Encoding starts with w = 136:
c [w = 136] Symmetry breaking highest degree node is applied.
c [Signal] Signal interruption. Caught signal: SIGTERM (15).
c [w = 134] Start task in PID: 130315.
c [w = 134] Cyclic Antibandwidth problem with w = 134 (X-can__715.mtx.rnd):
c [w = 134] Initializing CaDiCaL (version 2.2.1).
c [w = 134] Configuring CaDiCaL as --sat (1).
c [w = 134] Encoding starts with w = 134:
c [w = 134] Symmetry breaking highest degree node is applied.
c [Signal] Signal interruption. Caught signal: SIGTERM (15).
c [Main] Child pid 133 - 130318 terminated by signal 15.
c [Main] Child pid 136 - 130317 terminated by signal 15.
c [Main] Child pid 135 - 130316 terminated by signal 15.
c [Main] Child pid 134 - 130315 terminated by signal 15.
c [w = 121] Start task in PID: 130297.
c [w = 121] Cyclic Antibandwidth problem with w = 121 (X-can__715.mtx.rnd):
c [w = 121] Initializing CaDiCaL (version 2.2.1).
c [w = 121] Configuring CaDiCaL as --sat (1).
c [w = 121] Encoding starts with w = 121:
c [w = 121] Symmetry breaking highest degree node is applied.
c [w = 121] Encoding duration: 9520 ms.
c [w = 121] Number of clauses: 13760607.
c [w = 121] Number of variables: 1603030.
c [w = 121] SAT Solving starts:
c [w = 121] Solving duration: 70832 ms.
c [w = 121] Answer:
s [w = 121] UNSAT (w = 121).
c [w = 121] Result: 20.
c [Main] Min width UNSAT is set to 121
c [Main] Kill higher pid 128.
c [Main] Kill higher pid 127.
c [Main] Kill higher pid 131.
c [Main] Kill higher pid 130.
c [Main] Kill higher pid 129.
c [Main] Kill higher pid 126.
c [w = 131] Start task in PID: 130322.
c [w = 131] Cyclic Antibandwidth problem with w = 131 (X-can__715.mtx.rnd):
c [w = 131] Initializing CaDiCaL (version 2.2.1).
c [w = 131] Configuring CaDiCaL as --sat (1).
c [w = 131] Encoding starts with w = 131:
c [w = 131] Symmetry breaking highest degree node is applied.
c [w = 131] Encoding duration: 10001 ms.
c [w = 131] Number of clauses: 13896457.
c [w = 131] Number of variables: 1645930.
c [w = 131] SAT Solving starts:
c [Signal] Signal interruption. Caught signal: SIGTERM (15).
c [w = 130] Start task in PID: 130321.
c [w = 130] Cyclic Antibandwidth problem with w = 130 (X-can__715.mtx.rnd):
c [w = 130] Initializing CaDiCaL (version 2.2.1).
c [w = 130] Configuring CaDiCaL as --sat (1).
c [w = 130] Encoding starts with w = 130:
c [w = 130] Symmetry breaking highest degree node is applied.
c [w = 130] Encoding duration: 9877 ms.
c [w = 130] Number of clauses: 13882872.
c [w = 130] Number of variables: 1641640.
c [w = 130] SAT Solving starts:
c [Signal] Signal interruption. Caught signal: SIGTERM (15).
c [w = 129] Start task in PID: 130320.
c [w = 129] Cyclic Antibandwidth problem with w = 129 (X-can__715.mtx.rnd):
c [w = 129] Initializing CaDiCaL (version 2.2.1).
c [w = 129] Configuring CaDiCaL as --sat (1).
c [w = 129] Encoding starts with w = 129:
c [w = 129] Symmetry breaking highest degree node is applied.
c [w = 129] Encoding duration: 9271 ms.
c [w = 129] Number of clauses: 13869287.
c [w = 129] Number of variables: 1637350.
c [w = 129] SAT Solving starts:
c [Signal] Signal interruption. Caught signal: SIGTERM (15).
c [w = 128] Start task in PID: 130324.
c [w = 128] Cyclic Antibandwidth problem with w = 128 (X-can__715.mtx.rnd):
c [w = 128] Initializing CaDiCaL (version 2.2.1).
c [w = 128] Configuring CaDiCaL as --sat (1).
c [w = 128] Encoding starts with w = 128:
c [w = 128] Symmetry breaking highest degree node is applied.
c [w = 128] Encoding duration: 9353 ms.
c [w = 128] Number of clauses: 13855702.
c [w = 128] Number of variables: 1633060.
c [w = 128] SAT Solving starts:
c [Signal] Signal interruption. Caught signal: SIGTERM (15).
c [w = 127] Start task in PID: 130323.
c [w = 127] Cyclic Antibandwidth problem with w = 127 (X-can__715.mtx.rnd):
c [w = 127] Initializing CaDiCaL (version 2.2.1).
c [w = 127] Configuring CaDiCaL as --sat (1).
c [w = 127] Encoding starts with w = 127:
c [w = 127] Symmetry breaking highest degree node is applied.
c [w = 127] Encoding duration: 9975 ms.
c [w = 127] Number of clauses: 13842117.
c [w = 127] Number of variables: 1628770.
c [w = 127] SAT Solving starts:
c [Signal] Signal interruption. Caught signal: SIGTERM (15).
c [w = 126] Start task in PID: 130319.
c [w = 126] Cyclic Antibandwidth problem with w = 126 (X-can__715.mtx.rnd):
c [w = 126] Initializing CaDiCaL (version 2.2.1).
c [w = 126] Configuring CaDiCaL as --sat (1).
c [w = 126] Encoding starts with w = 126:
c [w = 126] Symmetry breaking highest degree node is applied.
c [w = 126] Encoding duration: 9709 ms.
c [w = 126] Number of clauses: 13828532.
c [w = 126] Number of variables: 1624480.
c [w = 126] SAT Solving starts:
c [Signal] Signal interruption. Caught signal: SIGTERM (15).
c [Main] Child pid 127 - 130323 terminated by signal 15.
c [Main] Child pid 128 - 130324 terminated by signal 15.
c [Main] Child pid 131 - 130322 terminated by signal 15.
c [Main] Child pid 129 - 130320 terminated by signal 15.
c [Main] Child pid 130 - 130321 terminated by signal 15.
c [Main] Child pid 126 - 130319 terminated by signal 15.
c [w = 117] Start task in PID: 130744.
c [w = 117] Cyclic Antibandwidth problem with w = 117 (X-can__715.mtx.rnd):
c [w = 117] Initializing CaDiCaL (version 2.2.1).
c [w = 117] Configuring CaDiCaL as --sat (1).
c [w = 117] Encoding starts with w = 117:
c [w = 117] Symmetry breaking highest degree node is applied.
c [w = 117] Encoding duration: 10021 ms.
c [w = 117] Number of clauses: 13946877.
c [w = 117] Number of variables: 1667380.
c [w = 117] SAT Solving starts:
c [Signal] Signal interruption. Caught signal: SIGTERM (15).
c [w = 116] Start task in PID: 130743.
c [w = 116] Cyclic Antibandwidth problem with w = 116 (X-can__715.mtx.rnd):
c [w = 116] Initializing CaDiCaL (version 2.2.1).
c [w = 116] Configuring CaDiCaL as --sat (1).
c [w = 116] Encoding starts with w = 116:
c [w = 116] Symmetry breaking highest degree node is applied.
c [w = 116] Encoding duration: 10054 ms.
c [w = 116] Number of clauses: 13931147.
c [w = 116] Number of variables: 1662375.
c [w = 116] SAT Solving starts:
c [Signal] Signal interruption. Caught signal: SIGTERM (15).
c [w = 110] Start task in PID: 130734.
c [w = 110] Cyclic Antibandwidth problem with w = 110 (X-can__715.mtx.rnd):
c [w = 110] Initializing CaDiCaL (version 2.2.1).
c [w = 110] Configuring CaDiCaL as --sat (1).
c [w = 110] Encoding starts with w = 110:
c [w = 110] Symmetry breaking highest degree node is applied.
c [w = 110] Encoding duration: 10523 ms.
c [w = 110] Number of clauses: 13836767.
c [w = 110] Number of variables: 1632345.
c [w = 110] SAT Solving starts:
c [Signal] Signal interruption. Caught signal: SIGTERM (15).
c [w = 115] Start task in PID: 130739.
c [w = 115] Cyclic Antibandwidth problem with w = 115 (X-can__715.mtx.rnd):
c [w = 115] Initializing CaDiCaL (version 2.2.1).
c [w = 115] Configuring CaDiCaL as --sat (1).
c [w = 115] Encoding starts with w = 115:
c [w = 115] Symmetry breaking highest degree node is applied.
c [w = 115] Encoding duration: 10101 ms.
c [w = 115] Number of clauses: 13915417.
c [w = 115] Number of variables: 1657370.
c [w = 115] SAT Solving starts:
c [Signal] Signal interruption. Caught signal: SIGTERM (15).
c [w = 118] Start task in PID: 130740.
c [w = 118] Cyclic Antibandwidth problem with w = 118 (X-can__715.mtx.rnd):
c [w = 118] Initializing CaDiCaL (version 2.2.1).
c [w = 118] Configuring CaDiCaL as --sat (1).
c [w = 118] Encoding starts with w = 118:
c [w = 118] Symmetry breaking highest degree node is applied.
c [w = 118] Encoding duration: 10321 ms.
c [w = 118] Number of clauses: 13962607.
c [w = 118] Number of variables: 1672385.
c [w = 118] SAT Solving starts:
c [Signal] Signal interruption. Caught signal: SIGTERM (15).
c [w = 99] Start task in PID: 130296.
c [w = 99] Cyclic Antibandwidth problem with w = 99 (X-can__715.mtx.rnd):
c [w = 99] Initializing CaDiCaL (version 2.2.1).
c [w = 99] Configuring CaDiCaL as --sat (1).
c [w = 99] Encoding starts with w = 99:
c [w = 99] Symmetry breaking highest degree node is applied.
c [w = 99] Encoding duration: 9829 ms.
c [w = 99] Number of clauses: 13866452.
c [w = 99] Number of variables: 1645930.
c [w = 99] SAT Solving starts:
c [Signal] Signal interruption. Caught signal: SIGTERM (15).
c [Main] Lim pid ends with result: 255.
c [Main] All children have completed.
r [Main] 
r [Main] Final results: 
r [Main] Max width SAT:  	-.
r [Main] Min width UNSAT:	121.
r [Main] Total real time: 158017 ms.
r [Main] Total memory consumed: 30019.8 MB.
r [Main] 
c [w = 119] Start task in PID: 130741.
c [w = 119] Cyclic Antibandwidth problem with w = 119 (X-can__715.mtx.rnd):
c [w = 119] Initializing CaDiCaL (version 2.2.1).
c [w = 119] Configuring CaDiCaL as --sat (1).
c [w = 119] Encoding starts with w = 119:
c [w = 119] Symmetry breaking highest degree node is applied.
c [w = 119] Encoding duration: 9902 ms.
c [w = 119] Number of clauses: 13728087.
c [w = 119] Number of variables: 1594450.
c [w = 119] SAT Solving starts:
c [Signal] Signal interruption. Caught signal: SIGTERM (15).
c [w = 120] Start task in PID: 130742.
c [w = 120] Cyclic Antibandwidth problem with w = 120 (X-can__715.mtx.rnd):
c [w = 120] Initializing CaDiCaL (version 2.2.1).
c [w = 120] Configuring CaDiCaL as --sat (1).
c [w = 120] Encoding starts with w = 120:
c [w = 120] Symmetry breaking highest degree node is applied.
c [w = 120] Encoding duration: 9695 ms.
c [w = 120] Number of clauses: 13747022.
c [w = 120] Number of variables: 1598740.
c [w = 120] SAT Solving starts:
c [Signal] Signal interruption. Caught signal: SIGTERM (15).
