c [Version] Cyclic Anti-bandwidth Encoder version 1.0.0.
c [Param] Real time limit is set to 1800.
c [Param] Memory limit is set to 30000.
c [Param] Worker count is set to 4.
c [Main] Encoding and solving for graph: G-will57.mtx.rnd.
c [Main] Search strategy: Binary search from upper bound.
c [Main] Lower bound is set to 6.
c [Main] Upper bound is set to 14.
c [Main] Search order: 10 12 13 14 11 7 8 9 6.
c [w = 14] Start task in PID: 101864.
c [w = 14] Cyclic Antibandwidth problem with w = 14 (G-will57.mtx.rnd):
c [w = 14] Initializing CaDiCaL (version 2.2.1).
c [w = 14] Configuring CaDiCaL as --sat (1).
c [w = 14] Encoding starts with w = 14:
c [w = 14] Symmetry breaking highest degree node is applied.
c [w = 14] Encoding duration: 27 ms.
c [w = 14] Number of clauses: 60880.
c [w = 14] Number of variables: 10602.
c [w = 14] SAT Solving starts:
c [w = 14] Solving duration: 90 ms.
c [w = 14] Answer:
s [w = 14] UNSAT (w = 14).
c [w = 14] Result: 20.
c [Main] Min width UNSAT is set to 14
c [w = 12] Start task in PID: 101862.
c [w = 12] Cyclic Antibandwidth problem with w = 12 (G-will57.mtx.rnd):
c [w = 12] Initializing CaDiCaL (version 2.2.1).
c [w = 12] Configuring CaDiCaL as --sat (1).
c [w = 12] Encoding starts with w = 12:
c [w = 12] Symmetry breaking highest degree node is applied.
c [w = 12] Encoding duration: 27 ms.
c [w = 12] Number of clauses: 61051.
c [w = 12] Number of variables: 10659.
c [w = 12] SAT Solving starts:
c [w = 12] Solving duration: 100 ms.
c [w = 12] Answer:
s [w = 12] UNSAT (w = 12).
c [w = 12] Result: 20.
c [Main] Min width UNSAT is set to 12
c [Main] Kill higher pid 13.
c [w = 13] Start task in PID: 101863.
c [w = 13] Cyclic Antibandwidth problem with w = 13 (G-will57.mtx.rnd):
c [w = 13] Initializing CaDiCaL (version 2.2.1).
c [w = 13] Configuring CaDiCaL as --sat (1).
c [w = 13] Encoding starts with w = 13:
c [w = 13] Symmetry breaking highest degree node is applied.
c [w = 13] Encoding duration: 28 ms.
c [w = 13] Number of clauses: 61963.
c [w = 13] Number of variables: 10944.
c [w = 13] SAT Solving starts:
c [Signal] Signal interruption. Caught signal: SIGTERM (15).
c [Main] Child pid 13 - 101863 terminated by signal 15.
c [w = 10] Start task in PID: 101861.
c [w = 10] Cyclic Antibandwidth problem with w = 10 (G-will57.mtx.rnd):
c [w = 10] Initializing CaDiCaL (version 2.2.1).
c [w = 10] Configuring CaDiCaL as --sat (1).
c [w = 10] Encoding starts with w = 10:
c [w = 10] Symmetry breaking highest degree node is applied.
c [w = 10] Encoding duration: 27 ms.
c [w = 10] Number of clauses: 60385.
c [w = 10] Number of variables: 10488.
c [w = 10] SAT Solving starts:
c [w = 10] Solving duration: 209 ms.
c [w = 10] Answer:
s [w = 10] SAT (w = 10).
c [w = 10] Solution check = 10.
c [w = 10] The solution is correct.
c [w = 10] Result: 10.
c [Main] Max width SAT is set to 10.
c [Main] Kill lower pid 8.
c [Main] Kill lower pid 7.
c [w = 7] Start task in PID: 101866.
c [w = 7] Cyclic Antibandwidth problem with w = 7 (G-will57.mtx.rnd):
c [w = 7] Initializing CaDiCaL (version 2.2.1).
c [w = 7] Configuring CaDiCaL as --sat (1).
c [w = 7] Encoding starts with w = 7:
c [w = 7] Symmetry breaking highest degree node is applied.
c [w = 7] Encoding duration: 39 ms.
c [w = 7] Number of clauses: 58615.
c [w = 7] Number of variables: 9918.
c [w = 7] SAT Solving starts:
c [Signal] Signal interruption. Caught signal: SIGTERM (15).
c [w = 8] Start task in PID: 101867.
c [w = 8] Cyclic Antibandwidth problem with w = 8 (G-will57.mtx.rnd):
c [w = 8] Initializing CaDiCaL (version 2.2.1).
c [w = 8] Configuring CaDiCaL as --sat (1).
c [w = 8] Encoding starts with w = 8:
c [w = 8] Symmetry breaking highest degree node is applied.
c [w = 8] Encoding duration: 25 ms.
c [w = 8] Number of clauses: 59053.
c [w = 8] Number of variables: 10089.
c [w = 8] SAT Solving starts:
c [Signal] Signal interruption. Caught signal: SIGTERM (15).
c [Main] Child pid 7 - 101866 terminated by signal 15.
c [Main] Child pid 8 - 101867 terminated by signal 15.
c [w = 11] Start task in PID: 101865.
c [w = 11] Cyclic Antibandwidth problem with w = 11 (G-will57.mtx.rnd):
c [w = 11] Initializing CaDiCaL (version 2.2.1).
c [w = 11] Configuring CaDiCaL as --sat (1).
c [w = 11] Encoding starts with w = 11:
c [w = 11] Symmetry breaking highest degree node is applied.
c [w = 11] Encoding duration: 37 ms.
c [w = 11] Number of clauses: 61468.
c [w = 11] Number of variables: 10830.
c [w = 11] SAT Solving starts:
c [w = 11] Solving duration: 189 ms.
c [w = 11] Answer:
s [w = 11] SAT (w = 11).
c [w = 11] Solution check = 11.
c [w = 11] The solution is correct.
c [w = 11] Result: 10.
c [Main] Max width SAT is set to 11.
c [Main] All children have completed.
r [Main] 
r [Main] Final results: 
r [Main] Max width SAT:  	11.
r [Main] Min width UNSAT:	12.
r [Main] Total real time: 366 ms.
r [Main] Total memory consumed: 91.6 MB.
r [Main] 
c [Signal] Signal interruption. Caught signal: SIGTERM (15).
