c [Version] Cyclic Anti-bandwidth Encoder version 1.0.0.
c [Param] Real time limit is set to 1800.
c [Param] Memory limit is set to 30000.
c [Param] Worker count is set to 4.
c [Main] Encoding and solving for graph: C-bcspwr01.mtx.rnd.
c [Main] Search strategy: Binary search using BFS.
c [Main] Lower bound is set to 8.
c [Main] Upper bound is set to 17.
c [Main] Search order: 12 9 15 8 10 13 16 11 14 17.
c [w = 8] Start task in PID: 360829.
c [w = 8] Cyclic Antibandwidth problem with w = 8 (C-bcspwr01.mtx.rnd):
c [w = 8] Initializing CaDiCaL (version 2.1.3).
c [w = 8] Configuring CaDiCaL as --sat (1).
c [w = 8] Encoding starts with w = 8:
c [w = 8] Symmetry breaking highest degree node is applied.
c [w = 8] Encoding duration: 19 ms.
c [w = 8] Number of clauses: 27358.
c [w = 8] Number of variables: 5967.
c [w = 8] SAT Solving starts:
c [w = 8] Solving duration: 4 ms.
c [w = 8] Answer:
s [w = 8] SAT (w = 8).
c [w = 8] Solution check = 8.
c [w = 8] The solution is correct.
c [w = 8] Result: 10.
c [Main] Max width SAT is set to 8.
c [w = 9] Start task in PID: 360827.
c [w = 9] Cyclic Antibandwidth problem with w = 9 (C-bcspwr01.mtx.rnd):
c [w = 9] Initializing CaDiCaL (version 2.1.3).
c [w = 9] Configuring CaDiCaL as --sat (1).
c [w = 9] Encoding starts with w = 9:
c [w = 9] Symmetry breaking highest degree node is applied.
c [w = 9] Encoding duration: 20 ms.
c [w = 9] Number of clauses: 28528.
c [w = 9] Number of variables: 5967.
c [w = 9] SAT Solving starts:
c [w = 9] Solving duration: 4 ms.
c [w = 9] Answer:
s [w = 9] SAT (w = 9).
c [w = 9] Solution check = 9.
c [w = 9] The solution is correct.
c [w = 9] Result: 10.
c [Main] Max width SAT is set to 9.
c [w = 15] Start task in PID: 360828.
c [w = 15] Cyclic Antibandwidth problem with w = 15 (C-bcspwr01.mtx.rnd):
c [w = 15] Initializing CaDiCaL (version 2.1.3).
c [w = 15] Configuring CaDiCaL as --sat (1).
c [w = 15] Encoding starts with w = 15:
c [w = 15] Symmetry breaking highest degree node is applied.
c [w = 15] Encoding duration: 21 ms.
c [w = 15] Number of clauses: 29893.
c [w = 15] Number of variables: 6708.
c [w = 15] SAT Solving starts:
c [w = 15] Solving duration: 7 ms.
c [w = 15] Answer:
s [w = 15] UNSAT (w = 15).
c [w = 15] Result: 20.
c [Main] Min width UNSAT is set to 15
c [w = 12] Start task in PID: 360826.
c [w = 12] Cyclic Antibandwidth problem with w = 12 (C-bcspwr01.mtx.rnd):
c [w = 12] Initializing CaDiCaL (version 2.1.3).
c [w = 12] Configuring CaDiCaL as --sat (1).
c [w = 12] Encoding starts with w = 12:
c [w = 12] Symmetry breaking highest degree node is applied.
c [w = 12] Encoding duration: 20 ms.
c [w = 12] Number of clauses: 28645.
c [w = 12] Number of variables: 6513.
c [w = 12] SAT Solving starts:
c [w = 12] Solving duration: 15 ms.
c [w = 12] Answer:
s [w = 12] SAT (w = 12).
c [w = 12] Solution check = 12.
c [w = 12] The solution is correct.
c [w = 12] Result: 10.
c [Main] Max width SAT is set to 12.
c [Main] Kill lower pid 11.
c [Main] Kill lower pid 10.
c [w = 11] Start task in PID: 360832.
c [w = 11] Cyclic Antibandwidth problem with w = 11 (C-bcspwr01.mtx.rnd):
c [w = 11] Initializing CaDiCaL (version 2.1.3).
c [w = 11] Configuring CaDiCaL as --sat (1).
c [w = 11] Encoding starts with w = 11:
c [w = 11] Symmetry breaking highest degree node is applied.
c [Signal] Signal interruption. Caught signal: SIGTERM (15).
c [w = 10] Start task in PID: 360830.
c [w = 10] Cyclic Antibandwidth problem with w = 10 (C-bcspwr01.mtx.rnd):
c [w = 10] Initializing CaDiCaL (version 2.1.3).
c [w = 10] Configuring CaDiCaL as --sat (1).
c [w = 10] Encoding starts with w = 10:
c [w = 10] Symmetry breaking highest degree node is applied.
c [Signal] Signal interruption. Caught signal: SIGTERM (15).
c [Main] Child pid 10 - 360830 terminated by signal 15.
c [Main] Child pid 11 - 360832 terminated by signal 15.
c [w = 13] Start task in PID: 360831.
c [w = 13] Cyclic Antibandwidth problem with w = 13 (C-bcspwr01.mtx.rnd):
c [w = 13] Initializing CaDiCaL (version 2.1.3).
c [w = 13] Configuring CaDiCaL as --sat (1).
c [w = 13] Encoding starts with w = 13:
c [w = 13] Symmetry breaking highest degree node is applied.
c [w = 13] Encoding duration: 24 ms.
c [w = 13] Number of clauses: 29464.
c [w = 13] Number of variables: 6513.
c [w = 13] SAT Solving starts:
c [w = 13] Solving duration: 7 ms.
c [w = 13] Answer:
s [w = 13] SAT (w = 13).
c [w = 13] Solution check = 13.
c [w = 13] The solution is correct.
c [w = 13] Result: 10.
c [Main] Max width SAT is set to 13.
c [w = 14] Start task in PID: 360833.
c [w = 14] Cyclic Antibandwidth problem with w = 14 (C-bcspwr01.mtx.rnd):
c [w = 14] Initializing CaDiCaL (version 2.1.3).
c [w = 14] Configuring CaDiCaL as --sat (1).
c [w = 14] Encoding starts with w = 14:
c [w = 14] Symmetry breaking highest degree node is applied.
c [w = 14] Encoding duration: 20 ms.
c [w = 14] Number of clauses: 29191.
c [w = 14] Number of variables: 6708.
c [w = 14] SAT Solving starts:
c [w = 14] Solving duration: 6 ms.
c [w = 14] Answer:
s [w = 14] UNSAT (w = 14).
c [w = 14] Result: 20.
c [Main] Min width UNSAT is set to 14
c [Signal] Signal interruption. Caught signal: SIGTERM (15).
c [Main] All children have completed.
r [Main] 
r [Main] Final results: 
r [Main] Max width SAT:  	13.
r [Main] Min width UNSAT:	14.
r [Main] Total real time: 74 ms.
r [Main] Total memory consumed: 2.7 MB.
r [Main] 
