c [Version] Cyclic Anti-bandwidth Encoder version 1.0.0.
c [Param] Real time limit is set to 1800.
c [Param] Memory limit is set to 30000.
c [Param] Worker count is set to 4.
c [Main] Encoding and solving for graph: E-bcspwr02.mtx.rnd.
c [Main] Search strategy: Binary search using BFS.
c [Main] Lower bound is set to 11.
c [Main] Upper bound is set to 22.
c [Main] Search order: 16 13 19 11 14 17 21 12 15 18 20 22.
c [w = 13] Start task in PID: 360862.
c [w = 13] Cyclic Antibandwidth problem with w = 13 (E-bcspwr02.mtx.rnd):
c [w = 13] Initializing CaDiCaL (version 2.1.3).
c [w = 13] Configuring CaDiCaL as --sat (1).
c [w = 13] Encoding starts with w = 13:
c [w = 13] Symmetry breaking highest degree node is applied.
c [w = 13] Encoding duration: 32 ms.
c [w = 13] Number of clauses: 45839.
c [w = 13] Number of variables: 9996.
c [w = 13] SAT Solving starts:
c [w = 13] Solving duration: 7 ms.
c [w = 13] Answer:
s [w = 13] SAT (w = 13).
c [w = 13] Solution check = 13.
c [w = 13] The solution is correct.
c [w = 13] Result: 10.
c [Main] Max width SAT is set to 13.
c [Main] Kill lower pid 11.
c [w = 11] Start task in PID: 360864.
c [w = 11] Cyclic Antibandwidth problem with w = 11 (E-bcspwr02.mtx.rnd):
c [w = 11] Initializing CaDiCaL (version 2.1.3).
c [w = 11] Configuring CaDiCaL as --sat (1).
c [w = 11] Encoding starts with w = 11:
c [w = 11] Symmetry breaking highest degree node is applied.
c [w = 11] Encoding duration: 46 ms.
c [w = 11] Number of clauses: 45398.
c [w = 11] Number of variables: 9653.
c [w = 11] SAT Solving starts:
c [Signal] Signal interruption. Caught signal: SIGTERM (15).
c [Main] Child pid 11 - 360864 terminated by signal 15.
c [w = 19] Start task in PID: 360863.
c [w = 19] Cyclic Antibandwidth problem with w = 19 (E-bcspwr02.mtx.rnd):
c [w = 19] Initializing CaDiCaL (version 2.1.3).
c [w = 19] Configuring CaDiCaL as --sat (1).
c [w = 19] Encoding starts with w = 19:
c [w = 19] Symmetry breaking highest degree node is applied.
c [w = 19] Encoding duration: 35 ms.
c [w = 19] Number of clauses: 47848.
c [w = 19] Number of variables: 10780.
c [w = 19] SAT Solving starts:
c [w = 19] Solving duration: 7 ms.
c [w = 19] Answer:
s [w = 19] UNSAT (w = 19).
c [w = 19] Result: 20.
c [Main] Min width UNSAT is set to 19
c [w = 16] Start task in PID: 360861.
c [w = 16] Cyclic Antibandwidth problem with w = 16 (E-bcspwr02.mtx.rnd):
c [w = 16] Initializing CaDiCaL (version 2.1.3).
c [w = 16] Configuring CaDiCaL as --sat (1).
c [w = 16] Encoding starts with w = 16:
c [w = 16] Symmetry breaking highest degree node is applied.
c [w = 16] Encoding duration: 47 ms.
c [w = 16] Number of clauses: 45741.
c [w = 16] Number of variables: 10486.
c [w = 16] SAT Solving starts:
c [w = 16] Solving duration: 30 ms.
c [w = 16] Answer:
s [w = 16] SAT (w = 16).
c [w = 16] Solution check = 16.
c [w = 16] The solution is correct.
c [w = 16] Result: 10.
c [Main] Max width SAT is set to 16.
c [Main] Kill lower pid 15.
c [Main] Kill lower pid 14.
c [w = 15] Start task in PID: 360867.
c [w = 15] Cyclic Antibandwidth problem with w = 15 (E-bcspwr02.mtx.rnd):
c [w = 15] Initializing CaDiCaL (version 2.1.3).
c [w = 15] Configuring CaDiCaL as --sat (1).
c [w = 15] Encoding starts with w = 15:
c [w = 15] Symmetry breaking highest degree node is applied.
c [w = 15] Encoding duration: 33 ms.
c [w = 15] Number of clauses: 46133.
c [w = 15] Number of variables: 9751.
c [w = 15] SAT Solving starts:
c [Signal] Signal interruption. Caught signal: SIGTERM (15).
c [w = 14] Start task in PID: 360865.
c [w = 14] Cyclic Antibandwidth problem with w = 14 (E-bcspwr02.mtx.rnd):
c [w = 14] Initializing CaDiCaL (version 2.1.3).
c [w = 14] Configuring CaDiCaL as --sat (1).
c [w = 14] Encoding starts with w = 14:
c [w = 14] Symmetry breaking highest degree node is applied.
c [Signal] Signal interruption. Caught signal: SIGTERM (15).
c [Main] Child pid 14 - 360865 terminated by signal 15.
c [Main] Child pid 15 - 360867 terminated by signal 15.
c [w = 17] Start task in PID: 360866.
c [w = 17] Cyclic Antibandwidth problem with w = 17 (E-bcspwr02.mtx.rnd):
c [w = 17] Initializing CaDiCaL (version 2.1.3).
c [w = 17] Configuring CaDiCaL as --sat (1).
c [w = 17] Encoding starts with w = 17:
c [w = 17] Symmetry breaking highest degree node is applied.
c [w = 17] Encoding duration: 34 ms.
c [w = 17] Number of clauses: 46770.
c [w = 17] Number of variables: 10486.
c [w = 17] SAT Solving starts:
c [w = 17] Solving duration: 9 ms.
c [w = 17] Answer:
s [w = 17] UNSAT (w = 17).
c [w = 17] Result: 20.
c [Main] Min width UNSAT is set to 17
c [Main] Kill higher pid 18.
c [w = 18] Start task in PID: 360868.
c [w = 18] Cyclic Antibandwidth problem with w = 18 (E-bcspwr02.mtx.rnd):
c [w = 18] Initializing CaDiCaL (version 2.1.3).
c [w = 18] Configuring CaDiCaL as --sat (1).
c [w = 18] Encoding starts with w = 18:
c [w = 18] Symmetry breaking highest degree node is applied.
c [Signal] Signal interruption. Caught signal: SIGTERM (15).
c [Main] Child pid 18 - 360868 terminated by signal 15.
c [Signal] Signal interruption. Caught signal: SIGTERM (15).
c [Main] All children have completed.
r [Main] 
r [Main] Final results: 
r [Main] Max width SAT:  	16.
r [Main] Min width UNSAT:	17.
r [Main] Total real time: 101 ms.
r [Main] Total memory consumed: 11.2 MB.
r [Main] 
