c [Version] Cyclic Anti-bandwidth Encoder version 1.0.0.
c [Param] Real time limit is set to 1800.
c [Param] Memory limit is set to 30000.
c [Param] Worker count is set to 4.
c [Main] Encoding and solving for graph: G-will57.mtx.rnd.
c [Main] Search strategy: Binary search using BFS.
c [Main] Lower bound is set to 6.
c [Main] Upper bound is set to 14.
c [Main] Search order: 10 7 12 6 8 11 13 9 14.
c [w = 7] Start task in PID: 40705.
c [w = 7] Cyclic Antibandwidth problem with w = 7 (G-will57.mtx.rnd):
c [w = 7] Initializing CaDiCaL (version 2.2.1).
c [w = 7] Configuring CaDiCaL as --sat (1).
c [w = 7] Encoding starts with w = 7:
c [w = 7] Symmetry breaking highest degree node is applied.
c [w = 7] Encoding duration: 23 ms.
c [w = 7] Number of clauses: 58615.
c [w = 7] Number of variables: 9918.
c [w = 7] SAT Solving starts:
c [w = 7] Solving duration: 68 ms.
c [w = 7] Answer:
s [w = 7] SAT (w = 7).
c [w = 7] Solution check = 7.
c [w = 7] The solution is correct.
c [w = 7] Result: 10.
c [Main] Max width SAT is set to 7.
c [Main] Kill lower pid 6.
c [w = 6] Start task in PID: 40707.
c [w = 6] Cyclic Antibandwidth problem with w = 6 (G-will57.mtx.rnd):
c [w = 6] Initializing CaDiCaL (version 2.2.1).
c [w = 6] Configuring CaDiCaL as --sat (1).
c [w = 6] Encoding starts with w = 6:
c [w = 6] Symmetry breaking highest degree node is applied.
c [w = 6] Encoding duration: 37 ms.
c [w = 6] Number of clauses: 58519.
c [w = 6] Number of variables: 9804.
c [w = 6] SAT Solving starts:
c [Signal] Signal interruption. Caught signal: SIGTERM (15).
c [Main] Child pid 6 - 40707 terminated by signal 15.
c [w = 12] Start task in PID: 40706.
c [w = 12] Cyclic Antibandwidth problem with w = 12 (G-will57.mtx.rnd):
c [w = 12] Initializing CaDiCaL (version 2.2.1).
c [w = 12] Configuring CaDiCaL as --sat (1).
c [w = 12] Encoding starts with w = 12:
c [w = 12] Symmetry breaking highest degree node is applied.
c [w = 12] Encoding duration: 38 ms.
c [w = 12] Number of clauses: 61051.
c [w = 12] Number of variables: 10659.
c [w = 12] SAT Solving starts:
c [w = 12] Solving duration: 120 ms.
c [w = 12] Answer:
s [w = 12] UNSAT (w = 12).
c [w = 12] Result: 20.
c [Main] Min width UNSAT is set to 12
c [w = 10] Start task in PID: 40704.
c [w = 10] Cyclic Antibandwidth problem with w = 10 (G-will57.mtx.rnd):
c [w = 10] Initializing CaDiCaL (version 2.2.1).
c [w = 10] Configuring CaDiCaL as --sat (1).
c [w = 10] Encoding starts with w = 10:
c [w = 10] Symmetry breaking highest degree node is applied.
c [w = 10] Encoding duration: 25 ms.
c [w = 10] Number of clauses: 60385.
c [w = 10] Number of variables: 10488.
c [w = 10] SAT Solving starts:
c [w = 10] Solving duration: 163 ms.
c [w = 10] Answer:
s [w = 10] SAT (w = 10).
c [w = 10] Solution check = 10.
c [w = 10] The solution is correct.
c [w = 10] Result: 10.
c [Main] Max width SAT is set to 10.
c [Main] Kill lower pid 9.
c [Main] Kill lower pid 8.
c [w = 9] Start task in PID: 40719.
c [w = 9] Cyclic Antibandwidth problem with w = 9 (G-will57.mtx.rnd):
c [w = 9] Initializing CaDiCaL (version 2.2.1).
c [w = 9] Configuring CaDiCaL as --sat (1).
c [w = 9] Encoding starts with w = 9:
c [w = 9] Symmetry breaking highest degree node is applied.
c [Signal] Signal interruption. Caught signal: SIGTERM (15).
c [w = 8] Start task in PID: 40710.
c [w = 8] Cyclic Antibandwidth problem with w = 8 (G-will57.mtx.rnd):
c [w = 8] Initializing CaDiCaL (version 2.2.1).
c [w = 8] Configuring CaDiCaL as --sat (1).
c [w = 8] Encoding starts with w = 8:
c [w = 8] Symmetry breaking highest degree node is applied.
c [w = 8] Encoding duration: 38 ms.
c [w = 8] Number of clauses: 59053.
c [w = 8] Number of variables: 10089.
c [w = 8] SAT Solving starts:
c [Signal] Signal interruption. Caught signal: SIGTERM (15).
c [Main] Child pid 9 - 40719 terminated by signal 15.
c [Main] Child pid 8 - 40710 terminated by signal 15.
c [w = 11] Start task in PID: 40712.
c [w = 11] Cyclic Antibandwidth problem with w = 11 (G-will57.mtx.rnd):
c [w = 11] Initializing CaDiCaL (version 2.2.1).
c [w = 11] Configuring CaDiCaL as --sat (1).
c [w = 11] Encoding starts with w = 11:
c [w = 11] Symmetry breaking highest degree node is applied.
c [w = 11] Encoding duration: 30 ms.
c [w = 11] Number of clauses: 61468.
c [w = 11] Number of variables: 10830.
c [w = 11] SAT Solving starts:
c [w = 11] Solving duration: 137 ms.
c [w = 11] Answer:
s [w = 11] SAT (w = 11).
c [w = 11] Solution check = 11.
c [w = 11] The solution is correct.
c [w = 11] Result: 10.
c [Main] Max width SAT is set to 11.
c [Main] All children have completed.
r [Main] 
r [Main] Final results: 
r [Main] Max width SAT:  	11.
r [Main] Min width UNSAT:	12.
r [Main] Total real time: 280 ms.
r [Main] Total memory consumed: 66.6 MB.
r [Main] 
c [Signal] Signal interruption. Caught signal: SIGTERM (15).
