c [Version] Cyclic Anti-bandwidth Encoder version 1.0.0.
c [Param] Real time limit is set to 1800.
c [Param] Memory limit is set to 30000.
c [Param] Worker count is set to 4.
c [Main] Encoding and solving for graph: P-can__445.mtx.rnd.
c [Main] Search strategy: Binary search using BFS.
c [Main] Lower bound is set to 39.
c [Main] Upper bound is set to 120.
c [Main] Search order: 79 58 100 48 68 89 110 43 53 63 73 84 94 105 115 40 45 50 55 60 65 70 76 81 86 91 97 102 107 112 118 39 41 44 46 49 51 54 56 59 61 64 66 69 71 74 77 80 82 85 87 90 92 95 98 101 103 106 108 111 113 116 119 42 47 52 57 62 67 72 75 78 83 88 93 96 99 104 109 114 117 120.
c [w = 48] Start task in PID: 47020.
c [w = 48] Cyclic Antibandwidth problem with w = 48 (P-can__445.mtx.rnd):
c [w = 48] Initializing CaDiCaL (version 2.2.1).
c [w = 48] Configuring CaDiCaL as --sat (1).
c [w = 48] Encoding starts with w = 48:
c [w = 48] Symmetry breaking highest degree node is applied.
c [w = 48] Encoding duration: 2166 ms.
c [w = 48] Number of clauses: 5028102.
c [w = 48] Number of variables: 632790.
c [w = 48] SAT Solving starts:
c [w = 48] Solving duration: 10827 ms.
c [w = 48] Answer:
s [w = 48] SAT (w = 48).
c [w = 48] Solution check = 48.
c [w = 48] The solution is correct.
c [w = 48] Result: 10.
c [Main] Max width SAT is set to 48.
c [w = 58] Start task in PID: 47018.
c [w = 58] Cyclic Antibandwidth problem with w = 58 (P-can__445.mtx.rnd):
c [w = 58] Initializing CaDiCaL (version 2.2.1).
c [w = 58] Configuring CaDiCaL as --sat (1).
c [w = 58] Encoding starts with w = 58:
c [w = 58] Symmetry breaking highest degree node is applied.
c [w = 58] Encoding duration: 2195 ms.
c [w = 58] Number of clauses: 5020839.
c [w = 58] Number of variables: 628340.
c [w = 58] SAT Solving starts:
c [w = 58] Solving duration: 77700 ms.
c [w = 58] Answer:
s [w = 58] SAT (w = 58).
c [w = 58] Solution check = 58.
c [w = 58] The solution is correct.
c [w = 58] Result: 10.
c [Main] Max width SAT is set to 58.
c [w = 68] Start task in PID: 47025.
c [w = 68] Cyclic Antibandwidth problem with w = 68 (P-can__445.mtx.rnd):
c [w = 68] Initializing CaDiCaL (version 2.2.1).
c [w = 68] Configuring CaDiCaL as --sat (1).
c [w = 68] Encoding starts with w = 68:
c [w = 68] Symmetry breaking highest degree node is applied.
c [w = 68] Encoding duration: 2171 ms.
c [w = 68] Number of clauses: 5046800.
c [w = 68] Number of variables: 635015.
c [w = 68] SAT Solving starts:
c [w = 68] Solving duration: 108398 ms.
c [w = 68] Answer:
s [w = 68] SAT (w = 68).
c [w = 68] Solution check = 68.
c [w = 68] The solution is correct.
c [w = 68] Result: 10.
c [Main] Max width SAT is set to 68.
c [w = 79] Start task in PID: 47017.
c [w = 79] Cyclic Antibandwidth problem with w = 79 (P-can__445.mtx.rnd):
c [w = 79] Initializing CaDiCaL (version 2.2.1).
c [w = 79] Configuring CaDiCaL as --sat (1).
c [w = 79] Encoding starts with w = 79:
c [w = 79] Symmetry breaking highest degree node is applied.
c [w = 79] Encoding duration: 2120 ms.
c [w = 79] Number of clauses: 5054961.
c [w = 79] Number of variables: 635460.
c [w = 79] SAT Solving starts:
c [w = 79] Solving duration: 433927 ms.
c [w = 79] Answer:
s [w = 79] SAT (w = 79).
c [w = 79] Solution check = 79.
c [w = 79] The solution is correct.
c [w = 79] Result: 10.
c [Main] Max width SAT is set to 79.
c [w = 84] Start task in PID: 47103.
c [w = 84] Cyclic Antibandwidth problem with w = 84 (P-can__445.mtx.rnd):
c [w = 84] Initializing CaDiCaL (version 2.2.1).
c [w = 84] Configuring CaDiCaL as --sat (1).
c [w = 84] Encoding starts with w = 84:
c [w = 84] Symmetry breaking highest degree node is applied.
c [w = 84] Encoding duration: 2114 ms.
c [w = 84] Number of clauses: 5097236.
c [w = 84] Number of variables: 648810.
c [w = 84] SAT Solving starts:
c [w = 84] Solving duration: 539318 ms.
c [w = 84] Answer:
s [w = 84] SAT (w = 84).
c [w = 84] Solution check = 84.
c [w = 84] The solution is correct.
c [w = 84] Result: 10.
c [Main] Max width SAT is set to 84.
c [w = 110] Start task in PID: 47046.
c [w = 110] Cyclic Antibandwidth problem with w = 110 (P-can__445.mtx.rnd):
c [w = 110] Initializing CaDiCaL (version 2.2.1).
c [w = 110] Configuring CaDiCaL as --sat (1).
c [w = 110] Encoding starts with w = 110:
c [w = 110] Symmetry breaking highest degree node is applied.
c [w = 110] Encoding duration: 2182 ms.
c [w = 110] Number of clauses: 5176597.
c [w = 110] Number of variables: 670615.
c [w = 110] SAT Solving starts:
c [w = 110] Solving duration: 1175013 ms.
c [w = 110] Answer:
s [w = 110] UNSAT (w = 110).
c [w = 110] Result: 20.
c [Main] Min width UNSAT is set to 110
c [w = 105] Start task in PID: 48116.
c [w = 105] Cyclic Antibandwidth problem with w = 105 (P-can__445.mtx.rnd):
c [w = 105] Initializing CaDiCaL (version 2.2.1).
c [w = 105] Configuring CaDiCaL as --sat (1).
c [w = 105] Encoding starts with w = 105:
c [w = 105] Symmetry breaking highest degree node is applied.
c [w = 105] Encoding duration: 2207 ms.
c [w = 105] Number of clauses: 5140997.
c [w = 105] Number of variables: 659490.
c [w = 105] SAT Solving starts:
c [Signal] Signal interruption. Caught signal: SIGTERM (15).
c [w = 94] Start task in PID: 47628.
c [w = 94] Cyclic Antibandwidth problem with w = 94 (P-can__445.mtx.rnd):
c [w = 94] Initializing CaDiCaL (version 2.2.1).
c [w = 94] Configuring CaDiCaL as --sat (1).
c [w = 94] Encoding starts with w = 94:
c [w = 94] Symmetry breaking highest degree node is applied.
c [w = 94] Encoding duration: 2151 ms.
c [w = 94] Number of clauses: 5062677.
c [w = 94] Number of variables: 635015.
c [w = 94] SAT Solving starts:
c [Signal] Signal interruption. Caught signal: SIGTERM (15).
c [w = 89] Start task in PID: 47041.
c [w = 89] Cyclic Antibandwidth problem with w = 89 (P-can__445.mtx.rnd):
c [w = 89] Initializing CaDiCaL (version 2.2.1).
c [w = 89] Configuring CaDiCaL as --sat (1).
c [w = 89] Encoding starts with w = 89:
c [w = 89] Symmetry breaking highest degree node is applied.
c [w = 89] Encoding duration: 2159 ms.
c [w = 89] Number of clauses: 5027077.
c [w = 89] Number of variables: 623890.
c [w = 89] SAT Solving starts:
c [Signal] Signal interruption. Caught signal: SIGTERM (15).
c [w = 100] Start task in PID: 47019.
c [w = 100] Cyclic Antibandwidth problem with w = 100 (P-can__445.mtx.rnd):
c [w = 100] Initializing CaDiCaL (version 2.2.1).
c [w = 100] Configuring CaDiCaL as --sat (1).
c [w = 100] Encoding starts with w = 100:
c [w = 100] Symmetry breaking highest degree node is applied.
c [w = 100] Encoding duration: 2199 ms.
c [w = 100] Number of clauses: 5105397.
c [w = 100] Number of variables: 648365.
c [w = 100] SAT Solving starts:
c [Signal] Signal interruption. Caught signal: SIGTERM (15).
c [Main] Lim pid ends with result: 254.
c [Main] All children have completed.
r [Main] 
r [Main] Final results: 
r [Main] Max width SAT:  	84.
r [Main] Min width UNSAT:	110.
r [Main] Total real time: 1809401 ms.
r [Main] Total memory consumed: 6382.3 MB.
r [Main] 
