c [Version] Cyclic Anti-bandwidth Encoder version 1.0.0.
c [Param] Real time limit is set to 1800.
c [Param] Memory limit is set to 30000.
c [Param] Worker count is set to 4.
c [Main] Encoding and solving for graph: R-dwt__503.mtx.rnd.
c [Main] Search strategy: Binary search using BFS.
c [Main] Lower bound is set to 23.
c [Main] Upper bound is set to 71.
c [Main] Search order: 47 34 59 28 40 53 65 25 31 37 43 50 56 62 68 23 26 29 32 35 38 41 45 48 51 54 57 60 63 66 70 24 27 30 33 36 39 42 44 46 49 52 55 58 61 64 67 69 71.
c [w = 28] Start task in PID: 48685.
c [w = 28] Cyclic Antibandwidth problem with w = 28 (R-dwt__503.mtx.rnd):
c [w = 28] Initializing CaDiCaL (version 2.2.1).
c [w = 28] Configuring CaDiCaL as --sat (1).
c [w = 28] Encoding starts with w = 28:
c [w = 28] Symmetry breaking highest degree node is applied.
c [w = 28] Encoding duration: 3444 ms.
c [w = 28] Number of clauses: 8019823.
c [w = 28] Number of variables: 775626.
c [w = 28] SAT Solving starts:
c [w = 28] Solving duration: 13643 ms.
c [w = 28] Answer:
s [w = 28] SAT (w = 28).
c [w = 28] Solution check = 28.
c [w = 28] The solution is correct.
c [w = 28] Result: 10.
c [Main] Max width SAT is set to 28.
c [w = 34] Start task in PID: 48683.
c [w = 34] Cyclic Antibandwidth problem with w = 34 (R-dwt__503.mtx.rnd):
c [w = 34] Initializing CaDiCaL (version 2.2.1).
c [w = 34] Configuring CaDiCaL as --sat (1).
c [w = 34] Encoding starts with w = 34:
c [w = 34] Symmetry breaking highest degree node is applied.
c [w = 34] Encoding duration: 3435 ms.
c [w = 34] Number of clauses: 8044681.
c [w = 34] Number of variables: 783171.
c [w = 34] SAT Solving starts:
c [w = 34] Solving duration: 14570 ms.
c [w = 34] Answer:
s [w = 34] SAT (w = 34).
c [w = 34] Solution check = 34.
c [w = 34] The solution is correct.
c [w = 34] Result: 10.
c [Main] Max width SAT is set to 34.
c [w = 47] Start task in PID: 48682.
c [w = 47] Cyclic Antibandwidth problem with w = 47 (R-dwt__503.mtx.rnd):
c [w = 47] Initializing CaDiCaL (version 2.2.1).
c [w = 47] Configuring CaDiCaL as --sat (1).
c [w = 47] Encoding starts with w = 47:
c [w = 47] Symmetry breaking highest degree node is applied.
c [w = 47] Encoding duration: 3333 ms.
c [w = 47] Number of clauses: 8085873.
c [w = 47] Number of variables: 792728.
c [w = 47] SAT Solving starts:
c [w = 47] Solving duration: 18696 ms.
c [w = 47] Answer:
s [w = 47] SAT (w = 47).
c [w = 47] Solution check = 47.
c [w = 47] The solution is correct.
c [w = 47] Result: 10.
c [Main] Max width SAT is set to 47.
c [Main] Kill lower pid 40.
c [w = 40] Start task in PID: 48688.
c [w = 40] Cyclic Antibandwidth problem with w = 40 (R-dwt__503.mtx.rnd):
c [w = 40] Initializing CaDiCaL (version 2.2.1).
c [w = 40] Configuring CaDiCaL as --sat (1).
c [w = 40] Encoding starts with w = 40:
c [w = 40] Symmetry breaking highest degree node is applied.
c [w = 40] Encoding duration: 3424 ms.
c [w = 40] Number of clauses: 8073828.
c [w = 40] Number of variables: 791219.
c [w = 40] SAT Solving starts:
c [Signal] Signal interruption. Caught signal: SIGTERM (15).
c [Main] Child pid 40 - 48688 terminated by signal 15.
c [w = 53] Start task in PID: 48689.
c [w = 53] Cyclic Antibandwidth problem with w = 53 (R-dwt__503.mtx.rnd):
c [w = 53] Initializing CaDiCaL (version 2.2.1).
c [w = 53] Configuring CaDiCaL as --sat (1).
c [w = 53] Encoding starts with w = 53:
c [w = 53] Symmetry breaking highest degree node is applied.
c [w = 53] Encoding duration: 3499 ms.
c [w = 53] Number of clauses: 8115788.
c [w = 53] Number of variables: 800776.
c [w = 53] SAT Solving starts:
c [w = 53] Solving duration: 79345 ms.
c [w = 53] Answer:
s [w = 53] SAT (w = 53).
c [w = 53] Solution check = 53.
c [w = 53] The solution is correct.
c [w = 53] Result: 10.
c [Main] Max width SAT is set to 53.
c [Main] Kill lower pid 50.
c [w = 50] Start task in PID: 48691.
c [w = 50] Cyclic Antibandwidth problem with w = 50 (R-dwt__503.mtx.rnd):
c [w = 50] Initializing CaDiCaL (version 2.2.1).
c [w = 50] Configuring CaDiCaL as --sat (1).
c [w = 50] Encoding starts with w = 50:
c [w = 50] Symmetry breaking highest degree node is applied.
c [w = 50] Encoding duration: 3447 ms.
c [w = 50] Number of clauses: 8137179.
c [w = 50] Number of variables: 809327.
c [w = 50] SAT Solving starts:
c [Signal] Signal interruption. Caught signal: SIGTERM (15).
c [Main] Child pid 50 - 48691 terminated by signal 15.
c [w = 65] Start task in PID: 48690.
c [w = 65] Cyclic Antibandwidth problem with w = 65 (R-dwt__503.mtx.rnd):
c [w = 65] Initializing CaDiCaL (version 2.2.1).
c [w = 65] Configuring CaDiCaL as --sat (1).
c [w = 65] Encoding starts with w = 65:
c [w = 65] Symmetry breaking highest degree node is applied.
c [w = 65] Encoding duration: 3435 ms.
c [w = 65] Number of clauses: 8122803.
c [w = 65] Number of variables: 798764.
c [w = 65] SAT Solving starts:
c [w = 65] Solving duration: 203064 ms.
c [w = 65] Answer:
s [w = 65] UNSAT (w = 65).
c [w = 65] Result: 20.
c [Main] Min width UNSAT is set to 65
c [w = 54] Start task in PID: 48734.
c [w = 54] Cyclic Antibandwidth problem with w = 54 (R-dwt__503.mtx.rnd):
c [w = 54] Initializing CaDiCaL (version 2.2.1).
c [w = 54] Configuring CaDiCaL as --sat (1).
c [w = 54] Encoding starts with w = 54:
c [w = 54] Symmetry breaking highest degree node is applied.
c [w = 54] Encoding duration: 3461 ms.
c [w = 54] Number of clauses: 8131381.
c [w = 54] Number of variables: 805806.
c [w = 54] SAT Solving starts:
c [w = 54] Solving duration: 18900 ms.
c [w = 54] Answer:
s [w = 54] SAT (w = 54).
c [w = 54] Solution check = 54.
c [w = 54] The solution is correct.
c [w = 54] Result: 10.
c [Main] Max width SAT is set to 54.
c [w = 59] Start task in PID: 48684.
c [w = 59] Cyclic Antibandwidth problem with w = 59 (R-dwt__503.mtx.rnd):
c [w = 59] Initializing CaDiCaL (version 2.2.1).
c [w = 59] Configuring CaDiCaL as --sat (1).
c [w = 59] Encoding starts with w = 59:
c [w = 59] Symmetry breaking highest degree node is applied.
c [w = 59] Encoding duration: 3370 ms.
c [w = 59] Number of clauses: 8128098.
c [w = 59] Number of variables: 802788.
c [w = 59] SAT Solving starts:
c [w = 59] Solving duration: 252486 ms.
c [w = 59] Answer:
s [w = 59] SAT (w = 59).
c [w = 59] Solution check = 59.
c [w = 59] The solution is correct.
c [w = 59] Result: 10.
c [Main] Max width SAT is set to 59.
c [Main] Kill lower pid 57.
c [Main] Kill lower pid 56.
c [w = 57] Start task in PID: 48738.
c [w = 57] Cyclic Antibandwidth problem with w = 57 (R-dwt__503.mtx.rnd):
c [w = 57] Initializing CaDiCaL (version 2.2.1).
c [w = 57] Configuring CaDiCaL as --sat (1).
c [w = 57] Encoding starts with w = 57:
c [w = 57] Symmetry breaking highest degree node is applied.
c [Signal] Signal interruption. Caught signal: SIGTERM (15).
c [w = 56] Start task in PID: 48711.
c [w = 56] Cyclic Antibandwidth problem with w = 56 (R-dwt__503.mtx.rnd):
c [w = 56] Initializing CaDiCaL (version 2.2.1).
c [w = 56] Configuring CaDiCaL as --sat (1).
c [w = 56] Encoding starts with w = 56:
c [w = 56] Symmetry breaking highest degree node is applied.
c [w = 56] Encoding duration: 3334 ms.
c [w = 56] Number of clauses: 8085846.
c [w = 56] Number of variables: 789207.
c [w = 56] SAT Solving starts:
c [Signal] Signal interruption. Caught signal: SIGTERM (15).
c [Main] Child pid 57 - 48738 terminated by signal 15.
c [Main] Child pid 56 - 48711 terminated by signal 15.
c [w = 60] Start task in PID: 48739.
c [w = 60] Cyclic Antibandwidth problem with w = 60 (R-dwt__503.mtx.rnd):
c [w = 60] Initializing CaDiCaL (version 2.2.1).
c [w = 60] Configuring CaDiCaL as --sat (1).
c [w = 60] Encoding starts with w = 60:
c [w = 60] Symmetry breaking highest degree node is applied.
c [w = 60] Encoding duration: 3406 ms.
c [w = 60] Number of clauses: 8142182.
c [w = 60] Number of variables: 807315.
c [w = 60] SAT Solving starts:
c [w = 60] Solving duration: 86394 ms.
c [w = 60] Answer:
s [w = 60] SAT (w = 60).
c [w = 60] Solution check = 60.
c [w = 60] The solution is correct.
c [w = 60] Result: 10.
c [Main] Max width SAT is set to 60.
c [w = 61] Start task in PID: 48741.
c [w = 61] Cyclic Antibandwidth problem with w = 61 (R-dwt__503.mtx.rnd):
c [w = 61] Initializing CaDiCaL (version 2.2.1).
c [w = 61] Configuring CaDiCaL as --sat (1).
c [w = 61] Encoding starts with w = 61:
c [w = 61] Symmetry breaking highest degree node is applied.
c [w = 61] Encoding duration: 3392 ms.
c [w = 61] Number of clauses: 8156266.
c [w = 61] Number of variables: 811842.
c [w = 61] SAT Solving starts:
c [w = 61] Solving duration: 148146 ms.
c [w = 61] Answer:
s [w = 61] SAT (w = 61).
c [w = 61] Solution check = 61.
c [w = 61] The solution is correct.
c [w = 61] Result: 10.
c [Main] Max width SAT is set to 61.
c [w = 62] Start task in PID: 48712.
c [w = 62] Cyclic Antibandwidth problem with w = 62 (R-dwt__503.mtx.rnd):
c [w = 62] Initializing CaDiCaL (version 2.2.1).
c [w = 62] Configuring CaDiCaL as --sat (1).
c [w = 62] Encoding starts with w = 62:
c [w = 62] Symmetry breaking highest degree node is applied.
c [w = 62] Encoding duration: 3400 ms.
c [w = 62] Number of clauses: 8170350.
c [w = 62] Number of variables: 816369.
c [w = 62] SAT Solving starts:
c [w = 62] Solving duration: 351212 ms.
c [w = 62] Answer:
s [w = 62] SAT (w = 62).
c [w = 62] Solution check = 62.
c [w = 62] The solution is correct.
c [w = 62] Result: 10.
c [Main] Max width SAT is set to 62.
c [w = 64] Start task in PID: 49188.
c [w = 64] Cyclic Antibandwidth problem with w = 64 (R-dwt__503.mtx.rnd):
c [w = 64] Initializing CaDiCaL (version 2.2.1).
c [w = 64] Configuring CaDiCaL as --sat (1).
c [w = 64] Encoding starts with w = 64:
c [w = 64] Symmetry breaking highest degree node is applied.
c [w = 64] Encoding duration: 3576 ms.
c [w = 64] Number of clauses: 8110228.
c [w = 64] Number of variables: 794740.
c [w = 64] SAT Solving starts:
c [w = 64] Solving duration: 214748 ms.
c [w = 64] Answer:
s [w = 64] UNSAT (w = 64).
c [w = 64] Result: 20.
c [Main] Min width UNSAT is set to 64
c [w = 63] Start task in PID: 48740.
c [w = 63] Cyclic Antibandwidth problem with w = 63 (R-dwt__503.mtx.rnd):
c [w = 63] Initializing CaDiCaL (version 2.2.1).
c [w = 63] Configuring CaDiCaL as --sat (1).
c [w = 63] Encoding starts with w = 63:
c [w = 63] Symmetry breaking highest degree node is applied.
c [w = 63] Encoding duration: 3404 ms.
c [w = 63] Number of clauses: 8097653.
c [w = 63] Number of variables: 790716.
c [w = 63] SAT Solving starts:
c [w = 63] Solving duration: 311244 ms.
c [w = 63] Answer:
s [w = 63] UNSAT (w = 63).
c [w = 63] Result: 20.
c [Main] Min width UNSAT is set to 63
c [Signal] Signal interruption. Caught signal: SIGTERM (15).
c [Main] All children have completed.
r [Main] 
r [Main] Final results: 
r [Main] Max width SAT:  	62.
r [Main] Min width UNSAT:	63.
r [Main] Total real time: 572736 ms.
r [Main] Total memory consumed: 8975 MB.
r [Main] 
