c [Version] Cyclic Anti-bandwidth Encoder version 1.0.0.
c [Param] Real time limit is set to 1800.
c [Param] Memory limit is set to 30000.
c [Param] Worker count is set to 4.
c [Main] Encoding and solving for graph: T-dwt__592.mtx.rnd.
c [Main] Search strategy: Binary search using BFS.
c [Main] Lower bound is set to 52.
c [Main] Upper bound is set to 150.
c [Main] Search order: 101 76 126 63 88 113 138 57 69 82 94 107 119 132 144 54 60 66 72 79 85 91 97 104 110 116 122 129 135 141 147 52 55 58 61 64 67 70 74 77 80 83 86 89 92 95 99 102 105 108 111 114 117 120 124 127 130 133 136 139 142 145 149 53 56 59 62 65 68 71 73 75 78 81 84 87 90 93 96 98 100 103 106 109 112 115 118 121 123 125 128 131 134 137 140 143 146 148 150.
c [w = 63] Start task in PID: 50859.
c [w = 63] Cyclic Antibandwidth problem with w = 63 (T-dwt__592.mtx.rnd):
c [w = 63] Initializing CaDiCaL (version 2.2.1).
c [w = 63] Configuring CaDiCaL as --sat (1).
c [w = 63] Encoding starts with w = 63:
c [w = 63] Symmetry breaking highest degree node is applied.
c [w = 63] Encoding duration: 3800 ms.
c [w = 63] Number of clauses: 8942856.
c [w = 63] Number of variables: 1111776.
c [w = 63] SAT Solving starts:
c [w = 63] Solving duration: 68905 ms.
c [w = 63] Answer:
s [w = 63] SAT (w = 63).
c [w = 63] Solution check = 63.
c [w = 63] The solution is correct.
c [w = 63] Result: 10.
c [Main] Max width SAT is set to 63.
c [w = 76] Start task in PID: 50857.
c [w = 76] Cyclic Antibandwidth problem with w = 76 (T-dwt__592.mtx.rnd):
c [w = 76] Initializing CaDiCaL (version 2.2.1).
c [w = 76] Configuring CaDiCaL as --sat (1).
c [w = 76] Encoding starts with w = 76:
c [w = 76] Symmetry breaking highest degree node is applied.
c [w = 76] Encoding duration: 3799 ms.
c [w = 76] Number of clauses: 8924424.
c [w = 76] Number of variables: 1102304.
c [w = 76] SAT Solving starts:
c [w = 76] Solving duration: 120274 ms.
c [w = 76] Answer:
s [w = 76] SAT (w = 76).
c [w = 76] Solution check = 76.
c [w = 76] The solution is correct.
c [w = 76] Result: 10.
c [Main] Max width SAT is set to 76.
c [w = 88] Start task in PID: 50872.
c [w = 88] Cyclic Antibandwidth problem with w = 88 (T-dwt__592.mtx.rnd):
c [w = 88] Initializing CaDiCaL (version 2.2.1).
c [w = 88] Configuring CaDiCaL as --sat (1).
c [w = 88] Encoding starts with w = 88:
c [w = 88] Symmetry breaking highest degree node is applied.
c [w = 88] Encoding duration: 3854 ms.
c [w = 88] Number of clauses: 8953096.
c [w = 88] Number of variables: 1108816.
c [w = 88] SAT Solving starts:
c [w = 88] Solving duration: 376334 ms.
c [w = 88] Answer:
s [w = 88] SAT (w = 88).
c [w = 88] Solution check = 88.
c [w = 88] The solution is correct.
c [w = 88] Result: 10.
c [Main] Max width SAT is set to 88.
c [w = 101] Start task in PID: 50856.
c [w = 101] Cyclic Antibandwidth problem with w = 101 (T-dwt__592.mtx.rnd):
c [w = 101] Initializing CaDiCaL (version 2.2.1).
c [w = 101] Configuring CaDiCaL as --sat (1).
c [w = 101] Encoding starts with w = 101:
c [w = 101] Symmetry breaking highest degree node is applied.
c [w = 101] Encoding duration: 3770 ms.
c [w = 101] Number of clauses: 8950984.
c [w = 101] Number of variables: 1104672.
c [w = 101] SAT Solving starts:
c [w = 101] Solving duration: 1728510 ms.
c [w = 101] Answer:
s [w = 101] SAT (w = 101).
c [w = 101] Solution check = 101.
c [w = 101] The solution is correct.
c [w = 101] Result: 10.
c [Main] Max width SAT is set to 101.
c [w = 107] Start task in PID: 52455.
c [w = 107] Cyclic Antibandwidth problem with w = 107 (T-dwt__592.mtx.rnd):
c [w = 107] Initializing CaDiCaL (version 2.2.1).
c [w = 107] Configuring CaDiCaL as --sat (1).
c [w = 107] Encoding starts with w = 107:
c [w = 107] Symmetry breaking highest degree node is applied.
c [w = 107] Encoding duration: 3782 ms.
c [w = 107] Number of clauses: 9018472.
c [w = 107] Number of variables: 1125984.
c [w = 107] SAT Solving starts:
c [Signal] Signal interruption. Caught signal: SIGTERM (15).
c [w = 138] Start task in PID: 51367.
c [w = 138] Cyclic Antibandwidth problem with w = 138 (T-dwt__592.mtx.rnd):
c [w = 138] Initializing CaDiCaL (version 2.2.1).
c [w = 138] Configuring CaDiCaL as --sat (1).
c [w = 138] Encoding starts with w = 138:
c [w = 138] Symmetry breaking highest degree node is applied.
c [w = 138] Encoding duration: 3948 ms.
c [w = 138] Number of clauses: 9130616.
c [w = 138] Number of variables: 1156176.
c [w = 138] SAT Solving starts:
c [Signal] Signal interruption. Caught signal: SIGTERM (15).
c [w = 126] Start task in PID: 50858.
c [w = 126] Cyclic Antibandwidth problem with w = 126 (T-dwt__592.mtx.rnd):
c [w = 126] Initializing CaDiCaL (version 2.2.1).
c [w = 126] Configuring CaDiCaL as --sat (1).
c [w = 126] Encoding starts with w = 126:
c [w = 126] Symmetry breaking highest degree node is applied.
c [w = 126] Encoding duration: 3848 ms.
c [w = 126] Number of clauses: 9016952.
c [w = 126] Number of variables: 1120656.
c [w = 126] SAT Solving starts:
c [Signal] Signal interruption. Caught signal: SIGTERM (15).
c [w = 113] Start task in PID: 50883.
c [w = 113] Cyclic Antibandwidth problem with w = 113 (T-dwt__592.mtx.rnd):
c [w = 113] Initializing CaDiCaL (version 2.2.1).
c [w = 113] Configuring CaDiCaL as --sat (1).
c [w = 113] Encoding starts with w = 113:
c [w = 113] Symmetry breaking highest degree node is applied.
c [w = 113] Encoding duration: 3933 ms.
c [w = 113] Number of clauses: 9085960.
c [w = 113] Number of variables: 1147296.
c [w = 113] SAT Solving starts:
c [Signal] Signal interruption. Caught signal: SIGTERM (15).
c [Main] Lim pid ends with result: 254.
c [Main] All children have completed.
r [Main] 
r [Main] Final results: 
r [Main] Max width SAT:  	101.
r [Main] Min width UNSAT:	-.
r [Main] Total real time: 1809313 ms.
r [Main] Total memory consumed: 10782 MB.
r [Main] 
