c [Version] Cyclic Anti-bandwidth Encoder version 1.0.0.
c [Param] Real time limit is set to 1800.
c [Param] Memory limit is set to 30000.
c [Param] Worker count is set to 4.
c [Main] Encoding and solving for graph: W-685_bus.mtx.rnd.
c [Main] Search strategy: Binary search using BFS.
c [Main] Lower bound is set to 68.
c [Main] Upper bound is set to 136.
c [Main] Search order: 102 84 119 75 93 110 128 71 79 88 97 106 114 123 132 69 73 77 81 86 90 95 99 104 108 112 116 121 125 130 134 68 70 72 74 76 78 80 82 85 87 89 91 94 96 98 100 103 105 107 109 111 113 115 117 120 122 124 126 129 131 133 135 83 92 101 118 127 136.
c [w = 102] Start task in PID: 54132.
c [w = 102] Cyclic Antibandwidth problem with w = 102 (W-685_bus.mtx.rnd):
c [w = 102] Initializing CaDiCaL (version 2.2.1).
c [w = 102] Configuring CaDiCaL as --sat (1).
c [w = 102] Encoding starts with w = 102:
c [w = 102] Symmetry breaking highest degree node is applied.
c [w = 102] Encoding duration: 3656 ms.
c [w = 102] Number of clauses: 8383850.
c [w = 102] Number of variables: 1483025.
c [w = 102] SAT Solving starts:
c [w = 102] Solving duration: 21581 ms.
c [w = 102] Answer:
s [w = 102] SAT (w = 102).
c [w = 102] Solution check = 102.
c [w = 102] The solution is correct.
c [w = 102] Result: 10.
c [Main] Max width SAT is set to 102.
c [Main] Kill lower pid 75.
c [Main] Kill lower pid 84.
c [w = 75] Start task in PID: 54135.
c [w = 75] Cyclic Antibandwidth problem with w = 75 (W-685_bus.mtx.rnd):
c [w = 75] Initializing CaDiCaL (version 2.2.1).
c [w = 75] Configuring CaDiCaL as --sat (1).
c [w = 75] Encoding starts with w = 75:
c [w = 75] Symmetry breaking highest degree node is applied.
c [w = 75] Encoding duration: 3693 ms.
c [w = 75] Number of clauses: 8427797.
c [w = 75] Number of variables: 1501520.
c [w = 75] SAT Solving starts:
c [Signal] Signal interruption. Caught signal: SIGTERM (15).
c [w = 84] Start task in PID: 54133.
c [w = 84] Cyclic Antibandwidth problem with w = 84 (W-685_bus.mtx.rnd):
c [w = 84] Initializing CaDiCaL (version 2.2.1).
c [w = 84] Configuring CaDiCaL as --sat (1).
c [w = 84] Encoding starts with w = 84:
c [w = 84] Symmetry breaking highest degree node is applied.
c [w = 84] Encoding duration: 3731 ms.
c [w = 84] Number of clauses: 8449453.
c [w = 84] Number of variables: 1507685.
c [w = 84] SAT Solving starts:
c [w = 84] Solving duration: 22745 ms.
c [w = 84] Answer:
s [w = 84] SAT (w = 84).
c [w = 84] Solution check = 84.
c [w = 84] The solution is correct.
c [Signal] Signal interruption. Caught signal: SIGTERM (15).
c [Main] Child pid 75 - 54135 terminated by signal 15.
c [Main] Child pid 84 - 54133 terminated by signal 15.
c [w = 119] Start task in PID: 54134.
c [w = 119] Cyclic Antibandwidth problem with w = 119 (W-685_bus.mtx.rnd):
c [w = 119] Initializing CaDiCaL (version 2.2.1).
c [w = 119] Configuring CaDiCaL as --sat (1).
c [w = 119] Encoding starts with w = 119:
c [w = 119] Symmetry breaking highest degree node is applied.
c [w = 119] Encoding duration: 3666 ms.
c [w = 119] Number of clauses: 8400711.
c [w = 119] Number of variables: 1485080.
c [w = 119] SAT Solving starts:
c [w = 119] Solving duration: 24379 ms.
c [w = 119] Answer:
s [w = 119] UNSAT (w = 119).
c [w = 119] Result: 20.
c [Main] Min width UNSAT is set to 119
c [Main] Kill higher pid 128.
c [w = 128] Start task in PID: 54140.
c [w = 128] Cyclic Antibandwidth problem with w = 128 (W-685_bus.mtx.rnd):
c [w = 128] Initializing CaDiCaL (version 2.2.1).
c [w = 128] Configuring CaDiCaL as --sat (1).
c [w = 128] Encoding starts with w = 128:
c [w = 128] Symmetry breaking highest degree node is applied.
c [Signal] Signal interruption. Caught signal: SIGTERM (15).
c [Main] Child pid 128 - 54140 terminated by signal 15.
c [w = 110] Start task in PID: 54139.
c [w = 110] Cyclic Antibandwidth problem with w = 110 (W-685_bus.mtx.rnd):
c [w = 110] Initializing CaDiCaL (version 2.2.1).
c [w = 110] Configuring CaDiCaL as --sat (1).
c [w = 110] Encoding starts with w = 110:
c [w = 110] Symmetry breaking highest degree node is applied.
c [w = 110] Encoding duration: 3804 ms.
c [w = 110] Number of clauses: 8504410.
c [w = 110] Number of variables: 1521385.
c [w = 110] SAT Solving starts:
c [w = 110] Solving duration: 17829 ms.
c [w = 110] Answer:
s [w = 110] SAT (w = 110).
c [w = 110] Solution check = 110.
c [w = 110] The solution is correct.
c [w = 110] Result: 10.
c [Main] Max width SAT is set to 110.
c [Main] Kill lower pid 104.
c [Main] Kill lower pid 106.
c [w = 104] Start task in PID: 54146.
c [w = 104] Cyclic Antibandwidth problem with w = 104 (W-685_bus.mtx.rnd):
c [w = 104] Initializing CaDiCaL (version 2.2.1).
c [w = 104] Configuring CaDiCaL as --sat (1).
c [w = 104] Encoding starts with w = 104:
c [w = 104] Symmetry breaking highest degree node is applied.
c [w = 104] Encoding duration: 3757 ms.
c [w = 104] Number of clauses: 8413990.
c [w = 104] Number of variables: 1492615.
c [w = 104] SAT Solving starts:
c [Signal] Signal interruption. Caught signal: SIGTERM (15).
c [w = 106] Start task in PID: 54141.
c [w = 106] Cyclic Antibandwidth problem with w = 106 (W-685_bus.mtx.rnd):
c [w = 106] Initializing CaDiCaL (version 2.2.1).
c [w = 106] Configuring CaDiCaL as --sat (1).
c [w = 106] Encoding starts with w = 106:
c [w = 106] Symmetry breaking highest degree node is applied.
c [w = 106] Encoding duration: 3765 ms.
c [w = 106] Number of clauses: 8444130.
c [w = 106] Number of variables: 1502205.
c [w = 106] SAT Solving starts:
c [Signal] Signal interruption. Caught signal: SIGTERM (15).
c [Main] Child pid 104 - 54146 terminated by signal 15.
c [Main] Child pid 106 - 54141 terminated by signal 15.
c [w = 114] Start task in PID: 54145.
c [w = 114] Cyclic Antibandwidth problem with w = 114 (W-685_bus.mtx.rnd):
c [w = 114] Initializing CaDiCaL (version 2.2.1).
c [w = 114] Configuring CaDiCaL as --sat (1).
c [w = 114] Encoding starts with w = 114:
c [w = 114] Symmetry breaking highest degree node is applied.
c [w = 114] Encoding duration: 3675 ms.
c [w = 114] Number of clauses: 8335215.
c [w = 114] Number of variables: 1464530.
c [w = 114] SAT Solving starts:
c [w = 114] Solving duration: 26340 ms.
c [w = 114] Answer:
s [w = 114] SAT (w = 114).
c [w = 114] Solution check = 114.
c [w = 114] The solution is correct.
c [w = 114] Result: 10.
c [Main] Max width SAT is set to 114.
c [Main] Kill lower pid 111.
c [Main] Kill lower pid 112.
c [w = 111] Start task in PID: 54153.
c [w = 111] Cyclic Antibandwidth problem with w = 111 (W-685_bus.mtx.rnd):
c [w = 111] Initializing CaDiCaL (version 2.2.1).
c [w = 111] Configuring CaDiCaL as --sat (1).
c [w = 111] Encoding starts with w = 111:
c [w = 111] Symmetry breaking highest degree node is applied.
c [w = 111] Encoding duration: 3740 ms.
c [w = 111] Number of clauses: 8519480.
c [w = 111] Number of variables: 1526180.
c [w = 111] SAT Solving starts:
c [Signal] Signal interruption. Caught signal: SIGTERM (15).
c [w = 112] Start task in PID: 54151.
c [w = 112] Cyclic Antibandwidth problem with w = 112 (W-685_bus.mtx.rnd):
c [w = 112] Initializing CaDiCaL (version 2.2.1).
c [w = 112] Configuring CaDiCaL as --sat (1).
c [w = 112] Encoding starts with w = 112:
c [w = 112] Symmetry breaking highest degree node is applied.
c [w = 112] Encoding duration: 3784 ms.
c [w = 112] Number of clauses: 8534550.
c [w = 112] Number of variables: 1530975.
c [w = 112] SAT Solving starts:
c [Signal] Signal interruption. Caught signal: SIGTERM (15).
c [Main] Child pid 111 - 54153 terminated by signal 15.
c [Main] Child pid 112 - 54151 terminated by signal 15.
c [w = 116] Start task in PID: 54152.
c [w = 116] Cyclic Antibandwidth problem with w = 116 (W-685_bus.mtx.rnd):
c [w = 116] Initializing CaDiCaL (version 2.2.1).
c [w = 116] Configuring CaDiCaL as --sat (1).
c [w = 116] Encoding starts with w = 116:
c [w = 116] Symmetry breaking highest degree node is applied.
c [w = 116] Encoding duration: 3588 ms.
c [w = 116] Number of clauses: 8361666.
c [w = 116] Number of variables: 1472750.
c [w = 116] SAT Solving starts:
c [w = 116] Solving duration: 24516 ms.
c [w = 116] Answer:
s [w = 116] UNSAT (w = 116).
c [w = 116] Result: 20.
c [Main] Min width UNSAT is set to 116
c [Main] Kill higher pid 118.
c [Main] Kill higher pid 117.
c [w = 118] Start task in PID: 54157.
c [w = 118] Cyclic Antibandwidth problem with w = 118 (W-685_bus.mtx.rnd):
c [w = 118] Initializing CaDiCaL (version 2.2.1).
c [w = 118] Configuring CaDiCaL as --sat (1).
c [w = 118] Encoding starts with w = 118:
c [w = 118] Symmetry breaking highest degree node is applied.
c [w = 118] Encoding duration: 3666 ms.
c [w = 118] Number of clauses: 8387696.
c [w = 118] Number of variables: 1480970.
c [w = 118] SAT Solving starts:
c [Signal] Signal interruption. Caught signal: SIGTERM (15).
c [w = 117] Start task in PID: 54156.
c [w = 117] Cyclic Antibandwidth problem with w = 117 (W-685_bus.mtx.rnd):
c [w = 117] Initializing CaDiCaL (version 2.2.1).
c [w = 117] Configuring CaDiCaL as --sat (1).
c [w = 117] Encoding starts with w = 117:
c [w = 117] Symmetry breaking highest degree node is applied.
c [w = 117] Encoding duration: 3624 ms.
c [w = 117] Number of clauses: 8374681.
c [w = 117] Number of variables: 1476860.
c [w = 117] SAT Solving starts:
c [Signal] Signal interruption. Caught signal: SIGTERM (15).
c [Main] Child pid 117 - 54156 terminated by signal 15.
c [Main] Child pid 118 - 54157 terminated by signal 15.
c [w = 115] Start task in PID: 54155.
c [w = 115] Cyclic Antibandwidth problem with w = 115 (W-685_bus.mtx.rnd):
c [w = 115] Initializing CaDiCaL (version 2.2.1).
c [w = 115] Configuring CaDiCaL as --sat (1).
c [w = 115] Encoding starts with w = 115:
c [w = 115] Symmetry breaking highest degree node is applied.
c [w = 115] Encoding duration: 3606 ms.
c [w = 115] Number of clauses: 8348651.
c [w = 115] Number of variables: 1468640.
c [w = 115] SAT Solving starts:
c [w = 115] Solving duration: 24118 ms.
c [w = 115] Answer:
s [w = 115] UNSAT (w = 115).
c [w = 115] Result: 20.
c [Main] Min width UNSAT is set to 115
c [Main] All children have completed.
r [Main] 
r [Main] Final results: 
r [Main] Max width SAT:  	114.
r [Main] Min width UNSAT:	115.
r [Main] Total real time: 89245 ms.
r [Main] Total memory consumed: 11020.2 MB.
r [Main] 
c [Signal] Signal interruption. Caught signal: SIGTERM (15).
