c [Version] Cyclic Anti-bandwidth Encoder version 1.0.0.
c [Param] Real time limit is set to 1800.
c [Param] Memory limit is set to 30000.
c [Param] Worker count is set to 4.
c [Main] Encoding and solving for graph: X-can__715.mtx.rnd.
c [Main] Search strategy: Binary search using BFS.
c [Main] Lower bound is set to 56.
c [Main] Upper bound is set to 142.
c [Main] Search order: 99 77 121 66 88 110 132 60 71 82 93 104 115 126 137 57 63 68 74 79 85 90 96 101 107 112 118 123 129 134 140 56 58 61 64 67 69 72 75 78 80 83 86 89 91 94 97 100 102 105 108 111 113 116 119 122 124 127 130 133 135 138 141 59 62 65 70 73 76 81 84 87 92 95 98 103 106 109 114 117 120 125 128 131 136 139 142.
c [w = 121] Start task in PID: 54169.
c [w = 121] Cyclic Antibandwidth problem with w = 121 (X-can__715.mtx.rnd):
c [w = 121] Initializing CaDiCaL (version 2.2.1).
c [w = 121] Configuring CaDiCaL as --sat (1).
c [w = 121] Encoding starts with w = 121:
c [w = 121] Symmetry breaking highest degree node is applied.
c [w = 121] Encoding duration: 5848 ms.
c [w = 121] Number of clauses: 13760607.
c [w = 121] Number of variables: 1603030.
c [w = 121] SAT Solving starts:
c [w = 121] Solving duration: 39640 ms.
c [w = 121] Answer:
s [w = 121] UNSAT (w = 121).
c [w = 121] Result: 20.
c [Main] Min width UNSAT is set to 121
c [w = 66] Start task in PID: 54170.
c [w = 66] Cyclic Antibandwidth problem with w = 66 (X-can__715.mtx.rnd):
c [w = 66] Initializing CaDiCaL (version 2.2.1).
c [w = 66] Configuring CaDiCaL as --sat (1).
c [w = 66] Encoding starts with w = 66:
c [w = 66] Symmetry breaking highest degree node is applied.
c [w = 66] Encoding duration: 5918 ms.
c [w = 66] Number of clauses: 13676657.
c [w = 66] Number of variables: 1592305.
c [w = 66] SAT Solving starts:
c [w = 66] Solving duration: 74147 ms.
c [w = 66] Answer:
s [w = 66] SAT (w = 66).
c [w = 66] Solution check = 66.
c [w = 66] The solution is correct.
c [w = 66] Result: 10.
c [Main] Max width SAT is set to 66.
c [w = 77] Start task in PID: 54168.
c [w = 77] Cyclic Antibandwidth problem with w = 77 (X-can__715.mtx.rnd):
c [w = 77] Initializing CaDiCaL (version 2.2.1).
c [w = 77] Configuring CaDiCaL as --sat (1).
c [w = 77] Encoding starts with w = 77:
c [w = 77] Symmetry breaking highest degree node is applied.
c [w = 77] Encoding duration: 5908 ms.
c [w = 77] Number of clauses: 13786397.
c [w = 77] Number of variables: 1625910.
c [w = 77] SAT Solving starts:
c [w = 77] Solving duration: 370823 ms.
c [w = 77] Answer:
s [w = 77] SAT (w = 77).
c [w = 77] Solution check = 77.
c [w = 77] The solution is correct.
c [w = 77] Result: 10.
c [Main] Max width SAT is set to 77.
c [w = 88] Start task in PID: 54176.
c [w = 88] Cyclic Antibandwidth problem with w = 88 (X-can__715.mtx.rnd):
c [w = 88] Initializing CaDiCaL (version 2.2.1).
c [w = 88] Configuring CaDiCaL as --sat (1).
c [w = 88] Encoding starts with w = 88:
c [w = 88] Symmetry breaking highest degree node is applied.
c [w = 88] Encoding duration: 6376 ms.
c [w = 88] Number of clauses: 13849662.
c [w = 88] Number of variables: 1643785.
c [w = 88] SAT Solving starts:
c [w = 88] Solving duration: 337503 ms.
c [w = 88] Answer:
s [w = 88] SAT (w = 88).
c [w = 88] Solution check = 88.
c [w = 88] The solution is correct.
c [w = 88] Result: 10.
c [Main] Max width SAT is set to 88.
c [Main] Kill lower pid 82.
c [w = 82] Start task in PID: 54672.
c [w = 82] Cyclic Antibandwidth problem with w = 82 (X-can__715.mtx.rnd):
c [w = 82] Initializing CaDiCaL (version 2.2.1).
c [w = 82] Configuring CaDiCaL as --sat (1).
c [w = 82] Encoding starts with w = 82:
c [w = 82] Symmetry breaking highest degree node is applied.
c [w = 82] Encoding duration: 5741 ms.
c [w = 82] Number of clauses: 13729542.
c [w = 82] Number of variables: 1605175.
c [w = 82] SAT Solving starts:
c [Signal] Signal interruption. Caught signal: SIGTERM (15).
c [Main] Child pid 82 - 54672 terminated by signal 15.
c [w = 99] Start task in PID: 54167.
c [w = 99] Cyclic Antibandwidth problem with w = 99 (X-can__715.mtx.rnd):
c [w = 99] Initializing CaDiCaL (version 2.2.1).
c [w = 99] Configuring CaDiCaL as --sat (1).
c [w = 99] Encoding starts with w = 99:
c [w = 99] Symmetry breaking highest degree node is applied.
c [w = 99] Encoding duration: 5866 ms.
c [w = 99] Number of clauses: 13866452.
c [w = 99] Number of variables: 1645930.
c [w = 99] SAT Solving starts:
c [w = 99] Solving duration: 535438 ms.
c [w = 99] Answer:
s [w = 99] SAT (w = 99).
c [w = 99] Solution check = 99.
c [w = 99] The solution is correct.
c [w = 99] Result: 10.
c [Main] Max width SAT is set to 99.
c [Main] Kill lower pid 93.
c [w = 93] Start task in PID: 54675.
c [w = 93] Cyclic Antibandwidth problem with w = 93 (X-can__715.mtx.rnd):
c [w = 93] Initializing CaDiCaL (version 2.2.1).
c [w = 93] Configuring CaDiCaL as --sat (1).
c [w = 93] Encoding starts with w = 93:
c [w = 93] Symmetry breaking highest degree node is applied.
c [w = 93] Encoding duration: 5811 ms.
c [w = 93] Number of clauses: 13759202.
c [w = 93] Number of variables: 1611610.
c [w = 93] SAT Solving starts:
c [Signal] Signal interruption. Caught signal: SIGTERM (15).
c [Main] Child pid 93 - 54675 terminated by signal 15.
c [w = 101] Start task in PID: 54705.
c [w = 101] Cyclic Antibandwidth problem with w = 101 (X-can__715.mtx.rnd):
c [w = 101] Initializing CaDiCaL (version 2.2.1).
c [w = 101] Configuring CaDiCaL as --sat (1).
c [w = 101] Encoding starts with w = 101:
c [w = 101] Symmetry breaking highest degree node is applied.
c [w = 101] Encoding duration: 5927 ms.
c [w = 101] Number of clauses: 13902202.
c [w = 101] Number of variables: 1657370.
c [w = 101] SAT Solving starts:
c [Signal] Signal interruption. Caught signal: SIGTERM (15).
c [w = 104] Start task in PID: 54676.
c [w = 104] Cyclic Antibandwidth problem with w = 104 (X-can__715.mtx.rnd):
c [w = 104] Initializing CaDiCaL (version 2.2.1).
c [w = 104] Configuring CaDiCaL as --sat (1).
c [w = 104] Encoding starts with w = 104:
c [w = 104] Symmetry breaking highest degree node is applied.
c [w = 104] Encoding duration: 5883 ms.
c [w = 104] Number of clauses: 13742387.
c [w = 104] Number of variables: 1602315.
c [w = 104] SAT Solving starts:
c [Signal] Signal interruption. Caught signal: SIGTERM (15).
c [w = 115] Start task in PID: 54704.
c [w = 115] Cyclic Antibandwidth problem with w = 115 (X-can__715.mtx.rnd):
c [w = 115] Initializing CaDiCaL (version 2.2.1).
c [w = 115] Configuring CaDiCaL as --sat (1).
c [w = 115] Encoding starts with w = 115:
c [w = 115] Symmetry breaking highest degree node is applied.
c [w = 115] Encoding duration: 5942 ms.
c [w = 115] Number of clauses: 13915417.
c [w = 115] Number of variables: 1657370.
c [w = 115] SAT Solving starts:
c [Signal] Signal interruption. Caught signal: SIGTERM (15).
c [w = 110] Start task in PID: 54617.
c [w = 110] Cyclic Antibandwidth problem with w = 110 (X-can__715.mtx.rnd):
c [w = 110] Initializing CaDiCaL (version 2.2.1).
c [w = 110] Configuring CaDiCaL as --sat (1).
c [w = 110] Encoding starts with w = 110:
c [w = 110] Symmetry breaking highest degree node is applied.
c [w = 110] Encoding duration: 6058 ms.
c [w = 110] Number of clauses: 13836767.
c [w = 110] Number of variables: 1632345.
c [w = 110] SAT Solving starts:
c [Signal] Signal interruption. Caught signal: SIGTERM (15).
c [Main] Lim pid ends with result: 254.
c [Main] All children have completed.
r [Main] 
r [Main] Final results: 
r [Main] Max width SAT:  	99.
r [Main] Min width UNSAT:	121.
r [Main] Total real time: 1809306 ms.
r [Main] Total memory consumed: 15375.3 MB.
r [Main] 
