c [Version] Cyclic Anti-bandwidth Encoder version 1.0.0.
c [Param] Real time limit is set to 1800.
c [Param] Memory limit is set to 30000.
c [Param] Worker count is set to 8.
c [Main] Encoding and solving for graph: K-dwt__234.mtx.rnd.
c [Main] Search strategy: Binary search using BFS.
c [Main] Lower bound is set to 23.
c [Main] Upper bound is set to 58.
c [Main] Search order: 40 31 49 26 35 44 54 24 28 33 37 42 46 51 56 23 25 27 29 32 34 36 38 41 43 45 47 50 52 55 57 30 39 48 53 58.
c [w = 54] Start task in PID: 55927.
c [w = 54] Cyclic Antibandwidth problem with w = 54 (K-dwt__234.mtx.rnd):
c [w = 54] Initializing CaDiCaL (version 2.2.1).
c [w = 54] Configuring CaDiCaL as --sat (1).
c [w = 54] Encoding starts with w = 54:
c [w = 54] Symmetry breaking highest degree node is applied.
c [w = 54] Encoding duration: 159 ms.
c [w = 54] Number of clauses: 237163.
c [w = 54] Number of variables: 49959.
c [w = 54] SAT Solving starts:
c [w = 54] Solving duration: 692 ms.
c [w = 54] Answer:
s [w = 54] UNSAT (w = 54).
c [w = 54] Result: 20.
c [Main] Min width UNSAT is set to 54
c [w = 24] Start task in PID: 55928.
c [w = 24] Cyclic Antibandwidth problem with w = 24 (K-dwt__234.mtx.rnd):
c [w = 24] Initializing CaDiCaL (version 2.2.1).
c [w = 24] Configuring CaDiCaL as --sat (1).
c [w = 24] Encoding starts with w = 24:
c [w = 24] Symmetry breaking highest degree node is applied.
c [w = 24] Encoding duration: 147 ms.
c [w = 24] Number of clauses: 216886.
c [w = 24] Number of variables: 44343.
c [w = 24] SAT Solving starts:
c [w = 24] Solving duration: 751 ms.
c [w = 24] Answer:
s [w = 24] SAT (w = 24).
c [w = 24] Solution check = 24.
c [w = 24] The solution is correct.
c [w = 24] Result: 10.
c [Main] Max width SAT is set to 24.
c [w = 49] Start task in PID: 55923.
c [w = 49] Cyclic Antibandwidth problem with w = 49 (K-dwt__234.mtx.rnd):
c [w = 49] Initializing CaDiCaL (version 2.2.1).
c [w = 49] Configuring CaDiCaL as --sat (1).
c [w = 49] Encoding starts with w = 49:
c [w = 49] Symmetry breaking highest degree node is applied.
c [w = 49] Encoding duration: 157 ms.
c [w = 49] Number of clauses: 231313.
c [w = 49] Number of variables: 48204.
c [w = 49] SAT Solving starts:
c [w = 49] Solving duration: 833 ms.
c [w = 49] Answer:
s [w = 49] UNSAT (w = 49).
c [w = 49] Result: 20.
c [Main] Min width UNSAT is set to 49
c [w = 31] Start task in PID: 55922.
c [w = 31] Cyclic Antibandwidth problem with w = 31 (K-dwt__234.mtx.rnd):
c [w = 31] Initializing CaDiCaL (version 2.2.1).
c [w = 31] Configuring CaDiCaL as --sat (1).
c [w = 31] Encoding starts with w = 31:
c [w = 31] Symmetry breaking highest degree node is applied.
c [w = 31] Encoding duration: 147 ms.
c [w = 31] Number of clauses: 220063.
c [w = 31] Number of variables: 45162.
c [w = 31] SAT Solving starts:
c [w = 31] Solving duration: 1105 ms.
c [w = 31] Answer:
s [w = 31] SAT (w = 31).
c [w = 31] Solution check = 31.
c [w = 31] The solution is correct.
c [w = 31] Result: 10.
c [Main] Max width SAT is set to 31.
c [Main] Kill lower pid 28.
c [Main] Kill lower pid 26.
c [w = 28] Start task in PID: 55929.
c [w = 28] Cyclic Antibandwidth problem with w = 28 (K-dwt__234.mtx.rnd):
c [w = 28] Initializing CaDiCaL (version 2.2.1).
c [w = 28] Configuring CaDiCaL as --sat (1).
c [w = 28] Encoding starts with w = 28:
c [w = 28] Symmetry breaking highest degree node is applied.
c [w = 28] Encoding duration: 155 ms.
c [w = 28] Number of clauses: 224374.
c [w = 28] Number of variables: 46683.
c [w = 28] SAT Solving starts:
c [Signal] Signal interruption. Caught signal: SIGTERM (15).
c [w = 26] Start task in PID: 55924.
c [w = 26] Cyclic Antibandwidth problem with w = 26 (K-dwt__234.mtx.rnd):
c [w = 26] Initializing CaDiCaL (version 2.2.1).
c [w = 26] Configuring CaDiCaL as --sat (1).
c [w = 26] Encoding starts with w = 26:
c [w = 26] Symmetry breaking highest degree node is applied.
c [w = 26] Encoding duration: 147 ms.
c [w = 26] Number of clauses: 220630.
c [w = 26] Number of variables: 45513.
c [w = 26] SAT Solving starts:
c [Signal] Signal interruption. Caught signal: SIGTERM (15).
c [Main] Child pid 26 - 55924 terminated by signal 15.
c [Main] Child pid 28 - 55929 terminated by signal 15.
c [w = 40] Start task in PID: 55921.
c [w = 40] Cyclic Antibandwidth problem with w = 40 (K-dwt__234.mtx.rnd):
c [w = 40] Initializing CaDiCaL (version 2.2.1).
c [w = 40] Configuring CaDiCaL as --sat (1).
c [w = 40] Encoding starts with w = 40:
c [w = 40] Symmetry breaking highest degree node is applied.
c [w = 40] Encoding duration: 150 ms.
c [w = 40] Number of clauses: 220783.
c [w = 40] Number of variables: 45045.
c [w = 40] SAT Solving starts:
c [w = 40] Solving duration: 1712 ms.
c [w = 40] Answer:
s [w = 40] SAT (w = 40).
c [w = 40] Solution check = 40.
c [w = 40] The solution is correct.
c [w = 40] Result: 10.
c [w = 35] Start task in PID: 55925.
c [w = 35] Cyclic Antibandwidth problem with w = 35 (K-dwt__234.mtx.rnd):
c [w = 35] Initializing CaDiCaL (version 2.2.1).
c [w = 35] Configuring CaDiCaL as --sat (1).
c [w = 35] Encoding starts with w = 35:
c [w = 35] Symmetry breaking highest degree node is applied.
c [w = 35] Encoding duration: 154 ms.
c [w = 35] Number of clauses: 226147.
c [w = 35] Number of variables: 47034.
c [w = 35] SAT Solving starts:
c [w = 35] Solving duration: 1717 ms.
c [w = 35] Answer:
s [w = 35] SAT (w = 35).
c [w = 35] Solution check = 35.
c [w = 35] The solution is correct.
c [w = 35] Result: 10.
c [Main] Max width SAT is set to 40.
c [Main] Kill lower pid 32.
c [Main] Kill lower pid 37.
c [Main] Kill lower pid 33.
c [Main] Kill lower pid 35.
c [w = 37] Start task in PID: 55931.
c [w = 37] Cyclic Antibandwidth problem with w = 37 (K-dwt__234.mtx.rnd):
c [w = 37] Initializing CaDiCaL (version 2.2.1).
c [w = 37] Configuring CaDiCaL as --sat (1).
c [w = 37] Encoding starts with w = 37:
c [w = 37] Symmetry breaking highest degree node is applied.
c [w = 37] Encoding duration: 153 ms.
c [w = 37] Number of clauses: 229189.
c [w = 37] Number of variables: 47970.
c [w = 37] SAT Solving starts:
c [Signal] Signal interruption. Caught signal: SIGTERM (15).
c [w = 33] Start task in PID: 55930.
c [w = 33] Cyclic Antibandwidth problem with w = 33 (K-dwt__234.mtx.rnd):
c [w = 33] Initializing CaDiCaL (version 2.2.1).
c [w = 33] Configuring CaDiCaL as --sat (1).
c [w = 33] Encoding starts with w = 33:
c [w = 33] Symmetry breaking highest degree node is applied.
c [w = 33] Encoding duration: 149 ms.
c [w = 33] Number of clauses: 223105.
c [w = 33] Number of variables: 46098.
c [w = 33] SAT Solving starts:
c [Signal] Signal interruption. Caught signal: SIGTERM (15).
c [w = 32] Start task in PID: 55934.
c [w = 32] Cyclic Antibandwidth problem with w = 32 (K-dwt__234.mtx.rnd):
c [w = 32] Initializing CaDiCaL (version 2.2.1).
c [w = 32] Configuring CaDiCaL as --sat (1).
c [w = 32] Encoding starts with w = 32:
c [w = 32] Symmetry breaking highest degree node is applied.
c [w = 32] Encoding duration: 148 ms.
c [w = 32] Number of clauses: 221584.
c [w = 32] Number of variables: 45630.
c [w = 32] SAT Solving starts:
c [Signal] Signal interruption. Caught signal: SIGTERM (15).
c [Main] Kill lower pid 32.
c [Main] Kill lower pid 33.
c [Main] Child pid 37 - 55931 terminated by signal 15.
c [Main] Child pid 32 - 55934 terminated by signal 15.
c [Main] Child pid 33 - 55930 terminated by signal 15.
c [w = 44] Start task in PID: 55926.
c [w = 44] Cyclic Antibandwidth problem with w = 44 (K-dwt__234.mtx.rnd):
c [w = 44] Initializing CaDiCaL (version 2.2.1).
c [w = 44] Configuring CaDiCaL as --sat (1).
c [w = 44] Encoding starts with w = 44:
c [w = 44] Symmetry breaking highest degree node is applied.
c [w = 44] Encoding duration: 149 ms.
c [w = 44] Number of clauses: 225463.
c [w = 44] Number of variables: 46449.
c [w = 44] SAT Solving starts:
c [w = 44] Solving duration: 3565 ms.
c [w = 44] Answer:
s [w = 44] SAT (w = 44).
c [w = 44] Solution check = 44.
c [w = 44] The solution is correct.
c [w = 44] Result: 10.
c [Main] Max width SAT is set to 44.
c [Main] Kill lower pid 43.
c [Main] Kill lower pid 41.
c [Main] Kill lower pid 42.
c [w = 43] Start task in PID: 55936.
c [w = 43] Cyclic Antibandwidth problem with w = 43 (K-dwt__234.mtx.rnd):
c [w = 43] Initializing CaDiCaL (version 2.2.1).
c [w = 43] Configuring CaDiCaL as --sat (1).
c [w = 43] Encoding starts with w = 43:
c [w = 43] Symmetry breaking highest degree node is applied.
c [w = 43] Encoding duration: 149 ms.
c [w = 43] Number of clauses: 224293.
c [w = 43] Number of variables: 46098.
c [w = 43] SAT Solving starts:
c [Signal] Signal interruption. Caught signal: SIGTERM (15).
c [w = 42] Start task in PID: 55932.
c [w = 42] Cyclic Antibandwidth problem with w = 42 (K-dwt__234.mtx.rnd):
c [w = 42] Initializing CaDiCaL (version 2.2.1).
c [w = 42] Configuring CaDiCaL as --sat (1).
c [w = 42] Encoding starts with w = 42:
c [w = 42] Symmetry breaking highest degree node is applied.
c [w = 42] Encoding duration: 148 ms.
c [w = 42] Number of clauses: 223123.
c [w = 42] Number of variables: 45747.
c [w = 42] SAT Solving starts:
c [w = 42] Solving duration: 2298 ms.
c [w = 42] Answer:
s [w = 42] SAT (w = 42).
c [w = 42] Solution check = 42.
c [w = 42] The solution is correct.
c [Signal] Signal interruption. Caught signal: SIGTERM (15).
c [w = 41] Start task in PID: 55935.
c [w = 41] Cyclic Antibandwidth problem with w = 41 (K-dwt__234.mtx.rnd):
c [w = 41] Initializing CaDiCaL (version 2.2.1).
c [w = 41] Configuring CaDiCaL as --sat (1).
c [w = 41] Encoding starts with w = 41:
c [w = 41] Symmetry breaking highest degree node is applied.
c [w = 41] Encoding duration: 150 ms.
c [w = 41] Number of clauses: 221953.
c [w = 41] Number of variables: 45396.
c [w = 41] SAT Solving starts:
c [Signal] Signal interruption. Caught signal: SIGTERM (15).
c [Main] Child pid 41 - 55935 terminated by signal 15.
c [Main] Child pid 42 - 55932 terminated by signal 15.
c [Main] Child pid 43 - 55936 terminated by signal 15.
c [w = 45] Start task in PID: 55937.
c [w = 45] Cyclic Antibandwidth problem with w = 45 (K-dwt__234.mtx.rnd):
c [w = 45] Initializing CaDiCaL (version 2.2.1).
c [w = 45] Configuring CaDiCaL as --sat (1).
c [w = 45] Encoding starts with w = 45:
c [w = 45] Symmetry breaking highest degree node is applied.
c [w = 45] Encoding duration: 152 ms.
c [w = 45] Number of clauses: 226633.
c [w = 45] Number of variables: 46800.
c [w = 45] SAT Solving starts:
c [w = 45] Solving duration: 2708 ms.
c [w = 45] Answer:
s [w = 45] SAT (w = 45).
c [w = 45] Solution check = 45.
c [w = 45] The solution is correct.
c [w = 45] Result: 10.
c [Main] Max width SAT is set to 45.
c [w = 46] Start task in PID: 55933.
c [w = 46] Cyclic Antibandwidth problem with w = 46 (K-dwt__234.mtx.rnd):
c [w = 46] Initializing CaDiCaL (version 2.2.1).
c [w = 46] Configuring CaDiCaL as --sat (1).
c [w = 46] Encoding starts with w = 46:
c [w = 46] Symmetry breaking highest degree node is applied.
c [w = 46] Encoding duration: 151 ms.
c [w = 46] Number of clauses: 227803.
c [w = 46] Number of variables: 47151.
c [w = 46] SAT Solving starts:
c [w = 46] Solving duration: 17999 ms.
c [w = 46] Answer:
s [w = 46] SAT (w = 46).
c [w = 46] Solution check = 46.
c [w = 46] The solution is correct.
c [w = 46] Result: 10.
c [Main] Max width SAT is set to 46.
c [w = 48] Start task in PID: 55939.
c [w = 48] Cyclic Antibandwidth problem with w = 48 (K-dwt__234.mtx.rnd):
c [w = 48] Initializing CaDiCaL (version 2.2.1).
c [w = 48] Configuring CaDiCaL as --sat (1).
c [w = 48] Encoding starts with w = 48:
c [w = 48] Symmetry breaking highest degree node is applied.
c [w = 48] Encoding duration: 155 ms.
c [w = 48] Number of clauses: 230143.
c [w = 48] Number of variables: 47853.
c [w = 48] SAT Solving starts:
c [w = 48] Solving duration: 38460 ms.
c [w = 48] Answer:
s [w = 48] UNSAT (w = 48).
c [w = 48] Result: 20.
c [Main] Min width UNSAT is set to 48
c [w = 47] Start task in PID: 55938.
c [w = 47] Cyclic Antibandwidth problem with w = 47 (K-dwt__234.mtx.rnd):
c [w = 47] Initializing CaDiCaL (version 2.2.1).
c [w = 47] Configuring CaDiCaL as --sat (1).
c [w = 47] Encoding starts with w = 47:
c [w = 47] Symmetry breaking highest degree node is applied.
c [w = 47] Encoding duration: 144 ms.
c [w = 47] Number of clauses: 228973.
c [w = 47] Number of variables: 47502.
c [w = 47] SAT Solving starts:
c [Signal] Signal interruption. Caught signal: SIGTERM (15).
c [Main] Lim pid ends with result: 254.
c [Main] All children have completed.
r [Main] 
r [Main] Final results: 
r [Main] Max width SAT:  	46.
r [Main] Min width UNSAT:	48.
r [Main] Total real time: 1806508 ms.
r [Main] Total memory consumed: 647.5 MB.
r [Main] 
