c [Version] Cyclic Anti-bandwidth Encoder version 1.0.0.
c [Param] Real time limit is set to 1800.
c [Param] Memory limit is set to 30000.
c [Param] Worker count is set to 8.
c [Main] Encoding and solving for graph: M-bcsstk06.mtx.rnd.
c [Main] Search strategy: Binary search using BFS.
c [Main] Lower bound is set to 14.
c [Main] Upper bound is set to 72.
c [Main] Search order: 43 28 58 20 35 50 65 16 24 31 39 46 54 61 69 14 18 22 26 29 33 37 41 44 48 52 56 59 63 67 71 15 17 19 21 23 25 27 30 32 34 36 38 40 42 45 47 49 51 53 55 57 60 62 64 66 68 70 72.
c [w = 16] Start task in PID: 57591.
c [w = 16] Cyclic Antibandwidth problem with w = 16 (M-bcsstk06.mtx.rnd):
c [w = 16] Initializing CaDiCaL (version 2.2.1).
c [w = 16] Configuring CaDiCaL as --sat (1).
c [w = 16] Encoding starts with w = 16:
c [w = 16] Symmetry breaking highest degree node is applied.
c [w = 16] Encoding duration: 8036 ms.
c [w = 16] Number of clauses: 7837230.
c [w = 16] Number of variables: 532980.
c [w = 16] SAT Solving starts:
c [w = 16] Solving duration: 20380 ms.
c [w = 16] Answer:
s [w = 16] SAT (w = 16).
c [w = 16] Solution check = 16.
c [w = 16] The solution is correct.
c [w = 16] Result: 10.
c [Main] Max width SAT is set to 16.
c [w = 20] Start task in PID: 57587.
c [w = 20] Cyclic Antibandwidth problem with w = 20 (M-bcsstk06.mtx.rnd):
c [w = 20] Initializing CaDiCaL (version 2.2.1).
c [w = 20] Configuring CaDiCaL as --sat (1).
c [w = 20] Encoding starts with w = 20:
c [w = 20] Symmetry breaking highest degree node is applied.
c [w = 20] Encoding duration: 8023 ms.
c [w = 20] Number of clauses: 7851690.
c [w = 20] Number of variables: 535500.
c [w = 20] SAT Solving starts:
c [w = 20] Solving duration: 25738 ms.
c [w = 20] Answer:
s [w = 20] SAT (w = 20).
c [w = 20] Solution check = 20.
c [w = 20] The solution is correct.
c [w = 20] Result: 10.
c [Main] Max width SAT is set to 20.
c [w = 65] Start task in PID: 57590.
c [w = 65] Cyclic Antibandwidth problem with w = 65 (M-bcsstk06.mtx.rnd):
c [w = 65] Initializing CaDiCaL (version 2.2.1).
c [w = 65] Configuring CaDiCaL as --sat (1).
c [w = 65] Encoding starts with w = 65:
c [w = 65] Symmetry breaking highest degree node is applied.
c [w = 65] Encoding duration: 8304 ms.
c [w = 65] Number of clauses: 8038590.
c [w = 65] Number of variables: 567840.
c [w = 65] SAT Solving starts:
c [w = 65] Solving duration: 35274 ms.
c [w = 65] Answer:
s [w = 65] UNSAT (w = 65).
c [w = 65] Result: 20.
c [Main] Min width UNSAT is set to 65
c [w = 28] Start task in PID: 57585.
c [w = 28] Cyclic Antibandwidth problem with w = 28 (M-bcsstk06.mtx.rnd):
c [w = 28] Initializing CaDiCaL (version 2.2.1).
c [w = 28] Configuring CaDiCaL as --sat (1).
c [w = 28] Encoding starts with w = 28:
c [w = 28] Symmetry breaking highest degree node is applied.
c [w = 28] Encoding duration: 8180 ms.
c [w = 28] Number of clauses: 7898070.
c [w = 28] Number of variables: 543060.
c [w = 28] SAT Solving starts:
c [w = 28] Solving duration: 38020 ms.
c [w = 28] Answer:
s [w = 28] SAT (w = 28).
c [w = 28] Solution check = 28.
c [w = 28] The solution is correct.
c [w = 28] Result: 10.
c [Main] Max width SAT is set to 28.
c [Main] Kill lower pid 24.
c [w = 24] Start task in PID: 58026.
c [w = 24] Cyclic Antibandwidth problem with w = 24 (M-bcsstk06.mtx.rnd):
c [w = 24] Initializing CaDiCaL (version 2.2.1).
c [w = 24] Configuring CaDiCaL as --sat (1).
c [w = 24] Encoding starts with w = 24:
c [w = 24] Symmetry breaking highest degree node is applied.
c [w = 24] Encoding duration: 5358 ms.
c [w = 24] Number of clauses: 7888110.
c [w = 24] Number of variables: 544320.
c [w = 24] SAT Solving starts:
c [Signal] Signal interruption. Caught signal: SIGTERM (15).
c [Main] Child pid 24 - 58026 terminated by signal 15.
c [w = 58] Start task in PID: 57586.
c [w = 58] Cyclic Antibandwidth problem with w = 58 (M-bcsstk06.mtx.rnd):
c [w = 58] Initializing CaDiCaL (version 2.2.1).
c [w = 58] Configuring CaDiCaL as --sat (1).
c [w = 58] Encoding starts with w = 58:
c [w = 58] Symmetry breaking highest degree node is applied.
c [w = 58] Encoding duration: 8365 ms.
c [w = 58] Number of clauses: 8035410.
c [w = 58] Number of variables: 570360.
c [w = 58] SAT Solving starts:
c [w = 58] Solving duration: 92873 ms.
c [w = 58] Answer:
s [w = 58] UNSAT (w = 58).
c [w = 58] Result: 20.
c [Main] Min width UNSAT is set to 58
c [w = 31] Start task in PID: 58030.
c [w = 31] Cyclic Antibandwidth problem with w = 31 (M-bcsstk06.mtx.rnd):
c [w = 31] Initializing CaDiCaL (version 2.2.1).
c [w = 31] Configuring CaDiCaL as --sat (1).
c [w = 31] Encoding starts with w = 31:
c [w = 31] Symmetry breaking highest degree node is applied.
c [w = 31] Encoding duration: 5246 ms.
c [w = 31] Number of clauses: 7925610.
c [w = 31] Number of variables: 550200.
c [w = 31] SAT Solving starts:
c [w = 31] Solving duration: 74541 ms.
c [w = 31] Answer:
s [w = 31] SAT (w = 31).
c [w = 31] Solution check = 31.
c [w = 31] The solution is correct.
c [w = 31] Result: 10.
c [Main] Max width SAT is set to 31.
c [Main] Kill lower pid 29.
c [w = 29] Start task in PID: 58047.
c [w = 29] Cyclic Antibandwidth problem with w = 29 (M-bcsstk06.mtx.rnd):
c [w = 29] Initializing CaDiCaL (version 2.2.1).
c [w = 29] Configuring CaDiCaL as --sat (1).
c [w = 29] Encoding starts with w = 29:
c [w = 29] Symmetry breaking highest degree node is applied.
c [w = 29] Encoding duration: 5212 ms.
c [w = 29] Number of clauses: 7917390.
c [w = 29] Number of variables: 549360.
c [w = 29] SAT Solving starts:
c [Signal] Signal interruption. Caught signal: SIGTERM (15).
e [Pid] Unable to open /proc/c [Main] Child pid 29 - 58047 terminated by signal 15.
58047/status
c [w = 54] Start task in PID: 58036.
c [w = 54] Cyclic Antibandwidth problem with w = 54 (M-bcsstk06.mtx.rnd):
c [w = 54] Initializing CaDiCaL (version 2.2.1).
c [w = 54] Configuring CaDiCaL as --sat (1).
c [w = 54] Encoding starts with w = 54:
c [w = 54] Symmetry breaking highest degree node is applied.
c [w = 54] Encoding duration: 5146 ms.
c [w = 54] Number of clauses: 7993410.
c [w = 54] Number of variables: 556920.
c [w = 54] SAT Solving starts:
c [w = 54] Solving duration: 87247 ms.
c [w = 54] Answer:
s [w = 54] UNSAT (w = 54).
c [w = 54] Result: 20.
c [Main] Min width UNSAT is set to 54
c [w = 33] Start task in PID: 58050.
c [w = 33] Cyclic Antibandwidth problem with w = 33 (M-bcsstk06.mtx.rnd):
c [w = 33] Initializing CaDiCaL (version 2.2.1).
c [w = 33] Configuring CaDiCaL as --sat (1).
c [w = 33] Encoding starts with w = 33:
c [w = 33] Symmetry breaking highest degree node is applied.
c [w = 33] Encoding duration: 4983 ms.
c [w = 33] Number of clauses: 7929210.
c [w = 33] Number of variables: 549360.
c [w = 33] SAT Solving starts:
c [w = 33] Solving duration: 165239 ms.
c [w = 33] Answer:
s [w = 33] SAT (w = 33).
c [w = 33] Solution check = 33.
c [w = 33] The solution is correct.
c [w = 33] Result: 10.
c [Main] Max width SAT is set to 33.
c [w = 50] Start task in PID: 57589.
c [w = 50] Cyclic Antibandwidth problem with w = 50 (M-bcsstk06.mtx.rnd):
c [w = 50] Initializing CaDiCaL (version 2.2.1).
c [w = 50] Configuring CaDiCaL as --sat (1).
c [w = 50] Encoding starts with w = 50:
c [w = 50] Symmetry breaking highest degree node is applied.
c [w = 50] Encoding duration: 8306 ms.
c [w = 50] Number of clauses: 8003250.
c [w = 50] Number of variables: 563220.
c [w = 50] SAT Solving starts:
c [w = 50] Solving duration: 396833 ms.
c [w = 50] Answer:
s [w = 50] UNSAT (w = 50).
c [w = 50] Result: 20.
c [Main] Min width UNSAT is set to 50
c [w = 48] Start task in PID: 58103.
c [w = 48] Cyclic Antibandwidth problem with w = 48 (M-bcsstk06.mtx.rnd):
c [w = 48] Initializing CaDiCaL (version 2.2.1).
c [w = 48] Configuring CaDiCaL as --sat (1).
c [w = 48] Encoding starts with w = 48:
c [w = 48] Symmetry breaking highest degree node is applied.
c [w = 48] Encoding duration: 5263 ms.
c [w = 48] Number of clauses: 7979730.
c [w = 48] Number of variables: 555660.
c [w = 48] SAT Solving starts:
c [w = 48] Solving duration: 430271 ms.
c [w = 48] Answer:
s [w = 48] UNSAT (w = 48).
c [w = 48] Result: 20.
c [Main] Min width UNSAT is set to 48
c [w = 44] Start task in PID: 58082.
c [w = 44] Cyclic Antibandwidth problem with w = 44 (M-bcsstk06.mtx.rnd):
c [w = 44] Initializing CaDiCaL (version 2.2.1).
c [w = 44] Configuring CaDiCaL as --sat (1).
c [w = 44] Encoding starts with w = 44:
c [w = 44] Symmetry breaking highest degree node is applied.
c [w = 44] Encoding duration: 5195 ms.
c [w = 44] Number of clauses: 7977390.
c [w = 44] Number of variables: 557760.
c [w = 44] SAT Solving starts:
c [w = 44] Solving duration: 1319156 ms.
c [w = 44] Answer:
s [w = 44] UNSAT (w = 44).
c [w = 44] Result: 20.
c [Main] Min width UNSAT is set to 44
c [Main] Kill higher pid 46.
c [w = 46] Start task in PID: 58035.
c [w = 46] Cyclic Antibandwidth problem with w = 46 (M-bcsstk06.mtx.rnd):
c [w = 46] Initializing CaDiCaL (version 2.2.1).
c [w = 46] Configuring CaDiCaL as --sat (1).
c [w = 46] Encoding starts with w = 46:
c [w = 46] Symmetry breaking highest degree node is applied.
c [w = 46] Encoding duration: 5140 ms.
c [w = 46] Number of clauses: 8003430.
c [w = 46] Number of variables: 566160.
c [w = 46] SAT Solving starts:
c [Signal] Signal interruption. Caught signal: SIGTERM (15).
c [Main] Child pid 46 - 58035 terminated by signal 15.
c [w = 38] Start task in PID: 59187.
c [w = 38] Cyclic Antibandwidth problem with w = 38 (M-bcsstk06.mtx.rnd):
c [w = 38] Initializing CaDiCaL (version 2.2.1).
c [w = 38] Configuring CaDiCaL as --sat (1).
c [w = 38] Encoding starts with w = 38:
c [w = 38] Symmetry breaking highest degree node is applied.
c [w = 38] Encoding duration: 5270 ms.
c [w = 38] Number of clauses: 7974810.
c [w = 38] Number of variables: 561960.
c [w = 38] SAT Solving starts:
c [Signal] Signal interruption. Caught signal: SIGTERM (15).
c [w = 41] Start task in PID: 58054.
c [w = 41] Cyclic Antibandwidth problem with w = 41 (M-bcsstk06.mtx.rnd):
c [w = 41] Initializing CaDiCaL (version 2.2.1).
c [w = 41] Configuring CaDiCaL as --sat (1).
c [w = 41] Encoding starts with w = 41:
c [w = 41] Symmetry breaking highest degree node is applied.
c [w = 41] Encoding duration: 5231 ms.
c [w = 41] Number of clauses: 7979670.
c [w = 41] Number of variables: 561120.
c [w = 41] SAT Solving starts:
c [Signal] Signal interruption. Caught signal: SIGTERM (15).
c [w = 34] Start task in PID: 58610.
c [w = 34] Cyclic Antibandwidth problem with w = 34 (M-bcsstk06.mtx.rnd):
c [w = 34] Initializing CaDiCaL (version 2.2.1).
c [w = 34] Configuring CaDiCaL as --sat (1).
c [w = 34] Encoding starts with w = 34:
c [w = 34] Symmetry breaking highest degree node is applied.
c [w = 34] Encoding duration: 5246 ms.
c [w = 34] Number of clauses: 7946010.
c [w = 34] Number of variables: 554820.
c [w = 34] SAT Solving starts:
c [Signal] Signal interruption. Caught signal: SIGTERM (15).
c [w = 37] Start task in PID: 58051.
c [w = 37] Cyclic Antibandwidth problem with w = 37 (M-bcsstk06.mtx.rnd):
c [w = 37] Initializing CaDiCaL (version 2.2.1).
c [w = 37] Configuring CaDiCaL as --sat (1).
c [w = 37] Encoding starts with w = 37:
c [w = 37] Symmetry breaking highest degree node is applied.
c [w = 37] Encoding duration: 5155 ms.
c [w = 37] Number of clauses: 7959270.
c [w = 37] Number of variables: 556920.
c [w = 37] SAT Solving starts:
c [Signal] Signal interruption. Caught signal: SIGTERM (15).
c [w = 35] Start task in PID: 57588.
c [w = 35] Cyclic Antibandwidth problem with w = 35 (M-bcsstk06.mtx.rnd):
c [w = 35] Initializing CaDiCaL (version 2.2.1).
c [w = 35] Configuring CaDiCaL as --sat (1).
c [w = 35] Encoding starts with w = 35:
c [w = 35] Symmetry breaking highest degree node is applied.
c [w = 35] Encoding duration: 8206 ms.
c [w = 35] Number of clauses: 7928190.
c [w = 35] Number of variables: 546840.
c [w = 35] SAT Solving starts:
c [Signal] Signal interruption. Caught signal: SIGTERM (15).
c [w = 43] Start task in PID: 57584.
c [w = 43] Cyclic Antibandwidth problem with w = 43 (M-bcsstk06.mtx.rnd):
c [w = 43] Initializing CaDiCaL (version 2.2.1).
c [w = 43] Configuring CaDiCaL as --sat (1).
c [w = 43] Encoding starts with w = 43:
c [w = 43] Symmetry breaking highest degree node is applied.
c [w = 43] Encoding duration: 8232 ms.
c [w = 43] Number of clauses: 7964370.
c [w = 43] Number of variables: 553560.
c [w = 43] SAT Solving starts:
c [Signal] Signal interruption. Caught signal: SIGTERM (15).
c [w = 39] Start task in PID: 58033.
c [w = 39] Cyclic Antibandwidth problem with w = 39 (M-bcsstk06.mtx.rnd):
c [w = 39] Initializing CaDiCaL (version 2.2.1).
c [w = 39] Configuring CaDiCaL as --sat (1).
c [w = 39] Encoding starts with w = 39:
c [w = 39] Symmetry breaking highest degree node is applied.
c [w = 39] Encoding duration: 5087 ms.
c [w = 39] Number of clauses: 7951110.
c [w = 39] Number of variables: 551880.
c [w = 39] SAT Solving starts:
c [Signal] Signal interruption. Caught signal: SIGTERM (15).
c [Main] Lim pid ends with result: 254.
c [Main] All children have completed.
r [Main] 
r [Main] Final results: 
r [Main] Max width SAT:  	33.
r [Main] Min width UNSAT:	44.
r [Main] Total real time: 1812063 ms.
r [Main] Total memory consumed: 16116.9 MB.
r [Main] 
c [w = 36] Start task in PID: 59186.
c [w = 36] Cyclic Antibandwidth problem with w = 36 (M-bcsstk06.mtx.rnd):
c [w = 36] Initializing CaDiCaL (version 2.2.1).
c [w = 36] Configuring CaDiCaL as --sat (1).
c [w = 36] Encoding starts with w = 36:
c [w = 36] Symmetry breaking highest degree node is applied.
c [w = 36] Encoding duration: 5084 ms.
c [w = 36] Number of clauses: 7943730.
c [w = 36] Number of variables: 551880.
c [w = 36] SAT Solving starts:
c [Signal] Signal interruption. Caught signal: SIGTERM (15).
