c [Version] Cyclic Anti-bandwidth Encoder version 1.0.0.
c [Param] Real time limit is set to 1800.
c [Param] Memory limit is set to 30000.
c [Param] Worker count is set to 8.
c [Main] Encoding and solving for graph: N-bcsstk07.mtx.rnd.
c [Main] Search strategy: Binary search using BFS.
c [Main] Lower bound is set to 14.
c [Main] Upper bound is set to 72.
c [Main] Search order: 43 28 58 20 35 50 65 16 24 31 39 46 54 61 69 14 18 22 26 29 33 37 41 44 48 52 56 59 63 67 71 15 17 19 21 23 25 27 30 32 34 36 38 40 42 45 47 49 51 53 55 57 60 62 64 66 68 70 72.
c [w = 16] Start task in PID: 59232.
c [w = 16] Cyclic Antibandwidth problem with w = 16 (N-bcsstk07.mtx.rnd):
c [w = 16] Initializing CaDiCaL (version 2.2.1).
c [w = 16] Configuring CaDiCaL as --sat (1).
c [w = 16] Encoding starts with w = 16:
c [w = 16] Symmetry breaking highest degree node is applied.
c [w = 16] Encoding duration: 5284 ms.
c [w = 16] Number of clauses: 7837230.
c [w = 16] Number of variables: 532980.
c [w = 16] SAT Solving starts:
c [w = 16] Solving duration: 20492 ms.
c [w = 16] Answer:
s [w = 16] SAT (w = 16).
c [w = 16] Solution check = 16.
c [w = 16] The solution is correct.
c [w = 16] Result: 10.
c [Main] Max width SAT is set to 16.
c [w = 20] Start task in PID: 59228.
c [w = 20] Cyclic Antibandwidth problem with w = 20 (N-bcsstk07.mtx.rnd):
c [w = 20] Initializing CaDiCaL (version 2.2.1).
c [w = 20] Configuring CaDiCaL as --sat (1).
c [w = 20] Encoding starts with w = 20:
c [w = 20] Symmetry breaking highest degree node is applied.
c [w = 20] Encoding duration: 5210 ms.
c [w = 20] Number of clauses: 7851690.
c [w = 20] Number of variables: 535500.
c [w = 20] SAT Solving starts:
c [w = 20] Solving duration: 26165 ms.
c [w = 20] Answer:
s [w = 20] SAT (w = 20).
c [w = 20] Solution check = 20.
c [w = 20] The solution is correct.
c [w = 20] Result: 10.
c [Main] Max width SAT is set to 20.
c [w = 65] Start task in PID: 59231.
c [w = 65] Cyclic Antibandwidth problem with w = 65 (N-bcsstk07.mtx.rnd):
c [w = 65] Initializing CaDiCaL (version 2.2.1).
c [w = 65] Configuring CaDiCaL as --sat (1).
c [w = 65] Encoding starts with w = 65:
c [w = 65] Symmetry breaking highest degree node is applied.
c [w = 65] Encoding duration: 5408 ms.
c [w = 65] Number of clauses: 8038590.
c [w = 65] Number of variables: 567840.
c [w = 65] SAT Solving starts:
c [w = 65] Solving duration: 36306 ms.
c [w = 65] Answer:
s [w = 65] UNSAT (w = 65).
c [w = 65] Result: 20.
c [Main] Min width UNSAT is set to 65
c [w = 28] Start task in PID: 59226.
c [w = 28] Cyclic Antibandwidth problem with w = 28 (N-bcsstk07.mtx.rnd):
c [w = 28] Initializing CaDiCaL (version 2.2.1).
c [w = 28] Configuring CaDiCaL as --sat (1).
c [w = 28] Encoding starts with w = 28:
c [w = 28] Symmetry breaking highest degree node is applied.
c [w = 28] Encoding duration: 5307 ms.
c [w = 28] Number of clauses: 7898070.
c [w = 28] Number of variables: 543060.
c [w = 28] SAT Solving starts:
c [w = 28] Solving duration: 37118 ms.
c [w = 28] Answer:
s [w = 28] SAT (w = 28).
c [w = 28] Solution check = 28.
c [w = 28] The solution is correct.
c [w = 28] Result: 10.
c [Main] Max width SAT is set to 28.
c [Main] Kill lower pid 24.
c [w = 24] Start task in PID: 59670.
c [w = 24] Cyclic Antibandwidth problem with w = 24 (N-bcsstk07.mtx.rnd):
c [w = 24] Initializing CaDiCaL (version 2.2.1).
c [w = 24] Configuring CaDiCaL as --sat (1).
c [w = 24] Encoding starts with w = 24:
c [w = 24] Symmetry breaking highest degree node is applied.
c [w = 24] Encoding duration: 5176 ms.
c [w = 24] Number of clauses: 7888110.
c [w = 24] Number of variables: 544320.
c [w = 24] SAT Solving starts:
c [Signal] Signal interruption. Caught signal: SIGTERM (15).
c [Main] Child pid 24 - 59670 terminated by signal 15.
c [w = 58] Start task in PID: 59227.
c [w = 58] Cyclic Antibandwidth problem with w = 58 (N-bcsstk07.mtx.rnd):
c [w = 58] Initializing CaDiCaL (version 2.2.1).
c [w = 58] Configuring CaDiCaL as --sat (1).
c [w = 58] Encoding starts with w = 58:
c [w = 58] Symmetry breaking highest degree node is applied.
c [w = 58] Encoding duration: 5446 ms.
c [w = 58] Number of clauses: 8035410.
c [w = 58] Number of variables: 570360.
c [w = 58] SAT Solving starts:
c [w = 58] Solving duration: 95585 ms.
c [w = 58] Answer:
s [w = 58] UNSAT (w = 58).
c [w = 58] Result: 20.
c [Main] Min width UNSAT is set to 58
c [w = 31] Start task in PID: 59671.
c [w = 31] Cyclic Antibandwidth problem with w = 31 (N-bcsstk07.mtx.rnd):
c [w = 31] Initializing CaDiCaL (version 2.2.1).
c [w = 31] Configuring CaDiCaL as --sat (1).
c [w = 31] Encoding starts with w = 31:
c [w = 31] Symmetry breaking highest degree node is applied.
c [w = 31] Encoding duration: 5148 ms.
c [w = 31] Number of clauses: 7925610.
c [w = 31] Number of variables: 550200.
c [w = 31] SAT Solving starts:
c [w = 31] Solving duration: 76226 ms.
c [w = 31] Answer:
s [w = 31] SAT (w = 31).
c [w = 31] Solution check = 31.
c [w = 31] The solution is correct.
c [w = 31] Result: 10.
c [Main] Max width SAT is set to 31.
c [Main] Kill lower pid 29.
c [w = 29] Start task in PID: 59688.
c [w = 29] Cyclic Antibandwidth problem with w = 29 (N-bcsstk07.mtx.rnd):
c [w = 29] Initializing CaDiCaL (version 2.2.1).
c [w = 29] Configuring CaDiCaL as --sat (1).
c [w = 29] Encoding starts with w = 29:
c [w = 29] Symmetry breaking highest degree node is applied.
c [w = 29] Encoding duration: 5399 ms.
c [w = 29] Number of clauses: 7917390.
c [w = 29] Number of variables: 549360.
c [w = 29] SAT Solving starts:
c [Signal] Signal interruption. Caught signal: SIGTERM (15).
c [Main] Child pid 29 - 59688 terminated by signal 15.
c [w = 54] Start task in PID: 59676.
c [w = 54] Cyclic Antibandwidth problem with w = 54 (N-bcsstk07.mtx.rnd):
c [w = 54] Initializing CaDiCaL (version 2.2.1).
c [w = 54] Configuring CaDiCaL as --sat (1).
c [w = 54] Encoding starts with w = 54:
c [w = 54] Symmetry breaking highest degree node is applied.
c [w = 54] Encoding duration: 5247 ms.
c [w = 54] Number of clauses: 7993410.
c [w = 54] Number of variables: 556920.
c [w = 54] SAT Solving starts:
c [w = 54] Solving duration: 90586 ms.
c [w = 54] Answer:
s [w = 54] UNSAT (w = 54).
c [w = 54] Result: 20.
c [Main] Min width UNSAT is set to 54
c [w = 33] Start task in PID: 59690.
c [w = 33] Cyclic Antibandwidth problem with w = 33 (N-bcsstk07.mtx.rnd):
c [w = 33] Initializing CaDiCaL (version 2.2.1).
c [w = 33] Configuring CaDiCaL as --sat (1).
c [w = 33] Encoding starts with w = 33:
c [w = 33] Symmetry breaking highest degree node is applied.
c [w = 33] Encoding duration: 5187 ms.
c [w = 33] Number of clauses: 7929210.
c [w = 33] Number of variables: 549360.
c [w = 33] SAT Solving starts:
c [w = 33] Solving duration: 175166 ms.
c [w = 33] Answer:
s [w = 33] SAT (w = 33).
c [w = 33] Solution check = 33.
c [w = 33] The solution is correct.
c [w = 33] Result: 10.
c [Main] Max width SAT is set to 33.
c [w = 50] Start task in PID: 59230.
c [w = 50] Cyclic Antibandwidth problem with w = 50 (N-bcsstk07.mtx.rnd):
c [w = 50] Initializing CaDiCaL (version 2.2.1).
c [w = 50] Configuring CaDiCaL as --sat (1).
c [w = 50] Encoding starts with w = 50:
c [w = 50] Symmetry breaking highest degree node is applied.
c [w = 50] Encoding duration: 5427 ms.
c [w = 50] Number of clauses: 8003250.
c [w = 50] Number of variables: 563220.
c [w = 50] SAT Solving starts:
c [w = 50] Solving duration: 421210 ms.
c [w = 50] Answer:
s [w = 50] UNSAT (w = 50).
c [w = 50] Result: 20.
c [Main] Min width UNSAT is set to 50
c [w = 48] Start task in PID: 59752.
c [w = 48] Cyclic Antibandwidth problem with w = 48 (N-bcsstk07.mtx.rnd):
c [w = 48] Initializing CaDiCaL (version 2.2.1).
c [w = 48] Configuring CaDiCaL as --sat (1).
c [w = 48] Encoding starts with w = 48:
c [w = 48] Symmetry breaking highest degree node is applied.
c [w = 48] Encoding duration: 5408 ms.
c [w = 48] Number of clauses: 7979730.
c [w = 48] Number of variables: 555660.
c [w = 48] SAT Solving starts:
c [w = 48] Solving duration: 451427 ms.
c [w = 48] Answer:
s [w = 48] UNSAT (w = 48).
c [w = 48] Result: 20.
c [Main] Min width UNSAT is set to 48
c [w = 44] Start task in PID: 59730.
c [w = 44] Cyclic Antibandwidth problem with w = 44 (N-bcsstk07.mtx.rnd):
c [w = 44] Initializing CaDiCaL (version 2.2.1).
c [w = 44] Configuring CaDiCaL as --sat (1).
c [w = 44] Encoding starts with w = 44:
c [w = 44] Symmetry breaking highest degree node is applied.
c [w = 44] Encoding duration: 5532 ms.
c [w = 44] Number of clauses: 7977390.
c [w = 44] Number of variables: 557760.
c [w = 44] SAT Solving starts:
c [w = 44] Solving duration: 1420191 ms.
c [w = 44] Answer:
s [w = 44] UNSAT (w = 44).
c [w = 44] Result: 20.
c [Main] Min width UNSAT is set to 44
c [Main] Kill higher pid 46.
c [w = 46] Start task in PID: 59675.
c [w = 46] Cyclic Antibandwidth problem with w = 46 (N-bcsstk07.mtx.rnd):
c [w = 46] Initializing CaDiCaL (version 2.2.1).
c [w = 46] Configuring CaDiCaL as --sat (1).
c [w = 46] Encoding starts with w = 46:
c [w = 46] Symmetry breaking highest degree node is applied.
c [w = 46] Encoding duration: 5233 ms.
c [w = 46] Number of clauses: 8003430.
c [w = 46] Number of variables: 566160.
c [w = 46] SAT Solving starts:
c [Signal] Signal interruption. Caught signal: SIGTERM (15).
c [Main] Child pid 46 - 59675 terminated by signal 15.
c [w = 43] Start task in PID: 59225.
c [w = 43] Cyclic Antibandwidth problem with w = 43 (N-bcsstk07.mtx.rnd):
c [w = 43] Initializing CaDiCaL (version 2.2.1).
c [w = 43] Configuring CaDiCaL as --sat (1).
c [w = 43] Encoding starts with w = 43:
c [w = 43] Symmetry breaking highest degree node is applied.
c [w = 43] Encoding duration: 5289 ms.
c [w = 43] Number of clauses: 7964370.
c [w = 43] Number of variables: 553560.
c [w = 43] SAT Solving starts:
c [w = 43] Solving duration: 1740240 ms.
c [w = 43] Answer:
s [w = 43] UNSAT (w = 43).
c [w = 43] Result: 20.
c [Main] Min width UNSAT is set to 43
c [w = 38] Start task in PID: 60863.
c [w = 38] Cyclic Antibandwidth problem with w = 38 (N-bcsstk07.mtx.rnd):
c [w = 38] Initializing CaDiCaL (version 2.2.1).
c [w = 38] Configuring CaDiCaL as --sat (1).
c [w = 38] Encoding starts with w = 38:
c [w = 38] Symmetry breaking highest degree node is applied.
c [w = 38] Encoding duration: 5364 ms.
c [w = 38] Number of clauses: 7974810.
c [w = 38] Number of variables: 561960.
c [w = 38] SAT Solving starts:
c [Signal] Signal interruption. Caught signal: SIGTERM (15).
c [w = 34] Start task in PID: 60266.
c [w = 34] Cyclic Antibandwidth problem with w = 34 (N-bcsstk07.mtx.rnd):
c [w = 34] Initializing CaDiCaL (version 2.2.1).
c [w = 34] Configuring CaDiCaL as --sat (1).
c [w = 34] Encoding starts with w = 34:
c [w = 34] Symmetry breaking highest degree node is applied.
c [w = 34] Encoding duration: 5263 ms.
c [w = 34] Number of clauses: 7946010.
c [w = 34] Number of variables: 554820.
c [w = 34] SAT Solving starts:
c [Signal] Signal interruption. Caught signal: SIGTERM (15).
c [w = 41] Start task in PID: 59701.
c [w = 41] Cyclic Antibandwidth problem with w = 41 (N-bcsstk07.mtx.rnd):
c [w = 41] Initializing CaDiCaL (version 2.2.1).
c [w = 41] Configuring CaDiCaL as --sat (1).
c [w = 41] Encoding starts with w = 41:
c [w = 41] Symmetry breaking highest degree node is applied.
c [w = 41] Encoding duration: 5105 ms.
c [w = 41] Number of clauses: 7979670.
c [w = 41] Number of variables: 561120.
c [w = 41] SAT Solving starts:
c [Signal] Signal interruption. Caught signal: SIGTERM (15).
c [w = 36] Start task in PID: 60862.
c [w = 36] Cyclic Antibandwidth problem with w = 36 (N-bcsstk07.mtx.rnd):
c [w = 36] Initializing CaDiCaL (version 2.2.1).
c [w = 36] Configuring CaDiCaL as --sat (1).
c [w = 36] Encoding starts with w = 36:
c [w = 36] Symmetry breaking highest degree node is applied.
c [w = 36] Encoding duration: 5370 ms.
c [w = 36] Number of clauses: 7943730.
c [w = 36] Number of variables: 551880.
c [w = 36] SAT Solving starts:
c [Signal] Signal interruption. Caught signal: SIGTERM (15).
c [w = 39] Start task in PID: 59674.
c [w = 39] Cyclic Antibandwidth problem with w = 39 (N-bcsstk07.mtx.rnd):
c [w = 39] Initializing CaDiCaL (version 2.2.1).
c [w = 39] Configuring CaDiCaL as --sat (1).
c [w = 39] Encoding starts with w = 39:
c [w = 39] Symmetry breaking highest degree node is applied.
c [w = 39] Encoding duration: 5062 ms.
c [w = 39] Number of clauses: 7951110.
c [w = 39] Number of variables: 551880.
c [w = 39] SAT Solving starts:
c [Signal] Signal interruption. Caught signal: SIGTERM (15).
c [w = 35] Start task in PID: 59229.
c [w = 35] Cyclic Antibandwidth problem with w = 35 (N-bcsstk07.mtx.rnd):
c [w = 35] Initializing CaDiCaL (version 2.2.1).
c [w = 35] Configuring CaDiCaL as --sat (1).
c [w = 35] Encoding starts with w = 35:
c [w = 35] Symmetry breaking highest degree node is applied.
c [w = 35] Encoding duration: 5308 ms.
c [w = 35] Number of clauses: 7928190.
c [w = 35] Number of variables: 546840.
c [w = 35] SAT Solving starts:
c [Signal] Signal interruption. Caught signal: SIGTERM (15).
c [w = 37] Start task in PID: 59691.
c [w = 37] Cyclic Antibandwidth problem with w = 37 (N-bcsstk07.mtx.rnd):
c [w = 37] Initializing CaDiCaL (version 2.2.1).
c [w = 37] Configuring CaDiCaL as --sat (1).
c [w = 37] Encoding starts with w = 37:
c [w = 37] Symmetry breaking highest degree node is applied.
c [w = 37] Encoding duration: 5307 ms.
c [w = 37] Number of clauses: 7959270.
c [w = 37] Number of variables: 556920.
c [w = 37] SAT Solving starts:
c [Signal] Signal interruption. Caught signal: SIGTERM (15).
c [Main] Lim pid ends with result: 254.
c [Main] All children have completed.
r [Main] 
r [Main] Final results: 
r [Main] Max width SAT:  	33.
r [Main] Min width UNSAT:	43.
r [Main] Total real time: 1812169 ms.
r [Main] Total memory consumed: 16032.1 MB.
r [Main] 
c [w = 40] Start task in PID: 60867.
c [w = 40] Cyclic Antibandwidth problem with w = 40 (N-bcsstk07.mtx.rnd):
c [w = 40] Initializing CaDiCaL (version 2.2.1).
c [w = 40] Configuring CaDiCaL as --sat (1).
c [w = 40] Encoding starts with w = 40:
c [w = 40] Symmetry breaking highest degree node is applied.
c [w = 40] Encoding duration: 5420 ms.
c [w = 40] Number of clauses: 7965390.
c [w = 40] Number of variables: 556500.
c [w = 40] SAT Solving starts:
c [Signal] Signal interruption. Caught signal: SIGTERM (15).
