c [Version] Cyclic Anti-bandwidth Encoder version 1.0.0.
c [Param] Real time limit is set to 1800.
c [Param] Memory limit is set to 30000.
c [Param] Worker count is set to 8.
c [Main] Encoding and solving for graph: O-impcol_d.mtx.rnd.
c [Main] Search strategy: Binary search using BFS.
c [Main] Lower bound is set to 46.
c [Main] Upper bound is set to 173.
c [Main] Search order: 109 77 141 61 93 125 157 53 69 85 101 117 133 149 165 49 57 65 73 81 89 97 105 113 121 129 137 145 153 161 169 47 51 55 59 63 67 71 75 79 83 87 91 95 99 103 107 111 115 119 123 127 131 135 139 143 147 151 155 159 163 167 171 46 48 50 52 54 56 58 60 62 64 66 68 70 72 74 76 78 80 82 84 86 88 90 92 94 96 98 100 102 104 106 108 110 112 114 116 118 120 122 124 126 128 130 132 134 136 138 140 142 144 146 148 150 152 154 156 158 160 162 164 166 168 170 172 173.
c [w = 109] Start task in PID: 61108.
c [w = 109] Cyclic Antibandwidth problem with w = 109 (O-impcol_d.mtx.rnd):
c [w = 109] Initializing CaDiCaL (version 2.2.1).
c [w = 109] Configuring CaDiCaL as --sat (1).
c [w = 109] Encoding starts with w = 109:
c [w = 109] Symmetry breaking highest degree node is applied.
c [w = 109] Encoding duration: 3518 ms.
c [w = 109] Number of clauses: 4042483.
c [w = 109] Number of variables: 575450.
c [w = 109] SAT Solving starts:
c [w = 109] Solving duration: 11973 ms.
c [w = 109] Answer:
s [w = 109] UNSAT (w = 109).
c [w = 109] Result: 20.
c [Main] Min width UNSAT is set to 109
c [Main] Kill higher pid 157.
c [Main] Kill higher pid 125.
c [Main] Kill higher pid 141.
c [w = 125] Start task in PID: 61113.
c [w = 125] Cyclic Antibandwidth problem with w = 125 (O-impcol_d.mtx.rnd):
c [w = 125] Initializing CaDiCaL (version 2.2.1).
c [w = 125] Configuring CaDiCaL as --sat (1).
c [w = 125] Encoding starts with w = 125:
c [w = 125] Symmetry breaking highest degree node is applied.
c [w = 125] Encoding duration: 3036 ms.
c [w = 125] Number of clauses: 4130883.
c [w = 125] Number of variables: 602650.
c [w = 125] SAT Solving starts:
c [w = 125] Solving duration: 12943 ms.
c [w = 125] Answer:
s [w = 125] UNSAT (w = 125).
c [Signal] Signal interruption. Caught signal: SIGTERM (15).
c [w = 157] Start task in PID: 61114.
c [w = 157] Cyclic Antibandwidth problem with w = 157 (O-impcol_d.mtx.rnd):
c [w = 157] Initializing CaDiCaL (version 2.2.1).
c [w = 157] Configuring CaDiCaL as --sat (1).
c [w = 157] Encoding starts with w = 157:
c [w = 157] Symmetry breaking highest degree node is applied.
c [w = 157] Encoding duration: 3325 ms.
c [w = 157] Number of clauses: 4113434.
c [w = 157] Number of variables: 591600.
c [w = 157] SAT Solving starts:
c [w = 157] Solving duration: 12901 ms.
c [w = 157] Answer:
s [w = 157] UNSAT (w = 157).
c [Signal] Signal interruption. Caught signal: SIGTERM (15).
c [w = 141] Start task in PID: 61110.
c [w = 141] Cyclic Antibandwidth problem with w = 141 (O-impcol_d.mtx.rnd):
c [w = 141] Initializing CaDiCaL (version 2.2.1).
c [w = 141] Configuring CaDiCaL as --sat (1).
c [w = 141] Encoding starts with w = 141:
c [w = 141] Symmetry breaking highest degree node is applied.
c [w = 141] Encoding duration: 3437 ms.
c [w = 141] Number of clauses: 4219283.
c [w = 141] Number of variables: 629850.
c [w = 141] SAT Solving starts:
c [Signal] Signal interruption. Caught signal: SIGTERM (15).
c [Main] Child pid 157 - 61114 terminated by signal 15.
c [Main] Child pid 125 - 61113 terminated by signal 15.
c [Main] Child pid 141 - 61110 terminated by signal 15.
c [w = 53] Start task in PID: 61115.
c [w = 53] Cyclic Antibandwidth problem with w = 53 (O-impcol_d.mtx.rnd):
c [w = 53] Initializing CaDiCaL (version 2.2.1).
c [w = 53] Configuring CaDiCaL as --sat (1).
c [w = 53] Encoding starts with w = 53:
c [w = 53] Symmetry breaking highest degree node is applied.
c [w = 53] Encoding duration: 3041 ms.
c [w = 53] Number of clauses: 3983103.
c [w = 53] Number of variables: 565250.
c [w = 53] SAT Solving starts:
c [w = 53] Solving duration: 18383 ms.
c [w = 53] Answer:
s [w = 53] SAT (w = 53).
c [w = 53] Solution check = 53.
c [w = 53] The solution is correct.
c [w = 53] Result: 10.
c [Main] Max width SAT is set to 53.
c [Main] Kill lower pid 49.
c [w = 49] Start task in PID: 61330.
c [w = 49] Cyclic Antibandwidth problem with w = 49 (O-impcol_d.mtx.rnd):
c [w = 49] Initializing CaDiCaL (version 2.2.1).
c [w = 49] Configuring CaDiCaL as --sat (1).
c [w = 49] Encoding starts with w = 49:
c [w = 49] Symmetry breaking highest degree node is applied.
c [w = 49] Encoding duration: 2846 ms.
c [w = 49] Number of clauses: 4000103.
c [w = 49] Number of variables: 571200.
c [w = 49] SAT Solving starts:
c [Signal] Signal interruption. Caught signal: SIGTERM (15).
c [Main] Child pid 49 - 61330 terminated by signal 15.
c [w = 61] Start task in PID: 61111.
c [w = 61] Cyclic Antibandwidth problem with w = 61 (O-impcol_d.mtx.rnd):
c [w = 61] Initializing CaDiCaL (version 2.2.1).
c [w = 61] Configuring CaDiCaL as --sat (1).
c [w = 61] Encoding starts with w = 61:
c [w = 61] Symmetry breaking highest degree node is applied.
c [w = 61] Encoding duration: 3074 ms.
c [w = 61] Number of clauses: 3995380.
c [w = 61] Number of variables: 567800.
c [w = 61] SAT Solving starts:
c [w = 61] Solving duration: 27316 ms.
c [w = 61] Answer:
s [w = 61] SAT (w = 61).
c [w = 61] Solution check = 61.
c [w = 61] The solution is correct.
c [w = 61] Result: 10.
c [Main] Max width SAT is set to 61.
c [Main] Kill lower pid 57.
c [w = 57] Start task in PID: 61332.
c [w = 57] Cyclic Antibandwidth problem with w = 57 (O-impcol_d.mtx.rnd):
c [w = 57] Initializing CaDiCaL (version 2.2.1).
c [w = 57] Configuring CaDiCaL as --sat (1).
c [w = 57] Encoding starts with w = 57:
c [w = 57] Symmetry breaking highest degree node is applied.
c [w = 57] Encoding duration: 2743 ms.
c [w = 57] Number of clauses: 4026429.
c [w = 57] Number of variables: 578850.
c [w = 57] SAT Solving starts:
c [Signal] Signal interruption. Caught signal: SIGTERM (15).
c [Main] Child pid 57 - 61332 terminated by signal 15.
c [w = 69] Start task in PID: 61327.
c [w = 69] Cyclic Antibandwidth problem with w = 69 (O-impcol_d.mtx.rnd):
c [w = 69] Initializing CaDiCaL (version 2.2.1).
c [w = 69] Configuring CaDiCaL as --sat (1).
c [w = 69] Encoding starts with w = 69:
c [w = 69] Symmetry breaking highest degree node is applied.
c [w = 69] Encoding duration: 2904 ms.
c [w = 69] Number of clauses: 4070180.
c [w = 69] Number of variables: 591600.
c [w = 69] SAT Solving starts:
c [w = 69] Solving duration: 46616 ms.
c [w = 69] Answer:
s [w = 69] SAT (w = 69).
c [w = 69] Solution check = 69.
c [w = 69] The solution is correct.
c [w = 69] Result: 10.
c [Main] Max width SAT is set to 69.
c [Main] Kill lower pid 65.
c [w = 65] Start task in PID: 61333.
c [w = 65] Cyclic Antibandwidth problem with w = 65 (O-impcol_d.mtx.rnd):
c [w = 65] Initializing CaDiCaL (version 2.2.1).
c [w = 65] Configuring CaDiCaL as --sat (1).
c [w = 65] Encoding starts with w = 65:
c [w = 65] Symmetry breaking highest degree node is applied.
c [w = 65] Encoding duration: 2720 ms.
c [w = 65] Number of clauses: 4032780.
c [w = 65] Number of variables: 579700.
c [w = 65] SAT Solving starts:
c [Signal] Signal interruption. Caught signal: SIGTERM (15).
c [Main] Child pid 65 - 61333 terminated by signal 15.
c [w = 73] Start task in PID: 61336.
c [w = 73] Cyclic Antibandwidth problem with w = 73 (O-impcol_d.mtx.rnd):
c [w = 73] Initializing CaDiCaL (version 2.2.1).
c [w = 73] Configuring CaDiCaL as --sat (1).
c [w = 73] Encoding starts with w = 73:
c [w = 73] Symmetry breaking highest degree node is applied.
c [w = 73] Encoding duration: 2602 ms.
c [w = 73] Number of clauses: 4019156.
c [w = 73] Number of variables: 573750.
c [w = 73] SAT Solving starts:
c [w = 73] Solving duration: 103883 ms.
c [w = 73] Answer:
s [w = 73] SAT (w = 73).
c [w = 73] Solution check = 73.
c [w = 73] The solution is correct.
c [w = 73] Result: 10.
c [Main] Max width SAT is set to 73.
c [w = 77] Start task in PID: 61109.
c [w = 77] Cyclic Antibandwidth problem with w = 77 (O-impcol_d.mtx.rnd):
c [w = 77] Initializing CaDiCaL (version 2.2.1).
c [w = 77] Configuring CaDiCaL as --sat (1).
c [w = 77] Encoding starts with w = 77:
c [w = 77] Symmetry breaking highest degree node is applied.
c [w = 77] Encoding duration: 3161 ms.
c [w = 77] Number of clauses: 4051456.
c [w = 77] Number of variables: 583950.
c [w = 77] SAT Solving starts:
c [w = 77] Solving duration: 144738 ms.
c [w = 77] Answer:
s [w = 77] SAT (w = 77).
c [w = 77] Solution check = 77.
c [w = 77] The solution is correct.
c [w = 77] Result: 10.
c [Main] Max width SAT is set to 77.
c [w = 81] Start task in PID: 61337.
c [w = 81] Cyclic Antibandwidth problem with w = 81 (O-impcol_d.mtx.rnd):
c [w = 81] Initializing CaDiCaL (version 2.2.1).
c [w = 81] Configuring CaDiCaL as --sat (1).
c [w = 81] Encoding starts with w = 81:
c [w = 81] Symmetry breaking highest degree node is applied.
c [w = 81] Encoding duration: 2680 ms.
c [w = 81] Number of clauses: 4083756.
c [w = 81] Number of variables: 594150.
c [w = 81] SAT Solving starts:
c [w = 81] Solving duration: 134414 ms.
c [w = 81] Answer:
s [w = 81] SAT (w = 81).
c [w = 81] Solution check = 81.
c [w = 81] The solution is correct.
c [w = 81] Result: 10.
c [Main] Max width SAT is set to 81.
c [Main] Kill lower pid 79.
c [w = 79] Start task in PID: 61362.
c [w = 79] Cyclic Antibandwidth problem with w = 79 (O-impcol_d.mtx.rnd):
c [w = 79] Initializing CaDiCaL (version 2.2.1).
c [w = 79] Configuring CaDiCaL as --sat (1).
c [w = 79] Encoding starts with w = 79:
c [w = 79] Symmetry breaking highest degree node is applied.
c [w = 79] Encoding duration: 2602 ms.
c [w = 79] Number of clauses: 4067606.
c [w = 79] Number of variables: 589050.
c [w = 79] SAT Solving starts:
c [Signal] Signal interruption. Caught signal: SIGTERM (15).
c [Main] Child pid 79 - 61362 terminated by signal 15.
c [w = 89] Start task in PID: 61343.
c [w = 89] Cyclic Antibandwidth problem with w = 89 (O-impcol_d.mtx.rnd):
c [w = 89] Initializing CaDiCaL (version 2.2.1).
c [w = 89] Configuring CaDiCaL as --sat (1).
c [w = 89] Encoding starts with w = 89:
c [w = 89] Symmetry breaking highest degree node is applied.
c [w = 89] Encoding duration: 2822 ms.
c [w = 89] Number of clauses: 4039957.
c [w = 89] Number of variables: 578000.
c [w = 89] SAT Solving starts:
c [w = 89] Solving duration: 136646 ms.
c [w = 89] Answer:
s [w = 89] SAT (w = 89).
c [w = 89] Solution check = 89.
c [w = 89] The solution is correct.
c [w = 89] Result: 10.
c [Main] Max width SAT is set to 89.
c [Main] Kill lower pid 87.
c [Main] Kill lower pid 83.
c [Main] Kill lower pid 85.
c [w = 87] Start task in PID: 61366.
c [w = 87] Cyclic Antibandwidth problem with w = 87 (O-impcol_d.mtx.rnd):
c [w = 87] Initializing CaDiCaL (version 2.2.1).
c [w = 87] Configuring CaDiCaL as --sat (1).
c [w = 87] Encoding starts with w = 87:
c [w = 87] Symmetry breaking highest degree node is applied.
c [w = 87] Encoding duration: 2579 ms.
c [w = 87] Number of clauses: 4026357.
c [w = 87] Number of variables: 573750.
c [w = 87] SAT Solving starts:
c [Signal] Signal interruption. Caught signal: SIGTERM (15).
c [w = 83] Start task in PID: 61365.
c [w = 83] Cyclic Antibandwidth problem with w = 83 (O-impcol_d.mtx.rnd):
c [w = 83] Initializing CaDiCaL (version 2.2.1).
c [w = 83] Configuring CaDiCaL as --sat (1).
c [w = 83] Encoding starts with w = 83:
c [w = 83] Symmetry breaking highest degree node is applied.
c [w = 83] Encoding duration: 2670 ms.
c [w = 83] Number of clauses: 4099906.
c [w = 83] Number of variables: 599250.
c [w = 83] SAT Solving starts:
c [Signal] Signal interruption. Caught signal: SIGTERM (15).
c [w = 85] Start task in PID: 61328.
c [w = 85] Cyclic Antibandwidth problem with w = 85 (O-impcol_d.mtx.rnd):
c [w = 85] Initializing CaDiCaL (version 2.2.1).
c [w = 85] Configuring CaDiCaL as --sat (1).
c [w = 85] Encoding starts with w = 85:
c [w = 85] Symmetry breaking highest degree node is applied.
c [w = 85] Encoding duration: 2671 ms.
c [w = 85] Number of clauses: 4012757.
c [w = 85] Number of variables: 569500.
c [w = 85] SAT Solving starts:
c [Signal] Signal interruption. Caught signal: SIGTERM (15).
c [Main] Child pid 85 - 61328 terminated by signal 15.
c [Main] Child pid 87 - 61366 terminated by signal 15.
c [Main] Child pid 83 - 61365 terminated by signal 15.
c [w = 101] Start task in PID: 61329.
c [w = 101] Cyclic Antibandwidth problem with w = 101 (O-impcol_d.mtx.rnd):
c [w = 101] Initializing CaDiCaL (version 2.2.1).
c [w = 101] Configuring CaDiCaL as --sat (1).
c [w = 101] Encoding starts with w = 101:
c [w = 101] Symmetry breaking highest degree node is applied.
c [w = 101] Encoding duration: 2807 ms.
c [w = 101] Number of clauses: 4121557.
c [w = 101] Number of variables: 603500.
c [w = 101] SAT Solving starts:
c [w = 101] Solving duration: 206579 ms.
c [w = 101] Answer:
s [w = 101] SAT (w = 101).
c [w = 101] Solution check = 101.
c [w = 101] The solution is correct.
c [w = 101] Result: 10.
c [w = 95] Start task in PID: 61377.
c [w = 95] Cyclic Antibandwidth problem with w = 95 (O-impcol_d.mtx.rnd):
c [w = 95] Initializing CaDiCaL (version 2.2.1).
c [w = 95] Configuring CaDiCaL as --sat (1).
c [w = 95] Encoding starts with w = 95:
c [w = 95] Symmetry breaking highest degree node is applied.
c [w = 95] Encoding duration: 2689 ms.
c [w = 95] Number of clauses: 4080757.
c [w = 95] Number of variables: 590750.
c [w = 95] SAT Solving starts:
c [Signal] Signal interruption. Caught signal: SIGTERM (15).
c [Main] Max width SAT is set to 101.
c [Main] Kill lower pid 99.
c [Main] Kill lower pid 95.
c [Main] Kill lower pid 91.
c [Main] Kill lower pid 97.
c [Main] Kill lower pid 93.
c [w = 99] Start task in PID: 61378.
c [w = 99] Cyclic Antibandwidth problem with w = 99 (O-impcol_d.mtx.rnd):
c [w = 99] Initializing CaDiCaL (version 2.2.1).
c [w = 99] Configuring CaDiCaL as --sat (1).
c [w = 99] Encoding starts with w = 99:
c [w = 99] Symmetry breaking highest degree node is applied.
c [w = 99] Encoding duration: 2844 ms.
c [w = 99] Number of clauses: 4107957.
c [w = 99] Number of variables: 599250.
c [w = 99] SAT Solving starts:
c [Signal] Signal interruption. Caught signal: SIGTERM (15).
c [w = 91] Start task in PID: 61376.
c [w = 91] Cyclic Antibandwidth problem with w = 91 (O-impcol_d.mtx.rnd):
c [w = 91] Initializing CaDiCaL (version 2.2.1).
c [w = 91] Configuring CaDiCaL as --sat (1).
c [w = 91] Encoding starts with w = 91:
c [w = 91] Symmetry breaking highest degree node is applied.
c [w = 91] Encoding duration: 2727 ms.
c [w = 91] Number of clauses: 4053557.
c [w = 91] Number of variables: 582250.
c [w = 91] SAT Solving starts:
c [Signal] Signal interruption. Caught signal: SIGTERM (15).
c [w = 97] Start task in PID: 61344.
c [w = 97] Cyclic Antibandwidth problem with w = 97 (O-impcol_d.mtx.rnd):
c [w = 97] Initializing CaDiCaL (version 2.2.1).
c [w = 97] Configuring CaDiCaL as --sat (1).
c [w = 97] Encoding starts with w = 97:
c [w = 97] Symmetry breaking highest degree node is applied.
c [w = 97] Encoding duration: 2862 ms.
c [w = 97] Number of clauses: 4094357.
c [w = 97] Number of variables: 595000.
c [w = 97] SAT Solving starts:
c [Signal] Signal interruption. Caught signal: SIGTERM (15).
c [w = 93] Start task in PID: 61112.
c [w = 93] Cyclic Antibandwidth problem with w = 93 (O-impcol_d.mtx.rnd):
c [w = 93] Initializing CaDiCaL (version 2.2.1).
c [w = 93] Configuring CaDiCaL as --sat (1).
c [w = 93] Encoding starts with w = 93:
c [w = 93] Symmetry breaking highest degree node is applied.
c [w = 93] Encoding duration: 2933 ms.
c [w = 93] Number of clauses: 4067157.
c [w = 93] Number of variables: 586500.
c [w = 93] SAT Solving starts:
c [Signal] Signal interruption. Caught signal: SIGTERM (15).
c [Main] Child pid 93 - 61112 terminated by signal 15.
c [Main] Child pid 99 - 61378 terminated by signal 15.
c [Main] Child pid 97 - 61344 terminated by signal 15.
c [Main] Child pid 95 - 61377 terminated by signal 15.
c [Main] Child pid 91 - 61376 terminated by signal 15.
c [w = 107] Start task in PID: 61383.
c [w = 107] Cyclic Antibandwidth problem with w = 107 (O-impcol_d.mtx.rnd):
c [w = 107] Initializing CaDiCaL (version 2.2.1).
c [w = 107] Configuring CaDiCaL as --sat (1).
c [w = 107] Encoding starts with w = 107:
c [w = 107] Symmetry breaking highest degree node is applied.
c [w = 107] Encoding duration: 2894 ms.
c [w = 107] Number of clauses: 4031433.
c [w = 107] Number of variables: 572050.
c [w = 107] SAT Solving starts:
c [w = 107] Solving duration: 8814 ms.
c [w = 107] Answer:
s [w = 107] UNSAT (w = 107).
c [w = 107] Result: 20.
c [Main] Min width UNSAT is set to 107
c [Main] Kill higher pid 108.
c [w = 108] Start task in PID: 61387.
c [w = 108] Cyclic Antibandwidth problem with w = 108 (O-impcol_d.mtx.rnd):
c [w = 108] Initializing CaDiCaL (version 2.2.1).
c [w = 108] Configuring CaDiCaL as --sat (1).
c [w = 108] Encoding starts with w = 108:
c [w = 108] Symmetry breaking highest degree node is applied.
c [w = 108] Encoding duration: 3650 ms.
c [w = 108] Number of clauses: 4036958.
c [w = 108] Number of variables: 573750.
c [w = 108] SAT Solving starts:
c [Signal] Signal interruption. Caught signal: SIGTERM (15).
c [Main] Child pid 108 - 61387 terminated by signal 15.
c [w = 106] Start task in PID: 61386.
c [w = 106] Cyclic Antibandwidth problem with w = 106 (O-impcol_d.mtx.rnd):
c [w = 106] Initializing CaDiCaL (version 2.2.1).
c [w = 106] Configuring CaDiCaL as --sat (1).
c [w = 106] Encoding starts with w = 106:
c [w = 106] Symmetry breaking highest degree node is applied.
c [w = 106] Encoding duration: 3795 ms.
c [w = 106] Number of clauses: 4023382.
c [w = 106] Number of variables: 570350.
c [w = 106] SAT Solving starts:
c [w = 106] Solving duration: 51694 ms.
c [w = 106] Answer:
s [w = 106] UNSAT (w = 106).
c [w = 106] Result: 20.
c [Main] Min width UNSAT is set to 106
c [w = 102] Start task in PID: 61384.
c [w = 102] Cyclic Antibandwidth problem with w = 102 (O-impcol_d.mtx.rnd):
c [w = 102] Initializing CaDiCaL (version 2.2.1).
c [w = 102] Configuring CaDiCaL as --sat (1).
c [w = 102] Encoding starts with w = 102:
c [w = 102] Symmetry breaking highest degree node is applied.
c [w = 102] Encoding duration: 3793 ms.
c [w = 102] Number of clauses: 4128357.
c [w = 102] Number of variables: 605625.
c [w = 102] SAT Solving starts:
c [w = 102] Solving duration: 132699 ms.
c [w = 102] Answer:
s [w = 102] SAT (w = 102).
c [w = 102] Solution check = 102.
c [w = 102] The solution is correct.
c [w = 102] Result: 10.
c [Main] Max width SAT is set to 102.
c [w = 103] Start task in PID: 61379.
c [w = 103] Cyclic Antibandwidth problem with w = 103 (O-impcol_d.mtx.rnd):
c [w = 103] Initializing CaDiCaL (version 2.2.1).
c [w = 103] Configuring CaDiCaL as --sat (1).
c [w = 103] Encoding starts with w = 103:
c [w = 103] Symmetry breaking highest degree node is applied.
c [w = 103] Encoding duration: 2864 ms.
c [w = 103] Number of clauses: 4135157.
c [w = 103] Number of variables: 607750.
c [w = 103] SAT Solving starts:
c [w = 103] Solving duration: 191727 ms.
c [w = 103] Answer:
s [w = 103] SAT (w = 103).
c [w = 103] Solution check = 103.
c [w = 103] The solution is correct.
c [w = 103] Result: 10.
c [Main] Max width SAT is set to 103.
c [w = 105] Start task in PID: 61360.
c [w = 105] Cyclic Antibandwidth problem with w = 105 (O-impcol_d.mtx.rnd):
c [w = 105] Initializing CaDiCaL (version 2.2.1).
c [w = 105] Configuring CaDiCaL as --sat (1).
c [w = 105] Encoding starts with w = 105:
c [w = 105] Symmetry breaking highest degree node is applied.
c [w = 105] Encoding duration: 2920 ms.
c [w = 105] Number of clauses: 4148757.
c [w = 105] Number of variables: 612000.
c [w = 105] SAT Solving starts:
c [w = 105] Solving duration: 376723 ms.
c [w = 105] Answer:
s [w = 105] SAT (w = 105).
c [w = 105] Solution check = 105.
c [w = 105] The solution is correct.
c [w = 105] Result: 10.
c [Main] Max width SAT is set to 105.
c [Main] Kill lower pid 104.
c [w = 104] Start task in PID: 61385.
c [w = 104] Cyclic Antibandwidth problem with w = 104 (O-impcol_d.mtx.rnd):
c [w = 104] Initializing CaDiCaL (version 2.2.1).
c [w = 104] Configuring CaDiCaL as --sat (1).
c [w = 104] Encoding starts with w = 104:
c [w = 104] Symmetry breaking highest degree node is applied.
c [w = 104] Encoding duration: 3914 ms.
c [w = 104] Number of clauses: 4141957.
c [w = 104] Number of variables: 609875.
c [w = 104] SAT Solving starts:
c [Signal] Signal interruption. Caught signal: SIGTERM (15).
c [Main] Child pid 104 - 61385 terminated by signal 15.
c [Signal] Signal interruption. Caught signal: SIGTERM (15).
c [Main] All children have completed.
r [Main] 
r [Main] Final results: 
r [Main] Max width SAT:  	105.
r [Main] Min width UNSAT:	106.
r [Main] Total real time: 519255 ms.
r [Main] Total memory consumed: 9306.1 MB.
r [Main] 
