c [Version] Cyclic Anti-bandwidth Encoder version 1.0.0.
c [Param] Real time limit is set to 1800.
c [Param] Memory limit is set to 30000.
c [Param] Worker count is set to 8.
c [Main] Encoding and solving for graph: Q-494_bus.mtx.rnd.
c [Main] Search strategy: Binary search using BFS.
c [Main] Lower bound is set to 110.
c [Main] Upper bound is set to 246.
c [Main] Search order: 178 143 212 126 160 195 229 117 134 151 169 186 203 220 238 113 121 130 138 147 155 164 173 182 190 199 207 216 224 233 242 111 115 119 123 128 132 136 140 145 149 153 157 162 166 171 175 180 184 188 192 197 201 205 209 214 218 222 226 231 235 240 244 110 112 114 116 118 120 122 124 127 129 131 133 135 137 139 141 144 146 148 150 152 154 156 158 161 163 165 167 170 172 174 176 179 181 183 185 187 189 191 193 196 198 200 202 204 206 208 210 213 215 217 219 221 223 225 227 230 232 234 236 239 241 243 245 125 142 159 168 177 194 211 228 237 246.
c [w = 178] Start task in PID: 63052.
c [w = 178] Cyclic Antibandwidth problem with w = 178 (Q-494_bus.mtx.rnd):
c [w = 178] Initializing CaDiCaL (version 2.2.1).
c [w = 178] Configuring CaDiCaL as --sat (1).
c [w = 178] Encoding starts with w = 178:
c [w = 178] Symmetry breaking highest degree node is applied.
c [w = 178] Encoding duration: 2766 ms.
c [w = 178] Number of clauses: 3790375.
c [w = 178] Number of variables: 789906.
c [w = 178] SAT Solving starts:
c [w = 178] Solving duration: 13018 ms.
c [w = 178] Answer:
s [w = 178] UNSAT (w = 178).
c [w = 178] Result: 20.
c [Main] Min width UNSAT is set to 178
c [Main] Kill higher pid 229.
c [Main] Kill higher pid 212.
c [Main] Kill higher pid 195.
c [w = 212] Start task in PID: 63054.
c [w = 212] Cyclic Antibandwidth problem with w = 212 (Q-494_bus.mtx.rnd):
c [w = 212] Initializing CaDiCaL (version 2.2.1).
c [w = 212] Configuring CaDiCaL as --sat (1).
c [w = 212] Encoding starts with w = 212:
c [w = 212] Symmetry breaking highest degree node is applied.
c [w = 212] Encoding duration: 2904 ms.
c [w = 212] Number of clauses: 3958335.
c [w = 212] Number of variables: 840294.
c [w = 212] SAT Solving starts:
c [Signal] Signal interruption. Caught signal: SIGTERM (15).
c [w = 229] Start task in PID: 63058.
c [w = 229] Cyclic Antibandwidth problem with w = 229 (Q-494_bus.mtx.rnd):
c [w = 229] Initializing CaDiCaL (version 2.2.1).
c [w = 229] Configuring CaDiCaL as --sat (1).
c [w = 229] Encoding starts with w = 229:
c [w = 229] Symmetry breaking highest degree node is applied.
c [w = 229] Encoding duration: 2976 ms.
c [w = 229] Number of clauses: 4042315.
c [w = 229] Number of variables: 865488.
c [w = 229] SAT Solving starts:
c [Signal] Signal interruption. Caught signal: SIGTERM (15).
c [w = 195] Start task in PID: 63057.
c [w = 195] Cyclic Antibandwidth problem with w = 195 (Q-494_bus.mtx.rnd):
c [w = 195] Initializing CaDiCaL (version 2.2.1).
c [w = 195] Configuring CaDiCaL as --sat (1).
c [w = 195] Encoding starts with w = 195:
c [w = 195] Symmetry breaking highest degree node is applied.
c [w = 195] Encoding duration: 2828 ms.
c [w = 195] Number of clauses: 3874355.
c [w = 195] Number of variables: 815100.
c [w = 195] SAT Solving starts:
c [w = 195] Solving duration: 13465 ms.
c [w = 195] Answer:
s [w = 195] UNSAT (w = 195).
c [Signal] Signal interruption. Caught signal: SIGTERM (15).
c [Main] Child pid 195 - 63057 terminated by signal 15.
c [Main] Child pid 212 - 63054 terminated by signal 15.
c [Main] Child pid 229 - 63058 terminated by signal 15.
c [w = 126] Start task in PID: 63055.
c [w = 126] Cyclic Antibandwidth problem with w = 126 (Q-494_bus.mtx.rnd):
c [w = 126] Initializing CaDiCaL (version 2.2.1).
c [w = 126] Configuring CaDiCaL as --sat (1).
c [w = 126] Encoding starts with w = 126:
c [w = 126] Symmetry breaking highest degree node is applied.
c [w = 126] Encoding duration: 2708 ms.
c [w = 126] Number of clauses: 3715999.
c [w = 126] Number of variables: 773604.
c [w = 126] SAT Solving starts:
c [w = 126] Solving duration: 19466 ms.
c [w = 126] Answer:
s [w = 126] SAT (w = 126).
c [w = 126] Solution check = 126.
c [w = 126] The solution is correct.
c [w = 126] Result: 10.
c [Main] Max width SAT is set to 126.
c [Main] Kill lower pid 117.
c [Main] Kill lower pid 113.
c [w = 113] Start task in PID: 63064.
c [w = 113] Cyclic Antibandwidth problem with w = 113 (Q-494_bus.mtx.rnd):
c [w = 113] Initializing CaDiCaL (version 2.2.1).
c [w = 113] Configuring CaDiCaL as --sat (1).
c [w = 113] Encoding starts with w = 113:
c [w = 113] Symmetry breaking highest degree node is applied.
c [w = 113] Encoding duration: 2592 ms.
c [w = 113] Number of clauses: 3796245.
c [w = 113] Number of variables: 802256.
c [w = 113] SAT Solving starts:
c [Signal] Signal interruption. Caught signal: SIGTERM (15).
c [w = 117] Start task in PID: 63059.
c [w = 117] Cyclic Antibandwidth problem with w = 117 (Q-494_bus.mtx.rnd):
c [w = 117] Initializing CaDiCaL (version 2.2.1).
c [w = 117] Configuring CaDiCaL as --sat (1).
c [w = 117] Encoding starts with w = 117:
c [w = 117] Symmetry breaking highest degree node is applied.
c [w = 117] Encoding duration: 2815 ms.
c [w = 117] Number of clauses: 3827861.
c [w = 117] Number of variables: 812136.
c [w = 117] SAT Solving starts:
c [Signal] Signal interruption. Caught signal: SIGTERM (15).
c [Main] Child pid 117 - 63059 terminated by signal 15.
e [Pid] Unable to open /proc/63059/status
c [Main] Child pid 113 - 63064 terminated by signal 15.
c [w = 169] Start task in PID: 63063.
c [w = 169] Cyclic Antibandwidth problem with w = 169 (Q-494_bus.mtx.rnd):
c [w = 169] Initializing CaDiCaL (version 2.2.1).
c [w = 169] Configuring CaDiCaL as --sat (1).
c [w = 169] Encoding starts with w = 169:
c [w = 169] Symmetry breaking highest degree node is applied.
c [w = 169] Encoding duration: 2483 ms.
c [w = 169] Number of clauses: 3745915.
c [w = 169] Number of variables: 776568.
c [w = 169] SAT Solving starts:
c [w = 169] Solving duration: 14238 ms.
c [w = 169] Answer:
s [w = 169] UNSAT (w = 169).
c [w = 169] Result: 20.
c [Main] Min width UNSAT is set to 169
c [w = 134] Start task in PID: 63061.
c [w = 134] Cyclic Antibandwidth problem with w = 134 (Q-494_bus.mtx.rnd):
c [w = 134] Initializing CaDiCaL (version 2.2.1).
c [w = 134] Configuring CaDiCaL as --sat (1).
c [w = 134] Encoding starts with w = 134:
c [w = 134] Symmetry breaking highest degree node is applied.
c [w = 134] Encoding duration: 2536 ms.
c [w = 134] Number of clauses: 3767375.
c [w = 134] Number of variables: 789412.
c [w = 134] SAT Solving starts:
c [w = 134] Solving duration: 45978 ms.
c [w = 134] Answer:
s [w = 134] SAT (w = 134).
c [w = 134] Solution check = 134.
c [w = 134] The solution is correct.
c [w = 134] Result: 10.
c [Main] Max width SAT is set to 134.
c [Main] Kill lower pid 130.
c [w = 130] Start task in PID: 63069.
c [w = 130] Cyclic Antibandwidth problem with w = 130 (Q-494_bus.mtx.rnd):
c [w = 130] Initializing CaDiCaL (version 2.2.1).
c [w = 130] Configuring CaDiCaL as --sat (1).
c [w = 130] Encoding starts with w = 130:
c [w = 130] Symmetry breaking highest degree node is applied.
c [w = 130] Encoding duration: 2697 ms.
c [w = 130] Number of clauses: 3741687.
c [w = 130] Number of variables: 781508.
c [w = 130] SAT Solving starts:
c [Signal] Signal interruption. Caught signal: SIGTERM (15).
c [Main] Child pid 130 - 63069 terminated by signal 15.
c [w = 151] Start task in PID: 63062.
c [w = 151] Cyclic Antibandwidth problem with w = 151 (Q-494_bus.mtx.rnd):
c [w = 151] Initializing CaDiCaL (version 2.2.1).
c [w = 151] Configuring CaDiCaL as --sat (1).
c [w = 151] Encoding starts with w = 151:
c [w = 151] Symmetry breaking highest degree node is applied.
c [w = 151] Encoding duration: 2612 ms.
c [w = 151] Number of clauses: 3876549.
c [w = 151] Number of variables: 823004.
c [w = 151] SAT Solving starts:
c [w = 151] Solving duration: 48299 ms.
c [w = 151] Answer:
s [w = 151] SAT (w = 151).
c [w = 151] Solution check = 151.
c [w = 151] The solution is correct.
c [w = 151] Result: 10.
c [w = 136] Start task in PID: 63080.
c [w = 136] Cyclic Antibandwidth problem with w = 136 (Q-494_bus.mtx.rnd):
c [w = 136] Initializing CaDiCaL (version 2.2.1).
c [w = 136] Configuring CaDiCaL as --sat (1).
c [w = 136] Encoding starts with w = 136:
c [w = 136] Symmetry breaking highest degree node is applied.
c [Signal] Signal interruption. Caught signal: SIGTERM (15).
c [Main] Max width SAT is set to 151.
c [Main] Kill lower pid 136.
c [Main] Kill lower pid 138.
c [Main] Kill lower pid 147.
c [Main] Kill lower pid 143.
c [w = 138] Start task in PID: 63070.
c [w = 138] Cyclic Antibandwidth problem with w = 138 (Q-494_bus.mtx.rnd):
c [w = 138] Initializing CaDiCaL (version 2.2.1).
c [w = 138] Configuring CaDiCaL as --sat (1).
c [w = 138] Encoding starts with w = 138:
c [w = 138] Symmetry breaking highest degree node is applied.
c [w = 138] Encoding duration: 2569 ms.
c [w = 138] Number of clauses: 3793063.
c [w = 138] Number of variables: 797316.
c [w = 138] SAT Solving starts:
c [Signal] Signal interruption. Caught signal: SIGTERM (15).
c [w = 143] Start task in PID: 63053.
c [w = 143] Cyclic Antibandwidth problem with w = 143 (Q-494_bus.mtx.rnd):
c [w = 143] Initializing CaDiCaL (version 2.2.1).
c [w = 143] Configuring CaDiCaL as --sat (1).
c [w = 143] Encoding starts with w = 143:
c [w = 143] Symmetry breaking highest degree node is applied.
c [w = 143] Encoding duration: 2805 ms.
c [w = 143] Number of clauses: 3825173.
c [w = 143] Number of variables: 807196.
c [w = 143] SAT Solving starts:
c [Signal] Signal interruption. Caught signal: SIGTERM (15).
c [w = 147] Start task in PID: 63071.
c [w = 147] Cyclic Antibandwidth problem with w = 147 (Q-494_bus.mtx.rnd):
c [w = 147] Initializing CaDiCaL (version 2.2.1).
c [w = 147] Configuring CaDiCaL as --sat (1).
c [w = 147] Encoding starts with w = 147:
c [w = 147] Symmetry breaking highest degree node is applied.
c [w = 147] Encoding duration: 2757 ms.
c [w = 147] Number of clauses: 3850861.
c [w = 147] Number of variables: 815100.
c [w = 147] SAT Solving starts:
c [Signal] Signal interruption. Caught signal: SIGTERM (15).
c [Main] Child pid 136 - 63080 terminated by signal 15.
c [Main] Child pid 143 - 63053 terminated by signal 15.
c [Main] Child pid 138 - 63070 terminated by signal 15.
c [Main] Child pid 147 - 63071 terminated by signal 15.
c [w = 166] Start task in PID: 63357.
c [w = 166] Cyclic Antibandwidth problem with w = 166 (Q-494_bus.mtx.rnd):
c [w = 166] Initializing CaDiCaL (version 2.2.1).
c [w = 166] Configuring CaDiCaL as --sat (1).
c [w = 166] Encoding starts with w = 166:
c [w = 166] Symmetry breaking highest degree node is applied.
c [w = 166] Encoding duration: 2818 ms.
c [w = 166] Number of clauses: 3731095.
c [w = 166] Number of variables: 772122.
c [w = 166] SAT Solving starts:
c [w = 166] Solving duration: 13610 ms.
c [w = 166] Answer:
s [w = 166] UNSAT (w = 166).
c [w = 166] Result: 20.
c [Main] Min width UNSAT is set to 166
c [w = 160] Start task in PID: 63056.
c [w = 160] Cyclic Antibandwidth problem with w = 160 (Q-494_bus.mtx.rnd):
c [w = 160] Initializing CaDiCaL (version 2.2.1).
c [w = 160] Configuring CaDiCaL as --sat (1).
c [w = 160] Encoding starts with w = 160:
c [w = 160] Symmetry breaking highest degree node is applied.
c [w = 160] Encoding duration: 2896 ms.
c [w = 160] Number of clauses: 3934347.
c [w = 160] Number of variables: 840788.
c [w = 160] SAT Solving starts:
c [w = 160] Solving duration: 161052 ms.
c [w = 160] Answer:
s [w = 160] SAT (w = 160).
c [w = 160] Solution check = 160.
c [w = 160] The solution is correct.
c [w = 160] Result: 10.
c [w = 152] Start task in PID: 63361.
c [w = 152] Cyclic Antibandwidth problem with w = 152 (Q-494_bus.mtx.rnd):
c [w = 152] Initializing CaDiCaL (version 2.2.1).
c [w = 152] Configuring CaDiCaL as --sat (1).
c [w = 152] Encoding starts with w = 152:
c [w = 152] Symmetry breaking highest degree node is applied.
c [w = 152] Encoding duration: 2871 ms.
c [w = 152] Number of clauses: 3882971.
c [w = 152] Number of variables: 824980.
c [w = 152] SAT Solving starts:
c [Signal] Signal interruption. Caught signal: SIGTERM (15).
c [Main] Max width SAT is set to 160.
c [Main] Kill lower pid 154.
c [Main] Kill lower pid 152.
c [Main] Kill lower pid 157.
c [Main] Kill lower pid 153.
c [Main] Kill lower pid 155.
c [w = 154] Start task in PID: 63519.
c [w = 154] Cyclic Antibandwidth problem with w = 154 (Q-494_bus.mtx.rnd):
c [w = 154] Initializing CaDiCaL (version 2.2.1).
c [w = 154] Configuring CaDiCaL as --sat (1).
c [w = 154] Encoding starts with w = 154:
c [w = 154] Symmetry breaking highest degree node is applied.
c [w = 154] Encoding duration: 2629 ms.
c [w = 154] Number of clauses: 3895815.
c [w = 154] Number of variables: 828932.
c [w = 154] SAT Solving starts:
c [Signal] Signal interruption. Caught signal: SIGTERM (15).
c [w = 157] Start task in PID: 63351.
c [w = 157] Cyclic Antibandwidth problem with w = 157 (Q-494_bus.mtx.rnd):
c [w = 157] Initializing CaDiCaL (version 2.2.1).
c [w = 157] Configuring CaDiCaL as --sat (1).
c [w = 157] Encoding starts with w = 157:
c [w = 157] Symmetry breaking highest degree node is applied.
c [w = 157] Encoding duration: 3114 ms.
c [w = 157] Number of clauses: 3915081.
c [w = 157] Number of variables: 834860.
c [w = 157] SAT Solving starts:
c [Signal] Signal interruption. Caught signal: SIGTERM (15).
c [w = 153] Start task in PID: 63337.
c [w = 153] Cyclic Antibandwidth problem with w = 153 (Q-494_bus.mtx.rnd):
c [w = 153] Initializing CaDiCaL (version 2.2.1).
c [w = 153] Configuring CaDiCaL as --sat (1).
c [w = 153] Encoding starts with w = 153:
c [w = 153] Symmetry breaking highest degree node is applied.
c [w = 153] Encoding duration: 3166 ms.
c [w = 153] Number of clauses: 3889393.
c [w = 153] Number of variables: 826956.
c [w = 153] SAT Solving starts:
c [Signal] Signal interruption. Caught signal: SIGTERM (15).
c [w = 155] Start task in PID: 63073.
c [w = 155] Cyclic Antibandwidth problem with w = 155 (Q-494_bus.mtx.rnd):
c [w = 155] Initializing CaDiCaL (version 2.2.1).
c [w = 155] Configuring CaDiCaL as --sat (1).
c [w = 155] Encoding starts with w = 155:
c [w = 155] Symmetry breaking highest degree node is applied.
c [w = 155] Encoding duration: 2651 ms.
c [w = 155] Number of clauses: 3902237.
c [w = 155] Number of variables: 830908.
c [w = 155] SAT Solving starts:
c [Signal] Signal interruption. Caught signal: SIGTERM (15).
c [Main] Child pid 153 - 63337 terminated by signal 15.
c [Main] Child pid 154 - 63519 terminated by signal 15.
c [Main] Child pid 157 - 63351 terminated by signal 15.
c [Main] Child pid 155 - 63073 terminated by signal 15.
c [Main] Child pid 152 - 63361 terminated by signal 15.
c [w = 165] Start task in PID: 63535.
c [w = 165] Cyclic Antibandwidth problem with w = 165 (Q-494_bus.mtx.rnd):
c [w = 165] Initializing CaDiCaL (version 2.2.1).
c [w = 165] Configuring CaDiCaL as --sat (1).
c [w = 165] Encoding starts with w = 165:
c [w = 165] Symmetry breaking highest degree node is applied.
c [w = 165] Encoding duration: 2657 ms.
c [w = 165] Number of clauses: 3726155.
c [w = 165] Number of variables: 770640.
c [w = 165] SAT Solving starts:
c [w = 165] Solving duration: 13597 ms.
c [w = 165] Answer:
s [w = 165] UNSAT (w = 165).
c [w = 165] Result: 20.
c [Main] Min width UNSAT is set to 165
c [w = 162] Start task in PID: 63356.
c [w = 162] Cyclic Antibandwidth problem with w = 162 (Q-494_bus.mtx.rnd):
c [w = 162] Initializing CaDiCaL (version 2.2.1).
c [w = 162] Configuring CaDiCaL as --sat (1).
c [w = 162] Encoding starts with w = 162:
c [w = 162] Symmetry breaking highest degree node is applied.
c [w = 162] Encoding duration: 3141 ms.
c [w = 162] Number of clauses: 3947191.
c [w = 162] Number of variables: 844740.
c [w = 162] SAT Solving starts:
c [w = 162] Solving duration: 146128 ms.
c [w = 162] Answer:
s [w = 162] SAT (w = 162).
c [w = 162] Solution check = 162.
c [w = 162] The solution is correct.
c [w = 162] Result: 10.
c [Main] Max width SAT is set to 162.
c [Main] Kill lower pid 161.
c [w = 161] Start task in PID: 63533.
c [w = 161] Cyclic Antibandwidth problem with w = 161 (Q-494_bus.mtx.rnd):
c [w = 161] Initializing CaDiCaL (version 2.2.1).
c [w = 161] Configuring CaDiCaL as --sat (1).
c [w = 161] Encoding starts with w = 161:
c [w = 161] Symmetry breaking highest degree node is applied.
c [w = 161] Encoding duration: 1873 ms.
c [w = 161] Number of clauses: 3940769.
c [w = 161] Number of variables: 842764.
c [w = 161] SAT Solving starts:
c [Signal] Signal interruption. Caught signal: SIGTERM (15).
c [Main] Child pid 161 - 63533 terminated by signal 15.
c [w = 164] Start task in PID: 63077.
c [w = 164] Cyclic Antibandwidth problem with w = 164 (Q-494_bus.mtx.rnd):
c [w = 164] Initializing CaDiCaL (version 2.2.1).
c [w = 164] Configuring CaDiCaL as --sat (1).
c [w = 164] Encoding starts with w = 164:
c [w = 164] Symmetry breaking highest degree node is applied.
c [w = 164] Encoding duration: 2847 ms.
c [w = 164] Number of clauses: 3960035.
c [w = 164] Number of variables: 848692.
c [w = 164] SAT Solving starts:
c [w = 164] Solving duration: 152071 ms.
c [w = 164] Answer:
s [w = 164] SAT (w = 164).
c [w = 164] Solution check = 164.
c [w = 164] The solution is correct.
c [w = 164] Result: 10.
c [Main] Max width SAT is set to 164.
c [Main] Kill lower pid 163.
c [w = 163] Start task in PID: 63534.
c [w = 163] Cyclic Antibandwidth problem with w = 163 (Q-494_bus.mtx.rnd):
c [w = 163] Initializing CaDiCaL (version 2.2.1).
c [w = 163] Configuring CaDiCaL as --sat (1).
c [w = 163] Encoding starts with w = 163:
c [w = 163] Symmetry breaking highest degree node is applied.
c [w = 163] Encoding duration: 1774 ms.
c [w = 163] Number of clauses: 3953613.
c [w = 163] Number of variables: 846716.
c [w = 163] SAT Solving starts:
c [Signal] Signal interruption. Caught signal: SIGTERM (15).
c [Main] Child pid 163 - 63534 terminated by signal 15.
c [Signal] Signal interruption. Caught signal: SIGTERM (15).
c [Main] All children have completed.
r [Main] 
r [Main] Final results: 
r [Main] Max width SAT:  	164.
r [Main] Min width UNSAT:	165.
r [Main] Total real time: 222352 ms.
r [Main] Total memory consumed: 11004.1 MB.
r [Main] 
