c [Version] Cyclic Anti-bandwidth Encoder version 1.0.0.
c [Param] Real time limit is set to 1800.
c [Param] Memory limit is set to 30000.
c [Param] Worker count is set to 8.
c [Main] Encoding and solving for graph: S-sherman4.mtx.rnd.
c [Main] Search strategy: Binary search using BFS.
c [Main] Lower bound is set to 128.
c [Main] Upper bound is set to 272.
c [Main] Search order: 200 163 236 145 181 218 254 136 154 172 190 209 227 245 263 131 140 149 158 167 176 185 195 204 213 222 231 240 249 258 268 129 133 138 142 147 151 156 160 165 169 174 178 183 187 192 197 202 206 211 215 220 224 229 233 238 242 247 251 256 260 265 270 128 130 132 134 137 139 141 143 146 148 150 152 155 157 159 161 164 166 168 170 173 175 177 179 182 184 186 188 191 193 196 198 201 203 205 207 210 212 214 216 219 221 223 225 228 230 232 234 237 239 241 243 246 248 250 252 255 257 259 261 264 266 269 271 135 144 153 162 171 180 189 194 199 208 217 226 235 244 253 262 267 272.
c [w = 136] Start task in PID: 64118.
c [w = 136] Cyclic Antibandwidth problem with w = 136 (S-sherman4.mtx.rnd):
c [w = 136] Initializing CaDiCaL (version 2.2.1).
c [w = 136] Configuring CaDiCaL as --sat (1).
c [w = 136] Encoding starts with w = 136:
c [w = 136] Symmetry breaking highest degree node is applied.
c [w = 136] Encoding duration: 4481 ms.
c [w = 136] Number of clauses: 6237318.
c [w = 136] Number of variables: 1008462.
c [w = 136] SAT Solving starts:
c [w = 136] Solving duration: 249349 ms.
c [w = 136] Answer:
s [w = 136] SAT (w = 136).
c [w = 136] Solution check = 136.
c [w = 136] The solution is correct.
c [w = 136] Result: 10.
c [Main] Max width SAT is set to 136.
c [w = 163] Start task in PID: 64112.
c [w = 163] Cyclic Antibandwidth problem with w = 163 (S-sherman4.mtx.rnd):
c [w = 163] Initializing CaDiCaL (version 2.2.1).
c [w = 163] Configuring CaDiCaL as --sat (1).
c [w = 163] Encoding starts with w = 163:
c [w = 163] Symmetry breaking highest degree node is applied.
c [w = 163] Encoding duration: 4356 ms.
c [w = 163] Number of clauses: 6212403.
c [w = 163] Number of variables: 994812.
c [w = 163] SAT Solving starts:
c [w = 163] Solving duration: 293796 ms.
c [w = 163] Answer:
s [w = 163] SAT (w = 163).
c [w = 163] Solution check = 163.
c [w = 163] The solution is correct.
c [w = 163] Result: 10.
c [Main] Max width SAT is set to 163.
c [Main] Kill lower pid 154.
c [Main] Kill lower pid 145.
c [w = 145] Start task in PID: 64114.
c [w = 145] Cyclic Antibandwidth problem with w = 145 (S-sherman4.mtx.rnd):
c [w = 145] Initializing CaDiCaL (version 2.2.1).
c [w = 145] Configuring CaDiCaL as --sat (1).
c [w = 145] Encoding starts with w = 145:
c [w = 145] Symmetry breaking highest degree node is applied.
c [w = 145] Encoding duration: 4290 ms.
c [w = 145] Number of clauses: 6084639.
c [w = 145] Number of variables: 955500.
c [w = 145] SAT Solving starts:
c [Signal] Signal interruption. Caught signal: SIGTERM (15).
c [w = 154] Start task in PID: 64160.
c [w = 154] Cyclic Antibandwidth problem with w = 154 (S-sherman4.mtx.rnd):
c [w = 154] Initializing CaDiCaL (version 2.2.1).
c [w = 154] Configuring CaDiCaL as --sat (1).
c [w = 154] Encoding starts with w = 154:
c [w = 154] Symmetry breaking highest degree node is applied.
c [w = 154] Encoding duration: 4092 ms.
c [w = 154] Number of clauses: 6148521.
c [w = 154] Number of variables: 975156.
c [w = 154] SAT Solving starts:
c [Signal] Signal interruption. Caught signal: SIGTERM (15).
c [Main] Child pid 145 - 64114 terminated by signal 15.
c [Main] Child pid 154 - 64160 terminated by signal 15.
c [w = 200] Start task in PID: 64111.
c [w = 200] Cyclic Antibandwidth problem with w = 200 (S-sherman4.mtx.rnd):
c [w = 200] Initializing CaDiCaL (version 2.2.1).
c [w = 200] Configuring CaDiCaL as --sat (1).
c [w = 200] Encoding starts with w = 200:
c [w = 200] Symmetry breaking highest degree node is applied.
c [w = 200] Encoding duration: 4334 ms.
c [w = 200] Number of clauses: 6154182.
c [w = 200] Number of variables: 968058.
c [w = 200] SAT Solving starts:
c [w = 200] Solving duration: 335770 ms.
c [w = 200] Answer:
s [w = 200] SAT (w = 200).
c [w = 200] Solution check = 200.
c [w = 200] The solution is correct.
c [w = 200] Result: 10.
c [Main] Max width SAT is set to 200.
c [Main] Kill lower pid 190.
c [Main] Kill lower pid 172.
c [Main] Kill lower pid 181.
c [w = 190] Start task in PID: 64166.
c [w = 190] Cyclic Antibandwidth problem with w = 190 (S-sherman4.mtx.rnd):
c [w = 190] Initializing CaDiCaL (version 2.2.1).
c [w = 190] Configuring CaDiCaL as --sat (1).
c [w = 190] Encoding starts with w = 190:
c [w = 190] Symmetry breaking highest degree node is applied.
c [w = 190] Encoding duration: 4171 ms.
c [w = 190] Number of clauses: 6099582.
c [w = 190] Number of variables: 951678.
c [w = 190] SAT Solving starts:
c [Signal] Signal interruption. Caught signal: SIGTERM (15).
c [w = 181] Start task in PID: 64115.
c [w = 181] Cyclic Antibandwidth problem with w = 181 (S-sherman4.mtx.rnd):
c [w = 181] Initializing CaDiCaL (version 2.2.1).
c [w = 181] Configuring CaDiCaL as --sat (1).
c [w = 181] Encoding starts with w = 181:
c [w = 181] Symmetry breaking highest degree node is applied.
c [w = 181] Encoding duration: 4531 ms.
c [w = 181] Number of clauses: 6340167.
c [w = 181] Number of variables: 1034124.
c [w = 181] SAT Solving starts:
c [Signal] Signal interruption. Caught signal: SIGTERM (15).
c [w = 172] Start task in PID: 64165.
c [w = 172] Cyclic Antibandwidth problem with w = 172 (S-sherman4.mtx.rnd):
c [w = 172] Initializing CaDiCaL (version 2.2.1).
c [w = 172] Configuring CaDiCaL as --sat (1).
c [w = 172] Encoding starts with w = 172:
c [w = 172] Symmetry breaking highest degree node is applied.
c [w = 172] Encoding duration: 4147 ms.
c [w = 172] Number of clauses: 6276285.
c [w = 172] Number of variables: 1014468.
c [w = 172] SAT Solving starts:
c [Signal] Signal interruption. Caught signal: SIGTERM (15).
c [Main] Child pid 190 - 64166 terminated by signal 15.
c [Main] Child pid 181 - 64115 terminated by signal 15.
c [Main] Child pid 172 - 64165 terminated by signal 15.
c [w = 218] Start task in PID: 64116.
c [w = 218] Cyclic Antibandwidth problem with w = 218 (S-sherman4.mtx.rnd):
c [w = 218] Initializing CaDiCaL (version 2.2.1).
c [w = 218] Configuring CaDiCaL as --sat (1).
c [w = 218] Encoding starts with w = 218:
c [w = 218] Symmetry breaking highest degree node is applied.
c [w = 218] Encoding duration: 4389 ms.
c [w = 218] Number of clauses: 6252462.
c [w = 218] Number of variables: 997542.
c [w = 218] SAT Solving starts:
c [w = 218] Solving duration: 1264271 ms.
c [w = 218] Answer:
s [w = 218] SAT (w = 218).
c [w = 218] Solution check = 218.
c [w = 218] The solution is correct.
c [w = 218] Result: 10.
c [Main] Max width SAT is set to 218.
c [Main] Kill lower pid 204.
c [Main] Kill lower pid 209.
c [w = 204] Start task in PID: 64178.
c [w = 204] Cyclic Antibandwidth problem with w = 204 (S-sherman4.mtx.rnd):
c [w = 204] Initializing CaDiCaL (version 2.2.1).
c [w = 204] Configuring CaDiCaL as --sat (1).
c [w = 204] Encoding starts with w = 204:
c [w = 204] Symmetry breaking highest degree node is applied.
c [w = 204] Encoding duration: 4362 ms.
c [w = 204] Number of clauses: 6176022.
c [w = 204] Number of variables: 974610.
c [w = 204] SAT Solving starts:
c [Signal] Signal interruption. Caught signal: SIGTERM (15).
c [w = 209] Start task in PID: 64167.
c [w = 209] Cyclic Antibandwidth problem with w = 209 (S-sherman4.mtx.rnd):
c [w = 209] Initializing CaDiCaL (version 2.2.1).
c [w = 209] Configuring CaDiCaL as --sat (1).
c [w = 209] Encoding starts with w = 209:
c [w = 209] Symmetry breaking highest degree node is applied.
c [w = 209] Encoding duration: 4255 ms.
c [w = 209] Number of clauses: 6203322.
c [w = 209] Number of variables: 982800.
c [w = 209] SAT Solving starts:
c [Signal] Signal interruption. Caught signal: SIGTERM (15).
c [Main] Child pid 209 - 64167 terminated by signal 15.
c [Main] Child pid 204 - 64178 terminated by signal 15.
c [w = 240] Start task in PID: 65189.
c [w = 240] Cyclic Antibandwidth problem with w = 240 (S-sherman4.mtx.rnd):
c [w = 240] Initializing CaDiCaL (version 2.2.1).
c [w = 240] Configuring CaDiCaL as --sat (1).
c [w = 240] Encoding starts with w = 240:
c [w = 240] Symmetry breaking highest degree node is applied.
c [w = 240] Encoding duration: 4494 ms.
c [w = 240] Number of clauses: 6372582.
c [w = 240] Number of variables: 1033578.
c [w = 240] SAT Solving starts:
c [Signal] Signal interruption. Caught signal: SIGTERM (15).
c [w = 227] Start task in PID: 64175.
c [w = 227] Cyclic Antibandwidth problem with w = 227 (S-sherman4.mtx.rnd):
c [w = 227] Initializing CaDiCaL (version 2.2.1).
c [w = 227] Configuring CaDiCaL as --sat (1).
c [w = 227] Encoding starts with w = 227:
c [w = 227] Symmetry breaking highest degree node is applied.
c [w = 227] Encoding duration: 4306 ms.
c [w = 227] Number of clauses: 6301602.
c [w = 227] Number of variables: 1012284.
c [w = 227] SAT Solving starts:
c [Signal] Signal interruption. Caught signal: SIGTERM (15).
c [w = 245] Start task in PID: 64176.
c [w = 245] Cyclic Antibandwidth problem with w = 245 (S-sherman4.mtx.rnd):
c [w = 245] Initializing CaDiCaL (version 2.2.1).
c [w = 245] Configuring CaDiCaL as --sat (1).
c [w = 245] Encoding starts with w = 245:
c [w = 245] Symmetry breaking highest degree node is applied.
c [w = 245] Encoding duration: 4353 ms.
c [w = 245] Number of clauses: 6399882.
c [w = 245] Number of variables: 1041768.
c [w = 245] SAT Solving starts:
c [Signal] Signal interruption. Caught signal: SIGTERM (15).
c [w = 222] Start task in PID: 65187.
c [w = 222] Cyclic Antibandwidth problem with w = 222 (S-sherman4.mtx.rnd):
c [w = 222] Initializing CaDiCaL (version 2.2.1).
c [w = 222] Configuring CaDiCaL as --sat (1).
c [w = 222] Encoding starts with w = 222:
c [w = 222] Symmetry breaking highest degree node is applied.
c [w = 222] Encoding duration: 4442 ms.
c [w = 222] Number of clauses: 6274302.
c [w = 222] Number of variables: 1004094.
c [w = 222] SAT Solving starts:
c [Signal] Signal interruption. Caught signal: SIGTERM (15).
c [w = 263] Start task in PID: 64177.
c [w = 263] Cyclic Antibandwidth problem with w = 263 (S-sherman4.mtx.rnd):
c [w = 263] Initializing CaDiCaL (version 2.2.1).
c [w = 263] Configuring CaDiCaL as --sat (1).
c [w = 263] Encoding starts with w = 263:
c [w = 263] Symmetry breaking highest degree node is applied.
c [w = 263] Encoding duration: 4307 ms.
c [w = 263] Number of clauses: 6498162.
c [w = 263] Number of variables: 1071252.
c [w = 263] SAT Solving starts:
c [Signal] Signal interruption. Caught signal: SIGTERM (15).
c [w = 254] Start task in PID: 64117.
c [w = 254] Cyclic Antibandwidth problem with w = 254 (S-sherman4.mtx.rnd):
c [w = 254] Initializing CaDiCaL (version 2.2.1).
c [w = 254] Configuring CaDiCaL as --sat (1).
c [w = 254] Encoding starts with w = 254:
c [w = 254] Symmetry breaking highest degree node is applied.
c [w = 254] Encoding duration: 4641 ms.
c [w = 254] Number of clauses: 6449022.
c [w = 254] Number of variables: 1056510.
c [w = 254] SAT Solving starts:
c [Signal] Signal interruption. Caught signal: SIGTERM (15).
c [w = 236] Start task in PID: 64113.
c [w = 236] Cyclic Antibandwidth problem with w = 236 (S-sherman4.mtx.rnd):
c [w = 236] Initializing CaDiCaL (version 2.2.1).
c [w = 236] Configuring CaDiCaL as --sat (1).
c [w = 236] Encoding starts with w = 236:
c [w = 236] Symmetry breaking highest degree node is applied.
c [w = 236] Encoding duration: 4595 ms.
c [w = 236] Number of clauses: 6350742.
c [w = 236] Number of variables: 1027026.
c [w = 236] SAT Solving starts:
c [Signal] Signal interruption. Caught signal: SIGTERM (15).
c [Main] Lim pid ends with result: 254.
c [Main] All children have completed.
r [Main] 
r [Main] Final results: 
r [Main] Max width SAT:  	218.
r [Main] Min width UNSAT:	-.
r [Main] Total real time: 1811908 ms.
r [Main] Total memory consumed: 15089.2 MB.
r [Main] 
c [w = 231] Start task in PID: 65188.
c [w = 231] Cyclic Antibandwidth problem with w = 231 (S-sherman4.mtx.rnd):
c [w = 231] Initializing CaDiCaL (version 2.2.1).
c [w = 231] Configuring CaDiCaL as --sat (1).
c [w = 231] Encoding starts with w = 231:
c [w = 231] Symmetry breaking highest degree node is applied.
c [w = 231] Encoding duration: 4249 ms.
c [w = 231] Number of clauses: 6323442.
c [w = 231] Number of variables: 1018836.
c [w = 231] SAT Solving starts:
c [Signal] Signal interruption. Caught signal: SIGTERM (15).
