c [Version] Cyclic Anti-bandwidth Encoder version 1.0.0.
c [Param] Real time limit is set to 1800.
c [Param] Memory limit is set to 30000.
c [Param] Worker count is set to 8.
c [Main] Encoding and solving for graph: T-dwt__592.mtx.rnd.
c [Main] Search strategy: Binary search using BFS.
c [Main] Lower bound is set to 52.
c [Main] Upper bound is set to 150.
c [Main] Search order: 101 76 126 63 88 113 138 57 69 82 94 107 119 132 144 54 60 66 72 79 85 91 97 104 110 116 122 129 135 141 147 52 55 58 61 64 67 70 74 77 80 83 86 89 92 95 99 102 105 108 111 114 117 120 124 127 130 133 136 139 142 145 149 53 56 59 62 65 68 71 73 75 78 81 84 87 90 93 96 98 100 103 106 109 112 115 118 121 123 125 128 131 134 137 140 143 146 148 150.
c [w = 57] Start task in PID: 65718.
c [w = 57] Cyclic Antibandwidth problem with w = 57 (T-dwt__592.mtx.rnd):
c [w = 57] Initializing CaDiCaL (version 2.2.1).
c [w = 57] Configuring CaDiCaL as --sat (1).
c [w = 57] Encoding starts with w = 57:
c [w = 57] Symmetry breaking highest degree node is applied.
c [w = 57] Encoding duration: 6310 ms.
c [w = 57] Number of clauses: 8928392.
c [w = 57] Number of variables: 1108224.
c [w = 57] SAT Solving starts:
c [w = 57] Solving duration: 29836 ms.
c [w = 57] Answer:
s [w = 57] SAT (w = 57).
c [w = 57] Solution check = 57.
c [w = 57] The solution is correct.
c [w = 57] Result: 10.
c [Main] Max width SAT is set to 57.
c [w = 63] Start task in PID: 65714.
c [w = 63] Cyclic Antibandwidth problem with w = 63 (T-dwt__592.mtx.rnd):
c [w = 63] Initializing CaDiCaL (version 2.2.1).
c [w = 63] Configuring CaDiCaL as --sat (1).
c [w = 63] Encoding starts with w = 63:
c [w = 63] Symmetry breaking highest degree node is applied.
c [w = 63] Encoding duration: 6343 ms.
c [w = 63] Number of clauses: 8942856.
c [w = 63] Number of variables: 1111776.
c [w = 63] SAT Solving starts:
c [w = 63] Solving duration: 116576 ms.
c [w = 63] Answer:
s [w = 63] SAT (w = 63).
c [w = 63] Solution check = 63.
c [w = 63] The solution is correct.
c [w = 63] Result: 10.
c [Main] Max width SAT is set to 63.
c [w = 76] Start task in PID: 65712.
c [w = 76] Cyclic Antibandwidth problem with w = 76 (T-dwt__592.mtx.rnd):
c [w = 76] Initializing CaDiCaL (version 2.2.1).
c [w = 76] Configuring CaDiCaL as --sat (1).
c [w = 76] Encoding starts with w = 76:
c [w = 76] Symmetry breaking highest degree node is applied.
c [w = 76] Encoding duration: 6282 ms.
c [w = 76] Number of clauses: 8924424.
c [w = 76] Number of variables: 1102304.
c [w = 76] SAT Solving starts:
c [w = 76] Solving duration: 206279 ms.
c [w = 76] Answer:
s [w = 76] SAT (w = 76).
c [w = 76] Solution check = 76.
c [w = 76] The solution is correct.
c [w = 76] Result: 10.
c [Main] Max width SAT is set to 76.
c [Main] Kill lower pid 69.
c [w = 69] Start task in PID: 65726.
c [w = 69] Cyclic Antibandwidth problem with w = 69 (T-dwt__592.mtx.rnd):
c [w = 69] Initializing CaDiCaL (version 2.2.1).
c [w = 69] Configuring CaDiCaL as --sat (1).
c [w = 69] Encoding starts with w = 69:
c [w = 69] Symmetry breaking highest degree node is applied.
c [w = 69] Encoding duration: 6054 ms.
c [w = 69] Number of clauses: 8936600.
c [w = 69] Number of variables: 1108224.
c [w = 69] SAT Solving starts:
c [Signal] Signal interruption. Caught signal: SIGTERM (15).
c [Main] Child pid 69 - 65726 terminated by signal 15.
c [w = 82] Start task in PID: 65742.
c [w = 82] Cyclic Antibandwidth problem with w = 82 (T-dwt__592.mtx.rnd):
c [w = 82] Initializing CaDiCaL (version 2.2.1).
c [w = 82] Configuring CaDiCaL as --sat (1).
c [w = 82] Encoding starts with w = 82:
c [w = 82] Symmetry breaking highest degree node is applied.
c [w = 82] Encoding duration: 6265 ms.
c [w = 82] Number of clauses: 9013224.
c [w = 82] Number of variables: 1130720.
c [w = 82] SAT Solving starts:
c [w = 82] Solving duration: 95633 ms.
c [w = 82] Answer:
s [w = 82] SAT (w = 82).
c [w = 82] Solution check = 82.
c [w = 82] The solution is correct.
c [w = 82] Result: 10.
c [Main] Max width SAT is set to 82.
c [w = 88] Start task in PID: 65715.
c [w = 88] Cyclic Antibandwidth problem with w = 88 (T-dwt__592.mtx.rnd):
c [w = 88] Initializing CaDiCaL (version 2.2.1).
c [w = 88] Configuring CaDiCaL as --sat (1).
c [w = 88] Encoding starts with w = 88:
c [w = 88] Symmetry breaking highest degree node is applied.
c [w = 88] Encoding duration: 6281 ms.
c [w = 88] Number of clauses: 8953096.
c [w = 88] Number of variables: 1108816.
c [w = 88] SAT Solving starts:
c [w = 88] Solving duration: 629189 ms.
c [w = 88] Answer:
s [w = 88] SAT (w = 88).
c [w = 88] Solution check = 88.
c [w = 88] The solution is correct.
c [w = 88] Result: 10.
c [Main] Max width SAT is set to 88.
c [w = 94] Start task in PID: 65755.
c [w = 94] Cyclic Antibandwidth problem with w = 94 (T-dwt__592.mtx.rnd):
c [w = 94] Initializing CaDiCaL (version 2.2.1).
c [w = 94] Configuring CaDiCaL as --sat (1).
c [w = 94] Encoding starts with w = 94:
c [w = 94] Symmetry breaking highest degree node is applied.
c [w = 94] Encoding duration: 6077 ms.
c [w = 94] Number of clauses: 9031240.
c [w = 94] Number of variables: 1133680.
c [w = 94] SAT Solving starts:
c [w = 94] Solving duration: 464114 ms.
c [w = 94] Answer:
s [w = 94] SAT (w = 94).
c [w = 94] Solution check = 94.
c [w = 94] The solution is correct.
c [w = 94] Result: 10.
c [Main] Max width SAT is set to 94.
c [w = 107] Start task in PID: 65756.
c [w = 107] Cyclic Antibandwidth problem with w = 107 (T-dwt__592.mtx.rnd):
c [w = 107] Initializing CaDiCaL (version 2.2.1).
c [w = 107] Configuring CaDiCaL as --sat (1).
c [w = 107] Encoding starts with w = 107:
c [w = 107] Symmetry breaking highest degree node is applied.
c [w = 107] Encoding duration: 6191 ms.
c [w = 107] Number of clauses: 9018472.
c [w = 107] Number of variables: 1125984.
c [w = 107] SAT Solving starts:
c [w = 107] Solving duration: 971508 ms.
c [w = 107] Answer:
s [w = 107] SAT (w = 107).
c [w = 107] Solution check = 107.
c [w = 107] The solution is correct.
c [w = 107] Result: 10.
c [Main] Max width SAT is set to 107.
c [Main] Kill lower pid 101.
c [w = 101] Start task in PID: 65711.
c [w = 101] Cyclic Antibandwidth problem with w = 101 (T-dwt__592.mtx.rnd):
c [w = 101] Initializing CaDiCaL (version 2.2.1).
c [w = 101] Configuring CaDiCaL as --sat (1).
c [w = 101] Encoding starts with w = 101:
c [w = 101] Symmetry breaking highest degree node is applied.
c [w = 101] Encoding duration: 6320 ms.
c [w = 101] Number of clauses: 8950984.
c [w = 101] Number of variables: 1104672.
c [w = 101] SAT Solving starts:
c [Signal] Signal interruption. Caught signal: SIGTERM (15).
c [Main] Child pid 101 - 65711 terminated by signal 15.
c [w = 116] Start task in PID: 66776.
c [w = 116] Cyclic Antibandwidth problem with w = 116 (T-dwt__592.mtx.rnd):
c [w = 116] Initializing CaDiCaL (version 2.2.1).
c [w = 116] Configuring CaDiCaL as --sat (1).
c [w = 116] Encoding starts with w = 116:
c [w = 116] Symmetry breaking highest degree node is applied.
c [w = 116] Encoding duration: 6299 ms.
c [w = 116] Number of clauses: 9119704.
c [w = 116] Number of variables: 1157952.
c [w = 116] SAT Solving starts:
c [Signal] Signal interruption. Caught signal: SIGTERM (15).
c [w = 110] Start task in PID: 66775.
c [w = 110] Cyclic Antibandwidth problem with w = 110 (T-dwt__592.mtx.rnd):
c [w = 110] Initializing CaDiCaL (version 2.2.1).
c [w = 110] Configuring CaDiCaL as --sat (1).
c [w = 110] Encoding starts with w = 110:
c [w = 110] Symmetry breaking highest degree node is applied.
c [w = 110] Encoding duration: 6109 ms.
c [w = 110] Number of clauses: 9052216.
c [w = 110] Number of variables: 1136640.
c [w = 110] SAT Solving starts:
c [Signal] Signal interruption. Caught signal: SIGTERM (15).
c [w = 132] Start task in PID: 66253.
c [w = 132] Cyclic Antibandwidth problem with w = 132 (T-dwt__592.mtx.rnd):
c [w = 132] Initializing CaDiCaL (version 2.2.1).
c [w = 132] Configuring CaDiCaL as --sat (1).
c [w = 132] Encoding starts with w = 132:
c [w = 132] Symmetry breaking highest degree node is applied.
c [w = 132] Encoding duration: 6098 ms.
c [w = 132] Number of clauses: 9073784.
c [w = 132] Number of variables: 1138416.
c [w = 132] SAT Solving starts:
c [Signal] Signal interruption. Caught signal: SIGTERM (15).
c [w = 119] Start task in PID: 65758.
c [w = 119] Cyclic Antibandwidth problem with w = 119 (T-dwt__592.mtx.rnd):
c [w = 119] Initializing CaDiCaL (version 2.2.1).
c [w = 119] Configuring CaDiCaL as --sat (1).
c [w = 119] Encoding starts with w = 119:
c [w = 119] Symmetry breaking highest degree node is applied.
c [w = 119] Encoding duration: 6013 ms.
c [w = 119] Number of clauses: 8950648.
c [w = 119] Number of variables: 1099936.
c [w = 119] SAT Solving starts:
c [Signal] Signal interruption. Caught signal: SIGTERM (15).
c [w = 126] Start task in PID: 65713.
c [w = 126] Cyclic Antibandwidth problem with w = 126 (T-dwt__592.mtx.rnd):
c [w = 126] Initializing CaDiCaL (version 2.2.1).
c [w = 126] Configuring CaDiCaL as --sat (1).
c [w = 126] Encoding starts with w = 126:
c [w = 126] Symmetry breaking highest degree node is applied.
c [w = 126] Encoding duration: 6357 ms.
c [w = 126] Number of clauses: 9016952.
c [w = 126] Number of variables: 1120656.
c [w = 126] SAT Solving starts:
c [Signal] Signal interruption. Caught signal: SIGTERM (15).
c [w = 138] Start task in PID: 65717.
c [w = 138] Cyclic Antibandwidth problem with w = 138 (T-dwt__592.mtx.rnd):
c [w = 138] Initializing CaDiCaL (version 2.2.1).
c [w = 138] Configuring CaDiCaL as --sat (1).
c [w = 138] Encoding starts with w = 138:
c [w = 138] Symmetry breaking highest degree node is applied.
c [w = 138] Encoding duration: 6495 ms.
c [w = 138] Number of clauses: 9130616.
c [w = 138] Number of variables: 1156176.
c [w = 138] SAT Solving starts:
c [Signal] Signal interruption. Caught signal: SIGTERM (15).
c [w = 113] Start task in PID: 65716.
c [w = 113] Cyclic Antibandwidth problem with w = 113 (T-dwt__592.mtx.rnd):
c [w = 113] Initializing CaDiCaL (version 2.2.1).
c [w = 113] Configuring CaDiCaL as --sat (1).
c [w = 113] Encoding starts with w = 113:
c [w = 113] Symmetry breaking highest degree node is applied.
c [w = 113] Encoding duration: 6443 ms.
c [w = 113] Number of clauses: 9085960.
c [w = 113] Number of variables: 1147296.
c [w = 113] SAT Solving starts:
c [Signal] Signal interruption. Caught signal: SIGTERM (15).
c [Main] Lim pid ends with result: 254.
c [Main] All children have completed.
r [Main] 
r [Main] Final results: 
r [Main] Max width SAT:  	107.
r [Main] Min width UNSAT:	-.
r [Main] Total real time: 1811814 ms.
r [Main] Total memory consumed: 21100.6 MB.
r [Main] 
c [w = 144] Start task in PID: 66262.
c [w = 144] Cyclic Antibandwidth problem with w = 144 (T-dwt__592.mtx.rnd):
c [w = 144] Initializing CaDiCaL (version 2.2.1).
c [w = 144] Configuring CaDiCaL as --sat (1).
c [w = 144] Encoding starts with w = 144:
c [w = 144] Symmetry breaking highest degree node is applied.
c [w = 144] Encoding duration: 6319 ms.
c [w = 144] Number of clauses: 9187448.
c [w = 144] Number of variables: 1173936.
c [w = 144] SAT Solving starts:
c [Signal] Signal interruption. Caught signal: SIGTERM (15).
