c [Version] Cyclic Anti-bandwidth Encoder version 1.0.0.
c [Param] Real time limit is set to 1800.
c [Param] Memory limit is set to 30000.
c [Param] Worker count is set to 8.
c [Main] Encoding and solving for graph: U-662_bus.mtx.rnd.
c [Main] Search strategy: Binary search using BFS.
c [Main] Lower bound is set to 110.
c [Main] Upper bound is set to 220.
c [Main] Search order: 165 137 193 123 151 179 207 116 130 144 158 172 186 200 214 112 119 126 133 140 147 154 161 168 175 182 189 196 203 210 217 110 114 117 121 124 128 131 135 138 142 145 149 152 156 159 163 166 170 173 177 180 184 187 191 194 198 201 205 208 212 215 219 111 113 115 118 120 122 125 127 129 132 134 136 139 141 143 146 148 150 153 155 157 160 162 164 167 169 171 174 176 178 181 183 185 188 190 192 195 197 199 202 204 206 209 211 213 216 218 220.
c [w = 207] Start task in PID: 67318.
c [w = 207] Cyclic Antibandwidth problem with w = 207 (U-662_bus.mtx.rnd):
c [w = 207] Initializing CaDiCaL (version 2.2.1).
c [w = 207] Configuring CaDiCaL as --sat (1).
c [w = 207] Encoding starts with w = 207:
c [w = 207] Symmetry breaking highest degree node is applied.
c [w = 207] Encoding duration: 5301 ms.
c [w = 207] Number of clauses: 7315151.
c [w = 207] Number of variables: 1482880.
c [w = 207] SAT Solving starts:
c [w = 207] Solving duration: 24664 ms.
c [w = 207] Answer:
s [w = 207] UNSAT (w = 207).
c [w = 207] Result: 20.
c [Main] Min width UNSAT is set to 207
c [w = 179] Start task in PID: 67317.
c [w = 179] Cyclic Antibandwidth problem with w = 179 (U-662_bus.mtx.rnd):
c [w = 179] Initializing CaDiCaL (version 2.2.1).
c [w = 179] Configuring CaDiCaL as --sat (1).
c [w = 179] Encoding starts with w = 179:
c [w = 179] Symmetry breaking highest degree node is applied.
c [w = 179] Encoding duration: 5070 ms.
c [w = 179] Number of clauses: 7074183.
c [w = 179] Number of variables: 1408736.
c [w = 179] SAT Solving starts:
c [w = 179] Solving duration: 28285 ms.
c [w = 179] Answer:
s [w = 179] UNSAT (w = 179).
c [w = 179] Result: 20.
c [Main] Min width UNSAT is set to 179
c [Main] Kill higher pid 193.
c [w = 193] Start task in PID: 67314.
c [w = 193] Cyclic Antibandwidth problem with w = 193 (U-662_bus.mtx.rnd):
c [w = 193] Initializing CaDiCaL (version 2.2.1).
c [w = 193] Configuring CaDiCaL as --sat (1).
c [w = 193] Encoding starts with w = 193:
c [w = 193] Symmetry breaking highest degree node is applied.
c [w = 193] Encoding duration: 5218 ms.
c [w = 193] Number of clauses: 7194667.
c [w = 193] Number of variables: 1445808.
c [w = 193] SAT Solving starts:
c [w = 193] Solving duration: 28163 ms.
c [w = 193] Answer:
s [w = 193] UNSAT (w = 193).
c [Signal] Signal interruption. Caught signal: SIGTERM (15).
c [Main] Child pid 193 - 67314 terminated by signal 15.
c [w = 123] Start task in PID: 67315.
c [w = 123] Cyclic Antibandwidth problem with w = 123 (U-662_bus.mtx.rnd):
c [w = 123] Initializing CaDiCaL (version 2.2.1).
c [w = 123] Configuring CaDiCaL as --sat (1).
c [w = 123] Encoding starts with w = 123:
c [w = 123] Symmetry breaking highest degree node is applied.
c [w = 123] Encoding duration: 5115 ms.
c [w = 123] Number of clauses: 7070733.
c [w = 123] Number of variables: 1419328.
c [w = 123] SAT Solving starts:
c [w = 123] Solving duration: 30512 ms.
c [w = 123] Answer:
s [w = 123] SAT (w = 123).
c [w = 123] Solution check = 123.
c [w = 123] The solution is correct.
c [w = 123] Result: 10.
c [Main] Max width SAT is set to 123.
c [Main] Kill lower pid 116.
c [w = 116] Start task in PID: 67319.
c [w = 116] Cyclic Antibandwidth problem with w = 116 (U-662_bus.mtx.rnd):
c [w = 116] Initializing CaDiCaL (version 2.2.1).
c [w = 116] Configuring CaDiCaL as --sat (1).
c [w = 116] Encoding starts with w = 116:
c [w = 116] Symmetry breaking highest degree node is applied.
c [w = 116] Encoding duration: 5051 ms.
c [w = 116] Number of clauses: 6982687.
c [w = 116] Number of variables: 1391524.
c [w = 116] SAT Solving starts:
c [Signal] Signal interruption. Caught signal: SIGTERM (15).
c [Main] Child pid 116 - 67319 terminated by signal 15.
c [w = 172] Start task in PID: 67329.
c [w = 172] Cyclic Antibandwidth problem with w = 172 (U-662_bus.mtx.rnd):
c [w = 172] Initializing CaDiCaL (version 2.2.1).
c [w = 172] Configuring CaDiCaL as --sat (1).
c [w = 172] Encoding starts with w = 172:
c [w = 172] Symmetry breaking highest degree node is applied.
c [w = 172] Encoding duration: 4748 ms.
c [w = 172] Number of clauses: 7013941.
c [w = 172] Number of variables: 1390200.
c [w = 172] SAT Solving starts:
c [w = 172] Solving duration: 28186 ms.
c [w = 172] Answer:
s [w = 172] UNSAT (w = 172).
c [w = 172] Result: 20.
c [Main] Min width UNSAT is set to 172
c [w = 126] Start task in PID: 67330.
c [w = 126] Cyclic Antibandwidth problem with w = 126 (U-662_bus.mtx.rnd):
c [w = 126] Initializing CaDiCaL (version 2.2.1).
c [w = 126] Configuring CaDiCaL as --sat (1).
c [w = 126] Encoding starts with w = 126:
c [w = 126] Symmetry breaking highest degree node is applied.
c [w = 126] Encoding duration: 5151 ms.
c [w = 126] Number of clauses: 7108467.
c [w = 126] Number of variables: 1431244.
c [w = 126] SAT Solving starts:
c [w = 126] Solving duration: 30012 ms.
c [w = 126] Answer:
s [w = 126] SAT (w = 126).
c [w = 126] Solution check = 126.
c [w = 126] The solution is correct.
c [w = 126] Result: 10.
c [Main] Max width SAT is set to 126.
c [w = 137] Start task in PID: 67313.
c [w = 137] Cyclic Antibandwidth problem with w = 137 (U-662_bus.mtx.rnd):
c [w = 137] Initializing CaDiCaL (version 2.2.1).
c [w = 137] Configuring CaDiCaL as --sat (1).
c [w = 137] Encoding starts with w = 137:
c [w = 137] Symmetry breaking highest degree node is applied.
c [w = 137] Encoding duration: 5013 ms.
c [w = 137] Number of clauses: 6979447.
c [w = 137] Number of variables: 1386228.
c [w = 137] SAT Solving starts:
c [w = 137] Solving duration: 79894 ms.
c [w = 137] Answer:
s [w = 137] SAT (w = 137).
c [w = 137] Solution check = 137.
c [w = 137] The solution is correct.
c [w = 137] Result: 10.
c [Main] Max width SAT is set to 137.
c [Main] Kill lower pid 133.
c [Main] Kill lower pid 130.
c [w = 130] Start task in PID: 67326.
c [w = 130] Cyclic Antibandwidth problem with w = 130 (U-662_bus.mtx.rnd):
c [w = 130] Initializing CaDiCaL (version 2.2.1).
c [w = 130] Configuring CaDiCaL as --sat (1).
c [w = 130] Encoding starts with w = 130:
c [w = 130] Symmetry breaking highest degree node is applied.
c [w = 130] Encoding duration: 4973 ms.
c [w = 130] Number of clauses: 7158779.
c [w = 130] Number of variables: 1447132.
c [w = 130] SAT Solving starts:
c [Signal] Signal interruption. Caught signal: SIGTERM (15).
c [w = 133] Start task in PID: 67338.
c [w = 133] Cyclic Antibandwidth problem with w = 133 (U-662_bus.mtx.rnd):
c [w = 133] Initializing CaDiCaL (version 2.2.1).
c [w = 133] Configuring CaDiCaL as --sat (1).
c [w = 133] Encoding starts with w = 133:
c [w = 133] Symmetry breaking highest degree node is applied.
c [w = 133] Encoding duration: 4561 ms.
c [w = 133] Number of clauses: 6937079.
c [w = 133] Number of variables: 1372988.
c [w = 133] SAT Solving starts:
c [Signal] Signal interruption. Caught signal: SIGTERM (15).
c [Main] Child pid 133 - 67338 terminated by signal 15.
c [Main] Child pid 130 - 67326 terminated by signal 15.
c [w = 140] Start task in PID: 67339.
c [w = 140] Cyclic Antibandwidth problem with w = 140 (U-662_bus.mtx.rnd):
c [w = 140] Initializing CaDiCaL (version 2.2.1).
c [w = 140] Configuring CaDiCaL as --sat (1).
c [w = 140] Encoding starts with w = 140:
c [w = 140] Symmetry breaking highest degree node is applied.
c [w = 140] Encoding duration: 4588 ms.
c [w = 140] Number of clauses: 7011223.
c [w = 140] Number of variables: 1396158.
c [w = 140] SAT Solving starts:
c [w = 140] Solving duration: 79272 ms.
c [w = 140] Answer:
s [w = 140] SAT (w = 140).
c [w = 140] Solution check = 140.
c [w = 140] The solution is correct.
c [w = 140] Result: 10.
c [Main] Max width SAT is set to 140.
c [w = 168] Start task in PID: 67357.
c [w = 168] Cyclic Antibandwidth problem with w = 168 (U-662_bus.mtx.rnd):
c [w = 168] Initializing CaDiCaL (version 2.2.1).
c [w = 168] Configuring CaDiCaL as --sat (1).
c [w = 168] Encoding starts with w = 168:
c [w = 168] Symmetry breaking highest degree node is applied.
c [w = 168] Encoding duration: 4603 ms.
c [w = 168] Number of clauses: 6979517.
c [w = 168] Number of variables: 1379608.
c [w = 168] SAT Solving starts:
c [w = 168] Solving duration: 26822 ms.
c [w = 168] Answer:
s [w = 168] UNSAT (w = 168).
c [w = 168] Result: 20.
c [Main] Min width UNSAT is set to 168
c [w = 161] Start task in PID: 67343.
c [w = 161] Cyclic Antibandwidth problem with w = 161 (U-662_bus.mtx.rnd):
c [w = 161] Initializing CaDiCaL (version 2.2.1).
c [w = 161] Configuring CaDiCaL as --sat (1).
c [w = 161] Encoding starts with w = 161:
c [w = 161] Symmetry breaking highest degree node is applied.
c [w = 161] Encoding duration: 5064 ms.
c [w = 161] Number of clauses: 7233655.
c [w = 161] Number of variables: 1465668.
c [w = 161] SAT Solving starts:
c [w = 161] Solving duration: 159804 ms.
c [w = 161] Answer:
s [w = 161] SAT (w = 161).
c [w = 161] Solution check = 161.
c [w = 161] The solution is correct.
c [w = 161] Result: 10.
c [w = 142] Start task in PID: 67364.
c [w = 142] Cyclic Antibandwidth problem with w = 142 (U-662_bus.mtx.rnd):
c [w = 142] Initializing CaDiCaL (version 2.2.1).
c [w = 142] Configuring CaDiCaL as --sat (1).
c [w = 142] Encoding starts with w = 142:
c [w = 142] Symmetry breaking highest degree node is applied.
c [w = 142] Encoding duration: 4940 ms.
c [w = 142] Number of clauses: 7032407.
c [w = 142] Number of variables: 1402778.
c [w = 142] SAT Solving starts:
c [Signal] Signal interruption. Caught signal: SIGTERM (15).
c [w = 147] Start task in PID: 67341.
c [w = 147] Cyclic Antibandwidth problem with w = 147 (U-662_bus.mtx.rnd):
c [w = 147] Initializing CaDiCaL (version 2.2.1).
c [w = 147] Configuring CaDiCaL as --sat (1).
c [w = 147] Encoding starts with w = 147:
c [w = 147] Symmetry breaking highest degree node is applied.
c [w = 147] Encoding duration: 4762 ms.
c [w = 147] Number of clauses: 7085367.
c [w = 147] Number of variables: 1419328.
c [w = 147] SAT Solving starts:
c [Signal] Signal interruption. Caught signal: SIGTERM (15).
c [Main] Max width SAT is set to 161.
c [Main] Kill lower pid 142.
c [Main] Kill lower pid 154.
c [Main] Kill lower pid 147.
c [Main] Kill lower pid 158.
c [Main] Kill lower pid 144.
c [Main] Kill lower pid 151.
c [w = 144] Start task in PID: 67327.
c [w = 144] Cyclic Antibandwidth problem with w = 144 (U-662_bus.mtx.rnd):
c [w = 144] Initializing CaDiCaL (version 2.2.1).
c [w = 144] Configuring CaDiCaL as --sat (1).
c [w = 144] Encoding starts with w = 144:
c [w = 144] Symmetry breaking highest degree node is applied.
c [w = 144] Encoding duration: 5036 ms.
c [w = 144] Number of clauses: 7053591.
c [w = 144] Number of variables: 1409398.
c [w = 144] SAT Solving starts:
c [Signal] Signal interruption. Caught signal: SIGTERM (15).
c [w = 158] Start task in PID: 67328.
c [w = 158] Cyclic Antibandwidth problem with w = 158 (U-662_bus.mtx.rnd):
c [w = 158] Initializing CaDiCaL (version 2.2.1).
c [w = 158] Configuring CaDiCaL as --sat (1).
c [w = 158] Encoding starts with w = 158:
c [w = 158] Symmetry breaking highest degree node is applied.
c [w = 158] Encoding duration: 5140 ms.
c [w = 158] Number of clauses: 7201879.
c [w = 158] Number of variables: 1455738.
c [w = 158] SAT Solving starts:
c [Signal] Signal interruption. Caught signal: SIGTERM (15).
c [w = 151] Start task in PID: 67316.
c [w = 151] Cyclic Antibandwidth problem with w = 151 (U-662_bus.mtx.rnd):
c [w = 151] Initializing CaDiCaL (version 2.2.1).
c [w = 151] Configuring CaDiCaL as --sat (1).
c [w = 151] Encoding starts with w = 151:
c [w = 151] Symmetry breaking highest degree node is applied.
c [w = 151] Encoding duration: 5182 ms.
c [w = 151] Number of clauses: 7127735.
c [w = 151] Number of variables: 1432568.
c [w = 151] SAT Solving starts:
c [Signal] Signal interruption. Caught signal: SIGTERM (15).
e [Pid] Unable to open /proc/67343/status
c [w = 154] Start task in PID: 67342.
c [w = 154] Cyclic Antibandwidth problem with w = 154 (U-662_bus.mtx.rnd):
c [w = 154] Initializing CaDiCaL (version 2.2.1).
c [w = 154] Configuring CaDiCaL as --sat (1).
c [w = 154] Encoding starts with w = 154:
c [w = 154] Symmetry breaking highest degree node is applied.
c [w = 154] Encoding duration: 4893 ms.
c [w = 154] Number of clauses: 7159511.
c [w = 154] Number of variables: 1442498.
c [w = 154] SAT Solving starts:
c [Signal] Signal interruption. Caught signal: SIGTERM (15).
c [Main] Child pid 142 - 67364 terminated by signal 15.
c [Main] Child pid 144 - 67327 terminated by signal 15.
c [Main] Child pid 147 - 67341 terminated by signal 15.
c [Main] Child pid 158 - 67328 terminated by signal 15.
c [Main] Child pid 151 - 67316 terminated by signal 15.
c [Main] Child pid 154 - 67342 terminated by signal 15.
c [w = 165] Start task in PID: 67312.
c [w = 165] Cyclic Antibandwidth problem with w = 165 (U-662_bus.mtx.rnd):
c [w = 165] Initializing CaDiCaL (version 2.2.1).
c [w = 165] Configuring CaDiCaL as --sat (1).
c [w = 165] Encoding starts with w = 165:
c [w = 165] Symmetry breaking highest degree node is applied.
c [w = 165] Encoding duration: 5265 ms.
c [w = 165] Number of clauses: 7276023.
c [w = 165] Number of variables: 1478908.
c [w = 165] SAT Solving starts:
c [w = 165] Solving duration: 253714 ms.
c [w = 165] Answer:
s [w = 165] SAT (w = 165).
c [w = 165] Solution check = 165.
c [w = 165] The solution is correct.
c [w = 165] Result: 10.
c [Main] Max width SAT is set to 165.
c [Main] Kill lower pid 162.
c [Main] Kill lower pid 163.
c [Main] Kill lower pid 164.
c [w = 163] Start task in PID: 67374.
c [w = 163] Cyclic Antibandwidth problem with w = 163 (U-662_bus.mtx.rnd):
c [w = 163] Initializing CaDiCaL (version 2.2.1).
c [w = 163] Configuring CaDiCaL as --sat (1).
c [w = 163] Encoding starts with w = 163:
c [w = 163] Symmetry breaking highest degree node is applied.
c [w = 163] Encoding duration: 3360 ms.
c [w = 163] Number of clauses: 7254839.
c [w = 163] Number of variables: 1472288.
c [w = 163] SAT Solving starts:
c [Signal] Signal interruption. Caught signal: SIGTERM (15).
c [w = 162] Start task in PID: 67376.
c [w = 162] Cyclic Antibandwidth problem with w = 162 (U-662_bus.mtx.rnd):
c [w = 162] Initializing CaDiCaL (version 2.2.1).
c [w = 162] Configuring CaDiCaL as --sat (1).
c [w = 162] Encoding starts with w = 162:
c [w = 162] Symmetry breaking highest degree node is applied.
c [w = 162] Encoding duration: 5220 ms.
c [w = 162] Number of clauses: 7244247.
c [w = 162] Number of variables: 1468978.
c [w = 162] SAT Solving starts:
c [Signal] Signal interruption. Caught signal: SIGTERM (15).
c [w = 164] Start task in PID: 67377.
c [w = 164] Cyclic Antibandwidth problem with w = 164 (U-662_bus.mtx.rnd):
c [w = 164] Initializing CaDiCaL (version 2.2.1).
c [w = 164] Configuring CaDiCaL as --sat (1).
c [w = 164] Encoding starts with w = 164:
c [w = 164] Symmetry breaking highest degree node is applied.
c [w = 164] Encoding duration: 3325 ms.
c [w = 164] Number of clauses: 7265431.
c [w = 164] Number of variables: 1475598.
c [w = 164] SAT Solving starts:
c [Signal] Signal interruption. Caught signal: SIGTERM (15).
c [Main] Child pid 162 - 67376 terminated by signal 15.
c [Main] Child pid 163 - 67374 terminated by signal 15.
c [Main] Child pid 164 - 67377 terminated by signal 15.
c [w = 166] Start task in PID: 67375.
c [w = 166] Cyclic Antibandwidth problem with w = 166 (U-662_bus.mtx.rnd):
c [w = 166] Initializing CaDiCaL (version 2.2.1).
c [w = 166] Configuring CaDiCaL as --sat (1).
c [w = 166] Encoding starts with w = 166:
c [w = 166] Symmetry breaking highest degree node is applied.
c [w = 166] Encoding duration: 4984 ms.
c [w = 166] Number of clauses: 6962305.
c [w = 166] Number of variables: 1374312.
c [w = 166] SAT Solving starts:
c [w = 166] Solving duration: 19918 ms.
c [w = 166] Answer:
s [w = 166] UNSAT (w = 166).
c [w = 166] Result: 20.
c [w = 167] Start task in PID: 67378.
c [w = 167] Cyclic Antibandwidth problem with w = 167 (U-662_bus.mtx.rnd):
c [w = 167] Initializing CaDiCaL (version 2.2.1).
c [w = 167] Configuring CaDiCaL as --sat (1).
c [w = 167] Encoding starts with w = 167:
c [w = 167] Symmetry breaking highest degree node is applied.
c [w = 167] Encoding duration: 4599 ms.
c [w = 167] Number of clauses: 6970911.
c [w = 167] Number of variables: 1376960.
c [w = 167] SAT Solving starts:
c [w = 167] Solving duration: 20399 ms.
c [w = 167] Answer:
s [w = 167] UNSAT (w = 167).
c [w = 167] Result: 20.
c [Main] Min width UNSAT is set to 166
c [Main] Kill higher pid 167.
c [Signal] Signal interruption. Caught signal: SIGTERM (15).
c [Main] All children have completed.
r [Main] 
r [Main] Final results: 
r [Main] Max width SAT:  	165.
r [Main] Min width UNSAT:	166.
r [Main] Total real time: 281022 ms.
r [Main] Total memory consumed: 19443.9 MB.
r [Main] 
