c [Version] Cyclic Anti-bandwidth Encoder version 1.0.0.
c [Param] Real time limit is set to 1800.
c [Param] Memory limit is set to 30000.
c [Param] Worker count is set to 8.
c [Main] Encoding and solving for graph: V-nos6.mtx.rnd.
c [Main] Search strategy: Binary search using BFS.
c [Main] Lower bound is set to 163.
c [Main] Upper bound is set to 337.
c [Main] Search order: 250 206 294 184 228 272 316 173 195 217 239 261 283 305 327 167 178 189 200 211 222 233 244 255 266 277 288 299 310 321 332 164 170 175 181 186 192 197 203 208 214 219 225 230 236 241 247 252 258 263 269 274 280 285 291 296 302 307 313 318 324 329 335 163 165 168 171 174 176 179 182 185 187 190 193 196 198 201 204 207 209 212 215 218 220 223 226 229 231 234 237 240 242 245 248 251 253 256 259 262 264 267 270 273 275 278 281 284 286 289 292 295 297 300 303 306 308 311 314 317 319 322 325 328 330 333 336 166 169 172 177 180 183 188 191 194 199 202 205 210 213 216 221 224 227 232 235 238 243 246 249 254 257 260 265 268 271 276 279 282 287 290 293 298 301 304 309 312 315 320 323 326 331 334 337.
c [w = 173] Start task in PID: 67392.
c [w = 173] Cyclic Antibandwidth problem with w = 173 (V-nos6.mtx.rnd):
c [w = 173] Initializing CaDiCaL (version 2.2.1).
c [w = 173] Configuring CaDiCaL as --sat (1).
c [w = 173] Encoding starts with w = 173:
c [w = 173] Symmetry breaking highest degree node is applied.
c [w = 173] Encoding duration: 5864 ms.
c [w = 173] Number of clauses: 8254282.
c [w = 173] Number of variables: 1437750.
c [w = 173] SAT Solving starts:
c [w = 173] Solving duration: 270403 ms.
c [w = 173] Answer:
s [w = 173] SAT (w = 173).
c [w = 173] Solution check = 173.
c [w = 173] The solution is correct.
c [w = 173] Result: 10.
c [Main] Max width SAT is set to 173.
c [w = 206] Start task in PID: 67386.
c [w = 206] Cyclic Antibandwidth problem with w = 206 (V-nos6.mtx.rnd):
c [w = 206] Initializing CaDiCaL (version 2.2.1).
c [w = 206] Configuring CaDiCaL as --sat (1).
c [w = 206] Encoding starts with w = 206:
c [w = 206] Symmetry breaking highest degree node is applied.
c [w = 206] Encoding duration: 6237 ms.
c [w = 206] Number of clauses: 8543857.
c [w = 206] Number of variables: 1526850.
c [w = 206] SAT Solving starts:
c [w = 206] Solving duration: 345289 ms.
c [w = 206] Answer:
s [w = 206] SAT (w = 206).
c [w = 206] Solution check = 206.
c [w = 206] The solution is correct.
c [w = 206] Result: 10.
c [Main] Max width SAT is set to 206.
c [Main] Kill lower pid 195.
c [Main] Kill lower pid 184.
c [w = 195] Start task in PID: 67870.
c [w = 195] Cyclic Antibandwidth problem with w = 195 (V-nos6.mtx.rnd):
c [w = 195] Initializing CaDiCaL (version 2.2.1).
c [w = 195] Configuring CaDiCaL as --sat (1).
c [w = 195] Encoding starts with w = 195:
c [w = 195] Symmetry breaking highest degree node is applied.
c [w = 195] Encoding duration: 5841 ms.
c [w = 195] Number of clauses: 8447332.
c [w = 195] Number of variables: 1497150.
c [w = 195] SAT Solving starts:
c [Signal] Signal interruption. Caught signal: SIGTERM (15).
c [w = 184] Start task in PID: 67388.
c [w = 184] Cyclic Antibandwidth problem with w = 184 (V-nos6.mtx.rnd):
c [w = 184] Initializing CaDiCaL (version 2.2.1).
c [w = 184] Configuring CaDiCaL as --sat (1).
c [w = 184] Encoding starts with w = 184:
c [w = 184] Symmetry breaking highest degree node is applied.
c [w = 184] Encoding duration: 5948 ms.
c [w = 184] Number of clauses: 8350807.
c [w = 184] Number of variables: 1467450.
c [w = 184] SAT Solving starts:
c [Signal] Signal interruption. Caught signal: SIGTERM (15).
c [Main] Child pid 184 - 67388 terminated by signal 15.
c [Main] Child pid 195 - 67870 terminated by signal 15.
c [w = 228] Start task in PID: 67389.
c [w = 228] Cyclic Antibandwidth problem with w = 228 (V-nos6.mtx.rnd):
c [w = 228] Initializing CaDiCaL (version 2.2.1).
c [w = 228] Configuring CaDiCaL as --sat (1).
c [w = 228] Encoding starts with w = 228:
c [w = 228] Symmetry breaking highest degree node is applied.
c [w = 228] Encoding duration: 5858 ms.
c [w = 228] Number of clauses: 8282452.
c [w = 228] Number of variables: 1434375.
c [w = 228] SAT Solving starts:
c [w = 228] Solving duration: 668983 ms.
c [w = 228] Answer:
s [w = 228] SAT (w = 228).
c [w = 228] Solution check = 228.
c [w = 228] The solution is correct.
c [w = 228] Result: 10.
c [Main] Max width SAT is set to 228.
c [Main] Kill lower pid 217.
c [w = 217] Start task in PID: 67881.
c [w = 217] Cyclic Antibandwidth problem with w = 217 (V-nos6.mtx.rnd):
c [w = 217] Initializing CaDiCaL (version 2.2.1).
c [w = 217] Configuring CaDiCaL as --sat (1).
c [w = 217] Encoding starts with w = 217:
c [w = 217] Symmetry breaking highest degree node is applied.
c [w = 217] Encoding duration: 6016 ms.
c [w = 217] Number of clauses: 8640382.
c [w = 217] Number of variables: 1556550.
c [w = 217] SAT Solving starts:
c [Signal] Signal interruption. Caught signal: SIGTERM (15).
c [Main] Child pid 217 - 67881 terminated by signal 15.
c [w = 250] Start task in PID: 67385.
c [w = 250] Cyclic Antibandwidth problem with w = 250 (V-nos6.mtx.rnd):
c [w = 250] Initializing CaDiCaL (version 2.2.1).
c [w = 250] Configuring CaDiCaL as --sat (1).
c [w = 250] Encoding starts with w = 250:
c [w = 250] Symmetry breaking highest degree node is applied.
c [w = 250] Encoding duration: 6110 ms.
c [w = 250] Number of clauses: 8430952.
c [w = 250] Number of variables: 1478925.
c [w = 250] SAT Solving starts:
c [w = 250] Solving duration: 750914 ms.
c [w = 250] Answer:
s [w = 250] SAT (w = 250).
c [w = 250] Solution check = 250.
c [w = 250] The solution is correct.
c [w = 250] Result: 10.
c [Main] Max width SAT is set to 250.
c [Main] Kill lower pid 239.
c [w = 239] Start task in PID: 67882.
c [w = 239] Cyclic Antibandwidth problem with w = 239 (V-nos6.mtx.rnd):
c [w = 239] Initializing CaDiCaL (version 2.2.1).
c [w = 239] Configuring CaDiCaL as --sat (1).
c [w = 239] Encoding starts with w = 239:
c [w = 239] Symmetry breaking highest degree node is applied.
c [w = 239] Encoding duration: 6166 ms.
c [w = 239] Number of clauses: 8356702.
c [w = 239] Number of variables: 1456650.
c [w = 239] SAT Solving starts:
c [Signal] Signal interruption. Caught signal: SIGTERM (15).
c [Main] Child pid 239 - 67882 terminated by signal 15.
c [w = 261] Start task in PID: 67883.
c [w = 261] Cyclic Antibandwidth problem with w = 261 (V-nos6.mtx.rnd):
c [w = 261] Initializing CaDiCaL (version 2.2.1).
c [w = 261] Configuring CaDiCaL as --sat (1).
c [w = 261] Encoding starts with w = 261:
c [w = 261] Symmetry breaking highest degree node is applied.
c [w = 261] Encoding duration: 6329 ms.
c [w = 261] Number of clauses: 8505202.
c [w = 261] Number of variables: 1501200.
c [w = 261] SAT Solving starts:
c [w = 261] Solving duration: 1014163 ms.
c [w = 261] Answer:
s [w = 261] SAT (w = 261).
c [w = 261] Solution check = 261.
c [w = 261] The solution is correct.
c [w = 261] Result: 10.
c [Main] Max width SAT is set to 261.
c [Main] Kill lower pid 255.
c [w = 255] Start task in PID: 68380.
c [w = 255] Cyclic Antibandwidth problem with w = 255 (V-nos6.mtx.rnd):
c [w = 255] Initializing CaDiCaL (version 2.2.1).
c [w = 255] Configuring CaDiCaL as --sat (1).
c [w = 255] Encoding starts with w = 255:
c [w = 255] Symmetry breaking highest degree node is applied.
c [w = 255] Encoding duration: 5860 ms.
c [w = 255] Number of clauses: 8464702.
c [w = 255] Number of variables: 1489050.
c [w = 255] SAT Solving starts:
c [Signal] Signal interruption. Caught signal: SIGTERM (15).
c [Main] Child pid 255 - 68380 terminated by signal 15.
c [w = 327] Start task in PID: 68379.
c [w = 327] Cyclic Antibandwidth problem with w = 327 (V-nos6.mtx.rnd):
c [w = 327] Initializing CaDiCaL (version 2.2.1).
c [w = 327] Configuring CaDiCaL as --sat (1).
c [w = 327] Encoding starts with w = 327:
c [w = 327] Symmetry breaking highest degree node is applied.
c [w = 327] Encoding duration: 6310 ms.
c [w = 327] Number of clauses: 8950702.
c [w = 327] Number of variables: 1634850.
c [w = 327] SAT Solving starts:
c [Signal] Signal interruption. Caught signal: SIGTERM (15).
c [w = 266] Start task in PID: 68911.
c [w = 266] Cyclic Antibandwidth problem with w = 266 (V-nos6.mtx.rnd):
c [w = 266] Initializing CaDiCaL (version 2.2.1).
c [w = 266] Configuring CaDiCaL as --sat (1).
c [w = 266] Encoding starts with w = 266:
c [w = 266] Symmetry breaking highest degree node is applied.
c [w = 266] Encoding duration: 5869 ms.
c [w = 266] Number of clauses: 8538952.
c [w = 266] Number of variables: 1511325.
c [w = 266] SAT Solving starts:
c [Signal] Signal interruption. Caught signal: SIGTERM (15).
c [w = 305] Start task in PID: 68367.
c [w = 305] Cyclic Antibandwidth problem with w = 305 (V-nos6.mtx.rnd):
c [w = 305] Initializing CaDiCaL (version 2.2.1).
c [w = 305] Configuring CaDiCaL as --sat (1).
c [w = 305] Encoding starts with w = 305:
c [w = 305] Symmetry breaking highest degree node is applied.
c [w = 305] Encoding duration: 6382 ms.
c [w = 305] Number of clauses: 8802202.
c [w = 305] Number of variables: 1590300.
c [w = 305] SAT Solving starts:
c [Signal] Signal interruption. Caught signal: SIGTERM (15).
c [w = 294] Start task in PID: 67387.
c [w = 294] Cyclic Antibandwidth problem with w = 294 (V-nos6.mtx.rnd):
c [w = 294] Initializing CaDiCaL (version 2.2.1).
c [w = 294] Configuring CaDiCaL as --sat (1).
c [w = 294] Encoding starts with w = 294:
c [w = 294] Symmetry breaking highest degree node is applied.
c [w = 294] Encoding duration: 6279 ms.
c [w = 294] Number of clauses: 8727952.
c [w = 294] Number of variables: 1568025.
c [w = 294] SAT Solving starts:
c [Signal] Signal interruption. Caught signal: SIGTERM (15).
c [w = 283] Start task in PID: 68365.
c [w = 283] Cyclic Antibandwidth problem with w = 283 (V-nos6.mtx.rnd):
c [w = 283] Initializing CaDiCaL (version 2.2.1).
c [w = 283] Configuring CaDiCaL as --sat (1).
c [w = 283] Encoding starts with w = 283:
c [w = 283] Symmetry breaking highest degree node is applied.
c [w = 283] Encoding duration: 5999 ms.
c [w = 283] Number of clauses: 8653702.
c [w = 283] Number of variables: 1545750.
c [w = 283] SAT Solving starts:
c [Signal] Signal interruption. Caught signal: SIGTERM (15).
c [w = 316] Start task in PID: 67391.
c [w = 316] Cyclic Antibandwidth problem with w = 316 (V-nos6.mtx.rnd):
c [w = 316] Initializing CaDiCaL (version 2.2.1).
c [w = 316] Configuring CaDiCaL as --sat (1).
c [w = 316] Encoding starts with w = 316:
c [w = 316] Symmetry breaking highest degree node is applied.
c [w = 316] Encoding duration: 6456 ms.
c [w = 316] Number of clauses: 8876452.
c [w = 316] Number of variables: 1612575.
c [w = 316] SAT Solving starts:
c [Signal] Signal interruption. Caught signal: SIGTERM (15).
c [Main] Lim pid ends with result: 254.
c [Main] All children have completed.
r [Main] 
r [Main] Final results: 
r [Main] Max width SAT:  	261.
r [Main] Min width UNSAT:	-.
r [Main] Total real time: 1812183 ms.
r [Main] Total memory consumed: 22459.1 MB.
r [Main] 
c [w = 277] Start task in PID: 68912.
c [w = 277] Cyclic Antibandwidth problem with w = 277 (V-nos6.mtx.rnd):
c [w = 277] Initializing CaDiCaL (version 2.2.1).
c [w = 277] Configuring CaDiCaL as --sat (1).
c [w = 277] Encoding starts with w = 277:
c [w = 277] Symmetry breaking highest degree node is applied.
c [w = 277] Encoding duration: 6323 ms.
c [w = 277] Number of clauses: 8613202.
c [w = 277] Number of variables: 1533600.
c [w = 277] SAT Solving starts:
c [Signal] Signal interruption. Caught signal: SIGTERM (15).
c [w = 272] Start task in PID: 67390.
c [w = 272] Cyclic Antibandwidth problem with w = 272 (V-nos6.mtx.rnd):
c [w = 272] Initializing CaDiCaL (version 2.2.1).
c [w = 272] Configuring CaDiCaL as --sat (1).
c [w = 272] Encoding starts with w = 272:
c [w = 272] Symmetry breaking highest degree node is applied.
c [w = 272] Encoding duration: 6214 ms.
c [w = 272] Number of clauses: 8579452.
c [w = 272] Number of variables: 1523475.
c [w = 272] SAT Solving starts:
c [Signal] Signal interruption. Caught signal: SIGTERM (15).
