c [Version] Cyclic Anti-bandwidth Encoder version 1.0.0.
c [Param] Real time limit is set to 1800.
c [Param] Memory limit is set to 30000.
c [Param] Worker count is set to 8.
c [Main] Encoding and solving for graph: X-can__715.mtx.rnd.
c [Main] Search strategy: Binary search using BFS.
c [Main] Lower bound is set to 56.
c [Main] Upper bound is set to 142.
c [Main] Search order: 99 77 121 66 88 110 132 60 71 82 93 104 115 126 137 57 63 68 74 79 85 90 96 101 107 112 118 123 129 134 140 56 58 61 64 67 69 72 75 78 80 83 86 89 91 94 97 100 102 105 108 111 113 116 119 122 124 127 130 133 135 138 141 59 62 65 70 73 76 81 84 87 92 95 98 103 106 109 114 117 120 125 128 131 136 139 142.
c [w = 60] Start task in PID: 69463.
c [w = 60] Cyclic Antibandwidth problem with w = 60 (X-can__715.mtx.rnd):
c [w = 60] Initializing CaDiCaL (version 2.2.1).
c [w = 60] Configuring CaDiCaL as --sat (1).
c [w = 60] Encoding starts with w = 60:
c [w = 60] Symmetry breaking highest degree node is applied.
c [w = 60] Encoding duration: 9440 ms.
c [w = 60] Number of clauses: 13652717.
c [w = 60] Number of variables: 1585870.
c [w = 60] SAT Solving starts:
c [w = 60] Solving duration: 55476 ms.
c [w = 60] Answer:
s [w = 60] SAT (w = 60).
c [w = 60] Solution check = 60.
c [w = 60] The solution is correct.
c [w = 60] Result: 10.
c [Main] Max width SAT is set to 60.
c [w = 132] Start task in PID: 69462.
c [w = 132] Cyclic Antibandwidth problem with w = 132 (X-can__715.mtx.rnd):
c [w = 132] Initializing CaDiCaL (version 2.2.1).
c [w = 132] Configuring CaDiCaL as --sat (1).
c [w = 132] Encoding starts with w = 132:
c [w = 132] Symmetry breaking highest degree node is applied.
c [w = 132] Encoding duration: 9687 ms.
c [w = 132] Number of clauses: 13910042.
c [w = 132] Number of variables: 1650220.
c [w = 132] SAT Solving starts:
c [w = 132] Solving duration: 56520 ms.
c [w = 132] Answer:
s [w = 132] UNSAT (w = 132).
c [w = 132] Result: 20.
c [Main] Min width UNSAT is set to 132
c [w = 121] Start task in PID: 69458.
c [w = 121] Cyclic Antibandwidth problem with w = 121 (X-can__715.mtx.rnd):
c [w = 121] Initializing CaDiCaL (version 2.2.1).
c [w = 121] Configuring CaDiCaL as --sat (1).
c [w = 121] Encoding starts with w = 121:
c [w = 121] Symmetry breaking highest degree node is applied.
c [w = 121] Encoding duration: 9533 ms.
c [w = 121] Number of clauses: 13760607.
c [w = 121] Number of variables: 1603030.
c [w = 121] SAT Solving starts:
c [w = 121] Solving duration: 69420 ms.
c [w = 121] Answer:
s [w = 121] UNSAT (w = 121).
c [w = 121] Result: 20.
c [Main] Min width UNSAT is set to 121
c [w = 66] Start task in PID: 69459.
c [w = 66] Cyclic Antibandwidth problem with w = 66 (X-can__715.mtx.rnd):
c [w = 66] Initializing CaDiCaL (version 2.2.1).
c [w = 66] Configuring CaDiCaL as --sat (1).
c [w = 66] Encoding starts with w = 66:
c [w = 66] Symmetry breaking highest degree node is applied.
c [w = 66] Encoding duration: 9504 ms.
c [w = 66] Number of clauses: 13676657.
c [w = 66] Number of variables: 1592305.
c [w = 66] SAT Solving starts:
c [w = 66] Solving duration: 119455 ms.
c [w = 66] Answer:
s [w = 66] SAT (w = 66).
c [w = 66] Solution check = 66.
c [w = 66] The solution is correct.
c [w = 66] Result: 10.
c [Main] Max width SAT is set to 66.
c [w = 71] Start task in PID: 69474.
c [w = 71] Cyclic Antibandwidth problem with w = 71 (X-can__715.mtx.rnd):
c [w = 71] Initializing CaDiCaL (version 2.2.1).
c [w = 71] Configuring CaDiCaL as --sat (1).
c [w = 71] Encoding starts with w = 71:
c [w = 71] Symmetry breaking highest degree node is applied.
c [w = 71] Encoding duration: 9411 ms.
c [w = 71] Number of clauses: 13798207.
c [w = 71] Number of variables: 1631630.
c [w = 71] SAT Solving starts:
c [w = 71] Solving duration: 289310 ms.
c [w = 71] Answer:
s [w = 71] SAT (w = 71).
c [w = 71] Solution check = 71.
c [w = 71] The solution is correct.
c [w = 71] Result: 10.
c [Main] Max width SAT is set to 71.
c [w = 82] Start task in PID: 69475.
c [w = 82] Cyclic Antibandwidth problem with w = 82 (X-can__715.mtx.rnd):
c [w = 82] Initializing CaDiCaL (version 2.2.1).
c [w = 82] Configuring CaDiCaL as --sat (1).
c [w = 82] Encoding starts with w = 82:
c [w = 82] Symmetry breaking highest degree node is applied.
c [w = 82] Encoding duration: 9260 ms.
c [w = 82] Number of clauses: 13729542.
c [w = 82] Number of variables: 1605175.
c [w = 82] SAT Solving starts:
c [w = 82] Solving duration: 306233 ms.
c [w = 82] Answer:
s [w = 82] SAT (w = 82).
c [w = 82] Solution check = 82.
c [w = 82] The solution is correct.
c [w = 82] Result: 10.
c [Main] Max width SAT is set to 82.
c [Main] Kill lower pid 77.
c [w = 77] Start task in PID: 69457.
c [w = 77] Cyclic Antibandwidth problem with w = 77 (X-can__715.mtx.rnd):
c [w = 77] Initializing CaDiCaL (version 2.2.1).
c [w = 77] Configuring CaDiCaL as --sat (1).
c [w = 77] Encoding starts with w = 77:
c [w = 77] Symmetry breaking highest degree node is applied.
c [w = 77] Encoding duration: 9575 ms.
c [w = 77] Number of clauses: 13786397.
c [w = 77] Number of variables: 1625910.
c [w = 77] SAT Solving starts:
c [Signal] Signal interruption. Caught signal: SIGTERM (15).
c [Main] Child pid 77 - 69457 terminated by signal 15.
c [w = 88] Start task in PID: 69460.
c [w = 88] Cyclic Antibandwidth problem with w = 88 (X-can__715.mtx.rnd):
c [w = 88] Initializing CaDiCaL (version 2.2.1).
c [w = 88] Configuring CaDiCaL as --sat (1).
c [w = 88] Encoding starts with w = 88:
c [w = 88] Symmetry breaking highest degree node is applied.
c [w = 88] Encoding duration: 9594 ms.
c [w = 88] Number of clauses: 13849662.
c [w = 88] Number of variables: 1643785.
c [w = 88] SAT Solving starts:
c [w = 88] Solving duration: 618921 ms.
c [w = 88] Answer:
s [w = 88] SAT (w = 88).
c [w = 88] Solution check = 88.
c [w = 88] The solution is correct.
c [w = 88] Result: 10.
c [Main] Max width SAT is set to 88.
c [Main] Kill lower pid 85.
c [w = 85] Start task in PID: 69532.
c [w = 85] Cyclic Antibandwidth problem with w = 85 (X-can__715.mtx.rnd):
c [w = 85] Initializing CaDiCaL (version 2.2.1).
c [w = 85] Configuring CaDiCaL as --sat (1).
c [w = 85] Encoding starts with w = 85:
c [w = 85] Symmetry breaking highest degree node is applied.
c [w = 85] Encoding duration: 9194 ms.
c [w = 85] Number of clauses: 13789602.
c [w = 85] Number of variables: 1624480.
c [w = 85] SAT Solving starts:
c [Signal] Signal interruption. Caught signal: SIGTERM (15).
c [Main] Child pid 85 - 69532 terminated by signal 15.
c [w = 93] Start task in PID: 69478.
c [w = 93] Cyclic Antibandwidth problem with w = 93 (X-can__715.mtx.rnd):
c [w = 93] Initializing CaDiCaL (version 2.2.1).
c [w = 93] Configuring CaDiCaL as --sat (1).
c [w = 93] Encoding starts with w = 93:
c [w = 93] Symmetry breaking highest degree node is applied.
c [w = 93] Encoding duration: 9063 ms.
c [w = 93] Number of clauses: 13759202.
c [w = 93] Number of variables: 1611610.
c [w = 93] SAT Solving starts:
c [w = 93] Solving duration: 624793 ms.
c [w = 93] Answer:
s [w = 93] SAT (w = 93).
c [w = 93] Solution check = 93.
c [w = 93] The solution is correct.
c [w = 93] Result: 10.
c [Main] Max width SAT is set to 93.
c [Main] Kill lower pid 90.
c [w = 90] Start task in PID: 69533.
c [w = 90] Cyclic Antibandwidth problem with w = 90 (X-can__715.mtx.rnd):
c [w = 90] Initializing CaDiCaL (version 2.2.1).
c [w = 90] Configuring CaDiCaL as --sat (1).
c [w = 90] Encoding starts with w = 90:
c [w = 90] Symmetry breaking highest degree node is applied.
c [w = 90] Encoding duration: 9402 ms.
c [w = 90] Number of clauses: 13705577.
c [w = 90] Number of variables: 1594450.
c [w = 90] SAT Solving starts:
c [Signal] Signal interruption. Caught signal: SIGTERM (15).
c [Main] Child pid 90 - 69533 terminated by signal 15.
c [w = 99] Start task in PID: 69456.
c [w = 99] Cyclic Antibandwidth problem with w = 99 (X-can__715.mtx.rnd):
c [w = 99] Initializing CaDiCaL (version 2.2.1).
c [w = 99] Configuring CaDiCaL as --sat (1).
c [w = 99] Encoding starts with w = 99:
c [w = 99] Symmetry breaking highest degree node is applied.
c [w = 99] Encoding duration: 9627 ms.
c [w = 99] Number of clauses: 13866452.
c [w = 99] Number of variables: 1645930.
c [w = 99] SAT Solving starts:
c [w = 99] Solving duration: 975243 ms.
c [w = 99] Answer:
s [w = 99] SAT (w = 99).
c [w = 99] Solution check = 99.
c [w = 99] The solution is correct.
c [w = 99] Result: 10.
c [Main] Max width SAT is set to 99.
c [Main] Kill lower pid 96.
c [w = 96] Start task in PID: 70021.
c [w = 96] Cyclic Antibandwidth problem with w = 96 (X-can__715.mtx.rnd):
c [w = 96] Initializing CaDiCaL (version 2.2.1).
c [w = 96] Configuring CaDiCaL as --sat (1).
c [w = 96] Encoding starts with w = 96:
c [w = 96] Symmetry breaking highest degree node is applied.
c [w = 96] Encoding duration: 9392 ms.
c [w = 96] Number of clauses: 13812827.
c [w = 96] Number of variables: 1628770.
c [w = 96] SAT Solving starts:
c [Signal] Signal interruption. Caught signal: SIGTERM (15).
c [Main] Child pid 96 - 70021 terminated by signal 15.
c [w = 118] Start task in PID: 70137.
c [w = 118] Cyclic Antibandwidth problem with w = 118 (X-can__715.mtx.rnd):
c [w = 118] Initializing CaDiCaL (version 2.2.1).
c [w = 118] Configuring CaDiCaL as --sat (1).
c [w = 118] Encoding starts with w = 118:
c [w = 118] Symmetry breaking highest degree node is applied.
c [w = 118] Encoding duration: 9465 ms.
c [w = 118] Number of clauses: 13962607.
c [w = 118] Number of variables: 1672385.
c [w = 118] SAT Solving starts:
c [Signal] Signal interruption. Caught signal: SIGTERM (15).
c [w = 100] Start task in PID: 70138.
c [w = 100] Cyclic Antibandwidth problem with w = 100 (X-can__715.mtx.rnd):
c [w = 100] Initializing CaDiCaL (version 2.2.1).
c [w = 100] Configuring CaDiCaL as --sat (1).
c [w = 100] Encoding starts with w = 100:
c [w = 100] Symmetry breaking highest degree node is applied.
c [w = 100] Encoding duration: 9266 ms.
c [w = 100] Number of clauses: 13884327.
c [w = 100] Number of variables: 1651650.
c [w = 100] SAT Solving starts:
c [Signal] Signal interruption. Caught signal: SIGTERM (15).
c [w = 115] Start task in PID: 69527.
c [w = 115] Cyclic Antibandwidth problem with w = 115 (X-can__715.mtx.rnd):
c [w = 115] Initializing CaDiCaL (version 2.2.1).
c [w = 115] Configuring CaDiCaL as --sat (1).
c [w = 115] Encoding starts with w = 115:
c [w = 115] Symmetry breaking highest degree node is applied.
c [w = 115] Encoding duration: 11147 ms.
c [w = 115] Number of clauses: 13915417.
c [w = 115] Number of variables: 1657370.
c [w = 115] SAT Solving starts:
c [Signal] Signal interruption. Caught signal: SIGTERM (15).
c [w = 107] Start task in PID: 70049.
c [w = 107] Cyclic Antibandwidth problem with w = 107 (X-can__715.mtx.rnd):
c [w = 107] Initializing CaDiCaL (version 2.2.1).
c [w = 107] Configuring CaDiCaL as --sat (1).
c [w = 107] Encoding starts with w = 107:
c [w = 107] Symmetry breaking highest degree node is applied.
c [w = 107] Encoding duration: 9329 ms.
c [w = 107] Number of clauses: 13789577.
c [w = 107] Number of variables: 1617330.
c [w = 107] SAT Solving starts:
c [Signal] Signal interruption. Caught signal: SIGTERM (15).
c [w = 112] Start task in PID: 70050.
c [w = 112] Cyclic Antibandwidth problem with w = 112 (X-can__715.mtx.rnd):
c [w = 112] Initializing CaDiCaL (version 2.2.1).
c [w = 112] Configuring CaDiCaL as --sat (1).
c [w = 112] Encoding starts with w = 112:
c [w = 112] Symmetry breaking highest degree node is applied.
c [w = 112] Encoding duration: 9347 ms.
c [w = 112] Number of clauses: 13868227.
c [w = 112] Number of variables: 1642355.
c [w = 112] SAT Solving starts:
c [Signal] Signal interruption. Caught signal: SIGTERM (15).
c [w = 104] Start task in PID: 69487.
c [w = 104] Cyclic Antibandwidth problem with w = 104 (X-can__715.mtx.rnd):
c [w = 104] Initializing CaDiCaL (version 2.2.1).
c [w = 104] Configuring CaDiCaL as --sat (1).
c [w = 104] Encoding starts with w = 104:
c [w = 104] Symmetry breaking highest degree node is applied.
c [w = 104] Encoding duration: 9250 ms.
c [w = 104] Number of clauses: 13742387.
c [w = 104] Number of variables: 1602315.
c [w = 104] SAT Solving starts:
c [Signal] Signal interruption. Caught signal: SIGTERM (15).
c [w = 110] Start task in PID: 69461.
c [w = 110] Cyclic Antibandwidth problem with w = 110 (X-can__715.mtx.rnd):
c [w = 110] Initializing CaDiCaL (version 2.2.1).
c [w = 110] Configuring CaDiCaL as --sat (1).
c [w = 110] Encoding starts with w = 110:
c [w = 110] Symmetry breaking highest degree node is applied.
c [w = 110] Encoding duration: 9582 ms.
c [w = 110] Number of clauses: 13836767.
c [w = 110] Number of variables: 1632345.
c [w = 110] SAT Solving starts:
c [Signal] Signal interruption. Caught signal: SIGTERM (15).
c [Main] Lim pid ends with result: 254.
c [Main] All children have completed.
r [Main] 
r [Main] Final results: 
r [Main] Max width SAT:  	99.
r [Main] Min width UNSAT:	121.
r [Main] Total real time: 1812368 ms.
r [Main] Total memory consumed: 29705.2 MB.
r [Main] 
c [w = 101] Start task in PID: 70022.
c [w = 101] Cyclic Antibandwidth problem with w = 101 (X-can__715.mtx.rnd):
c [w = 101] Initializing CaDiCaL (version 2.2.1).
c [w = 101] Configuring CaDiCaL as --sat (1).
c [w = 101] Encoding starts with w = 101:
c [w = 101] Symmetry breaking highest degree node is applied.
c [w = 101] Encoding duration: 9593 ms.
c [w = 101] Number of clauses: 13902202.
c [w = 101] Number of variables: 1657370.
c [w = 101] SAT Solving starts:
c [Signal] Signal interruption. Caught signal: SIGTERM (15).
