c [Version] Cyclic Anti-bandwidth Encoder version 1.0.0.
c [Param] Real time limit is set to 1800.
c [Param] Memory limit is set to 30000.
c [Param] Worker count is set to 4.
c [Main] Encoding and solving for graph: I-ash85.mtx.rnd.
c [Main] Search strategy: Binary search from lower bound.
c [Main] Lower bound is set to 10.
c [Main] Upper bound is set to 27.
c [Main] Search order: 18 13 11 10 12 15 14 16 17 23 20 19 21 22 25 24 26 27.
c [w = 10] Start task in PID: 71292.
c [w = 10] Cyclic Antibandwidth problem with w = 10 (I-ash85.mtx.rnd):
c [w = 10] Initializing CaDiCaL (version 2.2.1).
c [w = 10] Configuring CaDiCaL as --sat (1).
c [w = 10] Encoding starts with w = 10:
c [w = 10] Symmetry breaking highest degree node is applied.
c [w = 10] Encoding duration: 59 ms.
c [w = 10] Number of clauses: 143644.
c [w = 10] Number of variables: 22695.
c [w = 10] SAT Solving starts:
c [w = 10] Solving duration: 208 ms.
c [w = 10] Answer:
s [w = 10] SAT (w = 10).
c [w = 10] Solution check = 10.
c [w = 10] The solution is correct.
c [w = 10] Result: 10.
c [Main] Max width SAT is set to 10.
c [w = 13] Start task in PID: 71290.
c [w = 13] Cyclic Antibandwidth problem with w = 13 (I-ash85.mtx.rnd):
c [w = 13] Initializing CaDiCaL (version 2.2.1).
c [w = 13] Configuring CaDiCaL as --sat (1).
c [w = 13] Encoding starts with w = 13:
c [w = 13] Symmetry breaking highest degree node is applied.
c [w = 13] Encoding duration: 63 ms.
c [w = 13] Number of clauses: 145553.
c [w = 13] Number of variables: 23290.
c [w = 13] SAT Solving starts:
c [w = 13] Solving duration: 224 ms.
c [w = 13] Answer:
s [w = 13] SAT (w = 13).
c [w = 13] Solution check = 13.
c [w = 13] The solution is correct.
c [w = 13] Result: 10.
c [Main] Max width SAT is set to 13.
c [Main] Kill lower pid 12.
c [Main] Kill lower pid 11.
c [w = 11] Start task in PID: 71291.
c [w = 11] Cyclic Antibandwidth problem with w = 11 (I-ash85.mtx.rnd):
c [w = 11] Initializing CaDiCaL (version 2.2.1).
c [w = 11] Configuring CaDiCaL as --sat (1).
c [w = 11] Encoding starts with w = 11:
c [w = 11] Symmetry breaking highest degree node is applied.
c [w = 11] Encoding duration: 63 ms.
c [w = 11] Number of clauses: 143876.
c [w = 11] Number of variables: 22780.
c [w = 11] SAT Solving starts:
c [w = 11] Solving duration: 252 ms.
c [w = 11] Answer:
s [w = 11] SAT (w = 11).
c [w = 11] Solution check = 11.
c [w = 11] The solution is correct.
c [Signal] Signal interruption. Caught signal: SIGTERM (15).
c [w = 12] Start task in PID: 71293.
c [w = 12] Cyclic Antibandwidth problem with w = 12 (I-ash85.mtx.rnd):
c [w = 12] Initializing CaDiCaL (version 2.2.1).
c [w = 12] Configuring CaDiCaL as --sat (1).
c [w = 12] Encoding starts with w = 12:
c [w = 12] Symmetry breaking highest degree node is applied.
c [Signal] Signal interruption. Caught signal: SIGTERM (15).
c [Main] Child pid 12 - 71293 terminated by signal 15.
c [Main] Child pid 11 - 71291 terminated by signal 15.
c [w = 18] Start task in PID: 71289.
c [w = 18] Cyclic Antibandwidth problem with w = 18 (I-ash85.mtx.rnd):
c [w = 18] Initializing CaDiCaL (version 2.2.1).
c [w = 18] Configuring CaDiCaL as --sat (1).
c [w = 18] Encoding starts with w = 18:
c [w = 18] Symmetry breaking highest degree node is applied.
c [w = 18] Encoding duration: 65 ms.
c [w = 18] Number of clauses: 147462.
c [w = 18] Number of variables: 23715.
c [w = 18] SAT Solving starts:
c [w = 18] Solving duration: 276 ms.
c [w = 18] Answer:
s [w = 18] SAT (w = 18).
c [w = 18] Solution check = 18.
c [w = 18] The solution is correct.
c [w = 18] Result: 10.
c [Main] Max width SAT is set to 18.
c [Main] Kill lower pid 16.
c [Main] Kill lower pid 14.
c [Main] Kill lower pid 15.
c [w = 16] Start task in PID: 71296.
c [w = 16] Cyclic Antibandwidth problem with w = 16 (I-ash85.mtx.rnd):
c [w = 16] Initializing CaDiCaL (version 2.2.1).
c [w = 16] Configuring CaDiCaL as --sat (1).
c [w = 16] Encoding starts with w = 16:
c [w = 16] Symmetry breaking highest degree node is applied.
c [Signal] Signal interruption. Caught signal: SIGTERM (15).
c [w = 14] Start task in PID: 71295.
c [w = 14] Cyclic Antibandwidth problem with w = 14 (I-ash85.mtx.rnd):
c [w = 14] Initializing CaDiCaL (version 2.2.1).
c [w = 14] Configuring CaDiCaL as --sat (1).
c [w = 14] Encoding starts with w = 14:
c [w = 14] Symmetry breaking highest degree node is applied.
c [Signal] Signal interruption. Caught signal: SIGTERM (15).
c [w = 15] Start task in PID: 71294.
c [w = 15] Cyclic Antibandwidth problem with w = 15 (I-ash85.mtx.rnd):
c [w = 15] Initializing CaDiCaL (version 2.2.1).
c [w = 15] Configuring CaDiCaL as --sat (1).
c [w = 15] Encoding starts with w = 15:
c [w = 15] Symmetry breaking highest degree node is applied.
c [Signal] Signal interruption. Caught signal: SIGTERM (15).
c [Main] Child pid 16 - 71296 terminated by signal 15.
c [Main] Child pid 15 - 71294 terminated by signal 15.
c [Main] Child pid 14 - 71295 terminated by signal 15.
c [w = 23] Start task in PID: 71297.
c [w = 23] Cyclic Antibandwidth problem with w = 23 (I-ash85.mtx.rnd):
c [w = 23] Initializing CaDiCaL (version 2.2.1).
c [w = 23] Configuring CaDiCaL as --sat (1).
c [w = 23] Encoding starts with w = 23:
c [w = 23] Symmetry breaking highest degree node is applied.
c [w = 23] Encoding duration: 66 ms.
c [w = 23] Number of clauses: 149394.
c [w = 23] Number of variables: 24140.
c [w = 23] SAT Solving starts:
c [w = 23] Solving duration: 212 ms.
c [w = 23] Answer:
s [w = 23] UNSAT (w = 23).
c [w = 23] Result: 20.
c [Main] Min width UNSAT is set to 23
c [w = 19] Start task in PID: 71299.
c [w = 19] Cyclic Antibandwidth problem with w = 19 (I-ash85.mtx.rnd):
c [w = 19] Initializing CaDiCaL (version 2.2.1).
c [w = 19] Configuring CaDiCaL as --sat (1).
c [w = 19] Encoding starts with w = 19:
c [w = 19] Symmetry breaking highest degree node is applied.
c [w = 19] Encoding duration: 67 ms.
c [w = 19] Number of clauses: 148822.
c [w = 19] Number of variables: 24140.
c [w = 19] SAT Solving starts:
c [w = 19] Solving duration: 268 ms.
c [w = 19] Answer:
s [w = 19] SAT (w = 19).
c [w = 19] Solution check = 19.
c [w = 19] The solution is correct.
c [w = 19] Result: 10.
c [w = 20] Start task in PID: 71298.
c [w = 20] Cyclic Antibandwidth problem with w = 20 (I-ash85.mtx.rnd):
c [w = 20] Initializing CaDiCaL (version 2.2.1).
c [w = 20] Configuring CaDiCaL as --sat (1).
c [w = 20] Encoding starts with w = 20:
c [w = 20] Symmetry breaking highest degree node is applied.
c [w = 20] Encoding duration: 67 ms.
c [w = 20] Number of clauses: 150182.
c [w = 20] Number of variables: 24565.
c [w = 20] SAT Solving starts:
c [w = 20] Solving duration: 275 ms.
c [w = 20] Answer:
s [w = 20] SAT (w = 20).
c [w = 20] Solution check = 20.
c [w = 20] The solution is correct.
c [w = 20] Result: 10.
c [Main] Max width SAT is set to 19.
c [Main] Max width SAT is set to 20.
c [w = 22] Start task in PID: 71301.
c [w = 22] Cyclic Antibandwidth problem with w = 22 (I-ash85.mtx.rnd):
c [w = 22] Initializing CaDiCaL (version 2.2.1).
c [w = 22] Configuring CaDiCaL as --sat (1).
c [w = 22] Encoding starts with w = 22:
c [w = 22] Symmetry breaking highest degree node is applied.
c [w = 22] Encoding duration: 66 ms.
c [w = 22] Number of clauses: 148289.
c [w = 22] Number of variables: 23800.
c [w = 22] SAT Solving starts:
c [w = 22] Solving duration: 208 ms.
c [w = 22] Answer:
s [w = 22] UNSAT (w = 22).
c [w = 22] Result: 20.
c [Main] Min width UNSAT is set to 22
c [w = 21] Start task in PID: 71300.
c [w = 21] Cyclic Antibandwidth problem with w = 21 (I-ash85.mtx.rnd):
c [w = 21] Initializing CaDiCaL (version 2.2.1).
c [w = 21] Configuring CaDiCaL as --sat (1).
c [w = 21] Encoding starts with w = 21:
c [w = 21] Symmetry breaking highest degree node is applied.
c [w = 21] Encoding duration: 65 ms.
c [w = 21] Number of clauses: 146782.
c [w = 21] Number of variables: 23460.
c [w = 21] SAT Solving starts:
c [w = 21] Solving duration: 1693 ms.
c [w = 21] Answer:
s [w = 21] SAT (w = 21).
c [w = 21] Solution check = 21.
c [w = 21] The solution is correct.
c [w = 21] Result: 10.
c [Main] Max width SAT is set to 21.
c [Signal] Signal interruption. Caught signal: SIGTERM (15).
c [Main] All children have completed.
r [Main] 
r [Main] Final results: 
r [Main] Max width SAT:  	21.
r [Main] Min width UNSAT:	22.
r [Main] Total real time: 2158 ms.
r [Main] Total memory consumed: 211 MB.
r [Main] 
