c [Version] Cyclic Anti-bandwidth Encoder version 1.0.0.
c [Param] Real time limit is set to 1800.
c [Param] Memory limit is set to 30000.
c [Param] Worker count is set to 4.
c [Main] Encoding and solving for graph: K-dwt__234.mtx.rnd.
c [Main] Search strategy: Binary search from lower bound.
c [Main] Lower bound is set to 23.
c [Main] Upper bound is set to 58.
c [Main] Search order: 40 31 26 24 23 25 28 27 29 30 35 33 32 34 37 36 38 39 49 44 42 41 43 46 45 47 48 54 51 50 52 53 56 55 57 58.
c [w = 24] Start task in PID: 71326.
c [w = 24] Cyclic Antibandwidth problem with w = 24 (K-dwt__234.mtx.rnd):
c [w = 24] Initializing CaDiCaL (version 2.2.1).
c [w = 24] Configuring CaDiCaL as --sat (1).
c [w = 24] Encoding starts with w = 24:
c [w = 24] Symmetry breaking highest degree node is applied.
c [w = 24] Encoding duration: 96 ms.
c [w = 24] Number of clauses: 216886.
c [w = 24] Number of variables: 44343.
c [w = 24] SAT Solving starts:
c [w = 24] Solving duration: 581 ms.
c [w = 24] Answer:
s [w = 24] SAT (w = 24).
c [w = 24] Solution check = 24.
c [w = 24] The solution is correct.
c [w = 24] Result: 10.
c [Main] Max width SAT is set to 24.
c [w = 31] Start task in PID: 71324.
c [w = 31] Cyclic Antibandwidth problem with w = 31 (K-dwt__234.mtx.rnd):
c [w = 31] Initializing CaDiCaL (version 2.2.1).
c [w = 31] Configuring CaDiCaL as --sat (1).
c [w = 31] Encoding starts with w = 31:
c [w = 31] Symmetry breaking highest degree node is applied.
c [w = 31] Encoding duration: 101 ms.
c [w = 31] Number of clauses: 220063.
c [w = 31] Number of variables: 45162.
c [w = 31] SAT Solving starts:
c [w = 31] Solving duration: 844 ms.
c [w = 31] Answer:
s [w = 31] SAT (w = 31).
c [w = 31] Solution check = 31.
c [w = 31] The solution is correct.
c [w = 31] Result: 10.
c [Main] Max width SAT is set to 31.
c [Main] Kill lower pid 25.
c [Main] Kill lower pid 26.
c [w = 26] Start task in PID: 71325.
c [w = 26] Cyclic Antibandwidth problem with w = 26 (K-dwt__234.mtx.rnd):
c [w = 26] Initializing CaDiCaL (version 2.2.1).
c [w = 26] Configuring CaDiCaL as --sat (1).
c [w = 26] Encoding starts with w = 26:
c [w = 26] Symmetry breaking highest degree node is applied.
c [w = 26] Encoding duration: 100 ms.
c [w = 26] Number of clauses: 220630.
c [w = 26] Number of variables: 45513.
c [w = 26] SAT Solving starts:
c [Signal] Signal interruption. Caught signal: SIGTERM (15).
c [w = 25] Start task in PID: 71327.
c [w = 25] Cyclic Antibandwidth problem with w = 25 (K-dwt__234.mtx.rnd):
c [w = 25] Initializing CaDiCaL (version 2.2.1).
c [w = 25] Configuring CaDiCaL as --sat (1).
c [w = 25] Encoding starts with w = 25:
c [w = 25] Symmetry breaking highest degree node is applied.
c [w = 25] Encoding duration: 100 ms.
c [w = 25] Number of clauses: 218758.
c [w = 25] Number of variables: 44928.
c [w = 25] SAT Solving starts:
c [Signal] Signal interruption. Caught signal: SIGTERM (15).
c [Main] Child pid 26 - 71325 terminated by signal 15.
c [Main] Child pid 25 - 71327 terminated by signal 15.
c [w = 40] Start task in PID: 71323.
c [w = 40] Cyclic Antibandwidth problem with w = 40 (K-dwt__234.mtx.rnd):
c [w = 40] Initializing CaDiCaL (version 2.2.1).
c [w = 40] Configuring CaDiCaL as --sat (1).
c [w = 40] Encoding starts with w = 40:
c [w = 40] Symmetry breaking highest degree node is applied.
c [w = 40] Encoding duration: 99 ms.
c [w = 40] Number of clauses: 220783.
c [w = 40] Number of variables: 45045.
c [w = 40] SAT Solving starts:
c [w = 40] Solving duration: 1242 ms.
c [w = 40] Answer:
s [w = 40] SAT (w = 40).
c [w = 40] Solution check = 40.
c [w = 40] The solution is correct.
c [w = 40] Result: 10.
c [Main] Max width SAT is set to 40.
c [Main] Kill lower pid 32.
c [Main] Kill lower pid 33.
c [Main] Kill lower pid 35.
c [w = 33] Start task in PID: 71329.
c [w = 33] Cyclic Antibandwidth problem with w = 33 (K-dwt__234.mtx.rnd):
c [w = 33] Initializing CaDiCaL (version 2.2.1).
c [w = 33] Configuring CaDiCaL as --sat (1).
c [w = 33] Encoding starts with w = 33:
c [w = 33] Symmetry breaking highest degree node is applied.
c [w = 33] Encoding duration: 101 ms.
c [w = 33] Number of clauses: 223105.
c [w = 33] Number of variables: 46098.
c [w = 33] SAT Solving starts:
c [Signal] Signal interruption. Caught signal: SIGTERM (15).
c [w = 32] Start task in PID: 71330.
c [w = 32] Cyclic Antibandwidth problem with w = 32 (K-dwt__234.mtx.rnd):
c [w = 32] Initializing CaDiCaL (version 2.2.1).
c [w = 32] Configuring CaDiCaL as --sat (1).
c [w = 32] Encoding starts with w = 32:
c [w = 32] Symmetry breaking highest degree node is applied.
c [w = 32] Encoding duration: 103 ms.
c [w = 32] Number of clauses: 221584.
c [w = 32] Number of variables: 45630.
c [w = 32] SAT Solving starts:
c [Signal] Signal interruption. Caught signal: SIGTERM (15).
c [w = 35] Start task in PID: 71328.
c [w = 35] Cyclic Antibandwidth problem with w = 35 (K-dwt__234.mtx.rnd):
c [w = 35] Initializing CaDiCaL (version 2.2.1).
c [w = 35] Configuring CaDiCaL as --sat (1).
c [w = 35] Encoding starts with w = 35:
c [w = 35] Symmetry breaking highest degree node is applied.
c [w = 35] Encoding duration: 108 ms.
c [w = 35] Number of clauses: 226147.
c [w = 35] Number of variables: 47034.
c [w = 35] SAT Solving starts:
c [Signal] Signal interruption. Caught signal: SIGTERM (15).
c [Main] Child pid 35 - 71328 terminated by signal 15.
c [Main] Child pid 32 - 71330 terminated by signal 15.
c [Main] Child pid 33 - 71329 terminated by signal 15.
c [w = 49] Start task in PID: 71331.
c [w = 49] Cyclic Antibandwidth problem with w = 49 (K-dwt__234.mtx.rnd):
c [w = 49] Initializing CaDiCaL (version 2.2.1).
c [w = 49] Configuring CaDiCaL as --sat (1).
c [w = 49] Encoding starts with w = 49:
c [w = 49] Symmetry breaking highest degree node is applied.
c [w = 49] Encoding duration: 106 ms.
c [w = 49] Number of clauses: 231313.
c [w = 49] Number of variables: 48204.
c [w = 49] SAT Solving starts:
c [w = 49] Solving duration: 627 ms.
c [w = 49] Answer:
s [w = 49] UNSAT (w = 49).
c [w = 49] Result: 20.
c [Main] Min width UNSAT is set to 49
c [w = 42] Start task in PID: 71333.
c [w = 42] Cyclic Antibandwidth problem with w = 42 (K-dwt__234.mtx.rnd):
c [w = 42] Initializing CaDiCaL (version 2.2.1).
c [w = 42] Configuring CaDiCaL as --sat (1).
c [w = 42] Encoding starts with w = 42:
c [w = 42] Symmetry breaking highest degree node is applied.
c [w = 42] Encoding duration: 101 ms.
c [w = 42] Number of clauses: 223123.
c [w = 42] Number of variables: 45747.
c [w = 42] SAT Solving starts:
c [w = 42] Solving duration: 1741 ms.
c [w = 42] Answer:
s [w = 42] SAT (w = 42).
c [w = 42] Solution check = 42.
c [w = 42] The solution is correct.
c [w = 42] Result: 10.
c [Main] Max width SAT is set to 42.
c [Main] Kill lower pid 41.
c [w = 41] Start task in PID: 71334.
c [w = 41] Cyclic Antibandwidth problem with w = 41 (K-dwt__234.mtx.rnd):
c [w = 41] Initializing CaDiCaL (version 2.2.1).
c [w = 41] Configuring CaDiCaL as --sat (1).
c [w = 41] Encoding starts with w = 41:
c [w = 41] Symmetry breaking highest degree node is applied.
c [w = 41] Encoding duration: 146 ms.
c [w = 41] Number of clauses: 221953.
c [w = 41] Number of variables: 45396.
c [w = 41] SAT Solving starts:
c [Signal] Signal interruption. Caught signal: SIGTERM (15).
c [Main] Child pid 41 - 71334 terminated by signal 15.
c [w = 44] Start task in PID: 71332.
c [w = 44] Cyclic Antibandwidth problem with w = 44 (K-dwt__234.mtx.rnd):
c [w = 44] Initializing CaDiCaL (version 2.2.1).
c [w = 44] Configuring CaDiCaL as --sat (1).
c [w = 44] Encoding starts with w = 44:
c [w = 44] Symmetry breaking highest degree node is applied.
c [w = 44] Encoding duration: 149 ms.
c [w = 44] Number of clauses: 225463.
c [w = 44] Number of variables: 46449.
c [w = 44] SAT Solving starts:
c [w = 44] Solving duration: 2916 ms.
c [w = 44] Answer:
s [w = 44] SAT (w = 44).
c [w = 44] Solution check = 44.
c [w = 44] The solution is correct.
c [w = 44] Result: 10.
c [Main] Max width SAT is set to 44.
c [Main] Kill lower pid 43.
c [w = 43] Start task in PID: 71336.
c [w = 43] Cyclic Antibandwidth problem with w = 43 (K-dwt__234.mtx.rnd):
c [w = 43] Initializing CaDiCaL (version 2.2.1).
c [w = 43] Configuring CaDiCaL as --sat (1).
c [w = 43] Encoding starts with w = 43:
c [w = 43] Symmetry breaking highest degree node is applied.
c [w = 43] Encoding duration: 99 ms.
c [w = 43] Number of clauses: 224293.
c [w = 43] Number of variables: 46098.
c [w = 43] SAT Solving starts:
c [Signal] Signal interruption. Caught signal: SIGTERM (15).
c [Main] Child pid 43 - 71336 terminated by signal 15.
c [w = 45] Start task in PID: 71341.
c [w = 45] Cyclic Antibandwidth problem with w = 45 (K-dwt__234.mtx.rnd):
c [w = 45] Initializing CaDiCaL (version 2.2.1).
c [w = 45] Configuring CaDiCaL as --sat (1).
c [w = 45] Encoding starts with w = 45:
c [w = 45] Symmetry breaking highest degree node is applied.
c [w = 45] Encoding duration: 117 ms.
c [w = 45] Number of clauses: 226633.
c [w = 45] Number of variables: 46800.
c [w = 45] SAT Solving starts:
c [w = 45] Solving duration: 2400 ms.
c [w = 45] Answer:
s [w = 45] SAT (w = 45).
c [w = 45] Solution check = 45.
c [w = 45] The solution is correct.
c [w = 45] Result: 10.
c [Main] Max width SAT is set to 45.
c [w = 46] Start task in PID: 71340.
c [w = 46] Cyclic Antibandwidth problem with w = 46 (K-dwt__234.mtx.rnd):
c [w = 46] Initializing CaDiCaL (version 2.2.1).
c [w = 46] Configuring CaDiCaL as --sat (1).
c [w = 46] Encoding starts with w = 46:
c [w = 46] Symmetry breaking highest degree node is applied.
c [w = 46] Encoding duration: 117 ms.
c [w = 46] Number of clauses: 227803.
c [w = 46] Number of variables: 47151.
c [w = 46] SAT Solving starts:
c [w = 46] Solving duration: 18437 ms.
c [w = 46] Answer:
s [w = 46] SAT (w = 46).
c [w = 46] Solution check = 46.
c [w = 46] The solution is correct.
c [w = 46] Result: 10.
c [Main] Max width SAT is set to 46.
c [w = 48] Start task in PID: 71343.
c [w = 48] Cyclic Antibandwidth problem with w = 48 (K-dwt__234.mtx.rnd):
c [w = 48] Initializing CaDiCaL (version 2.2.1).
c [w = 48] Configuring CaDiCaL as --sat (1).
c [w = 48] Encoding starts with w = 48:
c [w = 48] Symmetry breaking highest degree node is applied.
c [w = 48] Encoding duration: 105 ms.
c [w = 48] Number of clauses: 230143.
c [w = 48] Number of variables: 47853.
c [w = 48] SAT Solving starts:
c [w = 48] Solving duration: 43221 ms.
c [w = 48] Answer:
s [w = 48] UNSAT (w = 48).
c [w = 48] Result: 20.
c [Main] Min width UNSAT is set to 48
c [w = 47] Start task in PID: 71342.
c [w = 47] Cyclic Antibandwidth problem with w = 47 (K-dwt__234.mtx.rnd):
c [w = 47] Initializing CaDiCaL (version 2.2.1).
c [w = 47] Configuring CaDiCaL as --sat (1).
c [w = 47] Encoding starts with w = 47:
c [w = 47] Symmetry breaking highest degree node is applied.
c [w = 47] Encoding duration: 105 ms.
c [w = 47] Number of clauses: 228973.
c [w = 47] Number of variables: 47502.
c [w = 47] SAT Solving starts:
c [Signal] Signal interruption. Caught signal: SIGTERM (15).
c [Main] Lim pid ends with result: 254.
c [Main] All children have completed.
r [Main] 
r [Main] Final results: 
r [Main] Max width SAT:  	46.
r [Main] Min width UNSAT:	48.
r [Main] Total real time: 1806635 ms.
r [Main] Total memory consumed: 330.9 MB.
r [Main] 
