c [Version] Cyclic Anti-bandwidth Encoder version 1.0.0.
c [Param] Real time limit is set to 1800.
c [Param] Memory limit is set to 30000.
c [Param] Worker count is set to 4.
c [Main] Encoding and solving for graph: N-bcsstk07.mtx.rnd.
c [Main] Search strategy: Binary search from lower bound.
c [Main] Lower bound is set to 14.
c [Main] Upper bound is set to 72.
c [Main] Search order: 43 28 20 16 14 15 18 17 19 24 22 21 23 26 25 27 35 31 29 30 33 32 34 39 37 36 38 41 40 42 58 50 46 44 45 48 47 49 54 52 51 53 56 55 57 65 61 59 60 63 62 64 69 67 66 68 71 70 72.
c [w = 16] Start task in PID: 74608.
c [w = 16] Cyclic Antibandwidth problem with w = 16 (N-bcsstk07.mtx.rnd):
c [w = 16] Initializing CaDiCaL (version 2.2.1).
c [w = 16] Configuring CaDiCaL as --sat (1).
c [w = 16] Encoding starts with w = 16:
c [w = 16] Symmetry breaking highest degree node is applied.
c [w = 16] Encoding duration: 3513 ms.
c [w = 16] Number of clauses: 7837230.
c [w = 16] Number of variables: 532980.
c [w = 16] SAT Solving starts:
c [w = 16] Solving duration: 13181 ms.
c [w = 16] Answer:
s [w = 16] SAT (w = 16).
c [w = 16] Solution check = 16.
c [w = 16] The solution is correct.
c [w = 16] Result: 10.
c [Main] Max width SAT is set to 16.
c [w = 20] Start task in PID: 74607.
c [w = 20] Cyclic Antibandwidth problem with w = 20 (N-bcsstk07.mtx.rnd):
c [w = 20] Initializing CaDiCaL (version 2.2.1).
c [w = 20] Configuring CaDiCaL as --sat (1).
c [w = 20] Encoding starts with w = 20:
c [w = 20] Symmetry breaking highest degree node is applied.
c [w = 20] Encoding duration: 3611 ms.
c [w = 20] Number of clauses: 7851690.
c [w = 20] Number of variables: 535500.
c [w = 20] SAT Solving starts:
c [w = 20] Solving duration: 16130 ms.
c [w = 20] Answer:
s [w = 20] SAT (w = 20).
c [w = 20] Solution check = 20.
c [w = 20] The solution is correct.
c [w = 20] Result: 10.
c [Main] Max width SAT is set to 20.
c [Main] Kill lower pid 18.
c [w = 18] Start task in PID: 74611.
c [w = 18] Cyclic Antibandwidth problem with w = 18 (N-bcsstk07.mtx.rnd):
c [w = 18] Initializing CaDiCaL (version 2.2.1).
c [w = 18] Configuring CaDiCaL as --sat (1).
c [w = 18] Encoding starts with w = 18:
c [w = 18] Symmetry breaking highest degree node is applied.
c [Signal] Signal interruption. Caught signal: SIGTERM (15).
c [Main] Child pid 18 - 74611 terminated by signal 15.
c [w = 28] Start task in PID: 74606.
c [w = 28] Cyclic Antibandwidth problem with w = 28 (N-bcsstk07.mtx.rnd):
c [w = 28] Initializing CaDiCaL (version 2.2.1).
c [w = 28] Configuring CaDiCaL as --sat (1).
c [w = 28] Encoding starts with w = 28:
c [w = 28] Symmetry breaking highest degree node is applied.
c [w = 28] Encoding duration: 3600 ms.
c [w = 28] Number of clauses: 7898070.
c [w = 28] Number of variables: 543060.
c [w = 28] SAT Solving starts:
c [w = 28] Solving duration: 24629 ms.
c [w = 28] Answer:
s [w = 28] SAT (w = 28).
c [w = 28] Solution check = 28.
c [w = 28] The solution is correct.
c [w = 28] Result: 10.
c [Main] Max width SAT is set to 28.
c [Main] Kill lower pid 22.
c [Main] Kill lower pid 24.
c [w = 24] Start task in PID: 74612.
c [w = 24] Cyclic Antibandwidth problem with w = 24 (N-bcsstk07.mtx.rnd):
c [w = 24] Initializing CaDiCaL (version 2.2.1).
c [w = 24] Configuring CaDiCaL as --sat (1).
c [w = 24] Encoding starts with w = 24:
c [w = 24] Symmetry breaking highest degree node is applied.
c [w = 24] Encoding duration: 3350 ms.
c [w = 24] Number of clauses: 7888110.
c [w = 24] Number of variables: 544320.
c [w = 24] SAT Solving starts:
c [Signal] Signal interruption. Caught signal: SIGTERM (15).
c [w = 22] Start task in PID: 74613.
c [w = 22] Cyclic Antibandwidth problem with w = 22 (N-bcsstk07.mtx.rnd):
c [w = 22] Initializing CaDiCaL (version 2.2.1).
c [w = 22] Configuring CaDiCaL as --sat (1).
c [w = 22] Encoding starts with w = 22:
c [w = 22] Symmetry breaking highest degree node is applied.
c [w = 22] Encoding duration: 3345 ms.
c [w = 22] Number of clauses: 7883850.
c [w = 22] Number of variables: 545160.
c [w = 22] SAT Solving starts:
c [Signal] Signal interruption. Caught signal: SIGTERM (15).
c [Main] Child pid 22 - 74613 terminated by signal 15.
c [Main] Child pid 24 - 74612 terminated by signal 15.
c [w = 29] Start task in PID: 74617.
c [w = 29] Cyclic Antibandwidth problem with w = 29 (N-bcsstk07.mtx.rnd):
c [w = 29] Initializing CaDiCaL (version 2.2.1).
c [w = 29] Configuring CaDiCaL as --sat (1).
c [w = 29] Encoding starts with w = 29:
c [w = 29] Symmetry breaking highest degree node is applied.
c [w = 29] Encoding duration: 3460 ms.
c [w = 29] Number of clauses: 7917390.
c [w = 29] Number of variables: 549360.
c [w = 29] SAT Solving starts:
c [w = 29] Solving duration: 16269 ms.
c [w = 29] Answer:
s [w = 29] SAT (w = 29).
c [w = 29] Solution check = 29.
c [w = 29] The solution is correct.
c [w = 29] Result: 10.
c [Main] Max width SAT is set to 29.
c [w = 31] Start task in PID: 74616.
c [w = 31] Cyclic Antibandwidth problem with w = 31 (N-bcsstk07.mtx.rnd):
c [w = 31] Initializing CaDiCaL (version 2.2.1).
c [w = 31] Configuring CaDiCaL as --sat (1).
c [w = 31] Encoding starts with w = 31:
c [w = 31] Symmetry breaking highest degree node is applied.
c [w = 31] Encoding duration: 3427 ms.
c [w = 31] Number of clauses: 7925610.
c [w = 31] Number of variables: 550200.
c [w = 31] SAT Solving starts:
c [w = 31] Solving duration: 51846 ms.
c [w = 31] Answer:
s [w = 31] SAT (w = 31).
c [w = 31] Solution check = 31.
c [w = 31] The solution is correct.
c [w = 31] Result: 10.
c [Main] Max width SAT is set to 31.
c [Main] Kill lower pid 30.
c [w = 30] Start task in PID: 74623.
c [w = 30] Cyclic Antibandwidth problem with w = 30 (N-bcsstk07.mtx.rnd):
c [w = 30] Initializing CaDiCaL (version 2.2.1).
c [w = 30] Configuring CaDiCaL as --sat (1).
c [w = 30] Encoding starts with w = 30:
c [w = 30] Symmetry breaking highest degree node is applied.
c [w = 30] Encoding duration: 3394 ms.
c [w = 30] Number of clauses: 7907550.
c [w = 30] Number of variables: 544320.
c [w = 30] SAT Solving starts:
c [Signal] Signal interruption. Caught signal: SIGTERM (15).
c [Main] Child pid 30 - 74623 terminated by signal 15.
c [w = 32] Start task in PID: 74629.
c [w = 32] Cyclic Antibandwidth problem with w = 32 (N-bcsstk07.mtx.rnd):
c [w = 32] Initializing CaDiCaL (version 2.2.1).
c [w = 32] Configuring CaDiCaL as --sat (1).
c [w = 32] Encoding starts with w = 32:
c [w = 32] Symmetry breaking highest degree node is applied.
c [w = 32] Encoding duration: 3394 ms.
c [w = 32] Number of clauses: 7943670.
c [w = 32] Number of variables: 556080.
c [w = 32] SAT Solving starts:
c [w = 32] Solving duration: 53976 ms.
c [w = 32] Answer:
s [w = 32] SAT (w = 32).
c [w = 32] Solution check = 32.
c [w = 32] The solution is correct.
c [w = 32] Result: 10.
c [Main] Max width SAT is set to 32.
c [w = 33] Start task in PID: 74628.
c [w = 33] Cyclic Antibandwidth problem with w = 33 (N-bcsstk07.mtx.rnd):
c [w = 33] Initializing CaDiCaL (version 2.2.1).
c [w = 33] Configuring CaDiCaL as --sat (1).
c [w = 33] Encoding starts with w = 33:
c [w = 33] Symmetry breaking highest degree node is applied.
c [w = 33] Encoding duration: 3357 ms.
c [w = 33] Number of clauses: 7929210.
c [w = 33] Number of variables: 549360.
c [w = 33] SAT Solving starts:
c [w = 33] Solving duration: 111510 ms.
c [w = 33] Answer:
s [w = 33] SAT (w = 33).
c [w = 33] Solution check = 33.
c [w = 33] The solution is correct.
c [w = 33] Result: 10.
c [Main] Max width SAT is set to 33.
c [w = 43] Start task in PID: 74605.
c [w = 43] Cyclic Antibandwidth problem with w = 43 (N-bcsstk07.mtx.rnd):
c [w = 43] Initializing CaDiCaL (version 2.2.1).
c [w = 43] Configuring CaDiCaL as --sat (1).
c [w = 43] Encoding starts with w = 43:
c [w = 43] Symmetry breaking highest degree node is applied.
c [w = 43] Encoding duration: 3577 ms.
c [w = 43] Number of clauses: 7964370.
c [w = 43] Number of variables: 553560.
c [w = 43] SAT Solving starts:
c [w = 43] Solving duration: 1100066 ms.
c [w = 43] Answer:
s [w = 43] UNSAT (w = 43).
c [w = 43] Result: 20.
c [Main] Min width UNSAT is set to 43
c [w = 37] Start task in PID: 75244.
c [w = 37] Cyclic Antibandwidth problem with w = 37 (N-bcsstk07.mtx.rnd):
c [w = 37] Initializing CaDiCaL (version 2.2.1).
c [w = 37] Configuring CaDiCaL as --sat (1).
c [w = 37] Encoding starts with w = 37:
c [w = 37] Symmetry breaking highest degree node is applied.
c [w = 37] Encoding duration: 3477 ms.
c [w = 37] Number of clauses: 7959270.
c [w = 37] Number of variables: 556920.
c [w = 37] SAT Solving starts:
c [Signal] Signal interruption. Caught signal: SIGTERM (15).
c [w = 39] Start task in PID: 74653.
c [w = 39] Cyclic Antibandwidth problem with w = 39 (N-bcsstk07.mtx.rnd):
c [w = 39] Initializing CaDiCaL (version 2.2.1).
c [w = 39] Configuring CaDiCaL as --sat (1).
c [w = 39] Encoding starts with w = 39:
c [w = 39] Symmetry breaking highest degree node is applied.
c [w = 39] Encoding duration: 3362 ms.
c [w = 39] Number of clauses: 7951110.
c [w = 39] Number of variables: 551880.
c [w = 39] SAT Solving starts:
c [Signal] Signal interruption. Caught signal: SIGTERM (15).
c [w = 34] Start task in PID: 74641.
c [w = 34] Cyclic Antibandwidth problem with w = 34 (N-bcsstk07.mtx.rnd):
c [w = 34] Initializing CaDiCaL (version 2.2.1).
c [w = 34] Configuring CaDiCaL as --sat (1).
c [w = 34] Encoding starts with w = 34:
c [w = 34] Symmetry breaking highest degree node is applied.
c [w = 34] Encoding duration: 3448 ms.
c [w = 34] Number of clauses: 7946010.
c [w = 34] Number of variables: 554820.
c [w = 34] SAT Solving starts:
c [Signal] Signal interruption. Caught signal: SIGTERM (15).
c [Main] Lim pid ends with result: 254.
c [Main] All children have completed.
r [Main] 
r [Main] Final results: 
r [Main] Max width SAT:  	33.
r [Main] Min width UNSAT:	43.
r [Main] Total real time: 1809459 ms.
r [Main] Total memory consumed: 8348.2 MB.
r [Main] 
c [w = 35] Start task in PID: 74615.
c [w = 35] Cyclic Antibandwidth problem with w = 35 (N-bcsstk07.mtx.rnd):
c [w = 35] Initializing CaDiCaL (version 2.2.1).
c [w = 35] Configuring CaDiCaL as --sat (1).
c [w = 35] Encoding starts with w = 35:
c [w = 35] Symmetry breaking highest degree node is applied.
c [w = 35] Encoding duration: 3452 ms.
c [w = 35] Number of clauses: 7928190.
c [w = 35] Number of variables: 546840.
c [w = 35] SAT Solving starts:
c [Signal] Signal interruption. Caught signal: SIGTERM (15).
