c [Version] Cyclic Anti-bandwidth Encoder version 1.0.0.
c [Param] Real time limit is set to 1800.
c [Param] Memory limit is set to 30000.
c [Param] Worker count is set to 4.
c [Main] Encoding and solving for graph: R-dwt__503.mtx.rnd.
c [Main] Search strategy: Binary search from lower bound.
c [Main] Lower bound is set to 23.
c [Main] Upper bound is set to 71.
c [Main] Search order: 47 34 28 25 23 24 26 27 31 29 30 32 33 40 37 35 36 38 39 43 41 42 45 44 46 59 53 50 48 49 51 52 56 54 55 57 58 65 62 60 61 63 64 68 66 67 70 69 71.
c [w = 28] Start task in PID: 78593.
c [w = 28] Cyclic Antibandwidth problem with w = 28 (R-dwt__503.mtx.rnd):
c [w = 28] Initializing CaDiCaL (version 2.2.1).
c [w = 28] Configuring CaDiCaL as --sat (1).
c [w = 28] Encoding starts with w = 28:
c [w = 28] Symmetry breaking highest degree node is applied.
c [w = 28] Encoding duration: 4484 ms.
c [w = 28] Number of clauses: 8019823.
c [w = 28] Number of variables: 775626.
c [w = 28] SAT Solving starts:
c [w = 28] Solving duration: 15236 ms.
c [w = 28] Answer:
s [w = 28] SAT (w = 28).
c [w = 28] Solution check = 28.
c [w = 28] The solution is correct.
c [w = 28] Result: 10.
c [Main] Max width SAT is set to 28.
c [Main] Kill lower pid 25.
c [w = 25] Start task in PID: 78594.
c [w = 25] Cyclic Antibandwidth problem with w = 25 (R-dwt__503.mtx.rnd):
c [w = 25] Initializing CaDiCaL (version 2.2.1).
c [w = 25] Configuring CaDiCaL as --sat (1).
c [w = 25] Encoding starts with w = 25:
c [w = 25] Symmetry breaking highest degree node is applied.
c [w = 25] Encoding duration: 4521 ms.
c [w = 25] Number of clauses: 8041744.
c [w = 25] Number of variables: 781662.
c [w = 25] SAT Solving starts:
c [w = 25] Solving duration: 15440 ms.
c [w = 25] Answer:
s [w = 25] SAT (w = 25).
c [w = 25] Solution check = 25.
c [w = 25] The solution is correct.
c [Signal] Signal interruption. Caught signal: SIGTERM (15).
c [Main] Child pid 25 - 78594 terminated by signal 15.
c [w = 34] Start task in PID: 78592.
c [w = 34] Cyclic Antibandwidth problem with w = 34 (R-dwt__503.mtx.rnd):
c [w = 34] Initializing CaDiCaL (version 2.2.1).
c [w = 34] Configuring CaDiCaL as --sat (1).
c [w = 34] Encoding starts with w = 34:
c [w = 34] Symmetry breaking highest degree node is applied.
c [w = 34] Encoding duration: 4561 ms.
c [w = 34] Number of clauses: 8044681.
c [w = 34] Number of variables: 783171.
c [w = 34] SAT Solving starts:
c [w = 34] Solving duration: 16186 ms.
c [w = 34] Answer:
s [w = 34] SAT (w = 34).
c [w = 34] Solution check = 34.
c [w = 34] The solution is correct.
c [w = 34] Result: 10.
c [Main] Max width SAT is set to 34.
c [Main] Kill lower pid 29.
c [Main] Kill lower pid 31.
c [w = 29] Start task in PID: 78601.
c [w = 29] Cyclic Antibandwidth problem with w = 29 (R-dwt__503.mtx.rnd):
c [w = 29] Initializing CaDiCaL (version 2.2.1).
c [w = 29] Configuring CaDiCaL as --sat (1).
c [w = 29] Encoding starts with w = 29:
c [w = 29] Symmetry breaking highest degree node is applied.
c [Signal] Signal interruption. Caught signal: SIGTERM (15).
c [w = 31] Start task in PID: 78600.
c [w = 31] Cyclic Antibandwidth problem with w = 31 (R-dwt__503.mtx.rnd):
c [w = 31] Initializing CaDiCaL (version 2.2.1).
c [w = 31] Configuring CaDiCaL as --sat (1).
c [w = 31] Encoding starts with w = 31:
c [w = 31] Symmetry breaking highest degree node is applied.
c [Signal] Signal interruption. Caught signal: SIGTERM (15).
c [Main] Child pid 29 - 78601 terminated by signal 15.
c [Main] Child pid 31 - 78600 terminated by signal 15.
c [w = 47] Start task in PID: 78591.
c [w = 47] Cyclic Antibandwidth problem with w = 47 (R-dwt__503.mtx.rnd):
c [w = 47] Initializing CaDiCaL (version 2.2.1).
c [w = 47] Configuring CaDiCaL as --sat (1).
c [w = 47] Encoding starts with w = 47:
c [w = 47] Symmetry breaking highest degree node is applied.
c [w = 47] Encoding duration: 4317 ms.
c [w = 47] Number of clauses: 8085873.
c [w = 47] Number of variables: 792728.
c [w = 47] SAT Solving starts:
c [w = 47] Solving duration: 20435 ms.
c [w = 47] Answer:
s [w = 47] SAT (w = 47).
c [w = 47] Solution check = 47.
c [w = 47] The solution is correct.
c [w = 47] Result: 10.
c [Main] Max width SAT is set to 47.
c [Main] Kill lower pid 35.
c [Main] Kill lower pid 37.
c [Main] Kill lower pid 40.
c [w = 40] Start task in PID: 78602.
c [w = 40] Cyclic Antibandwidth problem with w = 40 (R-dwt__503.mtx.rnd):
c [w = 40] Initializing CaDiCaL (version 2.2.1).
c [w = 40] Configuring CaDiCaL as --sat (1).
c [w = 40] Encoding starts with w = 40:
c [w = 40] Symmetry breaking highest degree node is applied.
c [w = 40] Encoding duration: 3411 ms.
c [w = 40] Number of clauses: 8073828.
c [w = 40] Number of variables: 791219.
c [w = 40] SAT Solving starts:
c [Signal] Signal interruption. Caught signal: SIGTERM (15).
c [w = 35] Start task in PID: 78604.
c [w = 35] Cyclic Antibandwidth problem with w = 35 (R-dwt__503.mtx.rnd):
c [w = 35] Initializing CaDiCaL (version 2.2.1).
c [w = 35] Configuring CaDiCaL as --sat (1).
c [w = 35] Encoding starts with w = 35:
c [w = 35] Symmetry breaking highest degree node is applied.
c [w = 35] Encoding duration: 3488 ms.
c [w = 35] Number of clauses: 8067819.
c [w = 35] Number of variables: 790716.
c [w = 35] SAT Solving starts:
c [Signal] Signal interruption. Caught signal: SIGTERM (15).
c [w = 37] Start task in PID: 78603.
c [w = 37] Cyclic Antibandwidth problem with w = 37 (R-dwt__503.mtx.rnd):
c [w = 37] Initializing CaDiCaL (version 2.2.1).
c [w = 37] Configuring CaDiCaL as --sat (1).
c [w = 37] Encoding starts with w = 37:
c [w = 37] Symmetry breaking highest degree node is applied.
c [w = 37] Encoding duration: 3407 ms.
c [w = 37] Number of clauses: 8063530.
c [w = 37] Number of variables: 788704.
c [w = 37] SAT Solving starts:
c [Signal] Signal interruption. Caught signal: SIGTERM (15).
c [Main] Child pid 40 - 78602 terminated by signal 15.
c [Main] Child pid 35 - 78604 terminated by signal 15.
c [Main] Child pid 37 - 78603 terminated by signal 15.
c [w = 53] Start task in PID: 78606.
c [w = 53] Cyclic Antibandwidth problem with w = 53 (R-dwt__503.mtx.rnd):
c [w = 53] Initializing CaDiCaL (version 2.2.1).
c [w = 53] Configuring CaDiCaL as --sat (1).
c [w = 53] Encoding starts with w = 53:
c [w = 53] Symmetry breaking highest degree node is applied.
c [w = 53] Encoding duration: 3387 ms.
c [w = 53] Number of clauses: 8115788.
c [w = 53] Number of variables: 800776.
c [w = 53] SAT Solving starts:
c [w = 53] Solving duration: 98066 ms.
c [w = 53] Answer:
s [w = 53] SAT (w = 53).
c [w = 53] Solution check = 53.
c [w = 53] The solution is correct.
c [w = 53] Result: 10.
c [Main] Max width SAT is set to 53.
c [Main] Kill lower pid 48.
c [Main] Kill lower pid 50.
c [w = 48] Start task in PID: 78608.
c [w = 48] Cyclic Antibandwidth problem with w = 48 (R-dwt__503.mtx.rnd):
c [w = 48] Initializing CaDiCaL (version 2.2.1).
c [w = 48] Configuring CaDiCaL as --sat (1).
c [w = 48] Encoding starts with w = 48:
c [w = 48] Symmetry breaking highest degree node is applied.
c [w = 48] Encoding duration: 3413 ms.
c [w = 48] Number of clauses: 8102975.
c [w = 48] Number of variables: 798261.
c [w = 48] SAT Solving starts:
c [Signal] Signal interruption. Caught signal: SIGTERM (15).
c [w = 50] Start task in PID: 78607.
c [w = 50] Cyclic Antibandwidth problem with w = 50 (R-dwt__503.mtx.rnd):
c [w = 50] Initializing CaDiCaL (version 2.2.1).
c [w = 50] Configuring CaDiCaL as --sat (1).
c [w = 50] Encoding starts with w = 50:
c [w = 50] Symmetry breaking highest degree node is applied.
c [w = 50] Encoding duration: 3441 ms.
c [w = 50] Number of clauses: 8137179.
c [w = 50] Number of variables: 809327.
c [w = 50] SAT Solving starts:
c [Signal] Signal interruption. Caught signal: SIGTERM (15).
c [Main] Child pid 50 - 78607 terminated by signal 15.
c [Main] Child pid 48 - 78608 terminated by signal 15.
c [w = 54] Start task in PID: 79057.
c [w = 54] Cyclic Antibandwidth problem with w = 54 (R-dwt__503.mtx.rnd):
c [w = 54] Initializing CaDiCaL (version 2.2.1).
c [w = 54] Configuring CaDiCaL as --sat (1).
c [w = 54] Encoding starts with w = 54:
c [w = 54] Symmetry breaking highest degree node is applied.
c [w = 54] Encoding duration: 3533 ms.
c [w = 54] Number of clauses: 8131381.
c [w = 54] Number of variables: 805806.
c [w = 54] SAT Solving starts:
c [w = 54] Solving duration: 21826 ms.
c [w = 54] Answer:
s [w = 54] SAT (w = 54).
c [w = 54] Solution check = 54.
c [w = 54] The solution is correct.
c [w = 54] Result: 10.
c [Main] Max width SAT is set to 54.
c [w = 55] Start task in PID: 79058.
c [w = 55] Cyclic Antibandwidth problem with w = 55 (R-dwt__503.mtx.rnd):
c [w = 55] Initializing CaDiCaL (version 2.2.1).
c [w = 55] Configuring CaDiCaL as --sat (1).
c [w = 55] Encoding starts with w = 55:
c [w = 55] Symmetry breaking highest degree node is applied.
c [w = 55] Encoding duration: 3549 ms.
c [w = 55] Number of clauses: 8146974.
c [w = 55] Number of variables: 810836.
c [w = 55] SAT Solving starts:
c [w = 55] Solving duration: 33747 ms.
c [w = 55] Answer:
s [w = 55] SAT (w = 55).
c [w = 55] Solution check = 55.
c [w = 55] The solution is correct.
c [w = 55] Result: 10.
c [Main] Max width SAT is set to 55.
c [w = 57] Start task in PID: 79065.
c [w = 57] Cyclic Antibandwidth problem with w = 57 (R-dwt__503.mtx.rnd):
c [w = 57] Initializing CaDiCaL (version 2.2.1).
c [w = 57] Configuring CaDiCaL as --sat (1).
c [w = 57] Encoding starts with w = 57:
c [w = 57] Symmetry breaking highest degree node is applied.
c [w = 57] Encoding duration: 3598 ms.
c [w = 57] Number of clauses: 8099930.
c [w = 57] Number of variables: 793734.
c [w = 57] SAT Solving starts:
c [w = 57] Solving duration: 157527 ms.
c [w = 57] Answer:
s [w = 57] SAT (w = 57).
c [w = 57] Solution check = 57.
c [w = 57] The solution is correct.
c [w = 57] Result: 10.
c [Main] Max width SAT is set to 57.
c [Main] Kill lower pid 56.
c [w = 56] Start task in PID: 79056.
c [w = 56] Cyclic Antibandwidth problem with w = 56 (R-dwt__503.mtx.rnd):
c [w = 56] Initializing CaDiCaL (version 2.2.1).
c [w = 56] Configuring CaDiCaL as --sat (1).
c [w = 56] Encoding starts with w = 56:
c [w = 56] Symmetry breaking highest degree node is applied.
c [w = 56] Encoding duration: 3557 ms.
c [w = 56] Number of clauses: 8085846.
c [w = 56] Number of variables: 789207.
c [w = 56] SAT Solving starts:
c [Signal] Signal interruption. Caught signal: SIGTERM (15).
c [Main] Child pid 56 - 79056 terminated by signal 15.
c [w = 58] Start task in PID: 79067.
c [w = 58] Cyclic Antibandwidth problem with w = 58 (R-dwt__503.mtx.rnd):
c [w = 58] Initializing CaDiCaL (version 2.2.1).
c [w = 58] Configuring CaDiCaL as --sat (1).
c [w = 58] Encoding starts with w = 58:
c [w = 58] Symmetry breaking highest degree node is applied.
c [w = 58] Encoding duration: 3627 ms.
c [w = 58] Number of clauses: 8114014.
c [w = 58] Number of variables: 798261.
c [w = 58] SAT Solving starts:
c [w = 58] Solving duration: 153506 ms.
c [w = 58] Answer:
s [w = 58] SAT (w = 58).
c [w = 58] Solution check = 58.
c [w = 58] The solution is correct.
c [w = 58] Result: 10.
c [Main] Max width SAT is set to 58.
c [w = 59] Start task in PID: 78605.
c [w = 59] Cyclic Antibandwidth problem with w = 59 (R-dwt__503.mtx.rnd):
c [w = 59] Initializing CaDiCaL (version 2.2.1).
c [w = 59] Configuring CaDiCaL as --sat (1).
c [w = 59] Encoding starts with w = 59:
c [w = 59] Symmetry breaking highest degree node is applied.
c [w = 59] Encoding duration: 3458 ms.
c [w = 59] Number of clauses: 8128098.
c [w = 59] Number of variables: 802788.
c [w = 59] SAT Solving starts:
c [w = 59] Solving duration: 311737 ms.
c [w = 59] Answer:
s [w = 59] SAT (w = 59).
c [w = 59] Solution check = 59.
c [w = 59] The solution is correct.
c [w = 59] Result: 10.
c [Main] Max width SAT is set to 59.
c [w = 60] Start task in PID: 79101.
c [w = 60] Cyclic Antibandwidth problem with w = 60 (R-dwt__503.mtx.rnd):
c [w = 60] Initializing CaDiCaL (version 2.2.1).
c [w = 60] Configuring CaDiCaL as --sat (1).
c [w = 60] Encoding starts with w = 60:
c [w = 60] Symmetry breaking highest degree node is applied.
c [w = 60] Encoding duration: 3574 ms.
c [w = 60] Number of clauses: 8142182.
c [w = 60] Number of variables: 807315.
c [w = 60] SAT Solving starts:
c [w = 60] Solving duration: 97902 ms.
c [w = 60] Answer:
s [w = 60] SAT (w = 60).
c [w = 60] Solution check = 60.
c [w = 60] The solution is correct.
c [w = 60] Result: 10.
c [Main] Max width SAT is set to 60.
c [w = 61] Start task in PID: 79108.
c [w = 61] Cyclic Antibandwidth problem with w = 61 (R-dwt__503.mtx.rnd):
c [w = 61] Initializing CaDiCaL (version 2.2.1).
c [w = 61] Configuring CaDiCaL as --sat (1).
c [w = 61] Encoding starts with w = 61:
c [w = 61] Symmetry breaking highest degree node is applied.
c [w = 61] Encoding duration: 3566 ms.
c [w = 61] Number of clauses: 8156266.
c [w = 61] Number of variables: 811842.
c [w = 61] SAT Solving starts:
c [w = 61] Solving duration: 164599 ms.
c [w = 61] Answer:
s [w = 61] SAT (w = 61).
c [w = 61] Solution check = 61.
c [w = 61] The solution is correct.
c [w = 61] Result: 10.
c [Main] Max width SAT is set to 61.
c [w = 65] Start task in PID: 79098.
c [w = 65] Cyclic Antibandwidth problem with w = 65 (R-dwt__503.mtx.rnd):
c [w = 65] Initializing CaDiCaL (version 2.2.1).
c [w = 65] Configuring CaDiCaL as --sat (1).
c [w = 65] Encoding starts with w = 65:
c [w = 65] Symmetry breaking highest degree node is applied.
c [w = 65] Encoding duration: 3515 ms.
c [w = 65] Number of clauses: 8122803.
c [w = 65] Number of variables: 798764.
c [w = 65] SAT Solving starts:
c [w = 65] Solving duration: 254530 ms.
c [w = 65] Answer:
s [w = 65] UNSAT (w = 65).
c [w = 65] Result: 20.
c [Main] Min width UNSAT is set to 65
c [w = 62] Start task in PID: 79099.
c [w = 62] Cyclic Antibandwidth problem with w = 62 (R-dwt__503.mtx.rnd):
c [w = 62] Initializing CaDiCaL (version 2.2.1).
c [w = 62] Configuring CaDiCaL as --sat (1).
c [w = 62] Encoding starts with w = 62:
c [w = 62] Symmetry breaking highest degree node is applied.
c [w = 62] Encoding duration: 3552 ms.
c [w = 62] Number of clauses: 8170350.
c [w = 62] Number of variables: 816369.
c [w = 62] SAT Solving starts:
c [w = 62] Solving duration: 433169 ms.
c [w = 62] Answer:
s [w = 62] SAT (w = 62).
c [w = 62] Solution check = 62.
c [w = 62] The solution is correct.
c [w = 62] Result: 10.
c [Main] Max width SAT is set to 62.
c [w = 64] Start task in PID: 79141.
c [w = 64] Cyclic Antibandwidth problem with w = 64 (R-dwt__503.mtx.rnd):
c [w = 64] Initializing CaDiCaL (version 2.2.1).
c [w = 64] Configuring CaDiCaL as --sat (1).
c [w = 64] Encoding starts with w = 64:
c [w = 64] Symmetry breaking highest degree node is applied.
c [w = 64] Encoding duration: 3477 ms.
c [w = 64] Number of clauses: 8110228.
c [w = 64] Number of variables: 794740.
c [w = 64] SAT Solving starts:
c [w = 64] Solving duration: 263467 ms.
c [w = 64] Answer:
s [w = 64] UNSAT (w = 64).
c [w = 64] Result: 20.
c [Main] Min width UNSAT is set to 64
c [w = 63] Start task in PID: 79120.
c [w = 63] Cyclic Antibandwidth problem with w = 63 (R-dwt__503.mtx.rnd):
c [w = 63] Initializing CaDiCaL (version 2.2.1).
c [w = 63] Configuring CaDiCaL as --sat (1).
c [w = 63] Encoding starts with w = 63:
c [w = 63] Symmetry breaking highest degree node is applied.
c [w = 63] Encoding duration: 3563 ms.
c [w = 63] Number of clauses: 8097653.
c [w = 63] Number of variables: 790716.
c [w = 63] SAT Solving starts:
c [w = 63] Solving duration: 395902 ms.
c [w = 63] Answer:
s [w = 63] UNSAT (w = 63).
c [w = 63] Result: 20.
c [Main] Min width UNSAT is set to 63
c [Signal] Signal interruption. Caught signal: SIGTERM (15).
c [Main] All children have completed.
r [Main] 
r [Main] Final results: 
r [Main] Max width SAT:  	62.
r [Main] Min width UNSAT:	63.
r [Main] Total real time: 829524 ms.
r [Main] Total memory consumed: 8999.3 MB.
r [Main] 
