c [Version] Cyclic Anti-bandwidth Encoder version 1.0.0.
c [Param] Real time limit is set to 1800.
c [Param] Memory limit is set to 30000.
c [Param] Worker count is set to 4.
c [Main] Encoding and solving for graph: T-dwt__592.mtx.rnd.
c [Main] Search strategy: Binary search from lower bound.
c [Main] Lower bound is set to 52.
c [Main] Upper bound is set to 150.
c [Main] Search order: 101 76 63 57 54 52 53 55 56 60 58 59 61 62 69 66 64 65 67 68 72 70 71 74 73 75 88 82 79 77 78 80 81 85 83 84 86 87 94 91 89 90 92 93 97 95 96 99 98 100 126 113 107 104 102 103 105 106 110 108 109 111 112 119 116 114 115 117 118 122 120 121 124 123 125 138 132 129 127 128 130 131 135 133 134 136 137 144 141 139 140 142 143 147 145 146 149 148 150.
c [w = 57] Start task in PID: 81277.
c [w = 57] Cyclic Antibandwidth problem with w = 57 (T-dwt__592.mtx.rnd):
c [w = 57] Initializing CaDiCaL (version 2.2.1).
c [w = 57] Configuring CaDiCaL as --sat (1).
c [w = 57] Encoding starts with w = 57:
c [w = 57] Symmetry breaking highest degree node is applied.
c [w = 57] Encoding duration: 4417 ms.
c [w = 57] Number of clauses: 8928392.
c [w = 57] Number of variables: 1108224.
c [w = 57] SAT Solving starts:
c [w = 57] Solving duration: 20447 ms.
c [w = 57] Answer:
s [w = 57] SAT (w = 57).
c [w = 57] Solution check = 57.
c [w = 57] The solution is correct.
c [w = 57] Result: 10.
c [Main] Max width SAT is set to 57.
c [w = 63] Start task in PID: 81276.
c [w = 63] Cyclic Antibandwidth problem with w = 63 (T-dwt__592.mtx.rnd):
c [w = 63] Initializing CaDiCaL (version 2.2.1).
c [w = 63] Configuring CaDiCaL as --sat (1).
c [w = 63] Encoding starts with w = 63:
c [w = 63] Symmetry breaking highest degree node is applied.
c [w = 63] Encoding duration: 4412 ms.
c [w = 63] Number of clauses: 8942856.
c [w = 63] Number of variables: 1111776.
c [w = 63] SAT Solving starts:
c [w = 63] Solving duration: 81742 ms.
c [w = 63] Answer:
s [w = 63] SAT (w = 63).
c [w = 63] Solution check = 63.
c [w = 63] The solution is correct.
c [w = 63] Result: 10.
c [Main] Max width SAT is set to 63.
c [Main] Kill lower pid 60.
c [w = 60] Start task in PID: 81285.
c [w = 60] Cyclic Antibandwidth problem with w = 60 (T-dwt__592.mtx.rnd):
c [w = 60] Initializing CaDiCaL (version 2.2.1).
c [w = 60] Configuring CaDiCaL as --sat (1).
c [w = 60] Encoding starts with w = 60:
c [w = 60] Symmetry breaking highest degree node is applied.
c [w = 60] Encoding duration: 3930 ms.
c [w = 60] Number of clauses: 8887800.
c [w = 60] Number of variables: 1094016.
c [w = 60] SAT Solving starts:
c [Signal] Signal interruption. Caught signal: SIGTERM (15).
c [Main] Child pid 60 - 81285 terminated by signal 15.
c [w = 66] Start task in PID: 81299.
c [w = 66] Cyclic Antibandwidth problem with w = 66 (T-dwt__592.mtx.rnd):
c [w = 66] Initializing CaDiCaL (version 2.2.1).
c [w = 66] Configuring CaDiCaL as --sat (1).
c [w = 66] Encoding starts with w = 66:
c [w = 66] Symmetry breaking highest degree node is applied.
c [w = 66] Encoding duration: 3951 ms.
c [w = 66] Number of clauses: 8886872.
c [w = 66] Number of variables: 1092240.
c [w = 66] SAT Solving starts:
c [w = 66] Solving duration: 24802 ms.
c [w = 66] Answer:
s [w = 66] SAT (w = 66).
c [w = 66] Solution check = 66.
c [w = 66] The solution is correct.
c [w = 66] Result: 10.
c [Main] Max width SAT is set to 66.
c [w = 76] Start task in PID: 81275.
c [w = 76] Cyclic Antibandwidth problem with w = 76 (T-dwt__592.mtx.rnd):
c [w = 76] Initializing CaDiCaL (version 2.2.1).
c [w = 76] Configuring CaDiCaL as --sat (1).
c [w = 76] Encoding starts with w = 76:
c [w = 76] Symmetry breaking highest degree node is applied.
c [w = 76] Encoding duration: 4402 ms.
c [w = 76] Number of clauses: 8924424.
c [w = 76] Number of variables: 1102304.
c [w = 76] SAT Solving starts:
c [w = 76] Solving duration: 144013 ms.
c [w = 76] Answer:
s [w = 76] SAT (w = 76).
c [w = 76] Solution check = 76.
c [w = 76] The solution is correct.
c [w = 76] Result: 10.
c [Main] Max width SAT is set to 76.
c [Main] Kill lower pid 67.
c [Main] Kill lower pid 69.
c [w = 69] Start task in PID: 81298.
c [w = 69] Cyclic Antibandwidth problem with w = 69 (T-dwt__592.mtx.rnd):
c [w = 69] Initializing CaDiCaL (version 2.2.1).
c [w = 69] Configuring CaDiCaL as --sat (1).
c [w = 69] Encoding starts with w = 69:
c [w = 69] Symmetry breaking highest degree node is applied.
c [w = 69] Encoding duration: 3895 ms.
c [w = 69] Number of clauses: 8936600.
c [w = 69] Number of variables: 1108224.
c [w = 69] SAT Solving starts:
c [Signal] Signal interruption. Caught signal: SIGTERM (15).
c [w = 67] Start task in PID: 81304.
c [w = 67] Cyclic Antibandwidth problem with w = 67 (T-dwt__592.mtx.rnd):
c [w = 67] Initializing CaDiCaL (version 2.2.1).
c [w = 67] Configuring CaDiCaL as --sat (1).
c [w = 67] Encoding starts with w = 67:
c [w = 67] Symmetry breaking highest degree node is applied.
c [w = 67] Encoding duration: 3931 ms.
c [w = 67] Number of clauses: 8903448.
c [w = 67] Number of variables: 1097568.
c [w = 67] SAT Solving starts:
c [Signal] Signal interruption. Caught signal: SIGTERM (15).
c [Main] Child pid 67 - 81304 terminated by signal 15.
c [Main] Child pid 69 - 81298 terminated by signal 15.
c [w = 82] Start task in PID: 81312.
c [w = 82] Cyclic Antibandwidth problem with w = 82 (T-dwt__592.mtx.rnd):
c [w = 82] Initializing CaDiCaL (version 2.2.1).
c [w = 82] Configuring CaDiCaL as --sat (1).
c [w = 82] Encoding starts with w = 82:
c [w = 82] Symmetry breaking highest degree node is applied.
c [w = 82] Encoding duration: 3898 ms.
c [w = 82] Number of clauses: 9013224.
c [w = 82] Number of variables: 1130720.
c [w = 82] SAT Solving starts:
c [w = 82] Solving duration: 69243 ms.
c [w = 82] Answer:
s [w = 82] SAT (w = 82).
c [w = 82] Solution check = 82.
c [w = 82] The solution is correct.
c [w = 82] Result: 10.
c [Main] Max width SAT is set to 82.
c [Main] Kill lower pid 79.
c [w = 79] Start task in PID: 81313.
c [w = 79] Cyclic Antibandwidth problem with w = 79 (T-dwt__592.mtx.rnd):
c [w = 79] Initializing CaDiCaL (version 2.2.1).
c [w = 79] Configuring CaDiCaL as --sat (1).
c [w = 79] Encoding starts with w = 79:
c [w = 79] Symmetry breaking highest degree node is applied.
c [w = 79] Encoding duration: 3881 ms.
c [w = 79] Number of clauses: 8968824.
c [w = 79] Number of variables: 1116512.
c [w = 79] SAT Solving starts:
c [Signal] Signal interruption. Caught signal: SIGTERM (15).
c [Main] Child pid 79 - 81313 terminated by signal 15.
c [w = 83] Start task in PID: 81328.
c [w = 83] Cyclic Antibandwidth problem with w = 83 (T-dwt__592.mtx.rnd):
c [w = 83] Initializing CaDiCaL (version 2.2.1).
c [w = 83] Configuring CaDiCaL as --sat (1).
c [w = 83] Encoding starts with w = 83:
c [w = 83] Symmetry breaking highest degree node is applied.
c [w = 83] Encoding duration: 3935 ms.
c [w = 83] Number of clauses: 9028024.
c [w = 83] Number of variables: 1135456.
c [w = 83] SAT Solving starts:
c [w = 83] Solving duration: 346028 ms.
c [w = 83] Answer:
s [w = 83] SAT (w = 83).
c [w = 83] Solution check = 83.
c [w = 83] The solution is correct.
c [w = 83] Result: 10.
c [Main] Max width SAT is set to 83.
c [w = 85] Start task in PID: 81327.
c [w = 85] Cyclic Antibandwidth problem with w = 85 (T-dwt__592.mtx.rnd):
c [w = 85] Initializing CaDiCaL (version 2.2.1).
c [w = 85] Configuring CaDiCaL as --sat (1).
c [w = 85] Encoding starts with w = 85:
c [w = 85] Symmetry breaking highest degree node is applied.
c [w = 85] Encoding duration: 3947 ms.
c [w = 85] Number of clauses: 8914024.
c [w = 85] Number of variables: 1096384.
c [w = 85] SAT Solving starts:
c [w = 85] Solving duration: 352859 ms.
c [w = 85] Answer:
s [w = 85] SAT (w = 85).
c [w = 85] Solution check = 85.
c [w = 85] The solution is correct.
c [w = 85] Result: 10.
c [Main] Max width SAT is set to 85.
c [Main] Kill lower pid 84.
c [w = 84] Start task in PID: 81907.
c [w = 84] Cyclic Antibandwidth problem with w = 84 (T-dwt__592.mtx.rnd):
c [w = 84] Initializing CaDiCaL (version 2.2.1).
c [w = 84] Configuring CaDiCaL as --sat (1).
c [w = 84] Encoding starts with w = 84:
c [w = 84] Symmetry breaking highest degree node is applied.
c [w = 84] Encoding duration: 4110 ms.
c [w = 84] Number of clauses: 9042824.
c [w = 84] Number of variables: 1140192.
c [w = 84] SAT Solving starts:
c [Signal] Signal interruption. Caught signal: SIGTERM (15).
c [Main] Child pid 84 - 81907 terminated by signal 15.
c [w = 88] Start task in PID: 81311.
c [w = 88] Cyclic Antibandwidth problem with w = 88 (T-dwt__592.mtx.rnd):
c [w = 88] Initializing CaDiCaL (version 2.2.1).
c [w = 88] Configuring CaDiCaL as --sat (1).
c [w = 88] Encoding starts with w = 88:
c [w = 88] Symmetry breaking highest degree node is applied.
c [w = 88] Encoding duration: 3878 ms.
c [w = 88] Number of clauses: 8953096.
c [w = 88] Number of variables: 1108816.
c [w = 88] SAT Solving starts:
c [w = 88] Solving duration: 459382 ms.
c [w = 88] Answer:
s [w = 88] SAT (w = 88).
c [w = 88] Solution check = 88.
c [w = 88] The solution is correct.
c [w = 88] Result: 10.
c [Main] Max width SAT is set to 88.
c [Main] Kill lower pid 87.
c [Main] Kill lower pid 86.
c [w = 87] Start task in PID: 81910.
c [w = 87] Cyclic Antibandwidth problem with w = 87 (T-dwt__592.mtx.rnd):
c [w = 87] Initializing CaDiCaL (version 2.2.1).
c [w = 87] Configuring CaDiCaL as --sat (1).
c [w = 87] Encoding starts with w = 87:
c [w = 87] Symmetry breaking highest degree node is applied.
c [w = 87] Encoding duration: 3977 ms.
c [w = 87] Number of clauses: 8940072.
c [w = 87] Number of variables: 1104672.
c [w = 87] SAT Solving starts:
c [Signal] Signal interruption. Caught signal: SIGTERM (15).
c [w = 86] Start task in PID: 81909.
c [w = 86] Cyclic Antibandwidth problem with w = 86 (T-dwt__592.mtx.rnd):
c [w = 86] Initializing CaDiCaL (version 2.2.1).
c [w = 86] Configuring CaDiCaL as --sat (1).
c [w = 86] Encoding starts with w = 86:
c [w = 86] Symmetry breaking highest degree node is applied.
c [w = 86] Encoding duration: 4037 ms.
c [w = 86] Number of clauses: 8927048.
c [w = 86] Number of variables: 1100528.
c [w = 86] SAT Solving starts:
c [Signal] Signal interruption. Caught signal: SIGTERM (15).
c [Main] Child pid 87 - 81910 terminated by signal 15.
c [Main] Child pid 86 - 81909 terminated by signal 15.
c [w = 89] Start task in PID: 81920.
c [w = 89] Cyclic Antibandwidth problem with w = 89 (T-dwt__592.mtx.rnd):
c [w = 89] Initializing CaDiCaL (version 2.2.1).
c [w = 89] Configuring CaDiCaL as --sat (1).
c [w = 89] Encoding starts with w = 89:
c [w = 89] Symmetry breaking highest degree node is applied.
c [w = 89] Encoding duration: 3882 ms.
c [w = 89] Number of clauses: 8966120.
c [w = 89] Number of variables: 1112960.
c [w = 89] SAT Solving starts:
c [w = 89] Solving duration: 223547 ms.
c [w = 89] Answer:
s [w = 89] SAT (w = 89).
c [w = 89] Solution check = 89.
c [w = 89] The solution is correct.
c [w = 89] Result: 10.
c [Main] Max width SAT is set to 89.
c [w = 94] Start task in PID: 81918.
c [w = 94] Cyclic Antibandwidth problem with w = 94 (T-dwt__592.mtx.rnd):
c [w = 94] Initializing CaDiCaL (version 2.2.1).
c [w = 94] Configuring CaDiCaL as --sat (1).
c [w = 94] Encoding starts with w = 94:
c [w = 94] Symmetry breaking highest degree node is applied.
c [w = 94] Encoding duration: 3999 ms.
c [w = 94] Number of clauses: 9031240.
c [w = 94] Number of variables: 1133680.
c [w = 94] SAT Solving starts:
c [w = 94] Solving duration: 329332 ms.
c [w = 94] Answer:
s [w = 94] SAT (w = 94).
c [w = 94] Solution check = 94.
c [w = 94] The solution is correct.
c [w = 94] Result: 10.
c [Main] Max width SAT is set to 94.
c [Main] Kill lower pid 90.
c [Main] Kill lower pid 91.
c [w = 90] Start task in PID: 81963.
c [w = 90] Cyclic Antibandwidth problem with w = 90 (T-dwt__592.mtx.rnd):
c [w = 90] Initializing CaDiCaL (version 2.2.1).
c [w = 90] Configuring CaDiCaL as --sat (1).
c [w = 90] Encoding starts with w = 90:
c [w = 90] Symmetry breaking highest degree node is applied.
c [w = 90] Encoding duration: 3873 ms.
c [w = 90] Number of clauses: 8979144.
c [w = 90] Number of variables: 1117104.
c [w = 90] SAT Solving starts:
c [Signal] Signal interruption. Caught signal: SIGTERM (15).
c [w = 91] Start task in PID: 81919.
c [w = 91] Cyclic Antibandwidth problem with w = 91 (T-dwt__592.mtx.rnd):
c [w = 91] Initializing CaDiCaL (version 2.2.1).
c [w = 91] Configuring CaDiCaL as --sat (1).
c [w = 91] Encoding starts with w = 91:
c [w = 91] Symmetry breaking highest degree node is applied.
c [w = 91] Encoding duration: 3951 ms.
c [w = 91] Number of clauses: 8992168.
c [w = 91] Number of variables: 1121248.
c [w = 91] SAT Solving starts:
c [Signal] Signal interruption. Caught signal: SIGTERM (15).
c [Main] Child pid 91 - 81919 terminated by signal 15.
c [Main] Child pid 90 - 81963 terminated by signal 15.
c [w = 96] Start task in PID: 81985.
c [w = 96] Cyclic Antibandwidth problem with w = 96 (T-dwt__592.mtx.rnd):
c [w = 96] Initializing CaDiCaL (version 2.2.1).
c [w = 96] Configuring CaDiCaL as --sat (1).
c [w = 96] Encoding starts with w = 96:
c [w = 96] Symmetry breaking highest degree node is applied.
c [w = 96] Encoding duration: 4366 ms.
c [w = 96] Number of clauses: 9057288.
c [w = 96] Number of variables: 1141968.
c [w = 96] SAT Solving starts:
c [w = 96] Solving duration: 285281 ms.
c [w = 96] Answer:
s [w = 96] SAT (w = 96).
c [w = 96] Solution check = 96.
c [w = 96] The solution is correct.
c [w = 96] Result: 10.
c [Main] Max width SAT is set to 96.
c [Main] Kill lower pid 95.
c [w = 95] Start task in PID: 81984.
c [w = 95] Cyclic Antibandwidth problem with w = 95 (T-dwt__592.mtx.rnd):
c [w = 95] Initializing CaDiCaL (version 2.2.1).
c [w = 95] Configuring CaDiCaL as --sat (1).
c [w = 95] Encoding starts with w = 95:
c [w = 95] Symmetry breaking highest degree node is applied.
c [w = 95] Encoding duration: 4263 ms.
c [w = 95] Number of clauses: 9044264.
c [w = 95] Number of variables: 1137824.
c [w = 95] SAT Solving starts:
c [Signal] Signal interruption. Caught signal: SIGTERM (15).
c [Main] Child pid 95 - 81984 terminated by signal 15.
c [w = 97] Start task in PID: 81982.
c [w = 97] Cyclic Antibandwidth problem with w = 97 (T-dwt__592.mtx.rnd):
c [w = 97] Initializing CaDiCaL (version 2.2.1).
c [w = 97] Configuring CaDiCaL as --sat (1).
c [w = 97] Encoding starts with w = 97:
c [w = 97] Symmetry breaking highest degree node is applied.
c [w = 97] Encoding duration: 4365 ms.
c [w = 97] Number of clauses: 9070312.
c [w = 97] Number of variables: 1146112.
c [w = 97] SAT Solving starts:
c [w = 97] Solving duration: 679097 ms.
c [w = 97] Answer:
s [w = 97] SAT (w = 97).
c [w = 97] Solution check = 97.
c [w = 97] The solution is correct.
c [w = 97] Result: 10.
c [Main] Max width SAT is set to 97.
c [w = 98] Start task in PID: 82470.
c [w = 98] Cyclic Antibandwidth problem with w = 98 (T-dwt__592.mtx.rnd):
c [w = 98] Initializing CaDiCaL (version 2.2.1).
c [w = 98] Configuring CaDiCaL as --sat (1).
c [w = 98] Encoding starts with w = 98:
c [w = 98] Symmetry breaking highest degree node is applied.
c [w = 98] Encoding duration: 3978 ms.
c [w = 98] Number of clauses: 9083336.
c [w = 98] Number of variables: 1150256.
c [w = 98] SAT Solving starts:
c [w = 98] Solving duration: 398094 ms.
c [w = 98] Answer:
s [w = 98] SAT (w = 98).
c [w = 98] Solution check = 98.
c [w = 98] The solution is correct.
c [w = 98] Result: 10.
c [Main] Max width SAT is set to 98.
c [w = 126] Start task in PID: 82977.
c [w = 126] Cyclic Antibandwidth problem with w = 126 (T-dwt__592.mtx.rnd):
c [w = 126] Initializing CaDiCaL (version 2.2.1).
c [w = 126] Configuring CaDiCaL as --sat (1).
c [w = 126] Encoding starts with w = 126:
c [w = 126] Symmetry breaking highest degree node is applied.
c [w = 126] Encoding duration: 4004 ms.
c [w = 126] Number of clauses: 9016952.
c [w = 126] Number of variables: 1120656.
c [w = 126] SAT Solving starts:
c [Signal] Signal interruption. Caught signal: SIGTERM (15).
c [w = 100] Start task in PID: 82975.
c [w = 100] Cyclic Antibandwidth problem with w = 100 (T-dwt__592.mtx.rnd):
c [w = 100] Initializing CaDiCaL (version 2.2.1).
c [w = 100] Configuring CaDiCaL as --sat (1).
c [w = 100] Encoding starts with w = 100:
c [w = 100] Symmetry breaking highest degree node is applied.
c [w = 100] Encoding duration: 3963 ms.
c [w = 100] Number of clauses: 8939736.
c [w = 100] Number of variables: 1101120.
c [w = 100] SAT Solving starts:
c [Signal] Signal interruption. Caught signal: SIGTERM (15).
c [w = 101] Start task in PID: 81274.
c [w = 101] Cyclic Antibandwidth problem with w = 101 (T-dwt__592.mtx.rnd):
c [w = 101] Initializing CaDiCaL (version 2.2.1).
c [w = 101] Configuring CaDiCaL as --sat (1).
c [w = 101] Encoding starts with w = 101:
c [w = 101] Symmetry breaking highest degree node is applied.
c [w = 101] Encoding duration: 4441 ms.
c [w = 101] Number of clauses: 8950984.
c [w = 101] Number of variables: 1104672.
c [w = 101] SAT Solving starts:
c [Signal] Signal interruption. Caught signal: SIGTERM (15).
c [w = 99] Start task in PID: 82469.
c [w = 99] Cyclic Antibandwidth problem with w = 99 (T-dwt__592.mtx.rnd):
c [w = 99] Initializing CaDiCaL (version 2.2.1).
c [w = 99] Configuring CaDiCaL as --sat (1).
c [w = 99] Encoding starts with w = 99:
c [w = 99] Symmetry breaking highest degree node is applied.
c [w = 99] Encoding duration: 3796 ms.
c [w = 99] Number of clauses: 8928488.
c [w = 99] Number of variables: 1097568.
c [w = 99] SAT Solving starts:
c [Signal] Signal interruption. Caught signal: SIGTERM (15).
c [Main] Lim pid ends with result: 254.
c [Main] All children have completed.
r [Main] 
r [Main] Final results: 
r [Main] Max width SAT:  	98.
r [Main] Min width UNSAT:	-.
r [Main] Total real time: 1809369 ms.
r [Main] Total memory consumed: 10959.5 MB.
r [Main] 
