c [Version] Cyclic Anti-bandwidth Encoder version 1.0.0.
c [Param] Real time limit is set to 1800.
c [Param] Memory limit is set to 30000.
c [Param] Worker count is set to 4.
c [Main] Encoding and solving for graph: X-can__715.mtx.rnd.
c [Main] Search strategy: Binary search from lower bound.
c [Main] Lower bound is set to 56.
c [Main] Upper bound is set to 142.
c [Main] Search order: 99 77 66 60 57 56 58 59 63 61 62 64 65 71 68 67 69 70 74 72 73 75 76 88 82 79 78 80 81 85 83 84 86 87 93 90 89 91 92 96 94 95 97 98 121 110 104 101 100 102 103 107 105 106 108 109 115 112 111 113 114 118 116 117 119 120 132 126 123 122 124 125 129 127 128 130 131 137 134 133 135 136 140 138 139 141 142.
c [w = 60] Start task in PID: 84754.
c [w = 60] Cyclic Antibandwidth problem with w = 60 (X-can__715.mtx.rnd):
c [w = 60] Initializing CaDiCaL (version 2.2.1).
c [w = 60] Configuring CaDiCaL as --sat (1).
c [w = 60] Encoding starts with w = 60:
c [w = 60] Symmetry breaking highest degree node is applied.
c [w = 60] Encoding duration: 6094 ms.
c [w = 60] Number of clauses: 13652717.
c [w = 60] Number of variables: 1585870.
c [w = 60] SAT Solving starts:
c [w = 60] Solving duration: 39511 ms.
c [w = 60] Answer:
s [w = 60] SAT (w = 60).
c [w = 60] Solution check = 60.
c [w = 60] The solution is correct.
c [w = 60] Result: 10.
c [Main] Max width SAT is set to 60.
c [w = 66] Start task in PID: 84753.
c [w = 66] Cyclic Antibandwidth problem with w = 66 (X-can__715.mtx.rnd):
c [w = 66] Initializing CaDiCaL (version 2.2.1).
c [w = 66] Configuring CaDiCaL as --sat (1).
c [w = 66] Encoding starts with w = 66:
c [w = 66] Symmetry breaking highest degree node is applied.
c [w = 66] Encoding duration: 6123 ms.
c [w = 66] Number of clauses: 13676657.
c [w = 66] Number of variables: 1592305.
c [w = 66] SAT Solving starts:
c [w = 66] Solving duration: 90678 ms.
c [w = 66] Answer:
s [w = 66] SAT (w = 66).
c [w = 66] Solution check = 66.
c [w = 66] The solution is correct.
c [w = 66] Result: 10.
c [Main] Max width SAT is set to 66.
c [Main] Kill lower pid 63.
c [w = 63] Start task in PID: 85188.
c [w = 63] Cyclic Antibandwidth problem with w = 63 (X-can__715.mtx.rnd):
c [w = 63] Initializing CaDiCaL (version 2.2.1).
c [w = 63] Configuring CaDiCaL as --sat (1).
c [w = 63] Encoding starts with w = 63:
c [w = 63] Symmetry breaking highest degree node is applied.
c [w = 63] Encoding duration: 6174 ms.
c [w = 63] Number of clauses: 13732082.
c [w = 63] Number of variables: 1611610.
c [w = 63] SAT Solving starts:
c [Signal] Signal interruption. Caught signal: SIGTERM (15).
c [Main] Child pid 63 - 85188 terminated by signal 15.
c [w = 68] Start task in PID: 85201.
c [w = 68] Cyclic Antibandwidth problem with w = 68 (X-can__715.mtx.rnd):
c [w = 68] Initializing CaDiCaL (version 2.2.1).
c [w = 68] Configuring CaDiCaL as --sat (1).
c [w = 68] Encoding starts with w = 68:
c [w = 68] Symmetry breaking highest degree node is applied.
c [w = 68] Encoding duration: 6205 ms.
c [w = 68] Number of clauses: 13725277.
c [w = 68] Number of variables: 1608035.
c [w = 68] SAT Solving starts:
c [w = 68] Solving duration: 170675 ms.
c [w = 68] Answer:
s [w = 68] SAT (w = 68).
c [w = 68] Solution check = 68.
c [w = 68] The solution is correct.
c [w = 68] Result: 10.
c [Main] Max width SAT is set to 68.
c [w = 71] Start task in PID: 85200.
c [w = 71] Cyclic Antibandwidth problem with w = 71 (X-can__715.mtx.rnd):
c [w = 71] Initializing CaDiCaL (version 2.2.1).
c [w = 71] Configuring CaDiCaL as --sat (1).
c [w = 71] Encoding starts with w = 71:
c [w = 71] Symmetry breaking highest degree node is applied.
c [w = 71] Encoding duration: 6254 ms.
c [w = 71] Number of clauses: 13798207.
c [w = 71] Number of variables: 1631630.
c [w = 71] SAT Solving starts:
c [w = 71] Solving duration: 212863 ms.
c [w = 71] Answer:
s [w = 71] SAT (w = 71).
c [w = 71] Solution check = 71.
c [w = 71] The solution is correct.
c [w = 71] Result: 10.
c [Main] Max width SAT is set to 71.
c [Main] Kill lower pid 69.
c [w = 69] Start task in PID: 85234.
c [w = 69] Cyclic Antibandwidth problem with w = 69 (X-can__715.mtx.rnd):
c [w = 69] Initializing CaDiCaL (version 2.2.1).
c [w = 69] Configuring CaDiCaL as --sat (1).
c [w = 69] Encoding starts with w = 69:
c [w = 69] Symmetry breaking highest degree node is applied.
c [w = 69] Encoding duration: 6216 ms.
c [w = 69] Number of clauses: 13749587.
c [w = 69] Number of variables: 1615900.
c [w = 69] SAT Solving starts:
c [Signal] Signal interruption. Caught signal: SIGTERM (15).
c [Main] Child pid 69 - 85234 terminated by signal 15.
c [w = 72] Start task in PID: 85245.
c [w = 72] Cyclic Antibandwidth problem with w = 72 (X-can__715.mtx.rnd):
c [w = 72] Initializing CaDiCaL (version 2.2.1).
c [w = 72] Configuring CaDiCaL as --sat (1).
c [w = 72] Encoding starts with w = 72:
c [w = 72] Symmetry breaking highest degree node is applied.
c [w = 72] Encoding duration: 6201 ms.
c [w = 72] Number of clauses: 13675572.
c [w = 72] Number of variables: 1590160.
c [w = 72] SAT Solving starts:
c [w = 72] Solving duration: 31118 ms.
c [w = 72] Answer:
s [w = 72] SAT (w = 72).
c [w = 72] Solution check = 72.
c [w = 72] The solution is correct.
c [w = 72] Result: 10.
c [Main] Max width SAT is set to 72.
c [w = 77] Start task in PID: 84752.
c [w = 77] Cyclic Antibandwidth problem with w = 77 (X-can__715.mtx.rnd):
c [w = 77] Initializing CaDiCaL (version 2.2.1).
c [w = 77] Configuring CaDiCaL as --sat (1).
c [w = 77] Encoding starts with w = 77:
c [w = 77] Symmetry breaking highest degree node is applied.
c [w = 77] Encoding duration: 6103 ms.
c [w = 77] Number of clauses: 13786397.
c [w = 77] Number of variables: 1625910.
c [w = 77] SAT Solving starts:
c [w = 77] Solving duration: 470951 ms.
c [w = 77] Answer:
s [w = 77] SAT (w = 77).
c [w = 77] Solution check = 77.
c [w = 77] The solution is correct.
c [w = 77] Result: 10.
c [Main] Max width SAT is set to 77.
c [Main] Kill lower pid 74.
c [Main] Kill lower pid 73.
c [w = 74] Start task in PID: 85244.
c [w = 74] Cyclic Antibandwidth problem with w = 74 (X-can__715.mtx.rnd):
c [w = 74] Initializing CaDiCaL (version 2.2.1).
c [w = 74] Configuring CaDiCaL as --sat (1).
c [w = 74] Encoding starts with w = 74:
c [w = 74] Symmetry breaking highest degree node is applied.
c [w = 74] Encoding duration: 6242 ms.
c [w = 74] Number of clauses: 13719902.
c [w = 74] Number of variables: 1604460.
c [w = 74] SAT Solving starts:
c [Signal] Signal interruption. Caught signal: SIGTERM (15).
c [w = 73] Start task in PID: 85255.
c [w = 73] Cyclic Antibandwidth problem with w = 73 (X-can__715.mtx.rnd):
c [w = 73] Initializing CaDiCaL (version 2.2.1).
c [w = 73] Configuring CaDiCaL as --sat (1).
c [w = 73] Encoding starts with w = 73:
c [w = 73] Symmetry breaking highest degree node is applied.
c [w = 73] Encoding duration: 6125 ms.
c [w = 73] Number of clauses: 13697737.
c [w = 73] Number of variables: 1597310.
c [w = 73] SAT Solving starts:
c [Signal] Signal interruption. Caught signal: SIGTERM (15).
c [Main] Child pid 73 - 85255 terminated by signal 15.
c [Main] Child pid 74 - 85244 terminated by signal 15.
c [w = 99] Start task in PID: 84751.
c [w = 99] Cyclic Antibandwidth problem with w = 99 (X-can__715.mtx.rnd):
c [w = 99] Initializing CaDiCaL (version 2.2.1).
c [w = 99] Configuring CaDiCaL as --sat (1).
c [w = 99] Encoding starts with w = 99:
c [w = 99] Symmetry breaking highest degree node is applied.
c [w = 99] Encoding duration: 6129 ms.
c [w = 99] Number of clauses: 13866452.
c [w = 99] Number of variables: 1645930.
c [w = 99] SAT Solving starts:
c [w = 99] Solving duration: 704169 ms.
c [w = 99] Answer:
s [w = 99] SAT (w = 99).
c [w = 99] Solution check = 99.
c [w = 99] The solution is correct.
c [w = 99] Result: 10.
c [Main] Max width SAT is set to 99.
c [Main] Kill lower pid 79.
c [Main] Kill lower pid 82.
c [Main] Kill lower pid 88.
c [w = 79] Start task in PID: 85284.
c [w = 79] Cyclic Antibandwidth problem with w = 79 (X-can__715.mtx.rnd):
c [w = 79] Initializing CaDiCaL (version 2.2.1).
c [w = 79] Configuring CaDiCaL as --sat (1).
c [w = 79] Encoding starts with w = 79:
c [w = 79] Symmetry breaking highest degree node is applied.
c [w = 79] Encoding duration: 6145 ms.
c [w = 79] Number of clauses: 13830727.
c [w = 79] Number of variables: 1640210.
c [w = 79] SAT Solving starts:
c [Signal] Signal interruption. Caught signal: SIGTERM (15).
c [w = 88] Start task in PID: 85282.
c [w = 88] Cyclic Antibandwidth problem with w = 88 (X-can__715.mtx.rnd):
c [w = 88] Initializing CaDiCaL (version 2.2.1).
c [w = 88] Configuring CaDiCaL as --sat (1).
c [w = 88] Encoding starts with w = 88:
c [w = 88] Symmetry breaking highest degree node is applied.
c [w = 88] Encoding duration: 6271 ms.
c [w = 88] Number of clauses: 13849662.
c [w = 88] Number of variables: 1643785.
c [w = 88] SAT Solving starts:
c [Signal] Signal interruption. Caught signal: SIGTERM (15).
c [w = 82] Start task in PID: 85283.
c [w = 82] Cyclic Antibandwidth problem with w = 82 (X-can__715.mtx.rnd):
c [w = 82] Initializing CaDiCaL (version 2.2.1).
c [w = 82] Configuring CaDiCaL as --sat (1).
c [w = 82] Encoding starts with w = 82:
c [w = 82] Symmetry breaking highest degree node is applied.
c [w = 82] Encoding duration: 6060 ms.
c [w = 82] Number of clauses: 13729542.
c [w = 82] Number of variables: 1605175.
c [w = 82] SAT Solving starts:
c [Signal] Signal interruption. Caught signal: SIGTERM (15).
c [Main] Child pid 82 - 85283 terminated by signal 15.
c [Main] Child pid 79 - 85284 terminated by signal 15.
c [Main] Child pid 88 - 85282 terminated by signal 15.
c [w = 121] Start task in PID: 85752.
c [w = 121] Cyclic Antibandwidth problem with w = 121 (X-can__715.mtx.rnd):
c [w = 121] Initializing CaDiCaL (version 2.2.1).
c [w = 121] Configuring CaDiCaL as --sat (1).
c [w = 121] Encoding starts with w = 121:
c [w = 121] Symmetry breaking highest degree node is applied.
c [w = 121] Encoding duration: 6624 ms.
c [w = 121] Number of clauses: 13760607.
c [w = 121] Number of variables: 1603030.
c [w = 121] SAT Solving starts:
c [w = 121] Solving duration: 52460 ms.
c [w = 121] Answer:
s [w = 121] UNSAT (w = 121).
c [w = 121] Result: 20.
c [Main] Min width UNSAT is set to 121
c [w = 100] Start task in PID: 85770.
c [w = 100] Cyclic Antibandwidth problem with w = 100 (X-can__715.mtx.rnd):
c [w = 100] Initializing CaDiCaL (version 2.2.1).
c [w = 100] Configuring CaDiCaL as --sat (1).
c [w = 100] Encoding starts with w = 100:
c [w = 100] Symmetry breaking highest degree node is applied.
c [w = 100] Encoding duration: 6594 ms.
c [w = 100] Number of clauses: 13884327.
c [w = 100] Number of variables: 1651650.
c [w = 100] SAT Solving starts:
c [Signal] Signal interruption. Caught signal: SIGTERM (15).
c [w = 101] Start task in PID: 85755.
c [w = 101] Cyclic Antibandwidth problem with w = 101 (X-can__715.mtx.rnd):
c [w = 101] Initializing CaDiCaL (version 2.2.1).
c [w = 101] Configuring CaDiCaL as --sat (1).
c [w = 101] Encoding starts with w = 101:
c [w = 101] Symmetry breaking highest degree node is applied.
c [w = 101] Encoding duration: 6628 ms.
c [w = 101] Number of clauses: 13902202.
c [w = 101] Number of variables: 1657370.
c [w = 101] SAT Solving starts:
c [Signal] Signal interruption. Caught signal: SIGTERM (15).
c [w = 104] Start task in PID: 85754.
c [w = 104] Cyclic Antibandwidth problem with w = 104 (X-can__715.mtx.rnd):
c [w = 104] Initializing CaDiCaL (version 2.2.1).
c [w = 104] Configuring CaDiCaL as --sat (1).
c [w = 104] Encoding starts with w = 104:
c [w = 104] Symmetry breaking highest degree node is applied.
c [w = 104] Encoding duration: 6630 ms.
c [w = 104] Number of clauses: 13742387.
c [w = 104] Number of variables: 1602315.
c [w = 104] SAT Solving starts:
c [Signal] Signal interruption. Caught signal: SIGTERM (15).
c [w = 110] Start task in PID: 85753.
c [w = 110] Cyclic Antibandwidth problem with w = 110 (X-can__715.mtx.rnd):
c [w = 110] Initializing CaDiCaL (version 2.2.1).
c [w = 110] Configuring CaDiCaL as --sat (1).
c [w = 110] Encoding starts with w = 110:
c [w = 110] Symmetry breaking highest degree node is applied.
c [w = 110] Encoding duration: 6678 ms.
c [w = 110] Number of clauses: 13836767.
c [w = 110] Number of variables: 1632345.
c [w = 110] SAT Solving starts:
c [Signal] Signal interruption. Caught signal: SIGTERM (15).
c [Main] Lim pid ends with result: 254.
c [Main] All children have completed.
r [Main] 
r [Main] Final results: 
r [Main] Max width SAT:  	99.
r [Main] Min width UNSAT:	121.
r [Main] Total real time: 1809678 ms.
r [Main] Total memory consumed: 15355.5 MB.
r [Main] 
