c [Version] Cyclic Anti-bandwidth Encoder version 1.0.0.
c [Param] Real time limit is set to 1800.
c [Param] Memory limit is set to 30000.
c [Param] Worker count is set to 8.
c [Main] Encoding and solving for graph: L-bcspwr03.mtx.rnd.
c [Main] Search strategy: Binary search from lower bound.
c [Main] Lower bound is set to 20.
c [Main] Upper bound is set to 39.
c [Main] Search order: 29 24 21 20 22 23 26 25 27 28 34 31 30 32 33 37 35 36 38 39.
c [w = 20] Start task in PID: 88260.
c [w = 20] Cyclic Antibandwidth problem with w = 20 (L-bcspwr03.mtx.rnd):
c [w = 20] Initializing CaDiCaL (version 2.2.1).
c [w = 20] Configuring CaDiCaL as --sat (1).
c [w = 20] Encoding starts with w = 20:
c [w = 20] Symmetry breaking highest degree node is applied.
c [w = 20] Encoding duration: 264 ms.
c [w = 20] Number of clauses: 225993.
c [w = 20] Number of variables: 44604.
c [w = 20] SAT Solving starts:
c [w = 20] Solving duration: 902 ms.
c [w = 20] Answer:
s [w = 20] SAT (w = 20).
c [w = 20] Solution check = 20.
c [w = 20] The solution is correct.
c [w = 20] Result: 10.
c [w = 24] Start task in PID: 88258.
c [w = 24] Cyclic Antibandwidth problem with w = 24 (L-bcspwr03.mtx.rnd):
c [w = 24] Initializing CaDiCaL (version 2.2.1).
c [w = 24] Configuring CaDiCaL as --sat (1).
c [w = 24] Encoding starts with w = 24:
c [w = 24] Symmetry breaking highest degree node is applied.
c [w = 24] Encoding duration: 264 ms.
c [w = 24] Number of clauses: 227356.
c [w = 24] Number of variables: 44958.
c [w = 24] SAT Solving starts:
c [w = 24] Solving duration: 912 ms.
c [w = 24] Answer:
s [w = 24] SAT (w = 24).
c [w = 24] Solution check = 24.
c [w = 24] The solution is correct.
c [w = 24] Result: 10.
c [Main] Max width SAT is set to 20.
c [Main] Max width SAT is set to 24.
c [Main] Kill lower pid 23.
c [Main] Kill lower pid 22.
c [Main] Kill lower pid 21.
c [w = 23] Start task in PID: 88262.
c [w = 23] Cyclic Antibandwidth problem with w = 23 (L-bcspwr03.mtx.rnd):
c [w = 23] Initializing CaDiCaL (version 2.2.1).
c [w = 23] Configuring CaDiCaL as --sat (1).
c [w = 23] Encoding starts with w = 23:
c [w = 23] Symmetry breaking highest degree node is applied.
c [w = 23] Encoding duration: 272 ms.
c [w = 23] Number of clauses: 232719.
c [w = 23] Number of variables: 46728.
c [w = 23] SAT Solving starts:
c [w = 23] Solving duration: 967 ms.
c [w = 23] Answer:
s [w = 23] SAT (w = 23).
c [w = 23] Solution check = 23.
c [w = 23] The solution is correct.
c [Signal] Signal interruption. Caught signal: SIGTERM (15).
c [w = 22] Start task in PID: 88261.
c [w = 22] Cyclic Antibandwidth problem with w = 22 (L-bcspwr03.mtx.rnd):
c [w = 22] Initializing CaDiCaL (version 2.2.1).
c [w = 22] Configuring CaDiCaL as --sat (1).
c [w = 22] Encoding starts with w = 22:
c [w = 22] Symmetry breaking highest degree node is applied.
c [w = 22] Encoding duration: 265 ms.
c [w = 22] Number of clauses: 230477.
c [w = 22] Number of variables: 46020.
c [w = 22] SAT Solving starts:
c [w = 22] Solving duration: 974 ms.
c [w = 22] Answer:
s [w = 22] SAT (w = 22).
c [w = 22] Solution check = 22.
c [w = 22] The solution is correct.
c [Signal] Signal interruption. Caught signal: SIGTERM (15).
c [w = 21] Start task in PID: 88259.
c [w = 21] Cyclic Antibandwidth problem with w = 21 (L-bcspwr03.mtx.rnd):
c [w = 21] Initializing CaDiCaL (version 2.2.1).
c [w = 21] Configuring CaDiCaL as --sat (1).
c [w = 21] Encoding starts with w = 21:
c [w = 21] Symmetry breaking highest degree node is applied.
c [w = 21] Encoding duration: 270 ms.
c [w = 21] Number of clauses: 228235.
c [w = 21] Number of variables: 45312.
c [w = 21] SAT Solving starts:
c [w = 21] Solving duration: 938 ms.
c [w = 21] Answer:
s [w = 21] SAT (w = 21).
c [w = 21] Solution check = 21.
c [w = 21] The solution is correct.
c [Signal] Signal interruption. Caught signal: SIGTERM (15).
c [Main] Child pid 21 - 88259 terminated by signal 15.
c [Main] Child pid 22 - 88261 terminated by signal 15.
c [Main] Child pid 23 - 88262 terminated by signal 15.
c [w = 26] Start task in PID: 88263.
c [w = 26] Cyclic Antibandwidth problem with w = 26 (L-bcspwr03.mtx.rnd):
c [w = 26] Initializing CaDiCaL (version 2.2.1).
c [w = 26] Configuring CaDiCaL as --sat (1).
c [w = 26] Encoding starts with w = 26:
c [w = 26] Symmetry breaking highest degree node is applied.
c [w = 26] Encoding duration: 274 ms.
c [w = 26] Number of clauses: 231132.
c [w = 26] Number of variables: 46138.
c [w = 26] SAT Solving starts:
c [w = 26] Solving duration: 932 ms.
c [w = 26] Answer:
s [w = 26] SAT (w = 26).
c [w = 26] Solution check = 26.
c [w = 26] The solution is correct.
c [w = 26] Result: 10.
c [w = 25] Start task in PID: 88264.
c [w = 25] Cyclic Antibandwidth problem with w = 25 (L-bcspwr03.mtx.rnd):
c [w = 25] Initializing CaDiCaL (version 2.2.1).
c [w = 25] Configuring CaDiCaL as --sat (1).
c [w = 25] Encoding starts with w = 25:
c [w = 25] Symmetry breaking highest degree node is applied.
c [w = 25] Encoding duration: 267 ms.
c [w = 25] Number of clauses: 229244.
c [w = 25] Number of variables: 45548.
c [w = 25] SAT Solving starts:
c [w = 25] Solving duration: 936 ms.
c [w = 25] Answer:
s [w = 25] SAT (w = 25).
c [w = 25] Solution check = 25.
c [w = 25] The solution is correct.
c [w = 25] Result: 10.
c [Main] Max width SAT is set to 26.
c [Main] Kill lower pid 25.
c [w = 29] Start task in PID: 88257.
c [w = 29] Cyclic Antibandwidth problem with w = 29 (L-bcspwr03.mtx.rnd):
c [w = 29] Initializing CaDiCaL (version 2.2.1).
c [w = 29] Configuring CaDiCaL as --sat (1).
c [w = 29] Encoding starts with w = 29:
c [w = 29] Symmetry breaking highest degree node is applied.
c [w = 29] Encoding duration: 286 ms.
c [w = 29] Number of clauses: 236796.
c [w = 29] Number of variables: 47908.
c [w = 29] SAT Solving starts:
c [w = 29] Solving duration: 1028 ms.
c [w = 29] Answer:
s [w = 29] SAT (w = 29).
c [w = 29] Solution check = 29.
c [w = 29] The solution is correct.
c [w = 29] Result: 10.
c [Main] Max width SAT is set to 29.
c [Main] Kill lower pid 28.
c [Main] Kill lower pid 27.
c [w = 27] Start task in PID: 88265.
c [w = 27] Cyclic Antibandwidth problem with w = 27 (L-bcspwr03.mtx.rnd):
c [w = 27] Initializing CaDiCaL (version 2.2.1).
c [w = 27] Configuring CaDiCaL as --sat (1).
c [w = 27] Encoding starts with w = 27:
c [w = 27] Symmetry breaking highest degree node is applied.
c [Signal] Signal interruption. Caught signal: SIGTERM (15).
c [w = 28] Start task in PID: 88266.
c [w = 28] Cyclic Antibandwidth problem with w = 28 (L-bcspwr03.mtx.rnd):
c [w = 28] Initializing CaDiCaL (version 2.2.1).
c [w = 28] Configuring CaDiCaL as --sat (1).
c [w = 28] Encoding starts with w = 28:
c [w = 28] Symmetry breaking highest degree node is applied.
c [Signal] Signal interruption. Caught signal: SIGTERM (15).
c [Main] Child pid 27 - 88265 terminated by signal 15.
c [Main] Child pid 28 - 88266 terminated by signal 15.
c [w = 30] Start task in PID: 88269.
c [w = 30] Cyclic Antibandwidth problem with w = 30 (L-bcspwr03.mtx.rnd):
c [w = 30] Initializing CaDiCaL (version 2.2.1).
c [w = 30] Configuring CaDiCaL as --sat (1).
c [w = 30] Encoding starts with w = 30:
c [w = 30] Symmetry breaking highest degree node is applied.
c [w = 30] Encoding duration: 160 ms.
c [w = 30] Number of clauses: 229073.
c [w = 30] Number of variables: 45312.
c [w = 30] SAT Solving starts:
c [w = 30] Solving duration: 726 ms.
c [w = 30] Answer:
s [w = 30] UNSAT (w = 30).
c [w = 30] Result: 20.
c [w = 37] Start task in PID: 88272.
c [w = 37] Cyclic Antibandwidth problem with w = 37 (L-bcspwr03.mtx.rnd):
c [w = 37] Initializing CaDiCaL (version 2.2.1).
c [w = 37] Configuring CaDiCaL as --sat (1).
c [w = 37] Encoding starts with w = 37:
c [w = 37] Symmetry breaking highest degree node is applied.
c [w = 37] Encoding duration: 172 ms.
c [w = 37] Number of clauses: 239811.
c [w = 37] Number of variables: 48616.
c [w = 37] SAT Solving starts:
c [Signal] Signal interruption. Caught signal: SIGTERM (15).
c [Main] Min width UNSAT is set to 30
c [Main] Kill higher pid 36.
c [Main] Kill higher pid 35.
c [Main] Kill higher pid 37.
c [Main] Kill higher pid 33.
c [Main] Kill higher pid 32.
c [Main] Kill higher pid 31.
c [Main] Kill higher pid 34.
c [w = 33] Start task in PID: 88271.
c [w = 33] Cyclic Antibandwidth problem with w = 33 (L-bcspwr03.mtx.rnd):
c [w = 33] Initializing CaDiCaL (version 2.2.1).
c [w = 33] Configuring CaDiCaL as --sat (1).
c [w = 33] Encoding starts with w = 33:
c [w = 33] Symmetry breaking highest degree node is applied.
c [w = 33] Encoding duration: 158 ms.
c [w = 33] Number of clauses: 233675.
c [w = 33] Number of variables: 46728.
c [w = 33] SAT Solving starts:
c [Signal] Signal interruption. Caught signal: SIGTERM (15).
c [w = 35] Start task in PID: 88273.
c [w = 35] Cyclic Antibandwidth problem with w = 35 (L-bcspwr03.mtx.rnd):
c [w = 35] Initializing CaDiCaL (version 2.2.1).
c [w = 35] Configuring CaDiCaL as --sat (1).
c [w = 35] Encoding starts with w = 35:
c [w = 35] Symmetry breaking highest degree node is applied.
c [w = 35] Encoding duration: 158 ms.
c [w = 35] Number of clauses: 236743.
c [w = 35] Number of variables: 47672.
c [w = 35] SAT Solving starts:
c [Signal] Signal interruption. Caught signal: SIGTERM (15).
c [w = 31] Start task in PID: 88268.
c [w = 31] Cyclic Antibandwidth problem with w = 31 (L-bcspwr03.mtx.rnd):
c [w = 31] Initializing CaDiCaL (version 2.2.1).
c [w = 31] Configuring CaDiCaL as --sat (1).
c [w = 31] Encoding starts with w = 31:
c [w = 31] Symmetry breaking highest degree node is applied.
c [w = 31] Encoding duration: 159 ms.
c [w = 31] Number of clauses: 230607.
c [w = 31] Number of variables: 45784.
c [w = 31] SAT Solving starts:
c [w = 31] Solving duration: 788 ms.
c [w = 31] Answer:
s [w = 31] UNSAT (w = 31).
c [Signal] Signal interruption. Caught signal: SIGTERM (15).
c [w = 32] Start task in PID: 88270.
c [w = 32] Cyclic Antibandwidth problem with w = 32 (L-bcspwr03.mtx.rnd):
c [w = 32] Initializing CaDiCaL (version 2.2.1).
c [w = 32] Configuring CaDiCaL as --sat (1).
c [w = 32] Encoding starts with w = 32:
c [w = 32] Symmetry breaking highest degree node is applied.
c [w = 32] Encoding duration: 158 ms.
c [w = 32] Number of clauses: 232141.
c [w = 32] Number of variables: 46256.
c [w = 32] SAT Solving starts:
c [Signal] Signal interruption. Caught signal: SIGTERM (15).
c [w = 34] Start task in PID: 88267.
c [w = 34] Cyclic Antibandwidth problem with w = 34 (L-bcspwr03.mtx.rnd):
c [w = 34] Initializing CaDiCaL (version 2.2.1).
c [w = 34] Configuring CaDiCaL as --sat (1).
c [w = 34] Encoding starts with w = 34:
c [w = 34] Symmetry breaking highest degree node is applied.
c [w = 34] Encoding duration: 161 ms.
c [w = 34] Number of clauses: 235209.
c [w = 34] Number of variables: 47200.
c [w = 34] SAT Solving starts:
c [w = 34] Solving duration: 782 ms.
c [w = 34] Answer:
s [w = 34] UNSAT (w = 34).
c [Signal] Signal interruption. Caught signal: SIGTERM (15).
c [w = 36] Start task in PID: 88274.
c [w = 36] Cyclic Antibandwidth problem with w = 36 (L-bcspwr03.mtx.rnd):
c [w = 36] Initializing CaDiCaL (version 2.2.1).
c [w = 36] Configuring CaDiCaL as --sat (1).
c [w = 36] Encoding starts with w = 36:
c [w = 36] Symmetry breaking highest degree node is applied.
c [w = 36] Encoding duration: 166 ms.
c [w = 36] Number of clauses: 238277.
c [w = 36] Number of variables: 48144.
c [w = 36] SAT Solving starts:
c [Signal] Signal interruption. Caught signal: SIGTERM (15).
c [Main] Child pid 35 - 88273 terminated by signal 15.
c [Main] Child pid 36 - 88274 terminated by signal 15.
c [Main] Child pid 32 - 88270 terminated by signal 15.
c [Main] Child pid 34 - 88267 terminated by signal 15.
c [Main] Child pid 33 - 88271 terminated by signal 15.
c [Main] Child pid 37 - 88272 terminated by signal 15.
c [Main] Child pid 31 - 88268 terminated by signal 15.
c [Signal] Signal interruption. Caught signal: SIGTERM (15).
c [Main] All children have completed.
r [Main] 
r [Main] Final results: 
r [Main] Max width SAT:  	29.
r [Main] Min width UNSAT:	30.
r [Main] Total real time: 2231 ms.
r [Main] Total memory consumed: 613.9 MB.
r [Main] 
