c [Version] Cyclic Anti-bandwidth Encoder version 1.0.0.
c [Param] Real time limit is set to 1800.
c [Param] Memory limit is set to 30000.
c [Param] Worker count is set to 8.
c [Main] Encoding and solving for graph: M-bcsstk06.mtx.rnd.
c [Main] Search strategy: Binary search from lower bound.
c [Main] Lower bound is set to 14.
c [Main] Upper bound is set to 72.
c [Main] Search order: 43 28 20 16 14 15 18 17 19 24 22 21 23 26 25 27 35 31 29 30 33 32 34 39 37 36 38 41 40 42 58 50 46 44 45 48 47 49 54 52 51 53 56 55 57 65 61 59 60 63 62 64 69 67 66 68 71 70 72.
c [w = 14] Start task in PID: 88282.
c [w = 14] Cyclic Antibandwidth problem with w = 14 (M-bcsstk06.mtx.rnd):
c [w = 14] Initializing CaDiCaL (version 2.2.1).
c [w = 14] Configuring CaDiCaL as --sat (1).
c [w = 14] Encoding starts with w = 14:
c [w = 14] Symmetry breaking highest degree node is applied.
c [w = 14] Encoding duration: 8459 ms.
c [w = 14] Number of clauses: 7812990.
c [w = 14] Number of variables: 524160.
c [w = 14] SAT Solving starts:
c [w = 14] Solving duration: 18967 ms.
c [w = 14] Answer:
s [w = 14] SAT (w = 14).
c [w = 14] Solution check = 14.
c [w = 14] The solution is correct.
c [w = 14] Result: 10.
c [w = 15] Start task in PID: 88283.
c [w = 15] Cyclic Antibandwidth problem with w = 15 (M-bcsstk06.mtx.rnd):
c [w = 15] Initializing CaDiCaL (version 2.2.1).
c [w = 15] Configuring CaDiCaL as --sat (1).
c [w = 15] Encoding starts with w = 15:
c [w = 15] Symmetry breaking highest degree node is applied.
c [w = 15] Encoding duration: 8530 ms.
c [w = 15] Number of clauses: 7818510.
c [w = 15] Number of variables: 526680.
c [w = 15] SAT Solving starts:
c [w = 15] Solving duration: 18868 ms.
c [w = 15] Answer:
s [w = 15] SAT (w = 15).
c [w = 15] Solution check = 15.
c [w = 15] The solution is correct.
c [w = 15] Result: 10.
c [Main] Max width SAT is set to 14.
c [Main] Max width SAT is set to 15.
c [w = 16] Start task in PID: 88281.
c [w = 16] Cyclic Antibandwidth problem with w = 16 (M-bcsstk06.mtx.rnd):
c [w = 16] Initializing CaDiCaL (version 2.2.1).
c [w = 16] Configuring CaDiCaL as --sat (1).
c [w = 16] Encoding starts with w = 16:
c [w = 16] Symmetry breaking highest degree node is applied.
c [w = 16] Encoding duration: 8482 ms.
c [w = 16] Number of clauses: 7837230.
c [w = 16] Number of variables: 532980.
c [w = 16] SAT Solving starts:
c [w = 16] Solving duration: 20550 ms.
c [w = 16] Answer:
s [w = 16] SAT (w = 16).
c [w = 16] Solution check = 16.
c [w = 16] The solution is correct.
c [w = 16] Result: 10.
c [Main] Max width SAT is set to 16.
c [w = 17] Start task in PID: 88285.
c [w = 17] Cyclic Antibandwidth problem with w = 17 (M-bcsstk06.mtx.rnd):
c [w = 17] Initializing CaDiCaL (version 2.2.1).
c [w = 17] Configuring CaDiCaL as --sat (1).
c [w = 17] Encoding starts with w = 17:
c [w = 17] Symmetry breaking highest degree node is applied.
c [w = 17] Encoding duration: 8426 ms.
c [w = 17] Number of clauses: 7836450.
c [w = 17] Number of variables: 532560.
c [w = 17] SAT Solving starts:
c [w = 17] Solving duration: 20889 ms.
c [w = 17] Answer:
s [w = 17] SAT (w = 17).
c [w = 17] Solution check = 17.
c [w = 17] The solution is correct.
c [w = 17] Result: 10.
c [Main] Max width SAT is set to 17.
c [w = 18] Start task in PID: 88284.
c [w = 18] Cyclic Antibandwidth problem with w = 18 (M-bcsstk06.mtx.rnd):
c [w = 18] Initializing CaDiCaL (version 2.2.1).
c [w = 18] Configuring CaDiCaL as --sat (1).
c [w = 18] Encoding starts with w = 18:
c [w = 18] Symmetry breaking highest degree node is applied.
c [w = 18] Encoding duration: 8473 ms.
c [w = 18] Number of clauses: 7850130.
c [w = 18] Number of variables: 536760.
c [w = 18] SAT Solving starts:
c [w = 18] Solving duration: 21514 ms.
c [w = 18] Answer:
s [w = 18] SAT (w = 18).
c [w = 18] Solution check = 18.
c [w = 18] The solution is correct.
c [w = 18] Result: 10.
c [Main] Max width SAT is set to 18.
c [w = 20] Start task in PID: 88280.
c [w = 20] Cyclic Antibandwidth problem with w = 20 (M-bcsstk06.mtx.rnd):
c [w = 20] Initializing CaDiCaL (version 2.2.1).
c [w = 20] Configuring CaDiCaL as --sat (1).
c [w = 20] Encoding starts with w = 20:
c [w = 20] Symmetry breaking highest degree node is applied.
c [w = 20] Encoding duration: 8397 ms.
c [w = 20] Number of clauses: 7851690.
c [w = 20] Number of variables: 535500.
c [w = 20] SAT Solving starts:
c [w = 20] Solving duration: 25825 ms.
c [w = 20] Answer:
s [w = 20] SAT (w = 20).
c [w = 20] Solution check = 20.
c [w = 20] The solution is correct.
c [w = 20] Result: 10.
c [Main] Max width SAT is set to 20.
c [Main] Kill lower pid 19.
c [w = 19] Start task in PID: 88723.
c [w = 19] Cyclic Antibandwidth problem with w = 19 (M-bcsstk06.mtx.rnd):
c [w = 19] Initializing CaDiCaL (version 2.2.1).
c [w = 19] Configuring CaDiCaL as --sat (1).
c [w = 19] Encoding starts with w = 19:
c [w = 19] Symmetry breaking highest degree node is applied.
c [w = 19] Encoding duration: 5168 ms.
c [w = 19] Number of clauses: 7861710.
c [w = 19] Number of variables: 540120.
c [w = 19] SAT Solving starts:
c [Signal] Signal interruption. Caught signal: SIGTERM (15).
c [Main] Child pid 19 - 88723 terminated by signal 15.
c [w = 28] Start task in PID: 88279.
c [w = 28] Cyclic Antibandwidth problem with w = 28 (M-bcsstk06.mtx.rnd):
c [w = 28] Initializing CaDiCaL (version 2.2.1).
c [w = 28] Configuring CaDiCaL as --sat (1).
c [w = 28] Encoding starts with w = 28:
c [w = 28] Symmetry breaking highest degree node is applied.
c [w = 28] Encoding duration: 8562 ms.
c [w = 28] Number of clauses: 7898070.
c [w = 28] Number of variables: 543060.
c [w = 28] SAT Solving starts:
c [w = 28] Solving duration: 38607 ms.
c [w = 28] Answer:
s [w = 28] SAT (w = 28).
c [w = 28] Solution check = 28.
c [w = 28] The solution is correct.
c [w = 28] Result: 10.
c [w = 25] Start task in PID: 88730.
c [w = 25] Cyclic Antibandwidth problem with w = 25 (M-bcsstk06.mtx.rnd):
c [w = 25] Initializing CaDiCaL (version 2.2.1).
c [w = 25] Configuring CaDiCaL as --sat (1).
c [w = 25] Encoding starts with w = 25:
c [w = 25] Symmetry breaking highest degree node is applied.
c [w = 25] Encoding duration: 5486 ms.
c [w = 25] Number of clauses: 7887090.
c [w = 25] Number of variables: 542640.
c [w = 25] SAT Solving starts:
c [Signal] Signal interruption. Caught signal: SIGTERM (15).
c [w = 23] Start task in PID: 88728.
c [w = 23] Cyclic Antibandwidth problem with w = 23 (M-bcsstk06.mtx.rnd):
c [w = 23] Initializing CaDiCaL (version 2.2.1).
c [w = 23] Configuring CaDiCaL as --sat (1).
c [w = 23] Encoding starts with w = 23:
c [w = 23] Symmetry breaking highest degree node is applied.
c [w = 23] Encoding duration: 5229 ms.
c [w = 23] Number of clauses: 7887030.
c [w = 23] Number of variables: 545160.
c [w = 23] SAT Solving starts:
c [Signal] Signal interruption. Caught signal: SIGTERM (15).
c [w = 26] Start task in PID: 88729.
c [w = 26] Cyclic Antibandwidth problem with w = 26 (M-bcsstk06.mtx.rnd):
c [w = 26] Initializing CaDiCaL (version 2.2.1).
c [w = 26] Configuring CaDiCaL as --sat (1).
c [w = 26] Encoding starts with w = 26:
c [w = 26] Symmetry breaking highest degree node is applied.
c [w = 26] Encoding duration: 5482 ms.
c [w = 26] Number of clauses: 7908930.
c [w = 26] Number of variables: 549780.
c [w = 26] SAT Solving starts:
c [Signal] Signal interruption. Caught signal: SIGTERM (15).
c [Main] Max width SAT is set to 28.
c [Main] Kill lower pid 25.
c [Main] Kill lower pid 26.
c [Main] Kill lower pid 23.
c [Main] Kill lower pid 21.
c [Main] Kill lower pid 22.
c [Main] Kill lower pid 24.
c [w = 21] Start task in PID: 88727.
c [w = 21] Cyclic Antibandwidth problem with w = 21 (M-bcsstk06.mtx.rnd):
c [w = 21] Initializing CaDiCaL (version 2.2.1).
c [w = 21] Configuring CaDiCaL as --sat (1).
c [w = 21] Encoding starts with w = 21:
c [w = 21] Symmetry breaking highest degree node is applied.
c [w = 21] Encoding duration: 5259 ms.
c [w = 21] Number of clauses: 7858230.
c [w = 21] Number of variables: 536760.
c [w = 21] SAT Solving starts:
c [Signal] Signal interruption. Caught signal: SIGTERM (15).
c [w = 22] Start task in PID: 88726.
c [w = 22] Cyclic Antibandwidth problem with w = 22 (M-bcsstk06.mtx.rnd):
c [w = 22] Initializing CaDiCaL (version 2.2.1).
c [w = 22] Configuring CaDiCaL as --sat (1).
c [w = 22] Encoding starts with w = 22:
c [w = 22] Symmetry breaking highest degree node is applied.
c [w = 22] Encoding duration: 5239 ms.
c [w = 22] Number of clauses: 7883850.
c [w = 22] Number of variables: 545160.
c [w = 22] SAT Solving starts:
c [Signal] Signal interruption. Caught signal: SIGTERM (15).
c [w = 24] Start task in PID: 88724.
c [w = 24] Cyclic Antibandwidth problem with w = 24 (M-bcsstk06.mtx.rnd):
c [w = 24] Initializing CaDiCaL (version 2.2.1).
c [w = 24] Configuring CaDiCaL as --sat (1).
c [w = 24] Encoding starts with w = 24:
c [w = 24] Symmetry breaking highest degree node is applied.
c [w = 24] Encoding duration: 5205 ms.
c [w = 24] Number of clauses: 7888110.
c [w = 24] Number of variables: 544320.
c [w = 24] SAT Solving starts:
c [Signal] Signal interruption. Caught signal: SIGTERM (15).
c [Main] Child pid 21 - 88727 terminated by signal 15.
c [Main] Child pid 25 - 88730 terminated by signal 15.
c [Main] Child pid 23 - 88728 terminated by signal 15.
c [Main] Child pid 22 - 88726 terminated by signal 15.
c [Main] Child pid 26 - 88729 terminated by signal 15.
c [Main] Child pid 24 - 88724 terminated by signal 15.
c [w = 29] Start task in PID: 88734.
c [w = 29] Cyclic Antibandwidth problem with w = 29 (M-bcsstk06.mtx.rnd):
c [w = 29] Initializing CaDiCaL (version 2.2.1).
c [w = 29] Configuring CaDiCaL as --sat (1).
c [w = 29] Encoding starts with w = 29:
c [w = 29] Symmetry breaking highest degree node is applied.
c [w = 29] Encoding duration: 5257 ms.
c [w = 29] Number of clauses: 7917390.
c [w = 29] Number of variables: 549360.
c [w = 29] SAT Solving starts:
c [w = 29] Solving duration: 25042 ms.
c [w = 29] Answer:
s [w = 29] SAT (w = 29).
c [w = 29] Solution check = 29.
c [w = 29] The solution is correct.
c [w = 29] Result: 10.
c [Main] Max width SAT is set to 29.
c [w = 31] Start task in PID: 88733.
c [w = 31] Cyclic Antibandwidth problem with w = 31 (M-bcsstk06.mtx.rnd):
c [w = 31] Initializing CaDiCaL (version 2.2.1).
c [w = 31] Configuring CaDiCaL as --sat (1).
c [w = 31] Encoding starts with w = 31:
c [w = 31] Symmetry breaking highest degree node is applied.
c [w = 31] Encoding duration: 5171 ms.
c [w = 31] Number of clauses: 7925610.
c [w = 31] Number of variables: 550200.
c [w = 31] SAT Solving starts:
c [w = 31] Solving duration: 79606 ms.
c [w = 31] Answer:
s [w = 31] SAT (w = 31).
c [w = 31] Solution check = 31.
c [w = 31] The solution is correct.
c [w = 31] Result: 10.
c [Main] Max width SAT is set to 31.
c [Main] Kill lower pid 30.
c [w = 30] Start task in PID: 88735.
c [w = 30] Cyclic Antibandwidth problem with w = 30 (M-bcsstk06.mtx.rnd):
c [w = 30] Initializing CaDiCaL (version 2.2.1).
c [w = 30] Configuring CaDiCaL as --sat (1).
c [w = 30] Encoding starts with w = 30:
c [w = 30] Symmetry breaking highest degree node is applied.
c [w = 30] Encoding duration: 5226 ms.
c [w = 30] Number of clauses: 7907550.
c [w = 30] Number of variables: 544320.
c [w = 30] SAT Solving starts:
c [Signal] Signal interruption. Caught signal: SIGTERM (15).
c [Main] Child pid 30 - 88735 terminated by signal 15.
c [w = 32] Start task in PID: 88737.
c [w = 32] Cyclic Antibandwidth problem with w = 32 (M-bcsstk06.mtx.rnd):
c [w = 32] Initializing CaDiCaL (version 2.2.1).
c [w = 32] Configuring CaDiCaL as --sat (1).
c [w = 32] Encoding starts with w = 32:
c [w = 32] Symmetry breaking highest degree node is applied.
c [w = 32] Encoding duration: 5262 ms.
c [w = 32] Number of clauses: 7943670.
c [w = 32] Number of variables: 556080.
c [w = 32] SAT Solving starts:
c [w = 32] Solving duration: 83034 ms.
c [w = 32] Answer:
s [w = 32] SAT (w = 32).
c [w = 32] Solution check = 32.
c [w = 32] The solution is correct.
c [w = 32] Result: 10.
c [Main] Max width SAT is set to 32.
c [w = 33] Start task in PID: 88736.
c [w = 33] Cyclic Antibandwidth problem with w = 33 (M-bcsstk06.mtx.rnd):
c [w = 33] Initializing CaDiCaL (version 2.2.1).
c [w = 33] Configuring CaDiCaL as --sat (1).
c [w = 33] Encoding starts with w = 33:
c [w = 33] Symmetry breaking highest degree node is applied.
c [w = 33] Encoding duration: 5306 ms.
c [w = 33] Number of clauses: 7929210.
c [w = 33] Number of variables: 549360.
c [w = 33] SAT Solving starts:
c [w = 33] Solving duration: 173511 ms.
c [w = 33] Answer:
s [w = 33] SAT (w = 33).
c [w = 33] Solution check = 33.
c [w = 33] The solution is correct.
c [w = 33] Result: 10.
c [Main] Max width SAT is set to 33.
c [w = 43] Start task in PID: 88278.
c [w = 43] Cyclic Antibandwidth problem with w = 43 (M-bcsstk06.mtx.rnd):
c [w = 43] Initializing CaDiCaL (version 2.2.1).
c [w = 43] Configuring CaDiCaL as --sat (1).
c [w = 43] Encoding starts with w = 43:
c [w = 43] Symmetry breaking highest degree node is applied.
c [w = 43] Encoding duration: 8564 ms.
c [w = 43] Number of clauses: 7964370.
c [w = 43] Number of variables: 553560.
c [w = 43] SAT Solving starts:
c [w = 43] Solving duration: 1767907 ms.
c [w = 43] Answer:
s [w = 43] UNSAT (w = 43).
c [w = 43] Result: 20.
c [Main] Min width UNSAT is set to 43
c [w = 40] Start task in PID: 89942.
c [w = 40] Cyclic Antibandwidth problem with w = 40 (M-bcsstk06.mtx.rnd):
c [w = 40] Initializing CaDiCaL (version 2.2.1).
c [w = 40] Configuring CaDiCaL as --sat (1).
c [w = 40] Encoding starts with w = 40:
c [w = 40] Symmetry breaking highest degree node is applied.
c [w = 40] Encoding duration: 5469 ms.
c [w = 40] Number of clauses: 7965390.
c [w = 40] Number of variables: 556500.
c [w = 40] SAT Solving starts:
c [Signal] Signal interruption. Caught signal: SIGTERM (15).
c [w = 37] Start task in PID: 88756.
c [w = 37] Cyclic Antibandwidth problem with w = 37 (M-bcsstk06.mtx.rnd):
c [w = 37] Initializing CaDiCaL (version 2.2.1).
c [w = 37] Configuring CaDiCaL as --sat (1).
c [w = 37] Encoding starts with w = 37:
c [w = 37] Symmetry breaking highest degree node is applied.
c [w = 37] Encoding duration: 5168 ms.
c [w = 37] Number of clauses: 7959270.
c [w = 37] Number of variables: 556920.
c [w = 37] SAT Solving starts:
c [Signal] Signal interruption. Caught signal: SIGTERM (15).
c [w = 39] Start task in PID: 88745.
c [w = 39] Cyclic Antibandwidth problem with w = 39 (M-bcsstk06.mtx.rnd):
c [w = 39] Initializing CaDiCaL (version 2.2.1).
c [w = 39] Configuring CaDiCaL as --sat (1).
c [w = 39] Encoding starts with w = 39:
c [w = 39] Symmetry breaking highest degree node is applied.
c [w = 39] Encoding duration: 5273 ms.
c [w = 39] Number of clauses: 7951110.
c [w = 39] Number of variables: 551880.
c [w = 39] SAT Solving starts:
c [Signal] Signal interruption. Caught signal: SIGTERM (15).
c [w = 36] Start task in PID: 88757.
c [w = 36] Cyclic Antibandwidth problem with w = 36 (M-bcsstk06.mtx.rnd):
c [w = 36] Initializing CaDiCaL (version 2.2.1).
c [w = 36] Configuring CaDiCaL as --sat (1).
c [w = 36] Encoding starts with w = 36:
c [w = 36] Symmetry breaking highest degree node is applied.
c [w = 36] Encoding duration: 5317 ms.
c [w = 36] Number of clauses: 7943730.
c [w = 36] Number of variables: 551880.
c [w = 36] SAT Solving starts:
c [Signal] Signal interruption. Caught signal: SIGTERM (15).
c [w = 34] Start task in PID: 88738.
c [w = 34] Cyclic Antibandwidth problem with w = 34 (M-bcsstk06.mtx.rnd):
c [w = 34] Initializing CaDiCaL (version 2.2.1).
c [w = 34] Configuring CaDiCaL as --sat (1).
c [w = 34] Encoding starts with w = 34:
c [w = 34] Symmetry breaking highest degree node is applied.
c [w = 34] Encoding duration: 5270 ms.
c [w = 34] Number of clauses: 7946010.
c [w = 34] Number of variables: 554820.
c [w = 34] SAT Solving starts:
c [Signal] Signal interruption. Caught signal: SIGTERM (15).
c [w = 35] Start task in PID: 88732.
c [w = 35] Cyclic Antibandwidth problem with w = 35 (M-bcsstk06.mtx.rnd):
c [w = 35] Initializing CaDiCaL (version 2.2.1).
c [w = 35] Configuring CaDiCaL as --sat (1).
c [w = 35] Encoding starts with w = 35:
c [w = 35] Symmetry breaking highest degree node is applied.
c [w = 35] Encoding duration: 5346 ms.
c [w = 35] Number of clauses: 7928190.
c [w = 35] Number of variables: 546840.
c [w = 35] SAT Solving starts:
c [Signal] Signal interruption. Caught signal: SIGTERM (15).
c [Main] Lim pid ends with result: 254.
c [Main] All children have completed.
r [Main] 
r [Main] Final results: 
r [Main] Max width SAT:  	33.
r [Main] Min width UNSAT:	43.
r [Main] Total real time: 1812439 ms.
r [Main] Total memory consumed: 16120.2 MB.
r [Main] 
c [w = 41] Start task in PID: 88776.
c [w = 41] Cyclic Antibandwidth problem with w = 41 (M-bcsstk06.mtx.rnd):
c [w = 41] Initializing CaDiCaL (version 2.2.1).
c [w = 41] Configuring CaDiCaL as --sat (1).
c [w = 41] Encoding starts with w = 41:
c [w = 41] Symmetry breaking highest degree node is applied.
c [w = 41] Encoding duration: 5400 ms.
c [w = 41] Number of clauses: 7979670.
c [w = 41] Number of variables: 561120.
c [w = 41] SAT Solving starts:
c [Signal] Signal interruption. Caught signal: SIGTERM (15).
c [w = 38] Start task in PID: 88758.
c [w = 38] Cyclic Antibandwidth problem with w = 38 (M-bcsstk06.mtx.rnd):
c [w = 38] Initializing CaDiCaL (version 2.2.1).
c [w = 38] Configuring CaDiCaL as --sat (1).
c [w = 38] Encoding starts with w = 38:
c [w = 38] Symmetry breaking highest degree node is applied.
c [w = 38] Encoding duration: 5355 ms.
c [w = 38] Number of clauses: 7974810.
c [w = 38] Number of variables: 561960.
c [w = 38] SAT Solving starts:
c [Signal] Signal interruption. Caught signal: SIGTERM (15).
