c [Version] Cyclic Anti-bandwidth Encoder version 1.0.0.
c [Param] Real time limit is set to 1800.
c [Param] Memory limit is set to 30000.
c [Param] Worker count is set to 8.
c [Main] Encoding and solving for graph: O-impcol_d.mtx.rnd.
c [Main] Search strategy: Binary search from lower bound.
c [Main] Lower bound is set to 46.
c [Main] Upper bound is set to 173.
c [Main] Search order: 109 77 61 53 49 47 46 48 51 50 52 57 55 54 56 59 58 60 69 65 63 62 64 67 66 68 73 71 70 72 75 74 76 93 85 81 79 78 80 83 82 84 89 87 86 88 91 90 92 101 97 95 94 96 99 98 100 105 103 102 104 107 106 108 141 125 117 113 111 110 112 115 114 116 121 119 118 120 123 122 124 133 129 127 126 128 131 130 132 137 135 134 136 139 138 140 157 149 145 143 142 144 147 146 148 153 151 150 152 155 154 156 165 161 159 158 160 163 162 164 169 167 166 168 171 170 172 173.
c [w = 109] Start task in PID: 92026.
c [w = 109] Cyclic Antibandwidth problem with w = 109 (O-impcol_d.mtx.rnd):
c [w = 109] Initializing CaDiCaL (version 2.2.1).
c [w = 109] Configuring CaDiCaL as --sat (1).
c [w = 109] Encoding starts with w = 109:
c [w = 109] Symmetry breaking highest degree node is applied.
c [w = 109] Encoding duration: 3041 ms.
c [w = 109] Number of clauses: 4042483.
c [w = 109] Number of variables: 575450.
c [w = 109] SAT Solving starts:
c [w = 109] Solving duration: 12375 ms.
c [w = 109] Answer:
s [w = 109] UNSAT (w = 109).
c [w = 109] Result: 20.
c [Main] Min width UNSAT is set to 109
c [w = 49] Start task in PID: 92030.
c [w = 49] Cyclic Antibandwidth problem with w = 49 (O-impcol_d.mtx.rnd):
c [w = 49] Initializing CaDiCaL (version 2.2.1).
c [w = 49] Configuring CaDiCaL as --sat (1).
c [w = 49] Encoding starts with w = 49:
c [w = 49] Symmetry breaking highest degree node is applied.
c [w = 49] Encoding duration: 3082 ms.
c [w = 49] Number of clauses: 4000103.
c [w = 49] Number of variables: 571200.
c [w = 49] SAT Solving starts:
c [w = 49] Solving duration: 14121 ms.
c [w = 49] Answer:
s [w = 49] SAT (w = 49).
c [w = 49] Solution check = 49.
c [w = 49] The solution is correct.
c [w = 49] Result: 10.
c [Main] Max width SAT is set to 49.
c [Main] Kill lower pid 46.
c [Main] Kill lower pid 47.
c [Main] Kill lower pid 48.
c [w = 48] Start task in PID: 92033.
c [w = 48] Cyclic Antibandwidth problem with w = 48 (O-impcol_d.mtx.rnd):
c [w = 48] Initializing CaDiCaL (version 2.2.1).
c [w = 48] Configuring CaDiCaL as --sat (1).
c [w = 48] Encoding starts with w = 48:
c [w = 48] Symmetry breaking highest degree node is applied.
c [w = 48] Encoding duration: 3077 ms.
c [w = 48] Number of clauses: 3988203.
c [w = 48] Number of variables: 567375.
c [w = 48] SAT Solving starts:
c [Signal] Signal interruption. Caught signal: SIGTERM (15).
c [w = 46] Start task in PID: 92032.
c [w = 46] Cyclic Antibandwidth problem with w = 46 (O-impcol_d.mtx.rnd):
c [w = 46] Initializing CaDiCaL (version 2.2.1).
c [w = 46] Configuring CaDiCaL as --sat (1).
c [w = 46] Encoding starts with w = 46:
c [w = 46] Symmetry breaking highest degree node is applied.
c [w = 46] Encoding duration: 3079 ms.
c [w = 46] Number of clauses: 4019677.
c [w = 46] Number of variables: 578000.
c [w = 46] SAT Solving starts:
c [w = 46] Solving duration: 14465 ms.
c [w = 46] Answer:
s [w = 46] SAT (w = 46).
c [w = 46] Solution check = 46.
c [w = 46] The solution is correct.
c [Signal] Signal interruption. Caught signal: SIGTERM (15).
c [w = 47] Start task in PID: 92031.
c [w = 47] Cyclic Antibandwidth problem with w = 47 (O-impcol_d.mtx.rnd):
c [w = 47] Initializing CaDiCaL (version 2.2.1).
c [w = 47] Configuring CaDiCaL as --sat (1).
c [w = 47] Encoding starts with w = 47:
c [w = 47] Symmetry breaking highest degree node is applied.
c [w = 47] Encoding duration: 3066 ms.
c [w = 47] Number of clauses: 4032852.
c [w = 47] Number of variables: 582250.
c [w = 47] SAT Solving starts:
c [w = 47] Solving duration: 14418 ms.
c [w = 47] Answer:
s [w = 47] SAT (w = 47).
c [w = 47] Solution check = 47.
c [w = 47] The solution is correct.
c [Signal] Signal interruption. Caught signal: SIGTERM (15).
c [Main] Child pid 48 - 92033 terminated by signal 15.
c [Main] Child pid 46 - 92032 terminated by signal 15.
c [Main] Child pid 47 - 92031 terminated by signal 15.
c [w = 53] Start task in PID: 92029.
c [w = 53] Cyclic Antibandwidth problem with w = 53 (O-impcol_d.mtx.rnd):
c [w = 53] Initializing CaDiCaL (version 2.2.1).
c [w = 53] Configuring CaDiCaL as --sat (1).
c [w = 53] Encoding starts with w = 53:
c [w = 53] Symmetry breaking highest degree node is applied.
c [w = 53] Encoding duration: 3101 ms.
c [w = 53] Number of clauses: 3983103.
c [w = 53] Number of variables: 565250.
c [w = 53] SAT Solving starts:
c [w = 53] Solving duration: 18472 ms.
c [w = 53] Answer:
s [w = 53] SAT (w = 53).
c [w = 53] Solution check = 53.
c [w = 53] The solution is correct.
c [w = 53] Result: 10.
c [Main] Max width SAT is set to 53.
c [Main] Kill lower pid 52.
c [Main] Kill lower pid 50.
c [Main] Kill lower pid 51.
c [w = 50] Start task in PID: 92041.
c [w = 50] Cyclic Antibandwidth problem with w = 50 (O-impcol_d.mtx.rnd):
c [w = 50] Initializing CaDiCaL (version 2.2.1).
c [w = 50] Configuring CaDiCaL as --sat (1).
c [w = 50] Encoding starts with w = 50:
c [w = 50] Symmetry breaking highest degree node is applied.
c [w = 50] Encoding duration: 2749 ms.
c [w = 50] Number of clauses: 4012003.
c [w = 50] Number of variables: 575025.
c [w = 50] SAT Solving starts:
c [Signal] Signal interruption. Caught signal: SIGTERM (15).
c [w = 51] Start task in PID: 92040.
c [w = 51] Cyclic Antibandwidth problem with w = 51 (O-impcol_d.mtx.rnd):
c [w = 51] Initializing CaDiCaL (version 2.2.1).
c [w = 51] Configuring CaDiCaL as --sat (1).
c [w = 51] Encoding starts with w = 51:
c [w = 51] Symmetry breaking highest degree node is applied.
c [w = 51] Encoding duration: 2729 ms.
c [w = 51] Number of clauses: 4023903.
c [w = 51] Number of variables: 578850.
c [w = 51] SAT Solving starts:
c [Signal] Signal interruption. Caught signal: SIGTERM (15).
c [w = 52] Start task in PID: 92042.
c [w = 52] Cyclic Antibandwidth problem with w = 52 (O-impcol_d.mtx.rnd):
c [w = 52] Initializing CaDiCaL (version 2.2.1).
c [w = 52] Configuring CaDiCaL as --sat (1).
c [w = 52] Encoding starts with w = 52:
c [w = 52] Symmetry breaking highest degree node is applied.
c [w = 52] Encoding duration: 2919 ms.
c [w = 52] Number of clauses: 4035803.
c [w = 52] Number of variables: 582675.
c [w = 52] SAT Solving starts:
c [Signal] Signal interruption. Caught signal: SIGTERM (15).
c [Main] Child pid 52 - 92042 terminated by signal 15.
c [Main] Child pid 50 - 92041 terminated by signal 15.
c [Main] Child pid 51 - 92040 terminated by signal 15.
c [w = 61] Start task in PID: 92028.
c [w = 61] Cyclic Antibandwidth problem with w = 61 (O-impcol_d.mtx.rnd):
c [w = 61] Initializing CaDiCaL (version 2.2.1).
c [w = 61] Configuring CaDiCaL as --sat (1).
c [w = 61] Encoding starts with w = 61:
c [w = 61] Symmetry breaking highest degree node is applied.
c [w = 61] Encoding duration: 3065 ms.
c [w = 61] Number of clauses: 3995380.
c [w = 61] Number of variables: 567800.
c [w = 61] SAT Solving starts:
c [w = 61] Solving duration: 28689 ms.
c [w = 61] Answer:
s [w = 61] SAT (w = 61).
c [w = 61] Solution check = 61.
c [w = 61] The solution is correct.
c [w = 61] Result: 10.
c [Main] Max width SAT is set to 61.
c [Main] Kill lower pid 58.
c [Main] Kill lower pid 59.
c [Main] Kill lower pid 56.
c [Main] Kill lower pid 54.
c [Main] Kill lower pid 55.
c [Main] Kill lower pid 57.
c [w = 55] Start task in PID: 92044.
c [w = 55] Cyclic Antibandwidth problem with w = 55 (O-impcol_d.mtx.rnd):
c [w = 55] Initializing CaDiCaL (version 2.2.1).
c [w = 55] Configuring CaDiCaL as --sat (1).
c [w = 55] Encoding starts with w = 55:
c [w = 55] Symmetry breaking highest degree node is applied.
c [w = 55] Encoding duration: 2724 ms.
c [w = 55] Number of clauses: 4005179.
c [w = 55] Number of variables: 572050.
c [w = 55] SAT Solving starts:
c [Signal] Signal interruption. Caught signal: SIGTERM (15).
c [w = 59] Start task in PID: 92047.
c [w = 59] Cyclic Antibandwidth problem with w = 59 (O-impcol_d.mtx.rnd):
c [w = 59] Initializing CaDiCaL (version 2.2.1).
c [w = 59] Configuring CaDiCaL as --sat (1).
c [w = 59] Encoding starts with w = 59:
c [w = 59] Symmetry breaking highest degree node is applied.
c [w = 59] Encoding duration: 2860 ms.
c [w = 59] Number of clauses: 4047679.
c [w = 59] Number of variables: 585650.
c [w = 59] SAT Solving starts:
c [Signal] Signal interruption. Caught signal: SIGTERM (15).
c [w = 57] Start task in PID: 92043.
c [w = 57] Cyclic Antibandwidth problem with w = 57 (O-impcol_d.mtx.rnd):
c [w = 57] Initializing CaDiCaL (version 2.2.1).
c [w = 57] Configuring CaDiCaL as --sat (1).
c [w = 57] Encoding starts with w = 57:
c [w = 57] Symmetry breaking highest degree node is applied.
c [w = 57] Encoding duration: 2918 ms.
c [w = 57] Number of clauses: 4026429.
c [w = 57] Number of variables: 578850.
c [w = 57] SAT Solving starts:
c [Signal] Signal interruption. Caught signal: SIGTERM (15).
c [w = 56] Start task in PID: 92046.
c [w = 56] Cyclic Antibandwidth problem with w = 56 (O-impcol_d.mtx.rnd):
c [w = 56] Initializing CaDiCaL (version 2.2.1).
c [w = 56] Configuring CaDiCaL as --sat (1).
c [w = 56] Encoding starts with w = 56:
c [w = 56] Symmetry breaking highest degree node is applied.
c [w = 56] Encoding duration: 2806 ms.
c [w = 56] Number of clauses: 4015804.
c [w = 56] Number of variables: 575450.
c [w = 56] SAT Solving starts:
c [Signal] Signal interruption. Caught signal: SIGTERM (15).
c [w = 54] Start task in PID: 92045.
c [w = 54] Cyclic Antibandwidth problem with w = 54 (O-impcol_d.mtx.rnd):
c [w = 54] Initializing CaDiCaL (version 2.2.1).
c [w = 54] Configuring CaDiCaL as --sat (1).
c [w = 54] Encoding starts with w = 54:
c [w = 54] Symmetry breaking highest degree node is applied.
c [w = 54] Encoding duration: 2774 ms.
c [w = 54] Number of clauses: 3994554.
c [w = 54] Number of variables: 568650.
c [w = 54] SAT Solving starts:
c [Signal] Signal interruption. Caught signal: SIGTERM (15).
c [w = 58] Start task in PID: 92048.
c [w = 58] Cyclic Antibandwidth problem with w = 58 (O-impcol_d.mtx.rnd):
c [w = 58] Initializing CaDiCaL (version 2.2.1).
c [w = 58] Configuring CaDiCaL as --sat (1).
c [w = 58] Encoding starts with w = 58:
c [w = 58] Symmetry breaking highest degree node is applied.
c [w = 58] Encoding duration: 2825 ms.
c [w = 58] Number of clauses: 4037054.
c [w = 58] Number of variables: 582250.
c [w = 58] SAT Solving starts:
c [Signal] Signal interruption. Caught signal: SIGTERM (15).
c [Main] Child pid 55 - 92044 terminated by signal 15.
c [Main] Child pid 57 - 92043 terminated by signal 15.
c [Main] Child pid 59 - 92047 terminated by signal 15.
c [Main] Child pid 56 - 92046 terminated by signal 15.
c [Main] Child pid 58 - 92048 terminated by signal 15.
c [Main] Child pid 54 - 92045 terminated by signal 15.
c [w = 67] Start task in PID: 92055.
c [w = 67] Cyclic Antibandwidth problem with w = 67 (O-impcol_d.mtx.rnd):
c [w = 67] Initializing CaDiCaL (version 2.2.1).
c [w = 67] Configuring CaDiCaL as --sat (1).
c [w = 67] Encoding starts with w = 67:
c [w = 67] Symmetry breaking highest degree node is applied.
c [w = 67] Encoding duration: 2734 ms.
c [w = 67] Number of clauses: 4051480.
c [w = 67] Number of variables: 585650.
c [w = 67] SAT Solving starts:
c [w = 67] Solving duration: 19656 ms.
c [w = 67] Answer:
s [w = 67] SAT (w = 67).
c [w = 67] Solution check = 67.
c [w = 67] The solution is correct.
c [w = 67] Result: 10.
c [Main] Max width SAT is set to 67.
c [Main] Kill lower pid 66.
c [Main] Kill lower pid 62.
c [Main] Kill lower pid 63.
c [Main] Kill lower pid 65.
c [Main] Kill lower pid 64.
c [w = 62] Start task in PID: 92053.
c [w = 62] Cyclic Antibandwidth problem with w = 62 (O-impcol_d.mtx.rnd):
c [w = 62] Initializing CaDiCaL (version 2.2.1).
c [w = 62] Configuring CaDiCaL as --sat (1).
c [w = 62] Encoding starts with w = 62:
c [w = 62] Symmetry breaking highest degree node is applied.
c [w = 62] Encoding duration: 2822 ms.
c [w = 62] Number of clauses: 4004730.
c [w = 62] Number of variables: 570775.
c [w = 62] SAT Solving starts:
c [Signal] Signal interruption. Caught signal: SIGTERM (15).
c [w = 65] Start task in PID: 92051.
c [w = 65] Cyclic Antibandwidth problem with w = 65 (O-impcol_d.mtx.rnd):
c [w = 65] Initializing CaDiCaL (version 2.2.1).
c [w = 65] Configuring CaDiCaL as --sat (1).
c [w = 65] Encoding starts with w = 65:
c [w = 65] Symmetry breaking highest degree node is applied.
c [w = 65] Encoding duration: 2848 ms.
c [w = 65] Number of clauses: 4032780.
c [w = 65] Number of variables: 579700.
c [w = 65] SAT Solving starts:
c [Signal] Signal interruption. Caught signal: SIGTERM (15).
c [w = 63] Start task in PID: 92052.
c [w = 63] Cyclic Antibandwidth problem with w = 63 (O-impcol_d.mtx.rnd):
c [w = 63] Initializing CaDiCaL (version 2.2.1).
c [w = 63] Configuring CaDiCaL as --sat (1).
c [w = 63] Encoding starts with w = 63:
c [w = 63] Symmetry breaking highest degree node is applied.
c [w = 63] Encoding duration: 2795 ms.
c [w = 63] Number of clauses: 4014080.
c [w = 63] Number of variables: 573750.
c [w = 63] SAT Solving starts:
c [Signal] Signal interruption. Caught signal: SIGTERM (15).
c [w = 64] Start task in PID: 92054.
c [w = 64] Cyclic Antibandwidth problem with w = 64 (O-impcol_d.mtx.rnd):
c [w = 64] Initializing CaDiCaL (version 2.2.1).
c [w = 64] Configuring CaDiCaL as --sat (1).
c [w = 64] Encoding starts with w = 64:
c [w = 64] Symmetry breaking highest degree node is applied.
c [w = 64] Encoding duration: 2826 ms.
c [w = 64] Number of clauses: 4023430.
c [w = 64] Number of variables: 576725.
c [w = 64] SAT Solving starts:
c [Signal] Signal interruption. Caught signal: SIGTERM (15).
c [w = 66] Start task in PID: 92056.
c [w = 66] Cyclic Antibandwidth problem with w = 66 (O-impcol_d.mtx.rnd):
c [w = 66] Initializing CaDiCaL (version 2.2.1).
c [w = 66] Configuring CaDiCaL as --sat (1).
c [w = 66] Encoding starts with w = 66:
c [w = 66] Symmetry breaking highest degree node is applied.
c [w = 66] Encoding duration: 2829 ms.
c [w = 66] Number of clauses: 4042130.
c [w = 66] Number of variables: 582675.
c [w = 66] SAT Solving starts:
c [Signal] Signal interruption. Caught signal: SIGTERM (15).
c [Main] Child pid 65 - 92051 terminated by signal 15.
c [Main] Child pid 63 - 92052 terminated by signal 15.
c [Main] Child pid 62 - 92053 terminated by signal 15.
c [Main] Child pid 64 - 92054 terminated by signal 15.
c [Main] Child pid 66 - 92056 terminated by signal 15.
c [w = 70] Start task in PID: 92063.
c [w = 70] Cyclic Antibandwidth problem with w = 70 (O-impcol_d.mtx.rnd):
c [w = 70] Initializing CaDiCaL (version 2.2.1).
c [w = 70] Configuring CaDiCaL as --sat (1).
c [w = 70] Encoding starts with w = 70:
c [w = 70] Symmetry breaking highest degree node is applied.
c [w = 70] Encoding duration: 2874 ms.
c [w = 70] Number of clauses: 4079530.
c [w = 70] Number of variables: 594575.
c [w = 70] SAT Solving starts:
c [w = 70] Solving duration: 22064 ms.
c [w = 70] Answer:
s [w = 70] SAT (w = 70).
c [w = 70] Solution check = 70.
c [w = 70] The solution is correct.
c [w = 70] Result: 10.
c [Main] Max width SAT is set to 70.
c [Main] Kill lower pid 68.
c [Main] Kill lower pid 69.
c [w = 68] Start task in PID: 92060.
c [w = 68] Cyclic Antibandwidth problem with w = 68 (O-impcol_d.mtx.rnd):
c [w = 68] Initializing CaDiCaL (version 2.2.1).
c [w = 68] Configuring CaDiCaL as --sat (1).
c [w = 68] Encoding starts with w = 68:
c [w = 68] Symmetry breaking highest degree node is applied.
c [w = 68] Encoding duration: 2833 ms.
c [w = 68] Number of clauses: 4060830.
c [w = 68] Number of variables: 588625.
c [w = 68] SAT Solving starts:
c [Signal] Signal interruption. Caught signal: SIGTERM (15).
c [w = 69] Start task in PID: 92050.
c [w = 69] Cyclic Antibandwidth problem with w = 69 (O-impcol_d.mtx.rnd):
c [w = 69] Initializing CaDiCaL (version 2.2.1).
c [w = 69] Configuring CaDiCaL as --sat (1).
c [w = 69] Encoding starts with w = 69:
c [w = 69] Symmetry breaking highest degree node is applied.
c [w = 69] Encoding duration: 2927 ms.
c [w = 69] Number of clauses: 4070180.
c [w = 69] Number of variables: 591600.
c [w = 69] SAT Solving starts:
c [Signal] Signal interruption. Caught signal: SIGTERM (15).
c [Main] Child pid 69 - 92050 terminated by signal 15.
c [Main] Child pid 68 - 92060 terminated by signal 15.
c [w = 75] Start task in PID: 92065.
c [w = 75] Cyclic Antibandwidth problem with w = 75 (O-impcol_d.mtx.rnd):
c [w = 75] Initializing CaDiCaL (version 2.2.1).
c [w = 75] Configuring CaDiCaL as --sat (1).
c [w = 75] Encoding starts with w = 75:
c [w = 75] Symmetry breaking highest degree node is applied.
c [w = 75] Encoding duration: 2765 ms.
c [w = 75] Number of clauses: 4035306.
c [w = 75] Number of variables: 578850.
c [w = 75] SAT Solving starts:
c [w = 75] Solving duration: 68364 ms.
c [w = 75] Answer:
s [w = 75] SAT (w = 75).
c [w = 75] Solution check = 75.
c [w = 75] The solution is correct.
c [w = 75] Result: 10.
c [Main] Max width SAT is set to 75.
c [Main] Kill lower pid 74.
c [Main] Kill lower pid 72.
c [Main] Kill lower pid 71.
c [Main] Kill lower pid 73.
c [w = 71] Start task in PID: 92062.
c [w = 71] Cyclic Antibandwidth problem with w = 71 (O-impcol_d.mtx.rnd):
c [w = 71] Initializing CaDiCaL (version 2.2.1).
c [w = 71] Configuring CaDiCaL as --sat (1).
c [w = 71] Encoding starts with w = 71:
c [w = 71] Symmetry breaking highest degree node is applied.
c [w = 71] Encoding duration: 2817 ms.
c [w = 71] Number of clauses: 4003006.
c [w = 71] Number of variables: 568650.
c [w = 71] SAT Solving starts:
c [Signal] Signal interruption. Caught signal: SIGTERM (15).
c [w = 74] Start task in PID: 92071.
c [w = 74] Cyclic Antibandwidth problem with w = 74 (O-impcol_d.mtx.rnd):
c [w = 74] Initializing CaDiCaL (version 2.2.1).
c [w = 74] Configuring CaDiCaL as --sat (1).
c [w = 74] Encoding starts with w = 74:
c [w = 74] Symmetry breaking highest degree node is applied.
c [w = 74] Encoding duration: 2666 ms.
c [w = 74] Number of clauses: 4027231.
c [w = 74] Number of variables: 576300.
c [w = 74] SAT Solving starts:
c [Signal] Signal interruption. Caught signal: SIGTERM (15).
c [w = 73] Start task in PID: 92061.
c [w = 73] Cyclic Antibandwidth problem with w = 73 (O-impcol_d.mtx.rnd):
c [w = 73] Initializing CaDiCaL (version 2.2.1).
c [w = 73] Configuring CaDiCaL as --sat (1).
c [w = 73] Encoding starts with w = 73:
c [w = 73] Symmetry breaking highest degree node is applied.
c [w = 73] Encoding duration: 2813 ms.
c [w = 73] Number of clauses: 4019156.
c [w = 73] Number of variables: 573750.
c [w = 73] SAT Solving starts:
c [Signal] Signal interruption. Caught signal: SIGTERM (15).
c [w = 72] Start task in PID: 92064.
c [w = 72] Cyclic Antibandwidth problem with w = 72 (O-impcol_d.mtx.rnd):
c [w = 72] Initializing CaDiCaL (version 2.2.1).
c [w = 72] Configuring CaDiCaL as --sat (1).
c [w = 72] Encoding starts with w = 72:
c [w = 72] Symmetry breaking highest degree node is applied.
c [w = 72] Encoding duration: 2836 ms.
c [w = 72] Number of clauses: 4011081.
c [w = 72] Number of variables: 571200.
c [w = 72] SAT Solving starts:
c [Signal] Signal interruption. Caught signal: SIGTERM (15).
c [Main] Child pid 71 - 92062 terminated by signal 15.
c [Main] Child pid 73 - 92061 terminated by signal 15.
c [Main] Child pid 72 - 92064 terminated by signal 15.
c [Main] Child pid 74 - 92071 terminated by signal 15.
c [w = 77] Start task in PID: 92027.
c [w = 77] Cyclic Antibandwidth problem with w = 77 (O-impcol_d.mtx.rnd):
c [w = 77] Initializing CaDiCaL (version 2.2.1).
c [w = 77] Configuring CaDiCaL as --sat (1).
c [w = 77] Encoding starts with w = 77:
c [w = 77] Symmetry breaking highest degree node is applied.
c [w = 77] Encoding duration: 3116 ms.
c [w = 77] Number of clauses: 4051456.
c [w = 77] Number of variables: 583950.
c [w = 77] SAT Solving starts:
c [w = 77] Solving duration: 152093 ms.
c [w = 77] Answer:
s [w = 77] SAT (w = 77).
c [w = 77] Solution check = 77.
c [w = 77] The solution is correct.
c [w = 77] Result: 10.
c [Main] Max width SAT is set to 77.
c [Main] Kill lower pid 76.
c [w = 76] Start task in PID: 92072.
c [w = 76] Cyclic Antibandwidth problem with w = 76 (O-impcol_d.mtx.rnd):
c [w = 76] Initializing CaDiCaL (version 2.2.1).
c [w = 76] Configuring CaDiCaL as --sat (1).
c [w = 76] Encoding starts with w = 76:
c [w = 76] Symmetry breaking highest degree node is applied.
c [w = 76] Encoding duration: 2611 ms.
c [w = 76] Number of clauses: 4043381.
c [w = 76] Number of variables: 581400.
c [w = 76] SAT Solving starts:
c [Signal] Signal interruption. Caught signal: SIGTERM (15).
c [Main] Child pid 76 - 92072 terminated by signal 15.
c [w = 78] Start task in PID: 92085.
c [w = 78] Cyclic Antibandwidth problem with w = 78 (O-impcol_d.mtx.rnd):
c [w = 78] Initializing CaDiCaL (version 2.2.1).
c [w = 78] Configuring CaDiCaL as --sat (1).
c [w = 78] Encoding starts with w = 78:
c [w = 78] Symmetry breaking highest degree node is applied.
c [w = 78] Encoding duration: 2801 ms.
c [w = 78] Number of clauses: 4059531.
c [w = 78] Number of variables: 586500.
c [w = 78] SAT Solving starts:
c [w = 78] Solving duration: 127699 ms.
c [w = 78] Answer:
s [w = 78] SAT (w = 78).
c [w = 78] Solution check = 78.
c [w = 78] The solution is correct.
c [w = 78] Result: 10.
c [Main] Max width SAT is set to 78.
c [w = 81] Start task in PID: 92083.
c [w = 81] Cyclic Antibandwidth problem with w = 81 (O-impcol_d.mtx.rnd):
c [w = 81] Initializing CaDiCaL (version 2.2.1).
c [w = 81] Configuring CaDiCaL as --sat (1).
c [w = 81] Encoding starts with w = 81:
c [w = 81] Symmetry breaking highest degree node is applied.
c [w = 81] Encoding duration: 2859 ms.
c [w = 81] Number of clauses: 4083756.
c [w = 81] Number of variables: 594150.
c [w = 81] SAT Solving starts:
c [w = 81] Solving duration: 134955 ms.
c [w = 81] Answer:
s [w = 81] SAT (w = 81).
c [w = 81] Solution check = 81.
c [w = 81] The solution is correct.
c [w = 81] Result: 10.
c [Main] Max width SAT is set to 81.
c [Main] Kill lower pid 79.
c [Main] Kill lower pid 80.
c [w = 80] Start task in PID: 92086.
c [w = 80] Cyclic Antibandwidth problem with w = 80 (O-impcol_d.mtx.rnd):
c [w = 80] Initializing CaDiCaL (version 2.2.1).
c [w = 80] Configuring CaDiCaL as --sat (1).
c [w = 80] Encoding starts with w = 80:
c [w = 80] Symmetry breaking highest degree node is applied.
c [w = 80] Encoding duration: 2847 ms.
c [w = 80] Number of clauses: 4075681.
c [w = 80] Number of variables: 591600.
c [w = 80] SAT Solving starts:
c [Signal] Signal interruption. Caught signal: SIGTERM (15).
c [w = 79] Start task in PID: 92084.
c [w = 79] Cyclic Antibandwidth problem with w = 79 (O-impcol_d.mtx.rnd):
c [w = 79] Initializing CaDiCaL (version 2.2.1).
c [w = 79] Configuring CaDiCaL as --sat (1).
c [w = 79] Encoding starts with w = 79:
c [w = 79] Symmetry breaking highest degree node is applied.
c [w = 79] Encoding duration: 2841 ms.
c [w = 79] Number of clauses: 4067606.
c [w = 79] Number of variables: 589050.
c [w = 79] SAT Solving starts:
c [Signal] Signal interruption. Caught signal: SIGTERM (15).
c [Main] Child pid 80 - 92086 terminated by signal 15.
c [Main] Child pid 79 - 92084 terminated by signal 15.
c [w = 82] Start task in PID: 92091.
c [w = 82] Cyclic Antibandwidth problem with w = 82 (O-impcol_d.mtx.rnd):
c [w = 82] Initializing CaDiCaL (version 2.2.1).
c [w = 82] Configuring CaDiCaL as --sat (1).
c [w = 82] Encoding starts with w = 82:
c [w = 82] Symmetry breaking highest degree node is applied.
c [w = 82] Encoding duration: 2851 ms.
c [w = 82] Number of clauses: 4091831.
c [w = 82] Number of variables: 596700.
c [w = 82] SAT Solving starts:
c [w = 82] Solving duration: 123843 ms.
c [w = 82] Answer:
s [w = 82] SAT (w = 82).
c [w = 82] Solution check = 82.
c [w = 82] The solution is correct.
c [w = 82] Result: 10.
c [Main] Max width SAT is set to 82.
c [w = 83] Start task in PID: 92090.
c [w = 83] Cyclic Antibandwidth problem with w = 83 (O-impcol_d.mtx.rnd):
c [w = 83] Initializing CaDiCaL (version 2.2.1).
c [w = 83] Configuring CaDiCaL as --sat (1).
c [w = 83] Encoding starts with w = 83:
c [w = 83] Symmetry breaking highest degree node is applied.
c [w = 83] Encoding duration: 2866 ms.
c [w = 83] Number of clauses: 4099906.
c [w = 83] Number of variables: 599250.
c [w = 83] SAT Solving starts:
c [w = 83] Solving duration: 132593 ms.
c [w = 83] Answer:
s [w = 83] SAT (w = 83).
c [w = 83] Solution check = 83.
c [w = 83] The solution is correct.
c [w = 83] Result: 10.
c [Main] Max width SAT is set to 83.
c [w = 93] Start task in PID: 92073.
c [w = 93] Cyclic Antibandwidth problem with w = 93 (O-impcol_d.mtx.rnd):
c [w = 93] Initializing CaDiCaL (version 2.2.1).
c [w = 93] Configuring CaDiCaL as --sat (1).
c [w = 93] Encoding starts with w = 93:
c [w = 93] Symmetry breaking highest degree node is applied.
c [w = 93] Encoding duration: 2726 ms.
c [w = 93] Number of clauses: 4067157.
c [w = 93] Number of variables: 586500.
c [w = 93] SAT Solving starts:
c [w = 93] Solving duration: 228631 ms.
c [w = 93] Answer:
s [w = 93] SAT (w = 93).
c [w = 93] Solution check = 93.
c [w = 93] The solution is correct.
c [w = 93] Result: 10.
c [w = 91] Start task in PID: 92119.
c [w = 91] Cyclic Antibandwidth problem with w = 91 (O-impcol_d.mtx.rnd):
c [w = 91] Initializing CaDiCaL (version 2.2.1).
c [w = 91] Configuring CaDiCaL as --sat (1).
c [w = 91] Encoding starts with w = 91:
c [w = 91] Symmetry breaking highest degree node is applied.
c [w = 91] Encoding duration: 2724 ms.
c [w = 91] Number of clauses: 4053557.
c [w = 91] Number of variables: 582250.
c [w = 91] SAT Solving starts:
c [Signal] Signal interruption. Caught signal: SIGTERM (15).
c [w = 86] Start task in PID: 92114.
c [w = 86] Cyclic Antibandwidth problem with w = 86 (O-impcol_d.mtx.rnd):
c [w = 86] Initializing CaDiCaL (version 2.2.1).
c [w = 86] Configuring CaDiCaL as --sat (1).
c [w = 86] Encoding starts with w = 86:
c [w = 86] Symmetry breaking highest degree node is applied.
c [w = 86] Encoding duration: 2803 ms.
c [w = 86] Number of clauses: 4019557.
c [w = 86] Number of variables: 571625.
c [w = 86] SAT Solving starts:
c [Signal] Signal interruption. Caught signal: SIGTERM (15).
c [w = 88] Start task in PID: 92117.
c [w = 88] Cyclic Antibandwidth problem with w = 88 (O-impcol_d.mtx.rnd):
c [w = 88] Initializing CaDiCaL (version 2.2.1).
c [w = 88] Configuring CaDiCaL as --sat (1).
c [w = 88] Encoding starts with w = 88:
c [w = 88] Symmetry breaking highest degree node is applied.
c [w = 88] Encoding duration: 2688 ms.
c [w = 88] Number of clauses: 4033157.
c [w = 88] Number of variables: 575875.
c [w = 88] SAT Solving starts:
c [Signal] Signal interruption. Caught signal: SIGTERM (15).
c [Main] Max width SAT is set to 93.
c [Main] Kill lower pid 91.
c [Main] Kill lower pid 88.
c [Main] Kill lower pid 86.
c [Main] Kill lower pid 87.
c [Main] Kill lower pid 89.
c [Main] Kill lower pid 84.
c [Main] Kill lower pid 85.
c [w = 87] Start task in PID: 92113.
c [w = 87] Cyclic Antibandwidth problem with w = 87 (O-impcol_d.mtx.rnd):
c [w = 87] Initializing CaDiCaL (version 2.2.1).
c [w = 87] Configuring CaDiCaL as --sat (1).
c [w = 87] Encoding starts with w = 87:
c [w = 87] Symmetry breaking highest degree node is applied.
c [w = 87] Encoding duration: 2749 ms.
c [w = 87] Number of clauses: 4026357.
c [w = 87] Number of variables: 573750.
c [w = 87] SAT Solving starts:
c [Signal] Signal interruption. Caught signal: SIGTERM (15).
c [w = 89] Start task in PID: 92112.
c [w = 89] Cyclic Antibandwidth problem with w = 89 (O-impcol_d.mtx.rnd):
c [w = 89] Initializing CaDiCaL (version 2.2.1).
c [w = 89] Configuring CaDiCaL as --sat (1).
c [w = 89] Encoding starts with w = 89:
c [w = 89] Symmetry breaking highest degree node is applied.
c [w = 89] Encoding duration: 2838 ms.
c [w = 89] Number of clauses: 4039957.
c [w = 89] Number of variables: 578000.
c [w = 89] SAT Solving starts:
c [Signal] Signal interruption. Caught signal: SIGTERM (15).
c [w = 84] Start task in PID: 92110.
c [w = 84] Cyclic Antibandwidth problem with w = 84 (O-impcol_d.mtx.rnd):
c [w = 84] Initializing CaDiCaL (version 2.2.1).
c [w = 84] Configuring CaDiCaL as --sat (1).
c [w = 84] Encoding starts with w = 84:
c [w = 84] Symmetry breaking highest degree node is applied.
c [w = 84] Encoding duration: 2814 ms.
c [w = 84] Number of clauses: 4107981.
c [w = 84] Number of variables: 601800.
c [w = 84] SAT Solving starts:
c [Signal] Signal interruption. Caught signal: SIGTERM (15).
c [w = 85] Start task in PID: 92082.
c [w = 85] Cyclic Antibandwidth problem with w = 85 (O-impcol_d.mtx.rnd):
c [w = 85] Initializing CaDiCaL (version 2.2.1).
c [w = 85] Configuring CaDiCaL as --sat (1).
c [w = 85] Encoding starts with w = 85:
c [w = 85] Symmetry breaking highest degree node is applied.
c [w = 85] Encoding duration: 2836 ms.
c [w = 85] Number of clauses: 4012757.
c [w = 85] Number of variables: 569500.
c [w = 85] SAT Solving starts:
c [Signal] Signal interruption. Caught signal: SIGTERM (15).
c [Main] Child pid 85 - 92082 terminated by signal 15.
c [Main] Child pid 87 - 92113 terminated by signal 15.
c [Main] Child pid 86 - 92114 terminated by signal 15.
c [Main] Child pid 88 - 92117 terminated by signal 15.
c [Main] Child pid 89 - 92112 terminated by signal 15.
c [Main] Child pid 91 - 92119 terminated by signal 15.
c [Main] Child pid 84 - 92110 terminated by signal 15.
c [w = 97] Start task in PID: 92127.
c [w = 97] Cyclic Antibandwidth problem with w = 97 (O-impcol_d.mtx.rnd):
c [w = 97] Initializing CaDiCaL (version 2.2.1).
c [w = 97] Configuring CaDiCaL as --sat (1).
c [w = 97] Encoding starts with w = 97:
c [w = 97] Symmetry breaking highest degree node is applied.
c [w = 97] Encoding duration: 2862 ms.
c [w = 97] Number of clauses: 4094357.
c [w = 97] Number of variables: 595000.
c [w = 97] SAT Solving starts:
c [w = 97] Solving duration: 170599 ms.
c [w = 97] Answer:
s [w = 97] SAT (w = 97).
c [w = 97] Solution check = 97.
c [w = 97] The solution is correct.
c [w = 97] Result: 10.
c [Main] Max width SAT is set to 97.
c [Main] Kill lower pid 96.
c [Main] Kill lower pid 94.
c [Main] Kill lower pid 95.
c [w = 94] Start task in PID: 92129.
c [w = 94] Cyclic Antibandwidth problem with w = 94 (O-impcol_d.mtx.rnd):
c [w = 94] Initializing CaDiCaL (version 2.2.1).
c [w = 94] Configuring CaDiCaL as --sat (1).
c [w = 94] Encoding starts with w = 94:
c [w = 94] Symmetry breaking highest degree node is applied.
c [w = 94] Encoding duration: 2834 ms.
c [w = 94] Number of clauses: 4073957.
c [w = 94] Number of variables: 588625.
c [w = 94] SAT Solving starts:
c [Signal] Signal interruption. Caught signal: SIGTERM (15).
c [w = 95] Start task in PID: 92128.
c [w = 95] Cyclic Antibandwidth problem with w = 95 (O-impcol_d.mtx.rnd):
c [w = 95] Initializing CaDiCaL (version 2.2.1).
c [w = 95] Configuring CaDiCaL as --sat (1).
c [w = 95] Encoding starts with w = 95:
c [w = 95] Symmetry breaking highest degree node is applied.
c [w = 95] Encoding duration: 2820 ms.
c [w = 95] Number of clauses: 4080757.
c [w = 95] Number of variables: 590750.
c [w = 95] SAT Solving starts:
c [Signal] Signal interruption. Caught signal: SIGTERM (15).
c [w = 96] Start task in PID: 92130.
c [w = 96] Cyclic Antibandwidth problem with w = 96 (O-impcol_d.mtx.rnd):
c [w = 96] Initializing CaDiCaL (version 2.2.1).
c [w = 96] Configuring CaDiCaL as --sat (1).
c [w = 96] Encoding starts with w = 96:
c [w = 96] Symmetry breaking highest degree node is applied.
c [w = 96] Encoding duration: 2853 ms.
c [w = 96] Number of clauses: 4087557.
c [w = 96] Number of variables: 592875.
c [w = 96] SAT Solving starts:
c [Signal] Signal interruption. Caught signal: SIGTERM (15).
c [Main] Child pid 94 - 92129 terminated by signal 15.
c [Main] Child pid 96 - 92130 terminated by signal 15.
c [Main] Child pid 95 - 92128 terminated by signal 15.
c [w = 101] Start task in PID: 92125.
c [w = 101] Cyclic Antibandwidth problem with w = 101 (O-impcol_d.mtx.rnd):
c [w = 101] Initializing CaDiCaL (version 2.2.1).
c [w = 101] Configuring CaDiCaL as --sat (1).
c [w = 101] Encoding starts with w = 101:
c [w = 101] Symmetry breaking highest degree node is applied.
c [w = 101] Encoding duration: 2955 ms.
c [w = 101] Number of clauses: 4121557.
c [w = 101] Number of variables: 603500.
c [w = 101] SAT Solving starts:
c [w = 101] Solving duration: 198773 ms.
c [w = 101] Answer:
s [w = 101] SAT (w = 101).
c [w = 101] Solution check = 101.
c [w = 101] The solution is correct.
c [w = 101] Result: 10.
c [Main] Max width SAT is set to 101.
c [Main] Kill lower pid 100.
c [Main] Kill lower pid 98.
c [Main] Kill lower pid 99.
c [w = 100] Start task in PID: 92133.
c [w = 100] Cyclic Antibandwidth problem with w = 100 (O-impcol_d.mtx.rnd):
c [w = 100] Initializing CaDiCaL (version 2.2.1).
c [w = 100] Configuring CaDiCaL as --sat (1).
c [w = 100] Encoding starts with w = 100:
c [w = 100] Symmetry breaking highest degree node is applied.
c [w = 100] Encoding duration: 2867 ms.
c [w = 100] Number of clauses: 4114757.
c [w = 100] Number of variables: 601375.
c [w = 100] SAT Solving starts:
c [Signal] Signal interruption. Caught signal: SIGTERM (15).
c [w = 98] Start task in PID: 92132.
c [w = 98] Cyclic Antibandwidth problem with w = 98 (O-impcol_d.mtx.rnd):
c [w = 98] Initializing CaDiCaL (version 2.2.1).
c [w = 98] Configuring CaDiCaL as --sat (1).
c [w = 98] Encoding starts with w = 98:
c [w = 98] Symmetry breaking highest degree node is applied.
c [w = 98] Encoding duration: 2849 ms.
c [w = 98] Number of clauses: 4101157.
c [w = 98] Number of variables: 597125.
c [w = 98] SAT Solving starts:
c [Signal] Signal interruption. Caught signal: SIGTERM (15).
c [w = 99] Start task in PID: 92131.
c [w = 99] Cyclic Antibandwidth problem with w = 99 (O-impcol_d.mtx.rnd):
c [w = 99] Initializing CaDiCaL (version 2.2.1).
c [w = 99] Configuring CaDiCaL as --sat (1).
c [w = 99] Encoding starts with w = 99:
c [w = 99] Symmetry breaking highest degree node is applied.
c [w = 99] Encoding duration: 2854 ms.
c [w = 99] Number of clauses: 4107957.
c [w = 99] Number of variables: 599250.
c [w = 99] SAT Solving starts:
c [Signal] Signal interruption. Caught signal: SIGTERM (15).
c [Main] Child pid 98 - 92132 terminated by signal 15.
c [Main] Child pid 99 - 92131 terminated by signal 15.
c [Main] Child pid 100 - 92133 terminated by signal 15.
c [w = 107] Start task in PID: 92170.
c [w = 107] Cyclic Antibandwidth problem with w = 107 (O-impcol_d.mtx.rnd):
c [w = 107] Initializing CaDiCaL (version 2.2.1).
c [w = 107] Configuring CaDiCaL as --sat (1).
c [w = 107] Encoding starts with w = 107:
c [w = 107] Symmetry breaking highest degree node is applied.
c [w = 107] Encoding duration: 1858 ms.
c [w = 107] Number of clauses: 4031433.
c [w = 107] Number of variables: 572050.
c [w = 107] SAT Solving starts:
c [w = 107] Solving duration: 8560 ms.
c [w = 107] Answer:
s [w = 107] UNSAT (w = 107).
c [w = 107] Result: 20.
c [Main] Min width UNSAT is set to 107
c [Main] Kill higher pid 108.
c [w = 108] Start task in PID: 92172.
c [w = 108] Cyclic Antibandwidth problem with w = 108 (O-impcol_d.mtx.rnd):
c [w = 108] Initializing CaDiCaL (version 2.2.1).
c [w = 108] Configuring CaDiCaL as --sat (1).
c [w = 108] Encoding starts with w = 108:
c [w = 108] Symmetry breaking highest degree node is applied.
c [w = 108] Encoding duration: 2752 ms.
c [w = 108] Number of clauses: 4036958.
c [w = 108] Number of variables: 573750.
c [w = 108] SAT Solving starts:
c [Signal] Signal interruption. Caught signal: SIGTERM (15).
c [Main] Child pid 108 - 92172 terminated by signal 15.
c [w = 106] Start task in PID: 92171.
c [w = 106] Cyclic Antibandwidth problem with w = 106 (O-impcol_d.mtx.rnd):
c [w = 106] Initializing CaDiCaL (version 2.2.1).
c [w = 106] Configuring CaDiCaL as --sat (1).
c [w = 106] Encoding starts with w = 106:
c [w = 106] Symmetry breaking highest degree node is applied.
c [w = 106] Encoding duration: 2612 ms.
c [w = 106] Number of clauses: 4023382.
c [w = 106] Number of variables: 570350.
c [w = 106] SAT Solving starts:
c [w = 106] Solving duration: 67131 ms.
c [w = 106] Answer:
s [w = 106] UNSAT (w = 106).
c [w = 106] Result: 20.
c [Main] Min width UNSAT is set to 106
c [w = 102] Start task in PID: 92165.
c [w = 102] Cyclic Antibandwidth problem with w = 102 (O-impcol_d.mtx.rnd):
c [w = 102] Initializing CaDiCaL (version 2.2.1).
c [w = 102] Configuring CaDiCaL as --sat (1).
c [w = 102] Encoding starts with w = 102:
c [w = 102] Symmetry breaking highest degree node is applied.
c [w = 102] Encoding duration: 2878 ms.
c [w = 102] Number of clauses: 4128357.
c [w = 102] Number of variables: 605625.
c [w = 102] SAT Solving starts:
c [w = 102] Solving duration: 127149 ms.
c [w = 102] Answer:
s [w = 102] SAT (w = 102).
c [w = 102] Solution check = 102.
c [w = 102] The solution is correct.
c [w = 102] Result: 10.
c [Main] Max width SAT is set to 102.
c [w = 103] Start task in PID: 92164.
c [w = 103] Cyclic Antibandwidth problem with w = 103 (O-impcol_d.mtx.rnd):
c [w = 103] Initializing CaDiCaL (version 2.2.1).
c [w = 103] Configuring CaDiCaL as --sat (1).
c [w = 103] Encoding starts with w = 103:
c [w = 103] Symmetry breaking highest degree node is applied.
c [w = 103] Encoding duration: 2785 ms.
c [w = 103] Number of clauses: 4135157.
c [w = 103] Number of variables: 607750.
c [w = 103] SAT Solving starts:
c [w = 103] Solving duration: 202322 ms.
c [w = 103] Answer:
s [w = 103] SAT (w = 103).
c [w = 103] Solution check = 103.
c [w = 103] The solution is correct.
c [w = 103] Result: 10.
c [Main] Max width SAT is set to 103.
c [w = 104] Start task in PID: 92166.
c [w = 104] Cyclic Antibandwidth problem with w = 104 (O-impcol_d.mtx.rnd):
c [w = 104] Initializing CaDiCaL (version 2.2.1).
c [w = 104] Configuring CaDiCaL as --sat (1).
c [w = 104] Encoding starts with w = 104:
c [w = 104] Symmetry breaking highest degree node is applied.
c [w = 104] Encoding duration: 2912 ms.
c [w = 104] Number of clauses: 4141957.
c [w = 104] Number of variables: 609875.
c [w = 104] SAT Solving starts:
c [w = 104] Solving duration: 312269 ms.
c [w = 104] Answer:
s [w = 104] SAT (w = 104).
c [w = 104] Solution check = 104.
c [w = 104] The solution is correct.
c [w = 104] Result: 10.
c [Main] Max width SAT is set to 104.
c [w = 105] Start task in PID: 92163.
c [w = 105] Cyclic Antibandwidth problem with w = 105 (O-impcol_d.mtx.rnd):
c [w = 105] Initializing CaDiCaL (version 2.2.1).
c [w = 105] Configuring CaDiCaL as --sat (1).
c [w = 105] Encoding starts with w = 105:
c [w = 105] Symmetry breaking highest degree node is applied.
c [w = 105] Encoding duration: 2934 ms.
c [w = 105] Number of clauses: 4148757.
c [w = 105] Number of variables: 612000.
c [w = 105] SAT Solving starts:
c [w = 105] Solving duration: 327794 ms.
c [w = 105] Answer:
s [w = 105] SAT (w = 105).
c [w = 105] Solution check = 105.
c [w = 105] The solution is correct.
c [w = 105] Result: 10.
c [Main] Max width SAT is set to 105.
c [Signal] Signal interruption. Caught signal: SIGTERM (15).
c [Main] All children have completed.
r [Main] 
r [Main] Final results: 
r [Main] Max width SAT:  	105.
r [Main] Min width UNSAT:	106.
r [Main] Total real time: 820674 ms.
r [Main] Total memory consumed: 9848.6 MB.
r [Main] 
