c [Version] Cyclic Anti-bandwidth Encoder version 1.0.0.
c [Param] Real time limit is set to 1800.
c [Param] Memory limit is set to 30000.
c [Param] Worker count is set to 8.
c [Main] Encoding and solving for graph: P-can__445.mtx.rnd.
c [Main] Search strategy: Binary search from lower bound.
c [Main] Lower bound is set to 39.
c [Main] Upper bound is set to 120.
c [Main] Search order: 79 58 48 43 40 39 41 42 45 44 46 47 53 50 49 51 52 55 54 56 57 68 63 60 59 61 62 65 64 66 67 73 70 69 71 72 76 74 75 77 78 100 89 84 81 80 82 83 86 85 87 88 94 91 90 92 93 97 95 96 98 99 110 105 102 101 103 104 107 106 108 109 115 112 111 113 114 118 116 117 119 120.
c [w = 41] Start task in PID: 92661.
c [w = 41] Cyclic Antibandwidth problem with w = 41 (P-can__445.mtx.rnd):
c [w = 41] Initializing CaDiCaL (version 2.2.1).
c [w = 41] Configuring CaDiCaL as --sat (1).
c [w = 41] Encoding starts with w = 41:
c [w = 41] Symmetry breaking highest degree node is applied.
c [w = 41] Encoding duration: 3545 ms.
c [w = 41] Number of clauses: 4982116.
c [w = 41] Number of variables: 618550.
c [w = 41] SAT Solving starts:
c [w = 41] Solving duration: 15701 ms.
c [w = 41] Answer:
s [w = 41] SAT (w = 41).
c [w = 41] Solution check = 41.
c [w = 41] The solution is correct.
c [w = 41] Result: 10.
c [w = 43] Start task in PID: 92658.
c [w = 43] Cyclic Antibandwidth problem with w = 43 (P-can__445.mtx.rnd):
c [w = 43] Initializing CaDiCaL (version 2.2.1).
c [w = 43] Configuring CaDiCaL as --sat (1).
c [w = 43] Encoding starts with w = 43:
c [w = 43] Symmetry breaking highest degree node is applied.
c [w = 43] Encoding duration: 3539 ms.
c [w = 43] Number of clauses: 5012376.
c [w = 43] Number of variables: 628340.
c [w = 43] SAT Solving starts:
c [w = 43] Solving duration: 15789 ms.
c [w = 43] Answer:
s [w = 43] SAT (w = 43).
c [w = 43] Solution check = 43.
c [w = 43] The solution is correct.
c [w = 43] Result: 10.
c [Main] Max width SAT is set to 41.
c [Main] Kill lower pid 39.
c [Main] Kill lower pid 40.
c [w = 39] Start task in PID: 92660.
c [w = 39] Cyclic Antibandwidth problem with w = 39 (P-can__445.mtx.rnd):
c [w = 39] Initializing CaDiCaL (version 2.2.1).
c [w = 39] Configuring CaDiCaL as --sat (1).
c [w = 39] Encoding starts with w = 39:
c [w = 39] Symmetry breaking highest degree node is applied.
c [w = 39] Encoding duration: 3541 ms.
c [w = 39] Number of clauses: 5000210.
c [w = 39] Number of variables: 624780.
c [w = 39] SAT Solving starts:
c [Signal] Signal interruption. Caught signal: SIGTERM (15).
c [w = 40] Start task in PID: 92659.
c [w = 40] Cyclic Antibandwidth problem with w = 40 (P-can__445.mtx.rnd):
c [w = 40] Initializing CaDiCaL (version 2.2.1).
c [w = 40] Configuring CaDiCaL as --sat (1).
c [w = 40] Encoding starts with w = 40:
c [w = 40] Symmetry breaking highest degree node is applied.
c [w = 40] Encoding duration: 3556 ms.
c [w = 40] Number of clauses: 5016675.
c [w = 40] Number of variables: 630120.
c [w = 40] SAT Solving starts:
c [w = 40] Solving duration: 16175 ms.
c [w = 40] Answer:
s [w = 40] SAT (w = 40).
c [w = 40] Solution check = 40.
c [w = 40] The solution is correct.
c [Signal] Signal interruption. Caught signal: SIGTERM (15).
c [Main] Max width SAT is set to 43.
c [Main] Kill lower pid 42.
c [Main] Kill lower pid 39.
c [Main] Kill lower pid 40.
c [w = 42] Start task in PID: 92662.
c [w = 42] Cyclic Antibandwidth problem with w = 42 (P-can__445.mtx.rnd):
c [w = 42] Initializing CaDiCaL (version 2.2.1).
c [w = 42] Configuring CaDiCaL as --sat (1).
c [w = 42] Encoding starts with w = 42:
c [w = 42] Symmetry breaking highest degree node is applied.
c [w = 42] Encoding duration: 3512 ms.
c [w = 42] Number of clauses: 4997246.
c [w = 42] Number of variables: 623445.
c [w = 42] SAT Solving starts:
c [Signal] Signal interruption. Caught signal: SIGTERM (15).
c [Main] Child pid 39 - 92660 terminated by signal 15.
c [Main] Child pid 40 - 92659 terminated by signal 15.
c [Main] Child pid 42 - 92662 terminated by signal 15.
c [w = 48] Start task in PID: 92657.
c [w = 48] Cyclic Antibandwidth problem with w = 48 (P-can__445.mtx.rnd):
c [w = 48] Initializing CaDiCaL (version 2.2.1).
c [w = 48] Configuring CaDiCaL as --sat (1).
c [w = 48] Encoding starts with w = 48:
c [w = 48] Symmetry breaking highest degree node is applied.
c [w = 48] Encoding duration: 3547 ms.
c [w = 48] Number of clauses: 5028102.
c [w = 48] Number of variables: 632790.
c [w = 48] SAT Solving starts:
c [w = 48] Solving duration: 17235 ms.
c [w = 48] Answer:
s [w = 48] SAT (w = 48).
c [w = 48] Solution check = 48.
c [w = 48] The solution is correct.
c [w = 48] Result: 10.
c [w = 47] Start task in PID: 92671.
c [w = 47] Cyclic Antibandwidth problem with w = 47 (P-can__445.mtx.rnd):
c [w = 47] Initializing CaDiCaL (version 2.2.1).
c [w = 47] Configuring CaDiCaL as --sat (1).
c [w = 47] Encoding starts with w = 47:
c [w = 47] Symmetry breaking highest degree node is applied.
c [Signal] Signal interruption. Caught signal: SIGTERM (15).
c [w = 46] Start task in PID: 92670.
c [w = 46] Cyclic Antibandwidth problem with w = 46 (P-can__445.mtx.rnd):
c [w = 46] Initializing CaDiCaL (version 2.2.1).
c [w = 46] Configuring CaDiCaL as --sat (1).
c [w = 46] Encoding starts with w = 46:
c [w = 46] Symmetry breaking highest degree node is applied.
c [Signal] Signal interruption. Caught signal: SIGTERM (15).
c [Main] Max width SAT is set to 48.
c [Main] Kill lower pid 47.
c [Main] Kill lower pid 46.
c [Main] Kill lower pid 44.
c [Main] Kill lower pid 45.
c [w = 44] Start task in PID: 92669.
c [w = 44] Cyclic Antibandwidth problem with w = 44 (P-can__445.mtx.rnd):
c [w = 44] Initializing CaDiCaL (version 2.2.1).
c [w = 44] Configuring CaDiCaL as --sat (1).
c [w = 44] Encoding starts with w = 44:
c [w = 44] Symmetry breaking highest degree node is applied.
c [Signal] Signal interruption. Caught signal: SIGTERM (15).
c [w = 45] Start task in PID: 92668.
c [w = 45] Cyclic Antibandwidth problem with w = 45 (P-can__445.mtx.rnd):
c [w = 45] Initializing CaDiCaL (version 2.2.1).
c [w = 45] Configuring CaDiCaL as --sat (1).
c [w = 45] Encoding starts with w = 45:
c [w = 45] Symmetry breaking highest degree node is applied.
c [Signal] Signal interruption. Caught signal: SIGTERM (15).
c [Main] Child pid 44 - 92669 terminated by signal 15.
c [Main] Child pid 45 - 92668 terminated by signal 15.
c [Main] Child pid 46 - 92670 terminated by signal 15.
c [Main] Child pid 47 - 92671 terminated by signal 15.
c [w = 51] Start task in PID: 92675.
c [w = 51] Cyclic Antibandwidth problem with w = 51 (P-can__445.mtx.rnd):
c [w = 51] Initializing CaDiCaL (version 2.2.1).
c [w = 51] Configuring CaDiCaL as --sat (1).
c [w = 51] Encoding starts with w = 51:
c [w = 51] Symmetry breaking highest degree node is applied.
c [w = 51] Encoding duration: 3464 ms.
c [w = 51] Number of clauses: 5006003.
c [w = 51] Number of variables: 624780.
c [w = 51] SAT Solving starts:
c [w = 51] Solving duration: 17580 ms.
c [w = 51] Answer:
s [w = 51] SAT (w = 51).
c [w = 51] Solution check = 51.
c [w = 51] The solution is correct.
c [w = 51] Result: 10.
c [Main] Max width SAT is set to 51.
c [Main] Kill lower pid 49.
c [Main] Kill lower pid 50.
c [w = 50] Start task in PID: 92673.
c [w = 50] Cyclic Antibandwidth problem with w = 50 (P-can__445.mtx.rnd):
c [w = 50] Initializing CaDiCaL (version 2.2.1).
c [w = 50] Configuring CaDiCaL as --sat (1).
c [w = 50] Encoding starts with w = 50:
c [w = 50] Symmetry breaking highest degree node is applied.
c [w = 50] Encoding duration: 3496 ms.
c [w = 50] Number of clauses: 4993543.
c [w = 50] Number of variables: 620775.
c [w = 50] SAT Solving starts:
c [w = 50] Solving duration: 18310 ms.
c [w = 50] Answer:
s [w = 50] SAT (w = 50).
c [w = 50] Solution check = 50.
c [w = 50] The solution is correct.
c [Signal] Signal interruption. Caught signal: SIGTERM (15).
c [w = 49] Start task in PID: 92674.
c [w = 49] Cyclic Antibandwidth problem with w = 49 (P-can__445.mtx.rnd):
c [w = 49] Initializing CaDiCaL (version 2.2.1).
c [w = 49] Configuring CaDiCaL as --sat (1).
c [w = 49] Encoding starts with w = 49:
c [w = 49] Symmetry breaking highest degree node is applied.
c [w = 49] Encoding duration: 3496 ms.
c [w = 49] Number of clauses: 5041897.
c [w = 49] Number of variables: 637240.
c [w = 49] SAT Solving starts:
c [Signal] Signal interruption. Caught signal: SIGTERM (15).
c [Main] Child pid 50 - 92673 terminated by signal 15.
c [Main] Child pid 49 - 92674 terminated by signal 15.
c [w = 52] Start task in PID: 92676.
c [w = 52] Cyclic Antibandwidth problem with w = 52 (P-can__445.mtx.rnd):
c [w = 52] Initializing CaDiCaL (version 2.2.1).
c [w = 52] Configuring CaDiCaL as --sat (1).
c [w = 52] Encoding starts with w = 52:
c [w = 52] Symmetry breaking highest degree node is applied.
c [w = 52] Encoding duration: 3341 ms.
c [w = 52] Number of clauses: 5018463.
c [w = 52] Number of variables: 628785.
c [w = 52] SAT Solving starts:
c [w = 52] Solving duration: 81804 ms.
c [w = 52] Answer:
s [w = 52] SAT (w = 52).
c [w = 52] Solution check = 52.
c [w = 52] The solution is correct.
c [w = 52] Result: 10.
c [Main] Max width SAT is set to 52.
c [w = 58] Start task in PID: 92656.
c [w = 58] Cyclic Antibandwidth problem with w = 58 (P-can__445.mtx.rnd):
c [w = 58] Initializing CaDiCaL (version 2.2.1).
c [w = 58] Configuring CaDiCaL as --sat (1).
c [w = 58] Encoding starts with w = 58:
c [w = 58] Symmetry breaking highest degree node is applied.
c [w = 58] Encoding duration: 3561 ms.
c [w = 58] Number of clauses: 5020839.
c [w = 58] Number of variables: 628340.
c [w = 58] SAT Solving starts:
c [w = 58] Solving duration: 131169 ms.
c [w = 58] Answer:
s [w = 58] SAT (w = 58).
c [w = 58] Solution check = 58.
c [w = 58] The solution is correct.
c [w = 58] Result: 10.
c [w = 57] Start task in PID: 92683.
c [w = 57] Cyclic Antibandwidth problem with w = 57 (P-can__445.mtx.rnd):
c [w = 57] Initializing CaDiCaL (version 2.2.1).
c [w = 57] Configuring CaDiCaL as --sat (1).
c [w = 57] Encoding starts with w = 57:
c [w = 57] Symmetry breaking highest degree node is applied.
c [w = 57] Encoding duration: 3412 ms.
c [w = 57] Number of clauses: 5009714.
c [w = 57] Number of variables: 624780.
c [w = 57] SAT Solving starts:
c [Signal] Signal interruption. Caught signal: SIGTERM (15).
c [w = 56] Start task in PID: 92682.
c [w = 56] Cyclic Antibandwidth problem with w = 56 (P-can__445.mtx.rnd):
c [w = 56] Initializing CaDiCaL (version 2.2.1).
c [w = 56] Configuring CaDiCaL as --sat (1).
c [w = 56] Encoding starts with w = 56:
c [w = 56] Symmetry breaking highest degree node is applied.
c [w = 56] Encoding duration: 3388 ms.
c [w = 56] Number of clauses: 4998589.
c [w = 56] Number of variables: 621220.
c [w = 56] SAT Solving starts:
c [Signal] Signal interruption. Caught signal: SIGTERM (15).
c [w = 55] Start task in PID: 92677.
c [w = 55] Cyclic Antibandwidth problem with w = 55 (P-can__445.mtx.rnd):
c [w = 55] Initializing CaDiCaL (version 2.2.1).
c [w = 55] Configuring CaDiCaL as --sat (1).
c [w = 55] Encoding starts with w = 55:
c [w = 55] Symmetry breaking highest degree node is applied.
c [w = 55] Encoding duration: 3521 ms.
c [w = 55] Number of clauses: 5055843.
c [w = 55] Number of variables: 640800.
c [w = 55] SAT Solving starts:
c [Signal] Signal interruption. Caught signal: SIGTERM (15).
c [Main] Max width SAT is set to 58.
c [Main] Kill lower pid 57.
c [Main] Kill lower pid 56.
c [Main] Kill lower pid 54.
c [Main] Kill lower pid 55.
c [Main] Kill lower pid 53.
c [w = 53] Start task in PID: 92672.
c [w = 53] Cyclic Antibandwidth problem with w = 53 (P-can__445.mtx.rnd):
c [w = 53] Initializing CaDiCaL (version 2.2.1).
c [w = 53] Configuring CaDiCaL as --sat (1).
c [w = 53] Encoding starts with w = 53:
c [w = 53] Symmetry breaking highest degree node is applied.
c [w = 53] Encoding duration: 3411 ms.
c [w = 53] Number of clauses: 5030923.
c [w = 53] Number of variables: 632790.
c [w = 53] SAT Solving starts:
c [Signal] Signal interruption. Caught signal: SIGTERM (15).
c [w = 54] Start task in PID: 92681.
c [w = 54] Cyclic Antibandwidth problem with w = 54 (P-can__445.mtx.rnd):
c [w = 54] Initializing CaDiCaL (version 2.2.1).
c [w = 54] Configuring CaDiCaL as --sat (1).
c [w = 54] Encoding starts with w = 54:
c [w = 54] Symmetry breaking highest degree node is applied.
c [w = 54] Encoding duration: 3385 ms.
c [w = 54] Number of clauses: 5043383.
c [w = 54] Number of variables: 636795.
c [w = 54] SAT Solving starts:
c [Signal] Signal interruption. Caught signal: SIGTERM (15).
c [Main] Child pid 56 - 92682 terminated by signal 15.
c [Main] Child pid 55 - 92677 terminated by signal 15.
c [Main] Child pid 53 - 92672 terminated by signal 15.
c [Main] Child pid 54 - 92681 terminated by signal 15.
c [Main] Child pid 57 - 92683 terminated by signal 15.
c [w = 62] Start task in PID: 92704.
c [w = 62] Cyclic Antibandwidth problem with w = 62 (P-can__445.mtx.rnd):
c [w = 62] Initializing CaDiCaL (version 2.2.1).
c [w = 62] Configuring CaDiCaL as --sat (1).
c [w = 62] Encoding starts with w = 62:
c [w = 62] Symmetry breaking highest degree node is applied.
c [w = 62] Encoding duration: 3525 ms.
c [w = 62] Number of clauses: 5065339.
c [w = 62] Number of variables: 642580.
c [w = 62] SAT Solving starts:
c [w = 62] Solving duration: 91403 ms.
c [w = 62] Answer:
s [w = 62] SAT (w = 62).
c [w = 62] Solution check = 62.
c [w = 62] The solution is correct.
c [w = 62] Result: 10.
c [Main] Max width SAT is set to 62.
c [Main] Kill lower pid 61.
c [Main] Kill lower pid 59.
c [Main] Kill lower pid 60.
c [w = 61] Start task in PID: 92703.
c [w = 61] Cyclic Antibandwidth problem with w = 61 (P-can__445.mtx.rnd):
c [w = 61] Initializing CaDiCaL (version 2.2.1).
c [w = 61] Configuring CaDiCaL as --sat (1).
c [w = 61] Encoding starts with w = 61:
c [w = 61] Symmetry breaking highest degree node is applied.
c [w = 61] Encoding duration: 3528 ms.
c [w = 61] Number of clauses: 5054214.
c [w = 61] Number of variables: 639020.
c [w = 61] SAT Solving starts:
c [Signal] Signal interruption. Caught signal: SIGTERM (15).
c [w = 59] Start task in PID: 92702.
c [w = 59] Cyclic Antibandwidth problem with w = 59 (P-can__445.mtx.rnd):
c [w = 59] Initializing CaDiCaL (version 2.2.1).
c [w = 59] Configuring CaDiCaL as --sat (1).
c [w = 59] Encoding starts with w = 59:
c [w = 59] Symmetry breaking highest degree node is applied.
c [w = 59] Encoding duration: 3537 ms.
c [w = 59] Number of clauses: 5031964.
c [w = 59] Number of variables: 631900.
c [w = 59] SAT Solving starts:
c [Signal] Signal interruption. Caught signal: SIGTERM (15).
c [w = 60] Start task in PID: 92701.
c [w = 60] Cyclic Antibandwidth problem with w = 60 (P-can__445.mtx.rnd):
c [w = 60] Initializing CaDiCaL (version 2.2.1).
c [w = 60] Configuring CaDiCaL as --sat (1).
c [w = 60] Encoding starts with w = 60:
c [w = 60] Symmetry breaking highest degree node is applied.
c [w = 60] Encoding duration: 3505 ms.
c [w = 60] Number of clauses: 5043089.
c [w = 60] Number of variables: 635460.
c [w = 60] SAT Solving starts:
c [Signal] Signal interruption. Caught signal: SIGTERM (15).
c [Main] Child pid 60 - 92701 terminated by signal 15.
c [Main] Child pid 59 - 92702 terminated by signal 15.
c [Main] Child pid 61 - 92703 terminated by signal 15.
c [w = 63] Start task in PID: 92700.
c [w = 63] Cyclic Antibandwidth problem with w = 63 (P-can__445.mtx.rnd):
c [w = 63] Initializing CaDiCaL (version 2.2.1).
c [w = 63] Configuring CaDiCaL as --sat (1).
c [w = 63] Encoding starts with w = 63:
c [w = 63] Symmetry breaking highest degree node is applied.
c [w = 63] Encoding duration: 3432 ms.
c [w = 63] Number of clauses: 5076464.
c [w = 63] Number of variables: 646140.
c [w = 63] SAT Solving starts:
c [w = 63] Solving duration: 118726 ms.
c [w = 63] Answer:
s [w = 63] SAT (w = 63).
c [w = 63] Solution check = 63.
c [w = 63] The solution is correct.
c [w = 63] Result: 10.
c [Main] Max width SAT is set to 63.
c [w = 68] Start task in PID: 92696.
c [w = 68] Cyclic Antibandwidth problem with w = 68 (P-can__445.mtx.rnd):
c [w = 68] Initializing CaDiCaL (version 2.2.1).
c [w = 68] Configuring CaDiCaL as --sat (1).
c [w = 68] Encoding starts with w = 68:
c [w = 68] Symmetry breaking highest degree node is applied.
c [w = 68] Encoding duration: 3310 ms.
c [w = 68] Number of clauses: 5046800.
c [w = 68] Number of variables: 635015.
c [w = 68] SAT Solving starts:
c [w = 68] Solving duration: 193028 ms.
c [w = 68] Answer:
s [w = 68] SAT (w = 68).
c [w = 68] Solution check = 68.
c [w = 68] The solution is correct.
c [w = 68] Result: 10.
c [w = 67] Start task in PID: 92723.
c [w = 67] Cyclic Antibandwidth problem with w = 67 (P-can__445.mtx.rnd):
c [w = 67] Initializing CaDiCaL (version 2.2.1).
c [w = 67] Configuring CaDiCaL as --sat (1).
c [w = 67] Encoding starts with w = 67:
c [w = 67] Symmetry breaking highest degree node is applied.
c [w = 67] Encoding duration: 3370 ms.
c [w = 67] Number of clauses: 5037010.
c [w = 67] Number of variables: 631900.
c [w = 67] SAT Solving starts:
c [Signal] Signal interruption. Caught signal: SIGTERM (15).
c [Main] Max width SAT is set to 68.
c [Main] Kill lower pid 67.
c [Main] Kill lower pid 64.
c [Main] Kill lower pid 65.
c [Main] Kill lower pid 66.
c [w = 64] Start task in PID: 92721.
c [w = 64] Cyclic Antibandwidth problem with w = 64 (P-can__445.mtx.rnd):
c [w = 64] Initializing CaDiCaL (version 2.2.1).
c [w = 64] Configuring CaDiCaL as --sat (1).
c [w = 64] Encoding starts with w = 64:
c [w = 64] Symmetry breaking highest degree node is applied.
c [w = 64] Encoding duration: 3491 ms.
c [w = 64] Number of clauses: 5007640.
c [w = 64] Number of variables: 622555.
c [w = 64] SAT Solving starts:
c [Signal] Signal interruption. Caught signal: SIGTERM (15).
c [w = 65] Start task in PID: 92705.
c [w = 65] Cyclic Antibandwidth problem with w = 65 (P-can__445.mtx.rnd):
c [w = 65] Initializing CaDiCaL (version 2.2.1).
c [w = 65] Configuring CaDiCaL as --sat (1).
c [w = 65] Encoding starts with w = 65:
c [w = 65] Symmetry breaking highest degree node is applied.
c [w = 65] Encoding duration: 3523 ms.
c [w = 65] Number of clauses: 5017430.
c [w = 65] Number of variables: 625670.
c [w = 65] SAT Solving starts:
c [Signal] Signal interruption. Caught signal: SIGTERM (15).
c [w = 66] Start task in PID: 92722.
c [w = 66] Cyclic Antibandwidth problem with w = 66 (P-can__445.mtx.rnd):
c [w = 66] Initializing CaDiCaL (version 2.2.1).
c [w = 66] Configuring CaDiCaL as --sat (1).
c [w = 66] Encoding starts with w = 66:
c [w = 66] Symmetry breaking highest degree node is applied.
c [w = 66] Encoding duration: 3309 ms.
c [w = 66] Number of clauses: 5027220.
c [w = 66] Number of variables: 628785.
c [w = 66] SAT Solving starts:
c [Signal] Signal interruption. Caught signal: SIGTERM (15).
c [Main] Child pid 66 - 92722 terminated by signal 15.
c [Main] Child pid 65 - 92705 terminated by signal 15.
c [Main] Child pid 67 - 92723 terminated by signal 15.
c [Main] Child pid 64 - 92721 terminated by signal 15.
c [w = 69] Start task in PID: 92737.
c [w = 69] Cyclic Antibandwidth problem with w = 69 (P-can__445.mtx.rnd):
c [w = 69] Initializing CaDiCaL (version 2.2.1).
c [w = 69] Configuring CaDiCaL as --sat (1).
c [w = 69] Encoding starts with w = 69:
c [w = 69] Symmetry breaking highest degree node is applied.
c [w = 69] Encoding duration: 3546 ms.
c [w = 69] Number of clauses: 5056590.
c [w = 69] Number of variables: 638130.
c [w = 69] SAT Solving starts:
c [w = 69] Solving duration: 200057 ms.
c [w = 69] Answer:
s [w = 69] SAT (w = 69).
c [w = 69] Solution check = 69.
c [w = 69] The solution is correct.
c [w = 69] Result: 10.
c [Main] Max width SAT is set to 69.
c [w = 71] Start task in PID: 92738.
c [w = 71] Cyclic Antibandwidth problem with w = 71 (P-can__445.mtx.rnd):
c [w = 71] Initializing CaDiCaL (version 2.2.1).
c [w = 71] Configuring CaDiCaL as --sat (1).
c [w = 71] Encoding starts with w = 71:
c [w = 71] Symmetry breaking highest degree node is applied.
c [w = 71] Encoding duration: 3302 ms.
c [w = 71] Number of clauses: 5076170.
c [w = 71] Number of variables: 644360.
c [w = 71] SAT Solving starts:
c [w = 71] Solving duration: 224450 ms.
c [w = 71] Answer:
s [w = 71] SAT (w = 71).
c [w = 71] Solution check = 71.
c [w = 71] The solution is correct.
c [w = 71] Result: 10.
c [Main] Max width SAT is set to 71.
c [Main] Kill lower pid 70.
c [w = 70] Start task in PID: 92728.
c [w = 70] Cyclic Antibandwidth problem with w = 70 (P-can__445.mtx.rnd):
c [w = 70] Initializing CaDiCaL (version 2.2.1).
c [w = 70] Configuring CaDiCaL as --sat (1).
c [w = 70] Encoding starts with w = 70:
c [w = 70] Symmetry breaking highest degree node is applied.
c [w = 70] Encoding duration: 3367 ms.
c [w = 70] Number of clauses: 5066380.
c [w = 70] Number of variables: 641245.
c [w = 70] SAT Solving starts:
c [Signal] Signal interruption. Caught signal: SIGTERM (15).
c [Main] Child pid 70 - 92728 terminated by signal 15.
c [w = 72] Start task in PID: 92739.
c [w = 72] Cyclic Antibandwidth problem with w = 72 (P-can__445.mtx.rnd):
c [w = 72] Initializing CaDiCaL (version 2.2.1).
c [w = 72] Configuring CaDiCaL as --sat (1).
c [w = 72] Encoding starts with w = 72:
c [w = 72] Symmetry breaking highest degree node is applied.
c [w = 72] Encoding duration: 3400 ms.
c [w = 72] Number of clauses: 5085960.
c [w = 72] Number of variables: 647475.
c [w = 72] SAT Solving starts:
c [w = 72] Solving duration: 274233 ms.
c [w = 72] Answer:
s [w = 72] SAT (w = 72).
c [w = 72] Solution check = 72.
c [w = 72] The solution is correct.
c [w = 72] Result: 10.
c [Main] Max width SAT is set to 72.
c [w = 73] Start task in PID: 92724.
c [w = 73] Cyclic Antibandwidth problem with w = 73 (P-can__445.mtx.rnd):
c [w = 73] Initializing CaDiCaL (version 2.2.1).
c [w = 73] Configuring CaDiCaL as --sat (1).
c [w = 73] Encoding starts with w = 73:
c [w = 73] Symmetry breaking highest degree node is applied.
c [w = 73] Encoding duration: 3526 ms.
c [w = 73] Number of clauses: 5095750.
c [w = 73] Number of variables: 650590.
c [w = 73] SAT Solving starts:
c [w = 73] Solving duration: 381871 ms.
c [w = 73] Answer:
s [w = 73] SAT (w = 73).
c [w = 73] Solution check = 73.
c [w = 73] The solution is correct.
c [w = 73] Result: 10.
c [Main] Max width SAT is set to 73.
c [w = 74] Start task in PID: 92741.
c [w = 74] Cyclic Antibandwidth problem with w = 74 (P-can__445.mtx.rnd):
c [w = 74] Initializing CaDiCaL (version 2.2.1).
c [w = 74] Configuring CaDiCaL as --sat (1).
c [w = 74] Encoding starts with w = 74:
c [w = 74] Symmetry breaking highest degree node is applied.
c [w = 74] Encoding duration: 3306 ms.
c [w = 74] Number of clauses: 5009865.
c [w = 74] Number of variables: 622110.
c [w = 74] SAT Solving starts:
c [w = 74] Solving duration: 323121 ms.
c [w = 74] Answer:
s [w = 74] SAT (w = 74).
c [w = 74] Solution check = 74.
c [w = 74] The solution is correct.
c [w = 74] Result: 10.
c [Main] Max width SAT is set to 74.
c [w = 79] Start task in PID: 92655.
c [w = 79] Cyclic Antibandwidth problem with w = 79 (P-can__445.mtx.rnd):
c [w = 79] Initializing CaDiCaL (version 2.2.1).
c [w = 79] Configuring CaDiCaL as --sat (1).
c [w = 79] Encoding starts with w = 79:
c [w = 79] Symmetry breaking highest degree node is applied.
c [w = 79] Encoding duration: 3605 ms.
c [w = 79] Number of clauses: 5054961.
c [w = 79] Number of variables: 635460.
c [w = 79] SAT Solving starts:
c [w = 79] Solving duration: 764967 ms.
c [w = 79] Answer:
s [w = 79] SAT (w = 79).
c [w = 79] Solution check = 79.
c [w = 79] The solution is correct.
c [w = 79] Result: 10.
c [Main] Max width SAT is set to 79.
c [Main] Kill lower pid 78.
c [Main] Kill lower pid 77.
c [Main] Kill lower pid 75.
c [Main] Kill lower pid 76.
c [w = 78] Start task in PID: 93211.
c [w = 78] Cyclic Antibandwidth problem with w = 78 (P-can__445.mtx.rnd):
c [w = 78] Initializing CaDiCaL (version 2.2.1).
c [w = 78] Configuring CaDiCaL as --sat (1).
c [w = 78] Encoding starts with w = 78:
c [w = 78] Symmetry breaking highest degree node is applied.
c [w = 78] Encoding duration: 3550 ms.
c [w = 78] Number of clauses: 5046506.
c [w = 78] Number of variables: 632790.
c [w = 78] SAT Solving starts:
c [Signal] Signal interruption. Caught signal: SIGTERM (15).
c [w = 75] Start task in PID: 93206.
c [w = 75] Cyclic Antibandwidth problem with w = 75 (P-can__445.mtx.rnd):
c [w = 75] Initializing CaDiCaL (version 2.2.1).
c [w = 75] Configuring CaDiCaL as --sat (1).
c [w = 75] Encoding starts with w = 75:
c [w = 75] Symmetry breaking highest degree node is applied.
c [w = 75] Encoding duration: 3318 ms.
c [w = 75] Number of clauses: 5021141.
c [w = 75] Number of variables: 624780.
c [w = 75] SAT Solving starts:
c [Signal] Signal interruption. Caught signal: SIGTERM (15).
c [w = 76] Start task in PID: 92740.
c [w = 76] Cyclic Antibandwidth problem with w = 76 (P-can__445.mtx.rnd):
c [w = 76] Initializing CaDiCaL (version 2.2.1).
c [w = 76] Configuring CaDiCaL as --sat (1).
c [w = 76] Encoding starts with w = 76:
c [w = 76] Symmetry breaking highest degree node is applied.
c [w = 76] Encoding duration: 3464 ms.
c [w = 76] Number of clauses: 5029596.
c [w = 76] Number of variables: 627450.
c [w = 76] SAT Solving starts:
c [Signal] Signal interruption. Caught signal: SIGTERM (15).
c [w = 77] Start task in PID: 93210.
c [w = 77] Cyclic Antibandwidth problem with w = 77 (P-can__445.mtx.rnd):
c [w = 77] Initializing CaDiCaL (version 2.2.1).
c [w = 77] Configuring CaDiCaL as --sat (1).
c [w = 77] Encoding starts with w = 77:
c [w = 77] Symmetry breaking highest degree node is applied.
c [w = 77] Encoding duration: 3331 ms.
c [w = 77] Number of clauses: 5038051.
c [w = 77] Number of variables: 630120.
c [w = 77] SAT Solving starts:
c [Signal] Signal interruption. Caught signal: SIGTERM (15).
c [Main] Child pid 76 - 92740 terminated by signal 15.
c [Main] Child pid 78 - 93211 terminated by signal 15.
c [Main] Child pid 75 - 93206 terminated by signal 15.
c [Main] Child pid 77 - 93210 terminated by signal 15.
c [w = 80] Start task in PID: 93255.
c [w = 80] Cyclic Antibandwidth problem with w = 80 (P-can__445.mtx.rnd):
c [w = 80] Initializing CaDiCaL (version 2.2.1).
c [w = 80] Configuring CaDiCaL as --sat (1).
c [w = 80] Encoding starts with w = 80:
c [w = 80] Symmetry breaking highest degree node is applied.
c [w = 80] Encoding duration: 3473 ms.
c [w = 80] Number of clauses: 5063416.
c [w = 80] Number of variables: 638130.
c [w = 80] SAT Solving starts:
c [w = 80] Solving duration: 306619 ms.
c [w = 80] Answer:
s [w = 80] SAT (w = 80).
c [w = 80] Solution check = 80.
c [w = 80] The solution is correct.
c [w = 80] Result: 10.
c [Main] Max width SAT is set to 80.
c [w = 84] Start task in PID: 93230.
c [w = 84] Cyclic Antibandwidth problem with w = 84 (P-can__445.mtx.rnd):
c [w = 84] Initializing CaDiCaL (version 2.2.1).
c [w = 84] Configuring CaDiCaL as --sat (1).
c [w = 84] Encoding starts with w = 84:
c [w = 84] Symmetry breaking highest degree node is applied.
c [w = 84] Encoding duration: 3488 ms.
c [w = 84] Number of clauses: 5097236.
c [w = 84] Number of variables: 648810.
c [w = 84] SAT Solving starts:
c [w = 84] Solving duration: 1037166 ms.
c [w = 84] Answer:
s [w = 84] SAT (w = 84).
c [w = 84] Solution check = 84.
c [w = 84] The solution is correct.
c [w = 84] Result: 10.
c [Main] Max width SAT is set to 84.
c [Main] Kill lower pid 83.
c [Main] Kill lower pid 82.
c [Main] Kill lower pid 81.
c [w = 83] Start task in PID: 93257.
c [w = 83] Cyclic Antibandwidth problem with w = 83 (P-can__445.mtx.rnd):
c [w = 83] Initializing CaDiCaL (version 2.2.1).
c [w = 83] Configuring CaDiCaL as --sat (1).
c [w = 83] Encoding starts with w = 83:
c [w = 83] Symmetry breaking highest degree node is applied.
c [w = 83] Encoding duration: 3484 ms.
c [w = 83] Number of clauses: 5088781.
c [w = 83] Number of variables: 646140.
c [w = 83] SAT Solving starts:
c [Signal] Signal interruption. Caught signal: SIGTERM (15).
c [w = 82] Start task in PID: 93256.
c [w = 82] Cyclic Antibandwidth problem with w = 82 (P-can__445.mtx.rnd):
c [w = 82] Initializing CaDiCaL (version 2.2.1).
c [w = 82] Configuring CaDiCaL as --sat (1).
c [w = 82] Encoding starts with w = 82:
c [w = 82] Symmetry breaking highest degree node is applied.
c [w = 82] Encoding duration: 3469 ms.
c [w = 82] Number of clauses: 5080326.
c [w = 82] Number of variables: 643470.
c [w = 82] SAT Solving starts:
c [Signal] Signal interruption. Caught signal: SIGTERM (15).
c [w = 81] Start task in PID: 93254.
c [w = 81] Cyclic Antibandwidth problem with w = 81 (P-can__445.mtx.rnd):
c [w = 81] Initializing CaDiCaL (version 2.2.1).
c [w = 81] Configuring CaDiCaL as --sat (1).
c [w = 81] Encoding starts with w = 81:
c [w = 81] Symmetry breaking highest degree node is applied.
c [w = 81] Encoding duration: 3526 ms.
c [w = 81] Number of clauses: 5071871.
c [w = 81] Number of variables: 640800.
c [w = 81] SAT Solving starts:
c [Signal] Signal interruption. Caught signal: SIGTERM (15).
c [Main] Child pid 83 - 93257 terminated by signal 15.
c [Main] Child pid 82 - 93256 terminated by signal 15.
c [Main] Child pid 81 - 93254 terminated by signal 15.
c [w = 85] Start task in PID: 93743.
c [w = 85] Cyclic Antibandwidth problem with w = 85 (P-can__445.mtx.rnd):
c [w = 85] Initializing CaDiCaL (version 2.2.1).
c [w = 85] Configuring CaDiCaL as --sat (1).
c [w = 85] Encoding starts with w = 85:
c [w = 85] Symmetry breaking highest degree node is applied.
c [w = 85] Encoding duration: 3675 ms.
c [w = 85] Number of clauses: 5105691.
c [w = 85] Number of variables: 651480.
c [w = 85] SAT Solving starts:
c [Signal] Signal interruption. Caught signal: SIGTERM (15).
c [w = 86] Start task in PID: 93258.
c [w = 86] Cyclic Antibandwidth problem with w = 86 (P-can__445.mtx.rnd):
c [w = 86] Initializing CaDiCaL (version 2.2.1).
c [w = 86] Configuring CaDiCaL as --sat (1).
c [w = 86] Encoding starts with w = 86:
c [w = 86] Symmetry breaking highest degree node is applied.
c [w = 86] Encoding duration: 3401 ms.
c [w = 86] Number of clauses: 5114146.
c [w = 86] Number of variables: 654150.
c [w = 86] SAT Solving starts:
c [Signal] Signal interruption. Caught signal: SIGTERM (15).
c [w = 88] Start task in PID: 94269.
c [w = 88] Cyclic Antibandwidth problem with w = 88 (P-can__445.mtx.rnd):
c [w = 88] Initializing CaDiCaL (version 2.2.1).
c [w = 88] Configuring CaDiCaL as --sat (1).
c [w = 88] Encoding starts with w = 88:
c [w = 88] Symmetry breaking highest degree node is applied.
c [w = 88] Encoding duration: 3594 ms.
c [w = 88] Number of clauses: 5131056.
c [w = 88] Number of variables: 659490.
c [w = 88] SAT Solving starts:
c [Signal] Signal interruption. Caught signal: SIGTERM (15).
c [w = 94] Start task in PID: 94270.
c [w = 94] Cyclic Antibandwidth problem with w = 94 (P-can__445.mtx.rnd):
c [w = 94] Initializing CaDiCaL (version 2.2.1).
c [w = 94] Configuring CaDiCaL as --sat (1).
c [w = 94] Encoding starts with w = 94:
c [w = 94] Symmetry breaking highest degree node is applied.
c [w = 94] Encoding duration: 3596 ms.
c [w = 94] Number of clauses: 5062677.
c [w = 94] Number of variables: 635015.
c [w = 94] SAT Solving starts:
c [Signal] Signal interruption. Caught signal: SIGTERM (15).
c [w = 89] Start task in PID: 93224.
c [w = 89] Cyclic Antibandwidth problem with w = 89 (P-can__445.mtx.rnd):
c [w = 89] Initializing CaDiCaL (version 2.2.1).
c [w = 89] Configuring CaDiCaL as --sat (1).
c [w = 89] Encoding starts with w = 89:
c [w = 89] Symmetry breaking highest degree node is applied.
c [w = 89] Encoding duration: 3284 ms.
c [w = 89] Number of clauses: 5027077.
c [w = 89] Number of variables: 623890.
c [w = 89] SAT Solving starts:
c [Signal] Signal interruption. Caught signal: SIGTERM (15).
c [w = 100] Start task in PID: 93220.
c [w = 100] Cyclic Antibandwidth problem with w = 100 (P-can__445.mtx.rnd):
c [w = 100] Initializing CaDiCaL (version 2.2.1).
c [w = 100] Configuring CaDiCaL as --sat (1).
c [w = 100] Encoding starts with w = 100:
c [w = 100] Symmetry breaking highest degree node is applied.
c [w = 100] Encoding duration: 3447 ms.
c [w = 100] Number of clauses: 5105397.
c [w = 100] Number of variables: 648365.
c [w = 100] SAT Solving starts:
c [Signal] Signal interruption. Caught signal: SIGTERM (15).
c [w = 87] Start task in PID: 94268.
c [w = 87] Cyclic Antibandwidth problem with w = 87 (P-can__445.mtx.rnd):
c [w = 87] Initializing CaDiCaL (version 2.2.1).
c [w = 87] Configuring CaDiCaL as --sat (1).
c [w = 87] Encoding starts with w = 87:
c [w = 87] Symmetry breaking highest degree node is applied.
c [w = 87] Encoding duration: 3679 ms.
c [w = 87] Number of clauses: 5122601.
c [w = 87] Number of variables: 656820.
c [w = 87] SAT Solving starts:
c [Signal] Signal interruption. Caught signal: SIGTERM (15).
c [Main] Lim pid ends with result: 254.
c [Main] All children have completed.
r [Main] 
r [Main] Final results: 
r [Main] Max width SAT:  	84.
r [Main] Min width UNSAT:	-.
r [Main] Total real time: 1811989 ms.
r [Main] Total memory consumed: 12327.4 MB.
r [Main] 
c [w = 91] Start task in PID: 94271.
c [w = 91] Cyclic Antibandwidth problem with w = 91 (P-can__445.mtx.rnd):
c [w = 91] Initializing CaDiCaL (version 2.2.1).
c [w = 91] Configuring CaDiCaL as --sat (1).
c [w = 91] Encoding starts with w = 91:
c [w = 91] Symmetry breaking highest degree node is applied.
c [w = 91] Encoding duration: 3501 ms.
c [w = 91] Number of clauses: 5041317.
c [w = 91] Number of variables: 628340.
c [w = 91] SAT Solving starts:
c [Signal] Signal interruption. Caught signal: SIGTERM (15).
