c [Version] Cyclic Anti-bandwidth Encoder version 1.0.0.
c [Param] Real time limit is set to 1800.
c [Param] Memory limit is set to 30000.
c [Param] Worker count is set to 8.
c [Main] Encoding and solving for graph: Q-494_bus.mtx.rnd.
c [Main] Search strategy: Binary search from lower bound.
c [Main] Lower bound is set to 110.
c [Main] Upper bound is set to 246.
c [Main] Search order: 178 143 126 117 113 111 110 112 115 114 116 121 119 118 120 123 122 124 125 134 130 128 127 129 132 131 133 138 136 135 137 140 139 141 142 160 151 147 145 144 146 149 148 150 155 153 152 154 157 156 158 159 169 164 162 161 163 166 165 167 168 173 171 170 172 175 174 176 177 212 195 186 182 180 179 181 184 183 185 190 188 187 189 192 191 193 194 203 199 197 196 198 201 200 202 207 205 204 206 209 208 210 211 229 220 216 214 213 215 218 217 219 224 222 221 223 226 225 227 228 238 233 231 230 232 235 234 236 237 242 240 239 241 244 243 245 246.
c [w = 178] Start task in PID: 94294.
c [w = 178] Cyclic Antibandwidth problem with w = 178 (Q-494_bus.mtx.rnd):
c [w = 178] Initializing CaDiCaL (version 2.2.1).
c [w = 178] Configuring CaDiCaL as --sat (1).
c [w = 178] Encoding starts with w = 178:
c [w = 178] Symmetry breaking highest degree node is applied.
c [w = 178] Encoding duration: 2813 ms.
c [w = 178] Number of clauses: 3790375.
c [w = 178] Number of variables: 789906.
c [w = 178] SAT Solving starts:
c [w = 178] Solving duration: 13767 ms.
c [w = 178] Answer:
s [w = 178] UNSAT (w = 178).
c [w = 178] Result: 20.
c [Main] Min width UNSAT is set to 178
c [w = 126] Start task in PID: 94296.
c [w = 126] Cyclic Antibandwidth problem with w = 126 (Q-494_bus.mtx.rnd):
c [w = 126] Initializing CaDiCaL (version 2.2.1).
c [w = 126] Configuring CaDiCaL as --sat (1).
c [w = 126] Encoding starts with w = 126:
c [w = 126] Symmetry breaking highest degree node is applied.
c [w = 126] Encoding duration: 2720 ms.
c [w = 126] Number of clauses: 3715999.
c [w = 126] Number of variables: 773604.
c [w = 126] SAT Solving starts:
c [w = 126] Solving duration: 20423 ms.
c [w = 126] Answer:
s [w = 126] SAT (w = 126).
c [w = 126] Solution check = 126.
c [w = 126] The solution is correct.
c [w = 126] Result: 10.
c [Main] Max width SAT is set to 126.
c [Main] Kill lower pid 115.
c [Main] Kill lower pid 112.
c [Main] Kill lower pid 110.
c [Main] Kill lower pid 111.
c [Main] Kill lower pid 117.
c [Main] Kill lower pid 113.
c [w = 115] Start task in PID: 94307.
c [w = 115] Cyclic Antibandwidth problem with w = 115 (Q-494_bus.mtx.rnd):
c [w = 115] Initializing CaDiCaL (version 2.2.1).
c [w = 115] Configuring CaDiCaL as --sat (1).
c [w = 115] Encoding starts with w = 115:
c [w = 115] Symmetry breaking highest degree node is applied.
c [w = 115] Encoding duration: 2531 ms.
c [w = 115] Number of clauses: 3812053.
c [w = 115] Number of variables: 807196.
c [w = 115] SAT Solving starts:
c [Signal] Signal interruption. Caught signal: SIGTERM (15).
c [w = 110] Start task in PID: 94300.
c [w = 110] Cyclic Antibandwidth problem with w = 110 (Q-494_bus.mtx.rnd):
c [w = 110] Initializing CaDiCaL (version 2.2.1).
c [w = 110] Configuring CaDiCaL as --sat (1).
c [w = 110] Encoding starts with w = 110:
c [w = 110] Symmetry breaking highest degree node is applied.
c [w = 110] Encoding duration: 2795 ms.
c [w = 110] Number of clauses: 3772533.
c [w = 110] Number of variables: 794846.
c [w = 110] SAT Solving starts:
c [Signal] Signal interruption. Caught signal: SIGTERM (15).
c [w = 111] Start task in PID: 94299.
c [w = 111] Cyclic Antibandwidth problem with w = 111 (Q-494_bus.mtx.rnd):
c [w = 111] Initializing CaDiCaL (version 2.2.1).
c [w = 111] Configuring CaDiCaL as --sat (1).
c [w = 111] Encoding starts with w = 111:
c [w = 111] Symmetry breaking highest degree node is applied.
c [w = 111] Encoding duration: 2814 ms.
c [w = 111] Number of clauses: 3780437.
c [w = 111] Number of variables: 797316.
c [w = 111] SAT Solving starts:
c [Signal] Signal interruption. Caught signal: SIGTERM (15).
c [w = 112] Start task in PID: 94301.
c [w = 112] Cyclic Antibandwidth problem with w = 112 (Q-494_bus.mtx.rnd):
c [w = 112] Initializing CaDiCaL (version 2.2.1).
c [w = 112] Configuring CaDiCaL as --sat (1).
c [w = 112] Encoding starts with w = 112:
c [w = 112] Symmetry breaking highest degree node is applied.
c [w = 112] Encoding duration: 2784 ms.
c [w = 112] Number of clauses: 3788341.
c [w = 112] Number of variables: 799786.
c [w = 112] SAT Solving starts:
c [Signal] Signal interruption. Caught signal: SIGTERM (15).
c [w = 117] Start task in PID: 94297.
c [w = 117] Cyclic Antibandwidth problem with w = 117 (Q-494_bus.mtx.rnd):
c [w = 117] Initializing CaDiCaL (version 2.2.1).
c [w = 117] Configuring CaDiCaL as --sat (1).
c [w = 117] Encoding starts with w = 117:
c [w = 117] Symmetry breaking highest degree node is applied.
c [w = 117] Encoding duration: 2806 ms.
c [w = 117] Number of clauses: 3827861.
c [w = 117] Number of variables: 812136.
c [w = 117] SAT Solving starts:
c [Signal] Signal interruption. Caught signal: SIGTERM (15).
c [w = 113] Start task in PID: 94298.
c [w = 113] Cyclic Antibandwidth problem with w = 113 (Q-494_bus.mtx.rnd):
c [w = 113] Initializing CaDiCaL (version 2.2.1).
c [w = 113] Configuring CaDiCaL as --sat (1).
c [w = 113] Encoding starts with w = 113:
c [w = 113] Symmetry breaking highest degree node is applied.
c [w = 113] Encoding duration: 2817 ms.
c [w = 113] Number of clauses: 3796245.
c [w = 113] Number of variables: 802256.
c [w = 113] SAT Solving starts:
c [Signal] Signal interruption. Caught signal: SIGTERM (15).
c [Main] Child pid 112 - 94301 terminated by signal 15.
c [Main] Child pid 111 - 94299 terminated by signal 15.
c [Main] Child pid 115 - 94307 terminated by signal 15.
c [Main] Child pid 113 - 94298 terminated by signal 15.
c [Main] Child pid 117 - 94297 terminated by signal 15.
c [Main] Child pid 110 - 94300 terminated by signal 15.
c [w = 132] Start task in PID: 94314.
c [w = 132] Cyclic Antibandwidth problem with w = 132 (Q-494_bus.mtx.rnd):
c [w = 132] Initializing CaDiCaL (version 2.2.1).
c [w = 132] Configuring CaDiCaL as --sat (1).
c [w = 132] Encoding starts with w = 132:
c [w = 132] Symmetry breaking highest degree node is applied.
c [w = 132] Encoding duration: 2703 ms.
c [w = 132] Number of clauses: 3754531.
c [w = 132] Number of variables: 785460.
c [w = 132] SAT Solving starts:
c [w = 132] Solving duration: 20224 ms.
c [w = 132] Answer:
s [w = 132] SAT (w = 132).
c [w = 132] Solution check = 132.
c [w = 132] The solution is correct.
c [w = 132] Result: 10.
c [Main] Max width SAT is set to 132.
c [Main] Kill lower pid 131.
c [Main] Kill lower pid 129.
c [Main] Kill lower pid 127.
c [Main] Kill lower pid 128.
c [Main] Kill lower pid 130.
c [w = 131] Start task in PID: 94315.
c [w = 131] Cyclic Antibandwidth problem with w = 131 (Q-494_bus.mtx.rnd):
c [w = 131] Initializing CaDiCaL (version 2.2.1).
c [w = 131] Configuring CaDiCaL as --sat (1).
c [w = 131] Encoding starts with w = 131:
c [w = 131] Symmetry breaking highest degree node is applied.
c [w = 131] Encoding duration: 2685 ms.
c [w = 131] Number of clauses: 3748109.
c [w = 131] Number of variables: 783484.
c [w = 131] SAT Solving starts:
c [Signal] Signal interruption. Caught signal: SIGTERM (15).
c [w = 127] Start task in PID: 94312.
c [w = 127] Cyclic Antibandwidth problem with w = 127 (Q-494_bus.mtx.rnd):
c [w = 127] Initializing CaDiCaL (version 2.2.1).
c [w = 127] Configuring CaDiCaL as --sat (1).
c [w = 127] Encoding starts with w = 127:
c [w = 127] Symmetry breaking highest degree node is applied.
c [w = 127] Encoding duration: 2660 ms.
c [w = 127] Number of clauses: 3722421.
c [w = 127] Number of variables: 775580.
c [w = 127] SAT Solving starts:
c [Signal] Signal interruption. Caught signal: SIGTERM (15).
c [w = 128] Start task in PID: 94311.
c [w = 128] Cyclic Antibandwidth problem with w = 128 (Q-494_bus.mtx.rnd):
c [w = 128] Initializing CaDiCaL (version 2.2.1).
c [w = 128] Configuring CaDiCaL as --sat (1).
c [w = 128] Encoding starts with w = 128:
c [w = 128] Symmetry breaking highest degree node is applied.
c [w = 128] Encoding duration: 2675 ms.
c [w = 128] Number of clauses: 3728843.
c [w = 128] Number of variables: 777556.
c [w = 128] SAT Solving starts:
c [Signal] Signal interruption. Caught signal: SIGTERM (15).
c [w = 130] Start task in PID: 94310.
c [w = 130] Cyclic Antibandwidth problem with w = 130 (Q-494_bus.mtx.rnd):
c [w = 130] Initializing CaDiCaL (version 2.2.1).
c [w = 130] Configuring CaDiCaL as --sat (1).
c [w = 130] Encoding starts with w = 130:
c [w = 130] Symmetry breaking highest degree node is applied.
c [w = 130] Encoding duration: 2660 ms.
c [w = 130] Number of clauses: 3741687.
c [w = 130] Number of variables: 781508.
c [w = 130] SAT Solving starts:
c [Signal] Signal interruption. Caught signal: SIGTERM (15).
c [w = 129] Start task in PID: 94313.
c [w = 129] Cyclic Antibandwidth problem with w = 129 (Q-494_bus.mtx.rnd):
c [w = 129] Initializing CaDiCaL (version 2.2.1).
c [w = 129] Configuring CaDiCaL as --sat (1).
c [w = 129] Encoding starts with w = 129:
c [w = 129] Symmetry breaking highest degree node is applied.
c [w = 129] Encoding duration: 2670 ms.
c [w = 129] Number of clauses: 3735265.
c [w = 129] Number of variables: 779532.
c [w = 129] SAT Solving starts:
c [Signal] Signal interruption. Caught signal: SIGTERM (15).
c [Main] Child pid 130 - 94310 terminated by signal 15.
c [Main] Child pid 129 - 94313 terminated by signal 15.
c [Main] Child pid 127 - 94312 terminated by signal 15.
c [Main] Child pid 131 - 94315 terminated by signal 15.
c [Main] Child pid 128 - 94311 terminated by signal 15.
c [w = 134] Start task in PID: 94309.
c [w = 134] Cyclic Antibandwidth problem with w = 134 (Q-494_bus.mtx.rnd):
c [w = 134] Initializing CaDiCaL (version 2.2.1).
c [w = 134] Configuring CaDiCaL as --sat (1).
c [w = 134] Encoding starts with w = 134:
c [w = 134] Symmetry breaking highest degree node is applied.
c [w = 134] Encoding duration: 2567 ms.
c [w = 134] Number of clauses: 3767375.
c [w = 134] Number of variables: 789412.
c [w = 134] SAT Solving starts:
c [w = 134] Solving duration: 47158 ms.
c [w = 134] Answer:
s [w = 134] SAT (w = 134).
c [w = 134] Solution check = 134.
c [w = 134] The solution is correct.
c [w = 134] Result: 10.
c [Main] Max width SAT is set to 134.
c [Main] Kill lower pid 133.
c [w = 133] Start task in PID: 94318.
c [w = 133] Cyclic Antibandwidth problem with w = 133 (Q-494_bus.mtx.rnd):
c [w = 133] Initializing CaDiCaL (version 2.2.1).
c [w = 133] Configuring CaDiCaL as --sat (1).
c [w = 133] Encoding starts with w = 133:
c [w = 133] Symmetry breaking highest degree node is applied.
c [w = 133] Encoding duration: 2610 ms.
c [w = 133] Number of clauses: 3760953.
c [w = 133] Number of variables: 787436.
c [w = 133] SAT Solving starts:
c [Signal] Signal interruption. Caught signal: SIGTERM (15).
c [Main] Child pid 133 - 94318 terminated by signal 15.
c [w = 135] Start task in PID: 94321.
c [w = 135] Cyclic Antibandwidth problem with w = 135 (Q-494_bus.mtx.rnd):
c [w = 135] Initializing CaDiCaL (version 2.2.1).
c [w = 135] Configuring CaDiCaL as --sat (1).
c [w = 135] Encoding starts with w = 135:
c [w = 135] Symmetry breaking highest degree node is applied.
c [w = 135] Encoding duration: 2714 ms.
c [w = 135] Number of clauses: 3773797.
c [w = 135] Number of variables: 791388.
c [w = 135] SAT Solving starts:
c [w = 135] Solving duration: 47962 ms.
c [w = 135] Answer:
s [w = 135] SAT (w = 135).
c [w = 135] Solution check = 135.
c [w = 135] The solution is correct.
c [w = 135] Result: 10.
c [Main] Max width SAT is set to 135.
c [w = 136] Start task in PID: 94320.
c [w = 136] Cyclic Antibandwidth problem with w = 136 (Q-494_bus.mtx.rnd):
c [w = 136] Initializing CaDiCaL (version 2.2.1).
c [w = 136] Configuring CaDiCaL as --sat (1).
c [w = 136] Encoding starts with w = 136:
c [w = 136] Symmetry breaking highest degree node is applied.
c [w = 136] Encoding duration: 2707 ms.
c [w = 136] Number of clauses: 3780219.
c [w = 136] Number of variables: 793364.
c [w = 136] SAT Solving starts:
c [w = 136] Solving duration: 48368 ms.
c [w = 136] Answer:
s [w = 136] SAT (w = 136).
c [w = 136] Solution check = 136.
c [w = 136] The solution is correct.
c [w = 136] Result: 10.
c [Main] Max width SAT is set to 136.
c [w = 141] Start task in PID: 94331.
c [w = 141] Cyclic Antibandwidth problem with w = 141 (Q-494_bus.mtx.rnd):
c [w = 141] Initializing CaDiCaL (version 2.2.1).
c [w = 141] Configuring CaDiCaL as --sat (1).
c [w = 141] Encoding starts with w = 141:
c [w = 141] Symmetry breaking highest degree node is applied.
c [w = 141] Encoding duration: 2757 ms.
c [w = 141] Number of clauses: 3812329.
c [w = 141] Number of variables: 803244.
c [w = 141] SAT Solving starts:
c [w = 141] Solving duration: 54205 ms.
c [w = 141] Answer:
s [w = 141] SAT (w = 141).
c [w = 141] Solution check = 141.
c [w = 141] The solution is correct.
c [w = 141] Result: 10.
c [Main] Max width SAT is set to 141.
c [Main] Kill lower pid 139.
c [Main] Kill lower pid 140.
c [Main] Kill lower pid 137.
c [Main] Kill lower pid 138.
c [w = 139] Start task in PID: 94330.
c [w = 139] Cyclic Antibandwidth problem with w = 139 (Q-494_bus.mtx.rnd):
c [w = 139] Initializing CaDiCaL (version 2.2.1).
c [w = 139] Configuring CaDiCaL as --sat (1).
c [w = 139] Encoding starts with w = 139:
c [w = 139] Symmetry breaking highest degree node is applied.
c [w = 139] Encoding duration: 2757 ms.
c [w = 139] Number of clauses: 3799485.
c [w = 139] Number of variables: 799292.
c [w = 139] SAT Solving starts:
c [Signal] Signal interruption. Caught signal: SIGTERM (15).
c [w = 140] Start task in PID: 94323.
c [w = 140] Cyclic Antibandwidth problem with w = 140 (Q-494_bus.mtx.rnd):
c [w = 140] Initializing CaDiCaL (version 2.2.1).
c [w = 140] Configuring CaDiCaL as --sat (1).
c [w = 140] Encoding starts with w = 140:
c [w = 140] Symmetry breaking highest degree node is applied.
c [w = 140] Encoding duration: 2753 ms.
c [w = 140] Number of clauses: 3805907.
c [w = 140] Number of variables: 801268.
c [w = 140] SAT Solving starts:
c [Signal] Signal interruption. Caught signal: SIGTERM (15).
c [w = 137] Start task in PID: 94322.
c [w = 137] Cyclic Antibandwidth problem with w = 137 (Q-494_bus.mtx.rnd):
c [w = 137] Initializing CaDiCaL (version 2.2.1).
c [w = 137] Configuring CaDiCaL as --sat (1).
c [w = 137] Encoding starts with w = 137:
c [w = 137] Symmetry breaking highest degree node is applied.
c [w = 137] Encoding duration: 2542 ms.
c [w = 137] Number of clauses: 3786641.
c [w = 137] Number of variables: 795340.
c [w = 137] SAT Solving starts:
c [Signal] Signal interruption. Caught signal: SIGTERM (15).
c [w = 138] Start task in PID: 94319.
c [w = 138] Cyclic Antibandwidth problem with w = 138 (Q-494_bus.mtx.rnd):
c [w = 138] Initializing CaDiCaL (version 2.2.1).
c [w = 138] Configuring CaDiCaL as --sat (1).
c [w = 138] Encoding starts with w = 138:
c [w = 138] Symmetry breaking highest degree node is applied.
c [w = 138] Encoding duration: 2737 ms.
c [w = 138] Number of clauses: 3793063.
c [w = 138] Number of variables: 797316.
c [w = 138] SAT Solving starts:
c [Signal] Signal interruption. Caught signal: SIGTERM (15).
c [Main] Child pid 138 - 94319 terminated by signal 15.
c [Main] Child pid 140 - 94323 terminated by signal 15.
c [Main] Child pid 137 - 94322 terminated by signal 15.
c [Main] Child pid 139 - 94330 terminated by signal 15.
c [w = 142] Start task in PID: 94334.
c [w = 142] Cyclic Antibandwidth problem with w = 142 (Q-494_bus.mtx.rnd):
c [w = 142] Initializing CaDiCaL (version 2.2.1).
c [w = 142] Configuring CaDiCaL as --sat (1).
c [w = 142] Encoding starts with w = 142:
c [w = 142] Symmetry breaking highest degree node is applied.
c [w = 142] Encoding duration: 2613 ms.
c [w = 142] Number of clauses: 3818751.
c [w = 142] Number of variables: 805220.
c [w = 142] SAT Solving starts:
c [w = 142] Solving duration: 50201 ms.
c [w = 142] Answer:
s [w = 142] SAT (w = 142).
c [w = 142] Solution check = 142.
c [w = 142] The solution is correct.
c [w = 142] Result: 10.
c [Main] Max width SAT is set to 142.
c [w = 144] Start task in PID: 94346.
c [w = 144] Cyclic Antibandwidth problem with w = 144 (Q-494_bus.mtx.rnd):
c [w = 144] Initializing CaDiCaL (version 2.2.1).
c [w = 144] Configuring CaDiCaL as --sat (1).
c [w = 144] Encoding starts with w = 144:
c [w = 144] Symmetry breaking highest degree node is applied.
c [w = 144] Encoding duration: 2759 ms.
c [w = 144] Number of clauses: 3831595.
c [w = 144] Number of variables: 809172.
c [w = 144] SAT Solving starts:
c [w = 144] Solving duration: 17190 ms.
c [w = 144] Answer:
s [w = 144] SAT (w = 144).
c [w = 144] Solution check = 144.
c [w = 144] The solution is correct.
c [w = 144] Result: 10.
c [Main] Max width SAT is set to 144.
c [Main] Kill lower pid 143.
c [w = 143] Start task in PID: 94295.
c [w = 143] Cyclic Antibandwidth problem with w = 143 (Q-494_bus.mtx.rnd):
c [w = 143] Initializing CaDiCaL (version 2.2.1).
c [w = 143] Configuring CaDiCaL as --sat (1).
c [w = 143] Encoding starts with w = 143:
c [w = 143] Symmetry breaking highest degree node is applied.
c [w = 143] Encoding duration: 2835 ms.
c [w = 143] Number of clauses: 3825173.
c [w = 143] Number of variables: 807196.
c [w = 143] SAT Solving starts:
c [Signal] Signal interruption. Caught signal: SIGTERM (15).
c [Main] Child pid 143 - 94295 terminated by signal 15.
c [w = 151] Start task in PID: 94343.
c [w = 151] Cyclic Antibandwidth problem with w = 151 (Q-494_bus.mtx.rnd):
c [w = 151] Initializing CaDiCaL (version 2.2.1).
c [w = 151] Configuring CaDiCaL as --sat (1).
c [w = 151] Encoding starts with w = 151:
c [w = 151] Symmetry breaking highest degree node is applied.
c [w = 151] Encoding duration: 2825 ms.
c [w = 151] Number of clauses: 3876549.
c [w = 151] Number of variables: 823004.
c [w = 151] SAT Solving starts:
c [w = 151] Solving duration: 50238 ms.
c [w = 151] Answer:
s [w = 151] SAT (w = 151).
c [w = 151] Solution check = 151.
c [w = 151] The solution is correct.
c [w = 151] Result: 10.
c [Main] Max width SAT is set to 151.
c [Main] Kill lower pid 150.
c [Main] Kill lower pid 148.
c [Main] Kill lower pid 149.
c [Main] Kill lower pid 146.
c [Main] Kill lower pid 145.
c [Main] Kill lower pid 147.
c [w = 149] Start task in PID: 94350.
c [w = 149] Cyclic Antibandwidth problem with w = 149 (Q-494_bus.mtx.rnd):
c [w = 149] Initializing CaDiCaL (version 2.2.1).
c [w = 149] Configuring CaDiCaL as --sat (1).
c [w = 149] Encoding starts with w = 149:
c [w = 149] Symmetry breaking highest degree node is applied.
c [w = 149] Encoding duration: 2613 ms.
c [w = 149] Number of clauses: 3863705.
c [w = 149] Number of variables: 819052.
c [w = 149] SAT Solving starts:
c [Signal] Signal interruption. Caught signal: SIGTERM (15).
c [w = 150] Start task in PID: 94352.
c [w = 150] Cyclic Antibandwidth problem with w = 150 (Q-494_bus.mtx.rnd):
c [w = 150] Initializing CaDiCaL (version 2.2.1).
c [w = 150] Configuring CaDiCaL as --sat (1).
c [w = 150] Encoding starts with w = 150:
c [w = 150] Symmetry breaking highest degree node is applied.
c [w = 150] Encoding duration: 2624 ms.
c [w = 150] Number of clauses: 3870127.
c [w = 150] Number of variables: 821028.
c [w = 150] SAT Solving starts:
c [Signal] Signal interruption. Caught signal: SIGTERM (15).
c [w = 148] Start task in PID: 94351.
c [w = 148] Cyclic Antibandwidth problem with w = 148 (Q-494_bus.mtx.rnd):
c [w = 148] Initializing CaDiCaL (version 2.2.1).
c [w = 148] Configuring CaDiCaL as --sat (1).
c [w = 148] Encoding starts with w = 148:
c [w = 148] Symmetry breaking highest degree node is applied.
c [w = 148] Encoding duration: 2612 ms.
c [w = 148] Number of clauses: 3857283.
c [w = 148] Number of variables: 817076.
c [w = 148] SAT Solving starts:
c [Signal] Signal interruption. Caught signal: SIGTERM (15).
c [w = 147] Start task in PID: 94344.
c [w = 147] Cyclic Antibandwidth problem with w = 147 (Q-494_bus.mtx.rnd):
c [w = 147] Initializing CaDiCaL (version 2.2.1).
c [w = 147] Configuring CaDiCaL as --sat (1).
c [w = 147] Encoding starts with w = 147:
c [w = 147] Symmetry breaking highest degree node is applied.
c [w = 147] Encoding duration: 2799 ms.
c [w = 147] Number of clauses: 3850861.
c [w = 147] Number of variables: 815100.
c [w = 147] SAT Solving starts:
c [Signal] Signal interruption. Caught signal: SIGTERM (15).
c [w = 145] Start task in PID: 94345.
c [w = 145] Cyclic Antibandwidth problem with w = 145 (Q-494_bus.mtx.rnd):
c [w = 145] Initializing CaDiCaL (version 2.2.1).
c [w = 145] Configuring CaDiCaL as --sat (1).
c [w = 145] Encoding starts with w = 145:
c [w = 145] Symmetry breaking highest degree node is applied.
c [w = 145] Encoding duration: 2573 ms.
c [w = 145] Number of clauses: 3838017.
c [w = 145] Number of variables: 811148.
c [w = 145] SAT Solving starts:
c [Signal] Signal interruption. Caught signal: SIGTERM (15).
c [w = 146] Start task in PID: 94347.
c [w = 146] Cyclic Antibandwidth problem with w = 146 (Q-494_bus.mtx.rnd):
c [w = 146] Initializing CaDiCaL (version 2.2.1).
c [w = 146] Configuring CaDiCaL as --sat (1).
c [w = 146] Encoding starts with w = 146:
c [w = 146] Symmetry breaking highest degree node is applied.
c [w = 146] Encoding duration: 2748 ms.
c [w = 146] Number of clauses: 3844439.
c [w = 146] Number of variables: 813124.
c [w = 146] SAT Solving starts:
c [Signal] Signal interruption. Caught signal: SIGTERM (15).
c [Main] Child pid 146 - 94347 terminated by signal 15.
c [Main] Child pid 145 - 94345 terminated by signal 15.
c [Main] Child pid 150 - 94352 terminated by signal 15.
c [Main] Child pid 149 - 94350 terminated by signal 15.
c [Main] Child pid 147 - 94344 terminated by signal 15.
c [Main] Child pid 148 - 94351 terminated by signal 15.
c [w = 160] Start task in PID: 94335.
c [w = 160] Cyclic Antibandwidth problem with w = 160 (Q-494_bus.mtx.rnd):
c [w = 160] Initializing CaDiCaL (version 2.2.1).
c [w = 160] Configuring CaDiCaL as --sat (1).
c [w = 160] Encoding starts with w = 160:
c [w = 160] Symmetry breaking highest degree node is applied.
c [w = 160] Encoding duration: 2730 ms.
c [w = 160] Number of clauses: 3934347.
c [w = 160] Number of variables: 840788.
c [w = 160] SAT Solving starts:
c [w = 160] Solving duration: 161185 ms.
c [w = 160] Answer:
s [w = 160] SAT (w = 160).
c [w = 160] Solution check = 160.
c [w = 160] The solution is correct.
c [w = 160] Result: 10.
c [w = 157] Start task in PID: 94360.
c [w = 157] Cyclic Antibandwidth problem with w = 157 (Q-494_bus.mtx.rnd):
c [w = 157] Initializing CaDiCaL (version 2.2.1).
c [w = 157] Configuring CaDiCaL as --sat (1).
c [w = 157] Encoding starts with w = 157:
c [w = 157] Symmetry breaking highest degree node is applied.
c [w = 157] Encoding duration: 2833 ms.
c [w = 157] Number of clauses: 3915081.
c [w = 157] Number of variables: 834860.
c [w = 157] SAT Solving starts:
c [Signal] Signal interruption. Caught signal: SIGTERM (15).
c [w = 156] Start task in PID: 94361.
c [w = 156] Cyclic Antibandwidth problem with w = 156 (Q-494_bus.mtx.rnd):
c [w = 156] Initializing CaDiCaL (version 2.2.1).
c [w = 156] Configuring CaDiCaL as --sat (1).
c [w = 156] Encoding starts with w = 156:
c [w = 156] Symmetry breaking highest degree node is applied.
c [w = 156] Encoding duration: 2849 ms.
c [w = 156] Number of clauses: 3908659.
c [w = 156] Number of variables: 832884.
c [w = 156] SAT Solving starts:
c [Signal] Signal interruption. Caught signal: SIGTERM (15).
c [Main] Max width SAT is set to 160.
c [Main] Kill lower pid 158.
c [Main] Kill lower pid 156.
c [Main] Kill lower pid 157.
c [Main] Kill lower pid 154.
c [Main] Kill lower pid 152.
c [Main] Kill lower pid 153.
c [Main] Kill lower pid 155.
c [w = 154] Start task in PID: 94359.
c [w = 154] Cyclic Antibandwidth problem with w = 154 (Q-494_bus.mtx.rnd):
c [w = 154] Initializing CaDiCaL (version 2.2.1).
c [w = 154] Configuring CaDiCaL as --sat (1).
c [w = 154] Encoding starts with w = 154:
c [w = 154] Symmetry breaking highest degree node is applied.
c [w = 154] Encoding duration: 2815 ms.
c [w = 154] Number of clauses: 3895815.
c [w = 154] Number of variables: 828932.
c [w = 154] SAT Solving starts:
c [Signal] Signal interruption. Caught signal: SIGTERM (15).
c [w = 158] Start task in PID: 94362.
c [w = 158] Cyclic Antibandwidth problem with w = 158 (Q-494_bus.mtx.rnd):
c [w = 158] Initializing CaDiCaL (version 2.2.1).
c [w = 158] Configuring CaDiCaL as --sat (1).
c [w = 158] Encoding starts with w = 158:
c [w = 158] Symmetry breaking highest degree node is applied.
c [w = 158] Encoding duration: 2846 ms.
c [w = 158] Number of clauses: 3921503.
c [w = 158] Number of variables: 836836.
c [w = 158] SAT Solving starts:
c [Signal] Signal interruption. Caught signal: SIGTERM (15).
c [w = 152] Start task in PID: 94358.
c [w = 152] Cyclic Antibandwidth problem with w = 152 (Q-494_bus.mtx.rnd):
c [w = 152] Initializing CaDiCaL (version 2.2.1).
c [w = 152] Configuring CaDiCaL as --sat (1).
c [w = 152] Encoding starts with w = 152:
c [w = 152] Symmetry breaking highest degree node is applied.
c [w = 152] Encoding duration: 2788 ms.
c [w = 152] Number of clauses: 3882971.
c [w = 152] Number of variables: 824980.
c [w = 152] SAT Solving starts:
c [Signal] Signal interruption. Caught signal: SIGTERM (15).
c [w = 153] Start task in PID: 94357.
c [w = 153] Cyclic Antibandwidth problem with w = 153 (Q-494_bus.mtx.rnd):
c [w = 153] Initializing CaDiCaL (version 2.2.1).
c [w = 153] Configuring CaDiCaL as --sat (1).
c [w = 153] Encoding starts with w = 153:
c [w = 153] Symmetry breaking highest degree node is applied.
c [w = 153] Encoding duration: 2795 ms.
c [w = 153] Number of clauses: 3889393.
c [w = 153] Number of variables: 826956.
c [w = 153] SAT Solving starts:
c [Signal] Signal interruption. Caught signal: SIGTERM (15).
c [w = 155] Start task in PID: 94356.
c [w = 155] Cyclic Antibandwidth problem with w = 155 (Q-494_bus.mtx.rnd):
c [w = 155] Initializing CaDiCaL (version 2.2.1).
c [w = 155] Configuring CaDiCaL as --sat (1).
c [w = 155] Encoding starts with w = 155:
c [w = 155] Symmetry breaking highest degree node is applied.
c [w = 155] Encoding duration: 2679 ms.
c [w = 155] Number of clauses: 3902237.
c [w = 155] Number of variables: 830908.
c [w = 155] SAT Solving starts:
c [Signal] Signal interruption. Caught signal: SIGTERM (15).
c [Main] Child pid 152 - 94358 terminated by signal 15.
c [Main] Child pid 153 - 94357 terminated by signal 15.
c [Main] Child pid 154 - 94359 terminated by signal 15.
c [Main] Child pid 158 - 94362 terminated by signal 15.
c [Main] Child pid 156 - 94361 terminated by signal 15.
c [Main] Child pid 155 - 94356 terminated by signal 15.
c [Main] Child pid 157 - 94360 terminated by signal 15.
c [w = 166] Start task in PID: 94385.
c [w = 166] Cyclic Antibandwidth problem with w = 166 (Q-494_bus.mtx.rnd):
c [w = 166] Initializing CaDiCaL (version 2.2.1).
c [w = 166] Configuring CaDiCaL as --sat (1).
c [w = 166] Encoding starts with w = 166:
c [w = 166] Symmetry breaking highest degree node is applied.
c [w = 166] Encoding duration: 2665 ms.
c [w = 166] Number of clauses: 3731095.
c [w = 166] Number of variables: 772122.
c [w = 166] SAT Solving starts:
c [w = 166] Solving duration: 13037 ms.
c [w = 166] Answer:
s [w = 166] UNSAT (w = 166).
c [w = 166] Result: 20.
c [Main] Min width UNSAT is set to 166
c [Main] Kill higher pid 167.
c [Main] Kill higher pid 169.
c [w = 169] Start task in PID: 94380.
c [w = 169] Cyclic Antibandwidth problem with w = 169 (Q-494_bus.mtx.rnd):
c [w = 169] Initializing CaDiCaL (version 2.2.1).
c [w = 169] Configuring CaDiCaL as --sat (1).
c [w = 169] Encoding starts with w = 169:
c [w = 169] Symmetry breaking highest degree node is applied.
c [w = 169] Encoding duration: 2722 ms.
c [w = 169] Number of clauses: 3745915.
c [w = 169] Number of variables: 776568.
c [w = 169] SAT Solving starts:
c [Signal] Signal interruption. Caught signal: SIGTERM (15).
c [w = 167] Start task in PID: 94387.
c [w = 167] Cyclic Antibandwidth problem with w = 167 (Q-494_bus.mtx.rnd):
c [w = 167] Initializing CaDiCaL (version 2.2.1).
c [w = 167] Configuring CaDiCaL as --sat (1).
c [w = 167] Encoding starts with w = 167:
c [w = 167] Symmetry breaking highest degree node is applied.
c [w = 167] Encoding duration: 2673 ms.
c [w = 167] Number of clauses: 3736035.
c [w = 167] Number of variables: 773604.
c [w = 167] SAT Solving starts:
c [w = 167] Solving duration: 13162 ms.
c [w = 167] Answer:
s [w = 167] UNSAT (w = 167).
c [Signal] Signal interruption. Caught signal: SIGTERM (15).
c [Main] Child pid 169 - 94380 terminated by signal 15.
c [Main] Child pid 167 - 94387 terminated by signal 15.
c [w = 165] Start task in PID: 94386.
c [w = 165] Cyclic Antibandwidth problem with w = 165 (Q-494_bus.mtx.rnd):
c [w = 165] Initializing CaDiCaL (version 2.2.1).
c [w = 165] Configuring CaDiCaL as --sat (1).
c [w = 165] Encoding starts with w = 165:
c [w = 165] Symmetry breaking highest degree node is applied.
c [w = 165] Encoding duration: 2674 ms.
c [w = 165] Number of clauses: 3726155.
c [w = 165] Number of variables: 770640.
c [w = 165] SAT Solving starts:
c [w = 165] Solving duration: 13830 ms.
c [w = 165] Answer:
s [w = 165] UNSAT (w = 165).
c [w = 165] Result: 20.
c [Main] Min width UNSAT is set to 165
c [w = 163] Start task in PID: 94384.
c [w = 163] Cyclic Antibandwidth problem with w = 163 (Q-494_bus.mtx.rnd):
c [w = 163] Initializing CaDiCaL (version 2.2.1).
c [w = 163] Configuring CaDiCaL as --sat (1).
c [w = 163] Encoding starts with w = 163:
c [w = 163] Symmetry breaking highest degree node is applied.
c [w = 163] Encoding duration: 2838 ms.
c [w = 163] Number of clauses: 3953613.
c [w = 163] Number of variables: 846716.
c [w = 163] SAT Solving starts:
c [w = 163] Solving duration: 107772 ms.
c [w = 163] Answer:
s [w = 163] SAT (w = 163).
c [w = 163] Solution check = 163.
c [w = 163] The solution is correct.
c [w = 163] Result: 10.
c [Main] Max width SAT is set to 163.
c [Main] Kill lower pid 161.
c [Main] Kill lower pid 162.
c [w = 161] Start task in PID: 94383.
c [w = 161] Cyclic Antibandwidth problem with w = 161 (Q-494_bus.mtx.rnd):
c [w = 161] Initializing CaDiCaL (version 2.2.1).
c [w = 161] Configuring CaDiCaL as --sat (1).
c [w = 161] Encoding starts with w = 161:
c [w = 161] Symmetry breaking highest degree node is applied.
c [w = 161] Encoding duration: 2849 ms.
c [w = 161] Number of clauses: 3940769.
c [w = 161] Number of variables: 842764.
c [w = 161] SAT Solving starts:
c [Signal] Signal interruption. Caught signal: SIGTERM (15).
c [w = 162] Start task in PID: 94382.
c [w = 162] Cyclic Antibandwidth problem with w = 162 (Q-494_bus.mtx.rnd):
c [w = 162] Initializing CaDiCaL (version 2.2.1).
c [w = 162] Configuring CaDiCaL as --sat (1).
c [w = 162] Encoding starts with w = 162:
c [w = 162] Symmetry breaking highest degree node is applied.
c [w = 162] Encoding duration: 2852 ms.
c [w = 162] Number of clauses: 3947191.
c [w = 162] Number of variables: 844740.
c [w = 162] SAT Solving starts:
c [Signal] Signal interruption. Caught signal: SIGTERM (15).
c [Main] Child pid 161 - 94383 terminated by signal 15.
c [Main] Child pid 162 - 94382 terminated by signal 15.
c [w = 164] Start task in PID: 94381.
c [w = 164] Cyclic Antibandwidth problem with w = 164 (Q-494_bus.mtx.rnd):
c [w = 164] Initializing CaDiCaL (version 2.2.1).
c [w = 164] Configuring CaDiCaL as --sat (1).
c [w = 164] Encoding starts with w = 164:
c [w = 164] Symmetry breaking highest degree node is applied.
c [w = 164] Encoding duration: 2847 ms.
c [w = 164] Number of clauses: 3960035.
c [w = 164] Number of variables: 848692.
c [w = 164] SAT Solving starts:
c [w = 164] Solving duration: 116471 ms.
c [w = 164] Answer:
s [w = 164] SAT (w = 164).
c [w = 164] Solution check = 164.
c [w = 164] The solution is correct.
c [w = 164] Result: 10.
c [Main] Max width SAT is set to 164.
c [Main] All children have completed.
r [Main] 
r [Main] Final results: 
r [Main] Max width SAT:  	164.
r [Main] Min width UNSAT:	165.
r [Main] Total real time: 385780 ms.
r [Main] Total memory consumed: 11091.4 MB.
r [Main] 
c [Signal] Signal interruption. Caught signal: SIGTERM (15).
