c [Version] Cyclic Anti-bandwidth Encoder version 1.0.0.
c [Param] Real time limit is set to 1800.
c [Param] Memory limit is set to 30000.
c [Param] Worker count is set to 8.
c [Main] Encoding and solving for graph: R-dwt__503.mtx.rnd.
c [Main] Search strategy: Binary search from lower bound.
c [Main] Lower bound is set to 23.
c [Main] Upper bound is set to 71.
c [Main] Search order: 47 34 28 25 23 24 26 27 31 29 30 32 33 40 37 35 36 38 39 43 41 42 45 44 46 59 53 50 48 49 51 52 56 54 55 57 58 65 62 60 61 63 64 68 66 67 70 69 71.
c [w = 24] Start task in PID: 94845.
c [w = 24] Cyclic Antibandwidth problem with w = 24 (R-dwt__503.mtx.rnd):
c [w = 24] Initializing CaDiCaL (version 2.2.1).
c [w = 24] Configuring CaDiCaL as --sat (1).
c [w = 24] Encoding starts with w = 24:
c [w = 24] Symmetry breaking highest degree node is applied.
c [w = 24] Encoding duration: 5941 ms.
c [w = 24] Number of clauses: 8009552.
c [w = 24] Number of variables: 771099.
c [w = 24] SAT Solving starts:
c [w = 24] Solving duration: 23154 ms.
c [w = 24] Answer:
s [w = 24] SAT (w = 24).
c [w = 24] Solution check = 24.
c [w = 24] The solution is correct.
c [w = 24] Result: 10.
c [w = 25] Start task in PID: 94843.
c [w = 25] Cyclic Antibandwidth problem with w = 25 (R-dwt__503.mtx.rnd):
c [w = 25] Initializing CaDiCaL (version 2.2.1).
c [w = 25] Configuring CaDiCaL as --sat (1).
c [w = 25] Encoding starts with w = 25:
c [w = 25] Symmetry breaking highest degree node is applied.
c [w = 25] Encoding duration: 5928 ms.
c [w = 25] Number of clauses: 8041744.
c [w = 25] Number of variables: 781662.
c [w = 25] SAT Solving starts:
c [w = 25] Solving duration: 23217 ms.
c [w = 25] Answer:
s [w = 25] SAT (w = 25).
c [w = 25] Solution check = 25.
c [w = 25] The solution is correct.
c [w = 25] Result: 10.
c [Main] Max width SAT is set to 24.
c [Main] Kill lower pid 23.
c [w = 23] Start task in PID: 94844.
c [w = 23] Cyclic Antibandwidth problem with w = 23 (R-dwt__503.mtx.rnd):
c [w = 23] Initializing CaDiCaL (version 2.2.1).
c [w = 23] Configuring CaDiCaL as --sat (1).
c [w = 23] Encoding starts with w = 23:
c [w = 23] Symmetry breaking highest degree node is applied.
c [w = 23] Encoding duration: 5895 ms.
c [w = 23] Number of clauses: 8010320.
c [w = 23] Number of variables: 770596.
c [w = 23] SAT Solving starts:
c [w = 23] Solving duration: 23985 ms.
c [w = 23] Answer:
s [w = 23] SAT (w = 23).
c [w = 23] Solution check = 23.
c [w = 23] The solution is correct.
c [Signal] Signal interruption. Caught signal: SIGTERM (15).
c [Main] Max width SAT is set to 25.
c [Main] Kill lower pid 23.
c [Main] Child pid 23 - 94844 terminated by signal 15.
c [w = 28] Start task in PID: 94842.
c [w = 28] Cyclic Antibandwidth problem with w = 28 (R-dwt__503.mtx.rnd):
c [w = 28] Initializing CaDiCaL (version 2.2.1).
c [w = 28] Configuring CaDiCaL as --sat (1).
c [w = 28] Encoding starts with w = 28:
c [w = 28] Symmetry breaking highest degree node is applied.
c [w = 28] Encoding duration: 5899 ms.
c [w = 28] Number of clauses: 8019823.
c [w = 28] Number of variables: 775626.
c [w = 28] SAT Solving starts:
c [w = 28] Solving duration: 23772 ms.
c [w = 28] Answer:
s [w = 28] SAT (w = 28).
c [w = 28] Solution check = 28.
c [w = 28] The solution is correct.
c [w = 28] Result: 10.
c [Main] Max width SAT is set to 28.
c [Main] Kill lower pid 27.
c [Main] Kill lower pid 26.
c [w = 27] Start task in PID: 94847.
c [w = 27] Cyclic Antibandwidth problem with w = 27 (R-dwt__503.mtx.rnd):
c [w = 27] Initializing CaDiCaL (version 2.2.1).
c [w = 27] Configuring CaDiCaL as --sat (1).
c [w = 27] Encoding starts with w = 27:
c [w = 27] Symmetry breaking highest degree node is applied.
c [w = 27] Encoding duration: 5936 ms.
c [w = 27] Number of clauses: 8029645.
c [w = 27] Number of variables: 778644.
c [w = 27] SAT Solving starts:
c [w = 27] Solving duration: 24471 ms.
c [w = 27] Answer:
s [w = 27] SAT (w = 27).
c [w = 27] Solution check = 27.
c [w = 27] The solution is correct.
c [Signal] Signal interruption. Caught signal: SIGTERM (15).
c [w = 26] Start task in PID: 94846.
c [w = 26] Cyclic Antibandwidth problem with w = 26 (R-dwt__503.mtx.rnd):
c [w = 26] Initializing CaDiCaL (version 2.2.1).
c [w = 26] Configuring CaDiCaL as --sat (1).
c [w = 26] Encoding starts with w = 26:
c [w = 26] Symmetry breaking highest degree node is applied.
c [w = 26] Encoding duration: 5958 ms.
c [w = 26] Number of clauses: 8036952.
c [w = 26] Number of variables: 780656.
c [w = 26] SAT Solving starts:
c [w = 26] Solving duration: 24584 ms.
c [w = 26] Answer:
s [w = 26] SAT (w = 26).
c [w = 26] Solution check = 26.
c [w = 26] The solution is correct.
c [Signal] Signal interruption. Caught signal: SIGTERM (15).
c [Main] Child pid 26 - 94846 terminated by signal 15.
c [Main] Child pid 27 - 94847 terminated by signal 15.
c [w = 34] Start task in PID: 94841.
c [w = 34] Cyclic Antibandwidth problem with w = 34 (R-dwt__503.mtx.rnd):
c [w = 34] Initializing CaDiCaL (version 2.2.1).
c [w = 34] Configuring CaDiCaL as --sat (1).
c [w = 34] Encoding starts with w = 34:
c [w = 34] Symmetry breaking highest degree node is applied.
c [w = 34] Encoding duration: 5941 ms.
c [w = 34] Number of clauses: 8044681.
c [w = 34] Number of variables: 783171.
c [w = 34] SAT Solving starts:
c [w = 34] Solving duration: 25390 ms.
c [w = 34] Answer:
s [w = 34] SAT (w = 34).
c [w = 34] Solution check = 34.
c [w = 34] The solution is correct.
c [w = 34] Result: 10.
c [w = 33] Start task in PID: 94855.
c [w = 33] Cyclic Antibandwidth problem with w = 33 (R-dwt__503.mtx.rnd):
c [w = 33] Initializing CaDiCaL (version 2.2.1).
c [w = 33] Configuring CaDiCaL as --sat (1).
c [w = 33] Encoding starts with w = 33:
c [w = 33] Symmetry breaking highest degree node is applied.
c [Signal] Signal interruption. Caught signal: SIGTERM (15).
c [Main] Max width SAT is set to 34.
c [Main] Kill lower pid 33.
c [Main] Kill lower pid 32.
c [Main] Kill lower pid 30.
c [Main] Kill lower pid 29.
c [Main] Kill lower pid 31.
c [w = 30] Start task in PID: 94853.
c [w = 30] Cyclic Antibandwidth problem with w = 30 (R-dwt__503.mtx.rnd):
c [w = 30] Initializing CaDiCaL (version 2.2.1).
c [w = 30] Configuring CaDiCaL as --sat (1).
c [w = 30] Encoding starts with w = 30:
c [w = 30] Symmetry breaking highest degree node is applied.
c [Signal] Signal interruption. Caught signal: SIGTERM (15).
c [w = 32] Start task in PID: 94854.
c [w = 32] Cyclic Antibandwidth problem with w = 32 (R-dwt__503.mtx.rnd):
c [w = 32] Initializing CaDiCaL (version 2.2.1).
c [w = 32] Configuring CaDiCaL as --sat (1).
c [w = 32] Encoding starts with w = 32:
c [w = 32] Symmetry breaking highest degree node is applied.
c [Signal] Signal interruption. Caught signal: SIGTERM (15).
c [w = 31] Start task in PID: 94851.
c [w = 31] Cyclic Antibandwidth problem with w = 31 (R-dwt__503.mtx.rnd):
c [w = 31] Initializing CaDiCaL (version 2.2.1).
c [w = 31] Configuring CaDiCaL as --sat (1).
c [w = 31] Encoding starts with w = 31:
c [w = 31] Symmetry breaking highest degree node is applied.
c [Signal] Signal interruption. Caught signal: SIGTERM (15).
c [w = 29] Start task in PID: 94852.
c [w = 29] Cyclic Antibandwidth problem with w = 29 (R-dwt__503.mtx.rnd):
c [w = 29] Initializing CaDiCaL (version 2.2.1).
c [w = 29] Configuring CaDiCaL as --sat (1).
c [w = 29] Encoding starts with w = 29:
c [w = 29] Symmetry breaking highest degree node is applied.
c [Signal] Signal interruption. Caught signal: SIGTERM (15).
c [Main] Child pid 33 - 94855 terminated by signal 15.
c [Main] Child pid 32 - 94854 terminated by signal 15.
c [Main] Child pid 31 - 94851 terminated by signal 15.
c [Main] Child pid 29 - 94852 terminated by signal 15.
c [Main] Child pid 30 - 94853 terminated by signal 15.
c [w = 47] Start task in PID: 94840.
c [w = 47] Cyclic Antibandwidth problem with w = 47 (R-dwt__503.mtx.rnd):
c [w = 47] Initializing CaDiCaL (version 2.2.1).
c [w = 47] Configuring CaDiCaL as --sat (1).
c [w = 47] Encoding starts with w = 47:
c [w = 47] Symmetry breaking highest degree node is applied.
c [w = 47] Encoding duration: 5915 ms.
c [w = 47] Number of clauses: 8085873.
c [w = 47] Number of variables: 792728.
c [w = 47] SAT Solving starts:
c [w = 47] Solving duration: 31931 ms.
c [w = 47] Answer:
s [w = 47] SAT (w = 47).
c [w = 47] Solution check = 47.
c [w = 47] The solution is correct.
c [w = 47] Result: 10.
c [w = 43] Start task in PID: 94862.
c [w = 43] Cyclic Antibandwidth problem with w = 43 (R-dwt__503.mtx.rnd):
c [w = 43] Initializing CaDiCaL (version 2.2.1).
c [w = 43] Configuring CaDiCaL as --sat (1).
c [w = 43] Encoding starts with w = 43:
c [w = 43] Symmetry breaking highest degree node is applied.
c [w = 43] Encoding duration: 5517 ms.
c [w = 43] Number of clauses: 8075575.
c [w = 43] Number of variables: 790716.
c [w = 43] SAT Solving starts:
c [Signal] Signal interruption. Caught signal: SIGTERM (15).
c [w = 38] Start task in PID: 94860.
c [w = 38] Cyclic Antibandwidth problem with w = 38 (R-dwt__503.mtx.rnd):
c [w = 38] Initializing CaDiCaL (version 2.2.1).
c [w = 38] Configuring CaDiCaL as --sat (1).
c [w = 38] Encoding starts with w = 38:
c [w = 38] Symmetry breaking highest degree node is applied.
c [w = 38] Encoding duration: 5557 ms.
c [w = 38] Number of clauses: 8085159.
c [w = 38] Number of variables: 795746.
c [w = 38] SAT Solving starts:
c [Signal] Signal interruption. Caught signal: SIGTERM (15).
c [Main] Max width SAT is set to 47.
c [Main] Kill lower pid 43.
c [Main] Kill lower pid 39.
c [Main] Kill lower pid 38.
c [Main] Kill lower pid 36.
c [Main] Kill lower pid 35.
c [Main] Kill lower pid 37.
c [Main] Kill lower pid 40.
c [w = 37] Start task in PID: 94857.
c [w = 37] Cyclic Antibandwidth problem with w = 37 (R-dwt__503.mtx.rnd):
c [w = 37] Initializing CaDiCaL (version 2.2.1).
c [w = 37] Configuring CaDiCaL as --sat (1).
c [w = 37] Encoding starts with w = 37:
c [w = 37] Symmetry breaking highest degree node is applied.
c [w = 37] Encoding duration: 5557 ms.
c [w = 37] Number of clauses: 8063530.
c [w = 37] Number of variables: 788704.
c [w = 37] SAT Solving starts:
c [Signal] Signal interruption. Caught signal: SIGTERM (15).
c [w = 36] Start task in PID: 94859.
c [w = 36] Cyclic Antibandwidth problem with w = 36 (R-dwt__503.mtx.rnd):
c [w = 36] Initializing CaDiCaL (version 2.2.1).
c [w = 36] Configuring CaDiCaL as --sat (1).
c [w = 36] Encoding starts with w = 36:
c [w = 36] Symmetry breaking highest degree node is applied.
c [w = 36] Encoding duration: 5455 ms.
c [w = 36] Number of clauses: 8041901.
c [w = 36] Number of variables: 781662.
c [w = 36] SAT Solving starts:
c [Signal] Signal interruption. Caught signal: SIGTERM (15).
c [w = 35] Start task in PID: 94858.
c [w = 35] Cyclic Antibandwidth problem with w = 35 (R-dwt__503.mtx.rnd):
c [w = 35] Initializing CaDiCaL (version 2.2.1).
c [w = 35] Configuring CaDiCaL as --sat (1).
c [w = 35] Encoding starts with w = 35:
c [w = 35] Symmetry breaking highest degree node is applied.
c [w = 35] Encoding duration: 5382 ms.
c [w = 35] Number of clauses: 8067819.
c [w = 35] Number of variables: 790716.
c [w = 35] SAT Solving starts:
c [Signal] Signal interruption. Caught signal: SIGTERM (15).
c [w = 40] Start task in PID: 94856.
c [w = 40] Cyclic Antibandwidth problem with w = 40 (R-dwt__503.mtx.rnd):
c [w = 40] Initializing CaDiCaL (version 2.2.1).
c [w = 40] Configuring CaDiCaL as --sat (1).
c [w = 40] Encoding starts with w = 40:
c [w = 40] Symmetry breaking highest degree node is applied.
c [w = 40] Encoding duration: 5554 ms.
c [w = 40] Number of clauses: 8073828.
c [w = 40] Number of variables: 791219.
c [w = 40] SAT Solving starts:
c [Signal] Signal interruption. Caught signal: SIGTERM (15).
c [w = 39] Start task in PID: 94861.
c [w = 39] Cyclic Antibandwidth problem with w = 39 (R-dwt__503.mtx.rnd):
c [w = 39] Initializing CaDiCaL (version 2.2.1).
c [w = 39] Configuring CaDiCaL as --sat (1).
c [w = 39] Encoding starts with w = 39:
c [w = 39] Symmetry breaking highest degree node is applied.
c [w = 39] Encoding duration: 5481 ms.
c [w = 39] Number of clauses: 8053708.
c [w = 39] Number of variables: 784680.
c [w = 39] SAT Solving starts:
c [Signal] Signal interruption. Caught signal: SIGTERM (15).
c [Main] Child pid 36 - 94859 terminated by signal 15.
c [Main] Child pid 43 - 94862 terminated by signal 15.
c [Main] Child pid 37 - 94857 terminated by signal 15.
c [Main] Child pid 39 - 94861 terminated by signal 15.
c [Main] Child pid 35 - 94858 terminated by signal 15.
c [Main] Child pid 40 - 94856 terminated by signal 15.
c [Main] Child pid 38 - 94860 terminated by signal 15.
c [w = 49] Start task in PID: 94868.
c [w = 49] Cyclic Antibandwidth problem with w = 49 (R-dwt__503.mtx.rnd):
c [w = 49] Initializing CaDiCaL (version 2.2.1).
c [w = 49] Configuring CaDiCaL as --sat (1).
c [w = 49] Encoding starts with w = 49:
c [w = 49] Symmetry breaking highest degree node is applied.
c [w = 49] Encoding duration: 5554 ms.
c [w = 49] Number of clauses: 8120077.
c [w = 49] Number of variables: 803794.
c [w = 49] SAT Solving starts:
c [w = 49] Solving duration: 32401 ms.
c [w = 49] Answer:
s [w = 49] SAT (w = 49).
c [w = 49] Solution check = 49.
c [w = 49] The solution is correct.
c [w = 49] Result: 10.
c [Main] Max width SAT is set to 49.
c [Main] Kill lower pid 48.
c [w = 48] Start task in PID: 94867.
c [w = 48] Cyclic Antibandwidth problem with w = 48 (R-dwt__503.mtx.rnd):
c [w = 48] Initializing CaDiCaL (version 2.2.1).
c [w = 48] Configuring CaDiCaL as --sat (1).
c [w = 48] Encoding starts with w = 48:
c [w = 48] Symmetry breaking highest degree node is applied.
c [w = 48] Encoding duration: 5513 ms.
c [w = 48] Number of clauses: 8102975.
c [w = 48] Number of variables: 798261.
c [w = 48] SAT Solving starts:
c [Signal] Signal interruption. Caught signal: SIGTERM (15).
c [Main] Child pid 48 - 94867 terminated by signal 15.
c [w = 52] Start task in PID: 94870.
c [w = 52] Cyclic Antibandwidth problem with w = 52 (R-dwt__503.mtx.rnd):
c [w = 52] Initializing CaDiCaL (version 2.2.1).
c [w = 52] Configuring CaDiCaL as --sat (1).
c [w = 52] Encoding starts with w = 52:
c [w = 52] Symmetry breaking highest degree node is applied.
c [w = 52] Encoding duration: 5506 ms.
c [w = 52] Number of clauses: 8100195.
c [w = 52] Number of variables: 795746.
c [w = 52] SAT Solving starts:
c [w = 52] Solving duration: 49082 ms.
c [w = 52] Answer:
s [w = 52] SAT (w = 52).
c [w = 52] Solution check = 52.
c [w = 52] The solution is correct.
c [w = 52] Result: 10.
c [Main] Max width SAT is set to 52.
c [Main] Kill lower pid 51.
c [Main] Kill lower pid 50.
c [w = 51] Start task in PID: 94869.
c [w = 51] Cyclic Antibandwidth problem with w = 51 (R-dwt__503.mtx.rnd):
c [w = 51] Initializing CaDiCaL (version 2.2.1).
c [w = 51] Configuring CaDiCaL as --sat (1).
c [w = 51] Encoding starts with w = 51:
c [w = 51] Symmetry breaking highest degree node is applied.
c [w = 51] Encoding duration: 5473 ms.
c [w = 51] Number of clauses: 8084602.
c [w = 51] Number of variables: 790716.
c [w = 51] SAT Solving starts:
c [Signal] Signal interruption. Caught signal: SIGTERM (15).
c [w = 50] Start task in PID: 94866.
c [w = 50] Cyclic Antibandwidth problem with w = 50 (R-dwt__503.mtx.rnd):
c [w = 50] Initializing CaDiCaL (version 2.2.1).
c [w = 50] Configuring CaDiCaL as --sat (1).
c [w = 50] Encoding starts with w = 50:
c [w = 50] Symmetry breaking highest degree node is applied.
c [w = 50] Encoding duration: 5565 ms.
c [w = 50] Number of clauses: 8137179.
c [w = 50] Number of variables: 809327.
c [w = 50] SAT Solving starts:
c [Signal] Signal interruption. Caught signal: SIGTERM (15).
c [Main] Child pid 51 - 94869 terminated by signal 15.
c [Main] Child pid 50 - 94866 terminated by signal 15.
c [w = 54] Start task in PID: 94879.
c [w = 54] Cyclic Antibandwidth problem with w = 54 (R-dwt__503.mtx.rnd):
c [w = 54] Initializing CaDiCaL (version 2.2.1).
c [w = 54] Configuring CaDiCaL as --sat (1).
c [w = 54] Encoding starts with w = 54:
c [w = 54] Symmetry breaking highest degree node is applied.
c [w = 54] Encoding duration: 5741 ms.
c [w = 54] Number of clauses: 8131381.
c [w = 54] Number of variables: 805806.
c [w = 54] SAT Solving starts:
c [w = 54] Solving duration: 33730 ms.
c [w = 54] Answer:
s [w = 54] SAT (w = 54).
c [w = 54] Solution check = 54.
c [w = 54] The solution is correct.
c [w = 54] Result: 10.
c [Main] Max width SAT is set to 54.
c [Main] Kill lower pid 53.
c [w = 53] Start task in PID: 94865.
c [w = 53] Cyclic Antibandwidth problem with w = 53 (R-dwt__503.mtx.rnd):
c [w = 53] Initializing CaDiCaL (version 2.2.1).
c [w = 53] Configuring CaDiCaL as --sat (1).
c [w = 53] Encoding starts with w = 53:
c [w = 53] Symmetry breaking highest degree node is applied.
c [w = 53] Encoding duration: 5519 ms.
c [w = 53] Number of clauses: 8115788.
c [w = 53] Number of variables: 800776.
c [w = 53] SAT Solving starts:
c [Signal] Signal interruption. Caught signal: SIGTERM (15).
c [Main] Child pid 53 - 94865 terminated by signal 15.
c [w = 55] Start task in PID: 94880.
c [w = 55] Cyclic Antibandwidth problem with w = 55 (R-dwt__503.mtx.rnd):
c [w = 55] Initializing CaDiCaL (version 2.2.1).
c [w = 55] Configuring CaDiCaL as --sat (1).
c [w = 55] Encoding starts with w = 55:
c [w = 55] Symmetry breaking highest degree node is applied.
c [w = 55] Encoding duration: 5853 ms.
c [w = 55] Number of clauses: 8146974.
c [w = 55] Number of variables: 810836.
c [w = 55] SAT Solving starts:
c [w = 55] Solving duration: 50975 ms.
c [w = 55] Answer:
s [w = 55] SAT (w = 55).
c [w = 55] Solution check = 55.
c [w = 55] The solution is correct.
c [w = 55] Result: 10.
c [Main] Max width SAT is set to 55.
c [w = 60] Start task in PID: 94893.
c [w = 60] Cyclic Antibandwidth problem with w = 60 (R-dwt__503.mtx.rnd):
c [w = 60] Initializing CaDiCaL (version 2.2.1).
c [w = 60] Configuring CaDiCaL as --sat (1).
c [w = 60] Encoding starts with w = 60:
c [w = 60] Symmetry breaking highest degree node is applied.
c [w = 60] Encoding duration: 5459 ms.
c [w = 60] Number of clauses: 8142182.
c [w = 60] Number of variables: 807315.
c [w = 60] SAT Solving starts:
c [w = 60] Solving duration: 166667 ms.
c [w = 60] Answer:
s [w = 60] SAT (w = 60).
c [w = 60] Solution check = 60.
c [w = 60] The solution is correct.
c [w = 60] Result: 10.
c [Main] Max width SAT is set to 60.
c [Main] Kill lower pid 58.
c [Main] Kill lower pid 57.
c [Main] Kill lower pid 56.
c [Main] Kill lower pid 59.
c [w = 57] Start task in PID: 94882.
c [w = 57] Cyclic Antibandwidth problem with w = 57 (R-dwt__503.mtx.rnd):
c [w = 57] Initializing CaDiCaL (version 2.2.1).
c [w = 57] Configuring CaDiCaL as --sat (1).
c [w = 57] Encoding starts with w = 57:
c [w = 57] Symmetry breaking highest degree node is applied.
c [w = 57] Encoding duration: 5340 ms.
c [w = 57] Number of clauses: 8099930.
c [w = 57] Number of variables: 793734.
c [w = 57] SAT Solving starts:
c [Signal] Signal interruption. Caught signal: SIGTERM (15).
c [w = 56] Start task in PID: 94871.
c [w = 56] Cyclic Antibandwidth problem with w = 56 (R-dwt__503.mtx.rnd):
c [w = 56] Initializing CaDiCaL (version 2.2.1).
c [w = 56] Configuring CaDiCaL as --sat (1).
c [w = 56] Encoding starts with w = 56:
c [w = 56] Symmetry breaking highest degree node is applied.
c [w = 56] Encoding duration: 5518 ms.
c [w = 56] Number of clauses: 8085846.
c [w = 56] Number of variables: 789207.
c [w = 56] SAT Solving starts:
c [Signal] Signal interruption. Caught signal: SIGTERM (15).
c [w = 58] Start task in PID: 94884.
c [w = 58] Cyclic Antibandwidth problem with w = 58 (R-dwt__503.mtx.rnd):
c [w = 58] Initializing CaDiCaL (version 2.2.1).
c [w = 58] Configuring CaDiCaL as --sat (1).
c [w = 58] Encoding starts with w = 58:
c [w = 58] Symmetry breaking highest degree node is applied.
c [w = 58] Encoding duration: 5299 ms.
c [w = 58] Number of clauses: 8114014.
c [w = 58] Number of variables: 798261.
c [w = 58] SAT Solving starts:
c [Signal] Signal interruption. Caught signal: SIGTERM (15).
c [w = 59] Start task in PID: 94864.
c [w = 59] Cyclic Antibandwidth problem with w = 59 (R-dwt__503.mtx.rnd):
c [w = 59] Initializing CaDiCaL (version 2.2.1).
c [w = 59] Configuring CaDiCaL as --sat (1).
c [w = 59] Encoding starts with w = 59:
c [w = 59] Symmetry breaking highest degree node is applied.
c [w = 59] Encoding duration: 5581 ms.
c [w = 59] Number of clauses: 8128098.
c [w = 59] Number of variables: 802788.
c [w = 59] SAT Solving starts:
c [Signal] Signal interruption. Caught signal: SIGTERM (15).
c [Main] Child pid 59 - 94864 terminated by signal 15.
c [Main] Child pid 56 - 94871 terminated by signal 15.
c [Main] Child pid 58 - 94884 terminated by signal 15.
c [Main] Child pid 57 - 94882 terminated by signal 15.
c [w = 61] Start task in PID: 94896.
c [w = 61] Cyclic Antibandwidth problem with w = 61 (R-dwt__503.mtx.rnd):
c [w = 61] Initializing CaDiCaL (version 2.2.1).
c [w = 61] Configuring CaDiCaL as --sat (1).
c [w = 61] Encoding starts with w = 61:
c [w = 61] Symmetry breaking highest degree node is applied.
c [w = 61] Encoding duration: 5508 ms.
c [w = 61] Number of clauses: 8156266.
c [w = 61] Number of variables: 811842.
c [w = 61] SAT Solving starts:
c [w = 61] Solving duration: 297688 ms.
c [w = 61] Answer:
s [w = 61] SAT (w = 61).
c [w = 61] Solution check = 61.
c [w = 61] The solution is correct.
c [w = 61] Result: 10.
c [Main] Max width SAT is set to 61.
c [w = 65] Start task in PID: 94885.
c [w = 65] Cyclic Antibandwidth problem with w = 65 (R-dwt__503.mtx.rnd):
c [w = 65] Initializing CaDiCaL (version 2.2.1).
c [w = 65] Configuring CaDiCaL as --sat (1).
c [w = 65] Encoding starts with w = 65:
c [w = 65] Symmetry breaking highest degree node is applied.
c [w = 65] Encoding duration: 5449 ms.
c [w = 65] Number of clauses: 8122803.
c [w = 65] Number of variables: 798764.
c [w = 65] SAT Solving starts:
c [w = 65] Solving duration: 468898 ms.
c [w = 65] Answer:
s [w = 65] UNSAT (w = 65).
c [w = 65] Result: 20.
c [Main] Min width UNSAT is set to 65
c [Main] Kill higher pid 70.
c [Main] Kill higher pid 67.
c [Main] Kill higher pid 66.
c [Main] Kill higher pid 68.
c [w = 67] Start task in PID: 94925.
c [w = 67] Cyclic Antibandwidth problem with w = 67 (R-dwt__503.mtx.rnd):
c [w = 67] Initializing CaDiCaL (version 2.2.1).
c [w = 67] Configuring CaDiCaL as --sat (1).
c [w = 67] Encoding starts with w = 67:
c [w = 67] Symmetry breaking highest degree node is applied.
c [w = 67] Encoding duration: 5625 ms.
c [w = 67] Number of clauses: 8147953.
c [w = 67] Number of variables: 806812.
c [w = 67] SAT Solving starts:
c [Signal] Signal interruption. Caught signal: SIGTERM (15).
c [w = 70] Start task in PID: 94947.
c [w = 70] Cyclic Antibandwidth problem with w = 70 (R-dwt__503.mtx.rnd):
c [w = 70] Initializing CaDiCaL (version 2.2.1).
c [w = 70] Configuring CaDiCaL as --sat (1).
c [w = 70] Encoding starts with w = 70:
c [w = 70] Symmetry breaking highest degree node is applied.
c [w = 70] Encoding duration: 5654 ms.
c [w = 70] Number of clauses: 8185678.
c [w = 70] Number of variables: 818884.
c [w = 70] SAT Solving starts:
c [Signal] Signal interruption. Caught signal: SIGTERM (15).
c [w = 66] Start task in PID: 94924.
c [w = 66] Cyclic Antibandwidth problem with w = 66 (R-dwt__503.mtx.rnd):
c [w = 66] Initializing CaDiCaL (version 2.2.1).
c [w = 66] Configuring CaDiCaL as --sat (1).
c [w = 66] Encoding starts with w = 66:
c [w = 66] Symmetry breaking highest degree node is applied.
c [w = 66] Encoding duration: 5628 ms.
c [w = 66] Number of clauses: 8135378.
c [w = 66] Number of variables: 802788.
c [w = 66] SAT Solving starts:
c [Signal] Signal interruption. Caught signal: SIGTERM (15).
c [w = 68] Start task in PID: 94923.
c [w = 68] Cyclic Antibandwidth problem with w = 68 (R-dwt__503.mtx.rnd):
c [w = 68] Initializing CaDiCaL (version 2.2.1).
c [w = 68] Configuring CaDiCaL as --sat (1).
c [w = 68] Encoding starts with w = 68:
c [w = 68] Symmetry breaking highest degree node is applied.
c [w = 68] Encoding duration: 5697 ms.
c [w = 68] Number of clauses: 8160528.
c [w = 68] Number of variables: 810836.
c [w = 68] SAT Solving starts:
c [Signal] Signal interruption. Caught signal: SIGTERM (15).
c [Main] Child pid 67 - 94925 terminated by signal 15.
c [Main] Child pid 66 - 94924 terminated by signal 15.
c [Main] Child pid 68 - 94923 terminated by signal 15.
c [Main] Child pid 70 - 94947 terminated by signal 15.
c [w = 64] Start task in PID: 94922.
c [w = 64] Cyclic Antibandwidth problem with w = 64 (R-dwt__503.mtx.rnd):
c [w = 64] Initializing CaDiCaL (version 2.2.1).
c [w = 64] Configuring CaDiCaL as --sat (1).
c [w = 64] Encoding starts with w = 64:
c [w = 64] Symmetry breaking highest degree node is applied.
c [w = 64] Encoding duration: 5444 ms.
c [w = 64] Number of clauses: 8110228.
c [w = 64] Number of variables: 794740.
c [w = 64] SAT Solving starts:
c [w = 64] Solving duration: 438128 ms.
c [w = 64] Answer:
s [w = 64] UNSAT (w = 64).
c [w = 64] Result: 20.
c [Main] Min width UNSAT is set to 64
c [w = 62] Start task in PID: 94892.
c [w = 62] Cyclic Antibandwidth problem with w = 62 (R-dwt__503.mtx.rnd):
c [w = 62] Initializing CaDiCaL (version 2.2.1).
c [w = 62] Configuring CaDiCaL as --sat (1).
c [w = 62] Encoding starts with w = 62:
c [w = 62] Symmetry breaking highest degree node is applied.
c [w = 62] Encoding duration: 5409 ms.
c [w = 62] Number of clauses: 8170350.
c [w = 62] Number of variables: 816369.
c [w = 62] SAT Solving starts:
c [w = 62] Solving duration: 686784 ms.
c [w = 62] Answer:
s [w = 62] SAT (w = 62).
c [w = 62] Solution check = 62.
c [w = 62] The solution is correct.
c [w = 62] Result: 10.
c [Main] Max width SAT is set to 62.
c [w = 63] Start task in PID: 94921.
c [w = 63] Cyclic Antibandwidth problem with w = 63 (R-dwt__503.mtx.rnd):
c [w = 63] Initializing CaDiCaL (version 2.2.1).
c [w = 63] Configuring CaDiCaL as --sat (1).
c [w = 63] Encoding starts with w = 63:
c [w = 63] Symmetry breaking highest degree node is applied.
c [w = 63] Encoding duration: 5613 ms.
c [w = 63] Number of clauses: 8097653.
c [w = 63] Number of variables: 790716.
c [w = 63] SAT Solving starts:
c [w = 63] Solving duration: 592892 ms.
c [w = 63] Answer:
s [w = 63] UNSAT (w = 63).
c [w = 63] Result: 20.
c [Main] Min width UNSAT is set to 63
c [Main] All children have completed.
r [Main] 
r [Main] Final results: 
r [Main] Max width SAT:  	62.
r [Main] Min width UNSAT:	63.
r [Main] Total real time: 894450 ms.
r [Main] Total memory consumed: 17044.9 MB.
r [Main] 
c [Signal] Signal interruption. Caught signal: SIGTERM (15).
