c [Version] Cyclic Anti-bandwidth Encoder version 1.0.0.
c [Param] Real time limit is set to 1800.
c [Param] Memory limit is set to 30000.
c [Param] Worker count is set to 8.
c [Main] Encoding and solving for graph: T-dwt__592.mtx.rnd.
c [Main] Search strategy: Binary search from lower bound.
c [Main] Lower bound is set to 52.
c [Main] Upper bound is set to 150.
c [Main] Search order: 101 76 63 57 54 52 53 55 56 60 58 59 61 62 69 66 64 65 67 68 72 70 71 74 73 75 88 82 79 77 78 80 81 85 83 84 86 87 94 91 89 90 92 93 97 95 96 99 98 100 126 113 107 104 102 103 105 106 110 108 109 111 112 119 116 114 115 117 118 122 120 121 124 123 125 138 132 129 127 128 130 131 135 133 134 136 137 144 141 139 140 142 143 147 145 146 149 148 150.
c [w = 54] Start task in PID: 97702.
c [w = 54] Cyclic Antibandwidth problem with w = 54 (T-dwt__592.mtx.rnd):
c [w = 54] Initializing CaDiCaL (version 2.2.1).
c [w = 54] Configuring CaDiCaL as --sat (1).
c [w = 54] Encoding starts with w = 54:
c [w = 54] Symmetry breaking highest degree node is applied.
c [w = 54] Encoding duration: 6786 ms.
c [w = 54] Number of clauses: 8868008.
c [w = 54] Number of variables: 1088688.
c [w = 54] SAT Solving starts:
c [w = 54] Solving duration: 30451 ms.
c [w = 54] Answer:
s [w = 54] SAT (w = 54).
c [w = 54] Solution check = 54.
c [w = 54] The solution is correct.
c [w = 54] Result: 10.
c [Main] Max width SAT is set to 54.
c [Main] Kill lower pid 53.
c [Main] Kill lower pid 52.
c [w = 53] Start task in PID: 97704.
c [w = 53] Cyclic Antibandwidth problem with w = 53 (T-dwt__592.mtx.rnd):
c [w = 53] Initializing CaDiCaL (version 2.2.1).
c [w = 53] Configuring CaDiCaL as --sat (1).
c [w = 53] Encoding starts with w = 53:
c [w = 53] Symmetry breaking highest degree node is applied.
c [w = 53] Encoding duration: 6874 ms.
c [w = 53] Number of clauses: 8937016.
c [w = 53] Number of variables: 1111776.
c [w = 53] SAT Solving starts:
c [Signal] Signal interruption. Caught signal: SIGTERM (15).
c [w = 52] Start task in PID: 97703.
c [w = 52] Cyclic Antibandwidth problem with w = 52 (T-dwt__592.mtx.rnd):
c [w = 52] Initializing CaDiCaL (version 2.2.1).
c [w = 52] Configuring CaDiCaL as --sat (1).
c [w = 52] Encoding starts with w = 52:
c [w = 52] Symmetry breaking highest degree node is applied.
c [w = 52] Encoding duration: 6883 ms.
c [w = 52] Number of clauses: 8915112.
c [w = 52] Number of variables: 1104672.
c [w = 52] SAT Solving starts:
c [w = 52] Solving duration: 31440 ms.
c [w = 52] Answer:
s [w = 52] SAT (w = 52).
c [w = 52] Solution check = 52.
c [w = 52] The solution is correct.
c [Signal] Signal interruption. Caught signal: SIGTERM (15).
c [Main] Child pid 52 - 97703 terminated by signal 15.
c [Main] Child pid 53 - 97704 terminated by signal 15.
c [w = 57] Start task in PID: 97701.
c [w = 57] Cyclic Antibandwidth problem with w = 57 (T-dwt__592.mtx.rnd):
c [w = 57] Initializing CaDiCaL (version 2.2.1).
c [w = 57] Configuring CaDiCaL as --sat (1).
c [w = 57] Encoding starts with w = 57:
c [w = 57] Symmetry breaking highest degree node is applied.
c [w = 57] Encoding duration: 6878 ms.
c [w = 57] Number of clauses: 8928392.
c [w = 57] Number of variables: 1108224.
c [w = 57] SAT Solving starts:
c [w = 57] Solving duration: 33904 ms.
c [w = 57] Answer:
s [w = 57] SAT (w = 57).
c [w = 57] Solution check = 57.
c [w = 57] The solution is correct.
c [w = 57] Result: 10.
c [Main] Max width SAT is set to 57.
c [Main] Kill lower pid 56.
c [Main] Kill lower pid 55.
c [w = 56] Start task in PID: 97716.
c [w = 56] Cyclic Antibandwidth problem with w = 56 (T-dwt__592.mtx.rnd):
c [w = 56] Initializing CaDiCaL (version 2.2.1).
c [w = 56] Configuring CaDiCaL as --sat (1).
c [w = 56] Encoding starts with w = 56:
c [w = 56] Symmetry breaking highest degree node is applied.
c [Signal] Signal interruption. Caught signal: SIGTERM (15).
c [w = 55] Start task in PID: 97705.
c [w = 55] Cyclic Antibandwidth problem with w = 55 (T-dwt__592.mtx.rnd):
c [w = 55] Initializing CaDiCaL (version 2.2.1).
c [w = 55] Configuring CaDiCaL as --sat (1).
c [w = 55] Encoding starts with w = 55:
c [w = 55] Symmetry breaking highest degree node is applied.
c [w = 55] Encoding duration: 6869 ms.
c [w = 55] Number of clauses: 8888136.
c [w = 55] Number of variables: 1095200.
c [w = 55] SAT Solving starts:
c [Signal] Signal interruption. Caught signal: SIGTERM (15).
c [Main] Child pid 56 - 97716 terminated by signal 15.
c [Main] Child pid 55 - 97705 terminated by signal 15.
c [w = 58] Start task in PID: 97718.
c [w = 58] Cyclic Antibandwidth problem with w = 58 (T-dwt__592.mtx.rnd):
c [w = 58] Initializing CaDiCaL (version 2.2.1).
c [w = 58] Configuring CaDiCaL as --sat (1).
c [w = 58] Encoding starts with w = 58:
c [w = 58] Symmetry breaking highest degree node is applied.
c [w = 58] Encoding duration: 6917 ms.
c [w = 58] Number of clauses: 8948520.
c [w = 58] Number of variables: 1114736.
c [w = 58] SAT Solving starts:
c [w = 58] Solving duration: 34031 ms.
c [w = 58] Answer:
s [w = 58] SAT (w = 58).
c [w = 58] Solution check = 58.
c [w = 58] The solution is correct.
c [w = 58] Result: 10.
c [Main] Max width SAT is set to 58.
c [w = 59] Start task in PID: 97719.
c [w = 59] Cyclic Antibandwidth problem with w = 59 (T-dwt__592.mtx.rnd):
c [w = 59] Initializing CaDiCaL (version 2.2.1).
c [w = 59] Configuring CaDiCaL as --sat (1).
c [w = 59] Encoding starts with w = 59:
c [w = 59] Symmetry breaking highest degree node is applied.
c [w = 59] Encoding duration: 6403 ms.
c [w = 59] Number of clauses: 8968648.
c [w = 59] Number of variables: 1121248.
c [w = 59] SAT Solving starts:
c [w = 59] Solving duration: 64465 ms.
c [w = 59] Answer:
s [w = 59] SAT (w = 59).
c [w = 59] Solution check = 59.
c [w = 59] The solution is correct.
c [w = 59] Result: 10.
c [Main] Max width SAT is set to 59.
c [w = 63] Start task in PID: 97700.
c [w = 63] Cyclic Antibandwidth problem with w = 63 (T-dwt__592.mtx.rnd):
c [w = 63] Initializing CaDiCaL (version 2.2.1).
c [w = 63] Configuring CaDiCaL as --sat (1).
c [w = 63] Encoding starts with w = 63:
c [w = 63] Symmetry breaking highest degree node is applied.
c [w = 63] Encoding duration: 6884 ms.
c [w = 63] Number of clauses: 8942856.
c [w = 63] Number of variables: 1111776.
c [w = 63] SAT Solving starts:
c [w = 63] Solving duration: 134941 ms.
c [w = 63] Answer:
s [w = 63] SAT (w = 63).
c [w = 63] Solution check = 63.
c [w = 63] The solution is correct.
c [w = 63] Result: 10.
c [Main] Max width SAT is set to 63.
c [Main] Kill lower pid 61.
c [Main] Kill lower pid 60.
c [Main] Kill lower pid 62.
c [w = 61] Start task in PID: 97720.
c [w = 61] Cyclic Antibandwidth problem with w = 61 (T-dwt__592.mtx.rnd):
c [w = 61] Initializing CaDiCaL (version 2.2.1).
c [w = 61] Configuring CaDiCaL as --sat (1).
c [w = 61] Encoding starts with w = 61:
c [w = 61] Symmetry breaking highest degree node is applied.
c [w = 61] Encoding duration: 6438 ms.
c [w = 61] Number of clauses: 8906152.
c [w = 61] Number of variables: 1099936.
c [w = 61] SAT Solving starts:
c [Signal] Signal interruption. Caught signal: SIGTERM (15).
c [w = 62] Start task in PID: 97721.
c [w = 62] Cyclic Antibandwidth problem with w = 62 (T-dwt__592.mtx.rnd):
c [w = 62] Initializing CaDiCaL (version 2.2.1).
c [w = 62] Configuring CaDiCaL as --sat (1).
c [w = 62] Encoding starts with w = 62:
c [w = 62] Symmetry breaking highest degree node is applied.
c [w = 62] Encoding duration: 6487 ms.
c [w = 62] Number of clauses: 8924504.
c [w = 62] Number of variables: 1105856.
c [w = 62] SAT Solving starts:
c [Signal] Signal interruption. Caught signal: SIGTERM (15).
c [w = 60] Start task in PID: 97717.
c [w = 60] Cyclic Antibandwidth problem with w = 60 (T-dwt__592.mtx.rnd):
c [w = 60] Initializing CaDiCaL (version 2.2.1).
c [w = 60] Configuring CaDiCaL as --sat (1).
c [w = 60] Encoding starts with w = 60:
c [w = 60] Symmetry breaking highest degree node is applied.
c [w = 60] Encoding duration: 6790 ms.
c [w = 60] Number of clauses: 8887800.
c [w = 60] Number of variables: 1094016.
c [w = 60] SAT Solving starts:
c [Signal] Signal interruption. Caught signal: SIGTERM (15).
c [Main] Child pid 61 - 97720 terminated by signal 15.
c [Main] Child pid 62 - 97721 terminated by signal 15.
c [Main] Child pid 60 - 97717 terminated by signal 15.
c [w = 66] Start task in PID: 97736.
c [w = 66] Cyclic Antibandwidth problem with w = 66 (T-dwt__592.mtx.rnd):
c [w = 66] Initializing CaDiCaL (version 2.2.1).
c [w = 66] Configuring CaDiCaL as --sat (1).
c [w = 66] Encoding starts with w = 66:
c [w = 66] Symmetry breaking highest degree node is applied.
c [w = 66] Encoding duration: 6474 ms.
c [w = 66] Number of clauses: 8886872.
c [w = 66] Number of variables: 1092240.
c [w = 66] SAT Solving starts:
c [w = 66] Solving duration: 39216 ms.
c [w = 66] Answer:
s [w = 66] SAT (w = 66).
c [w = 66] Solution check = 66.
c [w = 66] The solution is correct.
c [w = 66] Result: 10.
c [Main] Max width SAT is set to 66.
c [Main] Kill lower pid 65.
c [Main] Kill lower pid 64.
c [w = 64] Start task in PID: 97740.
c [w = 64] Cyclic Antibandwidth problem with w = 64 (T-dwt__592.mtx.rnd):
c [w = 64] Initializing CaDiCaL (version 2.2.1).
c [w = 64] Configuring CaDiCaL as --sat (1).
c [w = 64] Encoding starts with w = 64:
c [w = 64] Symmetry breaking highest degree node is applied.
c [w = 64] Encoding duration: 6266 ms.
c [w = 64] Number of clauses: 8961208.
c [w = 64] Number of variables: 1117696.
c [w = 64] SAT Solving starts:
c [Signal] Signal interruption. Caught signal: SIGTERM (15).
c [w = 65] Start task in PID: 97741.
c [w = 65] Cyclic Antibandwidth problem with w = 65 (T-dwt__592.mtx.rnd):
c [w = 65] Initializing CaDiCaL (version 2.2.1).
c [w = 65] Configuring CaDiCaL as --sat (1).
c [w = 65] Encoding starts with w = 65:
c [w = 65] Symmetry breaking highest degree node is applied.
c [w = 65] Encoding duration: 6187 ms.
c [w = 65] Number of clauses: 8979560.
c [w = 65] Number of variables: 1123616.
c [w = 65] SAT Solving starts:
c [Signal] Signal interruption. Caught signal: SIGTERM (15).
c [Main] Child pid 65 - 97741 terminated by signal 15.
c [Main] Child pid 64 - 97740 terminated by signal 15.
c [w = 76] Start task in PID: 97699.
c [w = 76] Cyclic Antibandwidth problem with w = 76 (T-dwt__592.mtx.rnd):
c [w = 76] Initializing CaDiCaL (version 2.2.1).
c [w = 76] Configuring CaDiCaL as --sat (1).
c [w = 76] Encoding starts with w = 76:
c [w = 76] Symmetry breaking highest degree node is applied.
c [w = 76] Encoding duration: 6855 ms.
c [w = 76] Number of clauses: 8924424.
c [w = 76] Number of variables: 1102304.
c [w = 76] SAT Solving starts:
c [w = 76] Solving duration: 239741 ms.
c [w = 76] Answer:
s [w = 76] SAT (w = 76).
c [w = 76] Solution check = 76.
c [w = 76] The solution is correct.
c [w = 76] Result: 10.
c [w = 72] Start task in PID: 97751.
c [w = 72] Cyclic Antibandwidth problem with w = 72 (T-dwt__592.mtx.rnd):
c [w = 72] Initializing CaDiCaL (version 2.2.1).
c [w = 72] Configuring CaDiCaL as --sat (1).
c [w = 72] Encoding starts with w = 72:
c [w = 72] Symmetry breaking highest degree node is applied.
c [w = 72] Encoding duration: 6833 ms.
c [w = 72] Number of clauses: 8986328.
c [w = 72] Number of variables: 1124208.
c [w = 72] SAT Solving starts:
c [Signal] Signal interruption. Caught signal: SIGTERM (15).
c [Main] Max width SAT is set to 76.
c [Main] Kill lower pid 71.
c [Main] Kill lower pid 70.
c [Main] Kill lower pid 72.
c [Main] Kill lower pid 68.
c [Main] Kill lower pid 67.
c [Main] Kill lower pid 69.
c [w = 70] Start task in PID: 97752.
c [w = 70] Cyclic Antibandwidth problem with w = 70 (T-dwt__592.mtx.rnd):
c [w = 70] Initializing CaDiCaL (version 2.2.1).
c [w = 70] Configuring CaDiCaL as --sat (1).
c [w = 70] Encoding starts with w = 70:
c [w = 70] Symmetry breaking highest degree node is applied.
c [w = 70] Encoding duration: 6313 ms.
c [w = 70] Number of clauses: 8953176.
c [w = 70] Number of variables: 1113552.
c [w = 70] SAT Solving starts:
c [Signal] Signal interruption. Caught signal: SIGTERM (15).
c [w = 68] Start task in PID: 97743.
c [w = 68] Cyclic Antibandwidth problem with w = 68 (T-dwt__592.mtx.rnd):
c [w = 68] Initializing CaDiCaL (version 2.2.1).
c [w = 68] Configuring CaDiCaL as --sat (1).
c [w = 68] Encoding starts with w = 68:
c [w = 68] Symmetry breaking highest degree node is applied.
c [w = 68] Encoding duration: 6167 ms.
c [w = 68] Number of clauses: 8920024.
c [w = 68] Number of variables: 1102896.
c [w = 68] SAT Solving starts:
c [Signal] Signal interruption. Caught signal: SIGTERM (15).
c [w = 71] Start task in PID: 97753.
c [w = 71] Cyclic Antibandwidth problem with w = 71 (T-dwt__592.mtx.rnd):
c [w = 71] Initializing CaDiCaL (version 2.2.1).
c [w = 71] Configuring CaDiCaL as --sat (1).
c [w = 71] Encoding starts with w = 71:
c [w = 71] Symmetry breaking highest degree node is applied.
c [w = 71] Encoding duration: 6780 ms.
c [w = 71] Number of clauses: 8969752.
c [w = 71] Number of variables: 1118880.
c [w = 71] SAT Solving starts:
c [Signal] Signal interruption. Caught signal: SIGTERM (15).
c [w = 67] Start task in PID: 97742.
c [w = 67] Cyclic Antibandwidth problem with w = 67 (T-dwt__592.mtx.rnd):
c [w = 67] Initializing CaDiCaL (version 2.2.1).
c [w = 67] Configuring CaDiCaL as --sat (1).
c [w = 67] Encoding starts with w = 67:
c [w = 67] Symmetry breaking highest degree node is applied.
c [w = 67] Encoding duration: 6082 ms.
c [w = 67] Number of clauses: 8903448.
c [w = 67] Number of variables: 1097568.
c [w = 67] SAT Solving starts:
c [Signal] Signal interruption. Caught signal: SIGTERM (15).
c [w = 69] Start task in PID: 97727.
c [w = 69] Cyclic Antibandwidth problem with w = 69 (T-dwt__592.mtx.rnd):
c [w = 69] Initializing CaDiCaL (version 2.2.1).
c [w = 69] Configuring CaDiCaL as --sat (1).
c [w = 69] Encoding starts with w = 69:
c [w = 69] Symmetry breaking highest degree node is applied.
c [w = 69] Encoding duration: 6718 ms.
c [w = 69] Number of clauses: 8936600.
c [w = 69] Number of variables: 1108224.
c [w = 69] SAT Solving starts:
c [Signal] Signal interruption. Caught signal: SIGTERM (15).
c [Main] Child pid 67 - 97742 terminated by signal 15.
c [Main] Child pid 68 - 97743 terminated by signal 15.
c [Main] Child pid 69 - 97727 terminated by signal 15.
c [Main] Child pid 70 - 97752 terminated by signal 15.
c [Main] Child pid 72 - 97751 terminated by signal 15.
c [Main] Child pid 71 - 97753 terminated by signal 15.
c [w = 78] Start task in PID: 97770.
c [w = 78] Cyclic Antibandwidth problem with w = 78 (T-dwt__592.mtx.rnd):
c [w = 78] Initializing CaDiCaL (version 2.2.1).
c [w = 78] Configuring CaDiCaL as --sat (1).
c [w = 78] Encoding starts with w = 78:
c [w = 78] Symmetry breaking highest degree node is applied.
c [w = 78] Encoding duration: 6839 ms.
c [w = 78] Number of clauses: 8954024.
c [w = 78] Number of variables: 1111776.
c [w = 78] SAT Solving starts:
c [w = 78] Solving duration: 35410 ms.
c [w = 78] Answer:
s [w = 78] SAT (w = 78).
c [w = 78] Solution check = 78.
c [w = 78] The solution is correct.
c [w = 78] Result: 10.
c [Main] Max width SAT is set to 78.
c [Main] Kill lower pid 77.
c [w = 77] Start task in PID: 97769.
c [w = 77] Cyclic Antibandwidth problem with w = 77 (T-dwt__592.mtx.rnd):
c [w = 77] Initializing CaDiCaL (version 2.2.1).
c [w = 77] Configuring CaDiCaL as --sat (1).
c [w = 77] Encoding starts with w = 77:
c [w = 77] Symmetry breaking highest degree node is applied.
c [w = 77] Encoding duration: 6222 ms.
c [w = 77] Number of clauses: 8939224.
c [w = 77] Number of variables: 1107040.
c [w = 77] SAT Solving starts:
c [Signal] Signal interruption. Caught signal: SIGTERM (15).
c [Main] Child pid 77 - 97769 terminated by signal 15.
c [w = 82] Start task in PID: 97767.
c [w = 82] Cyclic Antibandwidth problem with w = 82 (T-dwt__592.mtx.rnd):
c [w = 82] Initializing CaDiCaL (version 2.2.1).
c [w = 82] Configuring CaDiCaL as --sat (1).
c [w = 82] Encoding starts with w = 82:
c [w = 82] Symmetry breaking highest degree node is applied.
c [w = 82] Encoding duration: 6891 ms.
c [w = 82] Number of clauses: 9013224.
c [w = 82] Number of variables: 1130720.
c [w = 82] SAT Solving starts:
c [w = 82] Solving duration: 119948 ms.
c [w = 82] Answer:
s [w = 82] SAT (w = 82).
c [w = 82] Solution check = 82.
c [w = 82] The solution is correct.
c [w = 82] Result: 10.
c [Main] Max width SAT is set to 82.
c [Main] Kill lower pid 81.
c [Main] Kill lower pid 80.
c [Main] Kill lower pid 79.
c [w = 80] Start task in PID: 97771.
c [w = 80] Cyclic Antibandwidth problem with w = 80 (T-dwt__592.mtx.rnd):
c [w = 80] Initializing CaDiCaL (version 2.2.1).
c [w = 80] Configuring CaDiCaL as --sat (1).
c [w = 80] Encoding starts with w = 80:
c [w = 80] Symmetry breaking highest degree node is applied.
c [w = 80] Encoding duration: 6892 ms.
c [w = 80] Number of clauses: 8983624.
c [w = 80] Number of variables: 1121248.
c [w = 80] SAT Solving starts:
c [Signal] Signal interruption. Caught signal: SIGTERM (15).
c [w = 81] Start task in PID: 97772.
c [w = 81] Cyclic Antibandwidth problem with w = 81 (T-dwt__592.mtx.rnd):
c [w = 81] Initializing CaDiCaL (version 2.2.1).
c [w = 81] Configuring CaDiCaL as --sat (1).
c [w = 81] Encoding starts with w = 81:
c [w = 81] Symmetry breaking highest degree node is applied.
c [w = 81] Encoding duration: 6851 ms.
c [w = 81] Number of clauses: 8998424.
c [w = 81] Number of variables: 1125984.
c [w = 81] SAT Solving starts:
c [Signal] Signal interruption. Caught signal: SIGTERM (15).
c [w = 79] Start task in PID: 97768.
c [w = 79] Cyclic Antibandwidth problem with w = 79 (T-dwt__592.mtx.rnd):
c [w = 79] Initializing CaDiCaL (version 2.2.1).
c [w = 79] Configuring CaDiCaL as --sat (1).
c [w = 79] Encoding starts with w = 79:
c [w = 79] Symmetry breaking highest degree node is applied.
c [w = 79] Encoding duration: 6821 ms.
c [w = 79] Number of clauses: 8968824.
c [w = 79] Number of variables: 1116512.
c [w = 79] SAT Solving starts:
c [Signal] Signal interruption. Caught signal: SIGTERM (15).
c [Main] Child pid 81 - 97772 terminated by signal 15.
c [Main] Child pid 79 - 97768 terminated by signal 15.
c [Main] Child pid 80 - 97771 terminated by signal 15.
c [w = 86] Start task in PID: 98232.
c [w = 86] Cyclic Antibandwidth problem with w = 86 (T-dwt__592.mtx.rnd):
c [w = 86] Initializing CaDiCaL (version 2.2.1).
c [w = 86] Configuring CaDiCaL as --sat (1).
c [w = 86] Encoding starts with w = 86:
c [w = 86] Symmetry breaking highest degree node is applied.
c [w = 86] Encoding duration: 6773 ms.
c [w = 86] Number of clauses: 8927048.
c [w = 86] Number of variables: 1100528.
c [w = 86] SAT Solving starts:
c [w = 86] Solving duration: 45805 ms.
c [w = 86] Answer:
s [w = 86] SAT (w = 86).
c [w = 86] Solution check = 86.
c [w = 86] The solution is correct.
c [w = 86] Result: 10.
c [Main] Max width SAT is set to 86.
c [Main] Kill lower pid 84.
c [Main] Kill lower pid 83.
c [Main] Kill lower pid 85.
c [w = 84] Start task in PID: 98231.
c [w = 84] Cyclic Antibandwidth problem with w = 84 (T-dwt__592.mtx.rnd):
c [w = 84] Initializing CaDiCaL (version 2.2.1).
c [w = 84] Configuring CaDiCaL as --sat (1).
c [w = 84] Encoding starts with w = 84:
c [w = 84] Symmetry breaking highest degree node is applied.
c [w = 84] Encoding duration: 6518 ms.
c [w = 84] Number of clauses: 9042824.
c [w = 84] Number of variables: 1140192.
c [w = 84] SAT Solving starts:
c [Signal] Signal interruption. Caught signal: SIGTERM (15).
c [w = 83] Start task in PID: 98213.
c [w = 83] Cyclic Antibandwidth problem with w = 83 (T-dwt__592.mtx.rnd):
c [w = 83] Initializing CaDiCaL (version 2.2.1).
c [w = 83] Configuring CaDiCaL as --sat (1).
c [w = 83] Encoding starts with w = 83:
c [w = 83] Symmetry breaking highest degree node is applied.
c [w = 83] Encoding duration: 7075 ms.
c [w = 83] Number of clauses: 9028024.
c [w = 83] Number of variables: 1135456.
c [w = 83] SAT Solving starts:
c [Signal] Signal interruption. Caught signal: SIGTERM (15).
c [w = 85] Start task in PID: 98212.
c [w = 85] Cyclic Antibandwidth problem with w = 85 (T-dwt__592.mtx.rnd):
c [w = 85] Initializing CaDiCaL (version 2.2.1).
c [w = 85] Configuring CaDiCaL as --sat (1).
c [w = 85] Encoding starts with w = 85:
c [w = 85] Symmetry breaking highest degree node is applied.
c [w = 85] Encoding duration: 6996 ms.
c [w = 85] Number of clauses: 8914024.
c [w = 85] Number of variables: 1096384.
c [w = 85] SAT Solving starts:
c [Signal] Signal interruption. Caught signal: SIGTERM (15).
c [Main] Child pid 84 - 98231 terminated by signal 15.
c [Main] Child pid 85 - 98212 terminated by signal 15.
c [Main] Child pid 83 - 98213 terminated by signal 15.
c [w = 87] Start task in PID: 98233.
c [w = 87] Cyclic Antibandwidth problem with w = 87 (T-dwt__592.mtx.rnd):
c [w = 87] Initializing CaDiCaL (version 2.2.1).
c [w = 87] Configuring CaDiCaL as --sat (1).
c [w = 87] Encoding starts with w = 87:
c [w = 87] Symmetry breaking highest degree node is applied.
c [w = 87] Encoding duration: 6814 ms.
c [w = 87] Number of clauses: 8940072.
c [w = 87] Number of variables: 1104672.
c [w = 87] SAT Solving starts:
c [w = 87] Solving duration: 221801 ms.
c [w = 87] Answer:
s [w = 87] SAT (w = 87).
c [w = 87] Solution check = 87.
c [w = 87] The solution is correct.
c [w = 87] Result: 10.
c [Main] Max width SAT is set to 87.
c [w = 92] Start task in PID: 98249.
c [w = 92] Cyclic Antibandwidth problem with w = 92 (T-dwt__592.mtx.rnd):
c [w = 92] Initializing CaDiCaL (version 2.2.1).
c [w = 92] Configuring CaDiCaL as --sat (1).
c [w = 92] Encoding starts with w = 92:
c [w = 92] Symmetry breaking highest degree node is applied.
c [w = 92] Encoding duration: 6579 ms.
c [w = 92] Number of clauses: 9005192.
c [w = 92] Number of variables: 1125392.
c [w = 92] SAT Solving starts:
c [w = 92] Solving duration: 231281 ms.
c [w = 92] Answer:
s [w = 92] SAT (w = 92).
c [w = 92] Solution check = 92.
c [w = 92] The solution is correct.
c [w = 92] Result: 10.
c [Main] Max width SAT is set to 92.
c [Main] Kill lower pid 90.
c [Main] Kill lower pid 89.
c [Main] Kill lower pid 91.
c [Main] Kill lower pid 88.
c [w = 91] Start task in PID: 98246.
c [w = 91] Cyclic Antibandwidth problem with w = 91 (T-dwt__592.mtx.rnd):
c [w = 91] Initializing CaDiCaL (version 2.2.1).
c [w = 91] Configuring CaDiCaL as --sat (1).
c [w = 91] Encoding starts with w = 91:
c [w = 91] Symmetry breaking highest degree node is applied.
c [w = 91] Encoding duration: 6666 ms.
c [w = 91] Number of clauses: 8992168.
c [w = 91] Number of variables: 1121248.
c [w = 91] SAT Solving starts:
c [Signal] Signal interruption. Caught signal: SIGTERM (15).
c [w = 88] Start task in PID: 97766.
c [w = 88] Cyclic Antibandwidth problem with w = 88 (T-dwt__592.mtx.rnd):
c [w = 88] Initializing CaDiCaL (version 2.2.1).
c [w = 88] Configuring CaDiCaL as --sat (1).
c [w = 88] Encoding starts with w = 88:
c [w = 88] Symmetry breaking highest degree node is applied.
c [w = 88] Encoding duration: 6879 ms.
c [w = 88] Number of clauses: 8953096.
c [w = 88] Number of variables: 1108816.
c [w = 88] SAT Solving starts:
c [Signal] Signal interruption. Caught signal: SIGTERM (15).
c [w = 89] Start task in PID: 98247.
c [w = 89] Cyclic Antibandwidth problem with w = 89 (T-dwt__592.mtx.rnd):
c [w = 89] Initializing CaDiCaL (version 2.2.1).
c [w = 89] Configuring CaDiCaL as --sat (1).
c [w = 89] Encoding starts with w = 89:
c [w = 89] Symmetry breaking highest degree node is applied.
c [w = 89] Encoding duration: 6393 ms.
c [w = 89] Number of clauses: 8966120.
c [w = 89] Number of variables: 1112960.
c [w = 89] SAT Solving starts:
c [Signal] Signal interruption. Caught signal: SIGTERM (15).
c [w = 90] Start task in PID: 98248.
c [w = 90] Cyclic Antibandwidth problem with w = 90 (T-dwt__592.mtx.rnd):
c [w = 90] Initializing CaDiCaL (version 2.2.1).
c [w = 90] Configuring CaDiCaL as --sat (1).
c [w = 90] Encoding starts with w = 90:
c [w = 90] Symmetry breaking highest degree node is applied.
c [w = 90] Encoding duration: 6381 ms.
c [w = 90] Number of clauses: 8979144.
c [w = 90] Number of variables: 1117104.
c [w = 90] SAT Solving starts:
c [Signal] Signal interruption. Caught signal: SIGTERM (15).
c [Main] Child pid 88 - 97766 terminated by signal 15.
c [Main] Child pid 91 - 98246 terminated by signal 15.
c [Main] Child pid 89 - 98247 terminated by signal 15.
c [Main] Child pid 90 - 98248 terminated by signal 15.
c [w = 94] Start task in PID: 98234.
c [w = 94] Cyclic Antibandwidth problem with w = 94 (T-dwt__592.mtx.rnd):
c [w = 94] Initializing CaDiCaL (version 2.2.1).
c [w = 94] Configuring CaDiCaL as --sat (1).
c [w = 94] Encoding starts with w = 94:
c [w = 94] Symmetry breaking highest degree node is applied.
c [w = 94] Encoding duration: 6630 ms.
c [w = 94] Number of clauses: 9031240.
c [w = 94] Number of variables: 1133680.
c [w = 94] SAT Solving starts:
c [w = 94] Solving duration: 531419 ms.
c [w = 94] Answer:
s [w = 94] SAT (w = 94).
c [w = 94] Solution check = 94.
c [w = 94] The solution is correct.
c [w = 94] Result: 10.
c [Main] Max width SAT is set to 94.
c [Main] Kill lower pid 93.
c [w = 93] Start task in PID: 98281.
c [w = 93] Cyclic Antibandwidth problem with w = 93 (T-dwt__592.mtx.rnd):
c [w = 93] Initializing CaDiCaL (version 2.2.1).
c [w = 93] Configuring CaDiCaL as --sat (1).
c [w = 93] Encoding starts with w = 93:
c [w = 93] Symmetry breaking highest degree node is applied.
c [w = 93] Encoding duration: 6327 ms.
c [w = 93] Number of clauses: 9018216.
c [w = 93] Number of variables: 1129536.
c [w = 93] SAT Solving starts:
c [Signal] Signal interruption. Caught signal: SIGTERM (15).
c [Main] Child pid 93 - 98281 terminated by signal 15.
c [w = 96] Start task in PID: 98294.
c [w = 96] Cyclic Antibandwidth problem with w = 96 (T-dwt__592.mtx.rnd):
c [w = 96] Initializing CaDiCaL (version 2.2.1).
c [w = 96] Configuring CaDiCaL as --sat (1).
c [w = 96] Encoding starts with w = 96:
c [w = 96] Symmetry breaking highest degree node is applied.
c [w = 96] Encoding duration: 6639 ms.
c [w = 96] Number of clauses: 9057288.
c [w = 96] Number of variables: 1141968.
c [w = 96] SAT Solving starts:
c [w = 96] Solving duration: 472259 ms.
c [w = 96] Answer:
s [w = 96] SAT (w = 96).
c [w = 96] Solution check = 96.
c [w = 96] The solution is correct.
c [w = 96] Result: 10.
c [Main] Max width SAT is set to 96.
c [Main] Kill lower pid 95.
c [w = 95] Start task in PID: 98293.
c [w = 95] Cyclic Antibandwidth problem with w = 95 (T-dwt__592.mtx.rnd):
c [w = 95] Initializing CaDiCaL (version 2.2.1).
c [w = 95] Configuring CaDiCaL as --sat (1).
c [w = 95] Encoding starts with w = 95:
c [w = 95] Symmetry breaking highest degree node is applied.
c [w = 95] Encoding duration: 6626 ms.
c [w = 95] Number of clauses: 9044264.
c [w = 95] Number of variables: 1137824.
c [w = 95] SAT Solving starts:
c [Signal] Signal interruption. Caught signal: SIGTERM (15).
c [Main] Child pid 95 - 98293 terminated by signal 15.
c [w = 98] Start task in PID: 98296.
c [w = 98] Cyclic Antibandwidth problem with w = 98 (T-dwt__592.mtx.rnd):
c [w = 98] Initializing CaDiCaL (version 2.2.1).
c [w = 98] Configuring CaDiCaL as --sat (1).
c [w = 98] Encoding starts with w = 98:
c [w = 98] Symmetry breaking highest degree node is applied.
c [w = 98] Encoding duration: 6499 ms.
c [w = 98] Number of clauses: 9083336.
c [w = 98] Number of variables: 1150256.
c [w = 98] SAT Solving starts:
c [w = 98] Solving duration: 661602 ms.
c [w = 98] Answer:
s [w = 98] SAT (w = 98).
c [w = 98] Solution check = 98.
c [w = 98] The solution is correct.
c [w = 98] Result: 10.
c [Main] Max width SAT is set to 98.
c [Main] Kill lower pid 97.
c [w = 97] Start task in PID: 98292.
c [w = 97] Cyclic Antibandwidth problem with w = 97 (T-dwt__592.mtx.rnd):
c [w = 97] Initializing CaDiCaL (version 2.2.1).
c [w = 97] Configuring CaDiCaL as --sat (1).
c [w = 97] Encoding starts with w = 97:
c [w = 97] Symmetry breaking highest degree node is applied.
c [w = 97] Encoding duration: 6331 ms.
c [w = 97] Number of clauses: 9070312.
c [w = 97] Number of variables: 1146112.
c [w = 97] SAT Solving starts:
c [Signal] Signal interruption. Caught signal: SIGTERM (15).
c [Main] Child pid 97 - 98292 terminated by signal 15.
c [w = 104] Start task in PID: 98862.
c [w = 104] Cyclic Antibandwidth problem with w = 104 (T-dwt__592.mtx.rnd):
c [w = 104] Initializing CaDiCaL (version 2.2.1).
c [w = 104] Configuring CaDiCaL as --sat (1).
c [w = 104] Encoding starts with w = 104:
c [w = 104] Symmetry breaking highest degree node is applied.
c [w = 104] Encoding duration: 6832 ms.
c [w = 104] Number of clauses: 8984728.
c [w = 104] Number of variables: 1115328.
c [w = 104] SAT Solving starts:
c [Signal] Signal interruption. Caught signal: SIGTERM (15).
c [w = 102] Start task in PID: 98863.
c [w = 102] Cyclic Antibandwidth problem with w = 102 (T-dwt__592.mtx.rnd):
c [w = 102] Initializing CaDiCaL (version 2.2.1).
c [w = 102] Configuring CaDiCaL as --sat (1).
c [w = 102] Encoding starts with w = 102:
c [w = 102] Symmetry breaking highest degree node is applied.
c [w = 102] Encoding duration: 6291 ms.
c [w = 102] Number of clauses: 8962232.
c [w = 102] Number of variables: 1108224.
c [w = 102] SAT Solving starts:
c [Signal] Signal interruption. Caught signal: SIGTERM (15).
c [w = 113] Start task in PID: 98822.
c [w = 113] Cyclic Antibandwidth problem with w = 113 (T-dwt__592.mtx.rnd):
c [w = 113] Initializing CaDiCaL (version 2.2.1).
c [w = 113] Configuring CaDiCaL as --sat (1).
c [w = 113] Encoding starts with w = 113:
c [w = 113] Symmetry breaking highest degree node is applied.
c [w = 113] Encoding duration: 6511 ms.
c [w = 113] Number of clauses: 9085960.
c [w = 113] Number of variables: 1147296.
c [w = 113] SAT Solving starts:
c [Signal] Signal interruption. Caught signal: SIGTERM (15).
c [w = 107] Start task in PID: 98823.
c [w = 107] Cyclic Antibandwidth problem with w = 107 (T-dwt__592.mtx.rnd):
c [w = 107] Initializing CaDiCaL (version 2.2.1).
c [w = 107] Configuring CaDiCaL as --sat (1).
c [w = 107] Encoding starts with w = 107:
c [w = 107] Symmetry breaking highest degree node is applied.
c [w = 107] Encoding duration: 6396 ms.
c [w = 107] Number of clauses: 9018472.
c [w = 107] Number of variables: 1125984.
c [w = 107] SAT Solving starts:
c [Signal] Signal interruption. Caught signal: SIGTERM (15).
c [w = 100] Start task in PID: 98772.
c [w = 100] Cyclic Antibandwidth problem with w = 100 (T-dwt__592.mtx.rnd):
c [w = 100] Initializing CaDiCaL (version 2.2.1).
c [w = 100] Configuring CaDiCaL as --sat (1).
c [w = 100] Encoding starts with w = 100:
c [w = 100] Symmetry breaking highest degree node is applied.
c [w = 100] Encoding duration: 6286 ms.
c [w = 100] Number of clauses: 8939736.
c [w = 100] Number of variables: 1101120.
c [w = 100] SAT Solving starts:
c [Signal] Signal interruption. Caught signal: SIGTERM (15).
c [w = 126] Start task in PID: 98773.
c [w = 126] Cyclic Antibandwidth problem with w = 126 (T-dwt__592.mtx.rnd):
c [w = 126] Initializing CaDiCaL (version 2.2.1).
c [w = 126] Configuring CaDiCaL as --sat (1).
c [w = 126] Encoding starts with w = 126:
c [w = 126] Symmetry breaking highest degree node is applied.
c [w = 126] Encoding duration: 6312 ms.
c [w = 126] Number of clauses: 9016952.
c [w = 126] Number of variables: 1120656.
c [w = 126] SAT Solving starts:
c [Signal] Signal interruption. Caught signal: SIGTERM (15).
c [Main] Lim pid ends with result: 254.
c [Main] All children have completed.
r [Main] 
r [Main] Final results: 
r [Main] Max width SAT:  	98.
r [Main] Min width UNSAT:	-.
r [Main] Total real time: 1812503 ms.
r [Main] Total memory consumed: 21405.6 MB.
r [Main] 
c [w = 101] Start task in PID: 97698.
c [w = 101] Cyclic Antibandwidth problem with w = 101 (T-dwt__592.mtx.rnd):
c [w = 101] Initializing CaDiCaL (version 2.2.1).
c [w = 101] Configuring CaDiCaL as --sat (1).
c [w = 101] Encoding starts with w = 101:
c [w = 101] Symmetry breaking highest degree node is applied.
c [w = 101] Encoding duration: 6886 ms.
c [w = 101] Number of clauses: 8950984.
c [w = 101] Number of variables: 1104672.
c [w = 101] SAT Solving starts:
c [Signal] Signal interruption. Caught signal: SIGTERM (15).
c [w = 99] Start task in PID: 98295.
c [w = 99] Cyclic Antibandwidth problem with w = 99 (T-dwt__592.mtx.rnd):
c [w = 99] Initializing CaDiCaL (version 2.2.1).
c [w = 99] Configuring CaDiCaL as --sat (1).
c [w = 99] Encoding starts with w = 99:
c [w = 99] Symmetry breaking highest degree node is applied.
c [w = 99] Encoding duration: 6474 ms.
c [w = 99] Number of clauses: 8928488.
c [w = 99] Number of variables: 1097568.
c [w = 99] SAT Solving starts:
c [Signal] Signal interruption. Caught signal: SIGTERM (15).
