c [Version] Cyclic Anti-bandwidth Encoder version 1.0.0.
c [Param] Real time limit is set to 1800.
c [Param] Memory limit is set to 30000.
c [Param] Worker count is set to 8.
c [Main] Encoding and solving for graph: U-662_bus.mtx.rnd.
c [Main] Search strategy: Binary search from lower bound.
c [Main] Lower bound is set to 110.
c [Main] Upper bound is set to 220.
c [Main] Search order: 165 137 123 116 112 110 111 114 113 115 119 117 118 121 120 122 130 126 124 125 128 127 129 133 131 132 135 134 136 151 144 140 138 139 142 141 143 147 145 146 149 148 150 158 154 152 153 156 155 157 161 159 160 163 162 164 193 179 172 168 166 167 170 169 171 175 173 174 177 176 178 186 182 180 181 184 183 185 189 187 188 191 190 192 207 200 196 194 195 198 197 199 203 201 202 205 204 206 214 210 208 209 212 211 213 217 215 216 219 218 220.
c [w = 112] Start task in PID: 99403.
c [w = 112] Cyclic Antibandwidth problem with w = 112 (U-662_bus.mtx.rnd):
c [w = 112] Initializing CaDiCaL (version 2.2.1).
c [w = 112] Configuring CaDiCaL as --sat (1).
c [w = 112] Encoding starts with w = 112:
c [w = 112] Symmetry breaking highest degree node is applied.
c [w = 112] Encoding duration: 5291 ms.
c [w = 112] Number of clauses: 6932375.
c [w = 112] Number of variables: 1375636.
c [w = 112] SAT Solving starts:
c [w = 112] Solving duration: 31459 ms.
c [w = 112] Answer:
s [w = 112] SAT (w = 112).
c [w = 112] Solution check = 112.
c [w = 112] The solution is correct.
c [w = 112] Result: 10.
c [Main] Max width SAT is set to 112.
c [Main] Kill lower pid 110.
c [Main] Kill lower pid 111.
c [w = 110] Start task in PID: 99404.
c [w = 110] Cyclic Antibandwidth problem with w = 110 (U-662_bus.mtx.rnd):
c [w = 110] Initializing CaDiCaL (version 2.2.1).
c [w = 110] Configuring CaDiCaL as --sat (1).
c [w = 110] Encoding starts with w = 110:
c [w = 110] Symmetry breaking highest degree node is applied.
c [w = 110] Encoding duration: 5449 ms.
c [w = 110] Number of clauses: 7121637.
c [w = 110] Number of variables: 1438526.
c [w = 110] SAT Solving starts:
c [Signal] Signal interruption. Caught signal: SIGTERM (15).
c [w = 111] Start task in PID: 99405.
c [w = 111] Cyclic Antibandwidth problem with w = 111 (U-662_bus.mtx.rnd):
c [w = 111] Initializing CaDiCaL (version 2.2.1).
c [w = 111] Configuring CaDiCaL as --sat (1).
c [w = 111] Encoding starts with w = 111:
c [w = 111] Symmetry breaking highest degree node is applied.
c [w = 111] Encoding duration: 5271 ms.
c [w = 111] Number of clauses: 6919797.
c [w = 111] Number of variables: 1371664.
c [w = 111] SAT Solving starts:
c [Signal] Signal interruption. Caught signal: SIGTERM (15).
c [Main] Child pid 110 - 99404 terminated by signal 15.
c [Main] Child pid 111 - 99405 terminated by signal 15.
c [w = 114] Start task in PID: 99406.
c [w = 114] Cyclic Antibandwidth problem with w = 114 (U-662_bus.mtx.rnd):
c [w = 114] Initializing CaDiCaL (version 2.2.1).
c [w = 114] Configuring CaDiCaL as --sat (1).
c [w = 114] Encoding starts with w = 114:
c [w = 114] Symmetry breaking highest degree node is applied.
c [w = 114] Encoding duration: 5325 ms.
c [w = 114] Number of clauses: 6957531.
c [w = 114] Number of variables: 1383580.
c [w = 114] SAT Solving starts:
c [w = 114] Solving duration: 31761 ms.
c [w = 114] Answer:
s [w = 114] SAT (w = 114).
c [w = 114] Solution check = 114.
c [w = 114] The solution is correct.
c [w = 114] Result: 10.
c [Main] Max width SAT is set to 114.
c [Main] Kill lower pid 113.
c [w = 113] Start task in PID: 99416.
c [w = 113] Cyclic Antibandwidth problem with w = 113 (U-662_bus.mtx.rnd):
c [w = 113] Initializing CaDiCaL (version 2.2.1).
c [w = 113] Configuring CaDiCaL as --sat (1).
c [w = 113] Encoding starts with w = 113:
c [w = 113] Symmetry breaking highest degree node is applied.
c [Signal] Signal interruption. Caught signal: SIGTERM (15).
c [Main] Child pid 113 - 99416 terminated by signal 15.
c [w = 123] Start task in PID: 99401.
c [w = 123] Cyclic Antibandwidth problem with w = 123 (U-662_bus.mtx.rnd):
c [w = 123] Initializing CaDiCaL (version 2.2.1).
c [w = 123] Configuring CaDiCaL as --sat (1).
c [w = 123] Encoding starts with w = 123:
c [w = 123] Symmetry breaking highest degree node is applied.
c [w = 123] Encoding duration: 5385 ms.
c [w = 123] Number of clauses: 7070733.
c [w = 123] Number of variables: 1419328.
c [w = 123] SAT Solving starts:
c [w = 123] Solving duration: 32746 ms.
c [w = 123] Answer:
s [w = 123] SAT (w = 123).
c [w = 123] Solution check = 123.
c [w = 123] The solution is correct.
c [w = 123] Result: 10.
c [w = 117] Start task in PID: 99419.
c [w = 117] Cyclic Antibandwidth problem with w = 117 (U-662_bus.mtx.rnd):
c [w = 117] Initializing CaDiCaL (version 2.2.1).
c [w = 117] Configuring CaDiCaL as --sat (1).
c [w = 117] Encoding starts with w = 117:
c [w = 117] Symmetry breaking highest degree node is applied.
c [Signal] Signal interruption. Caught signal: SIGTERM (15).
c [Main] Max width SAT is set to 123.
c [Main] Kill lower pid 118.
c [Main] Kill lower pid 117.
c [Main] Kill lower pid 119.
c [Main] Kill lower pid 115.
c [Main] Kill lower pid 116.
c [w = 119] Start task in PID: 99418.
c [w = 119] Cyclic Antibandwidth problem with w = 119 (U-662_bus.mtx.rnd):
c [w = 119] Initializing CaDiCaL (version 2.2.1).
c [w = 119] Configuring CaDiCaL as --sat (1).
c [w = 119] Encoding starts with w = 119:
c [w = 119] Symmetry breaking highest degree node is applied.
c [Signal] Signal interruption. Caught signal: SIGTERM (15).
c [w = 118] Start task in PID: 99420.
c [w = 118] Cyclic Antibandwidth problem with w = 118 (U-662_bus.mtx.rnd):
c [w = 118] Initializing CaDiCaL (version 2.2.1).
c [w = 118] Configuring CaDiCaL as --sat (1).
c [w = 118] Encoding starts with w = 118:
c [w = 118] Symmetry breaking highest degree node is applied.
c [Signal] Signal interruption. Caught signal: SIGTERM (15).
c [w = 115] Start task in PID: 99417.
c [w = 115] Cyclic Antibandwidth problem with w = 115 (U-662_bus.mtx.rnd):
c [w = 115] Initializing CaDiCaL (version 2.2.1).
c [w = 115] Configuring CaDiCaL as --sat (1).
c [w = 115] Encoding starts with w = 115:
c [w = 115] Symmetry breaking highest degree node is applied.
c [Signal] Signal interruption. Caught signal: SIGTERM (15).
c [w = 116] Start task in PID: 99402.
c [w = 116] Cyclic Antibandwidth problem with w = 116 (U-662_bus.mtx.rnd):
c [w = 116] Initializing CaDiCaL (version 2.2.1).
c [w = 116] Configuring CaDiCaL as --sat (1).
c [w = 116] Encoding starts with w = 116:
c [w = 116] Symmetry breaking highest degree node is applied.
c [w = 116] Encoding duration: 5353 ms.
c [w = 116] Number of clauses: 6982687.
c [w = 116] Number of variables: 1391524.
c [w = 116] SAT Solving starts:
c [Signal] Signal interruption. Caught signal: SIGTERM (15).
c [Main] Child pid 118 - 99420 terminated by signal 15.
c [Main] Child pid 117 - 99419 terminated by signal 15.
c [Main] Child pid 115 - 99417 terminated by signal 15.
c [Main] Child pid 119 - 99418 terminated by signal 15.
c [Main] Child pid 116 - 99402 terminated by signal 15.
c [w = 128] Start task in PID: 99425.
c [w = 128] Cyclic Antibandwidth problem with w = 128 (U-662_bus.mtx.rnd):
c [w = 128] Initializing CaDiCaL (version 2.2.1).
c [w = 128] Configuring CaDiCaL as --sat (1).
c [w = 128] Encoding starts with w = 128:
c [w = 128] Symmetry breaking highest degree node is applied.
c [w = 128] Encoding duration: 4940 ms.
c [w = 128] Number of clauses: 7133623.
c [w = 128] Number of variables: 1439188.
c [w = 128] SAT Solving starts:
c [w = 128] Solving duration: 32694 ms.
c [w = 128] Answer:
s [w = 128] SAT (w = 128).
c [w = 128] Solution check = 128.
c [w = 128] The solution is correct.
c [w = 128] Result: 10.
c [Main] Max width SAT is set to 128.
c [Main] Kill lower pid 127.
c [Main] Kill lower pid 125.
c [Main] Kill lower pid 124.
c [Main] Kill lower pid 126.
c [w = 127] Start task in PID: 99426.
c [w = 127] Cyclic Antibandwidth problem with w = 127 (U-662_bus.mtx.rnd):
c [w = 127] Initializing CaDiCaL (version 2.2.1).
c [w = 127] Configuring CaDiCaL as --sat (1).
c [w = 127] Encoding starts with w = 127:
c [w = 127] Symmetry breaking highest degree node is applied.
c [w = 127] Encoding duration: 5013 ms.
c [w = 127] Number of clauses: 7121045.
c [w = 127] Number of variables: 1435216.
c [w = 127] SAT Solving starts:
c [Signal] Signal interruption. Caught signal: SIGTERM (15).
c [w = 126] Start task in PID: 99422.
c [w = 126] Cyclic Antibandwidth problem with w = 126 (U-662_bus.mtx.rnd):
c [w = 126] Initializing CaDiCaL (version 2.2.1).
c [w = 126] Configuring CaDiCaL as --sat (1).
c [w = 126] Encoding starts with w = 126:
c [w = 126] Symmetry breaking highest degree node is applied.
c [w = 126] Encoding duration: 5243 ms.
c [w = 126] Number of clauses: 7108467.
c [w = 126] Number of variables: 1431244.
c [w = 126] SAT Solving starts:
c [w = 126] Solving duration: 32511 ms.
c [w = 126] Answer:
s [w = 126] SAT (w = 126).
c [w = 126] Solution check = 126.
c [w = 126] The solution is correct.
c [Signal] Signal interruption. Caught signal: SIGTERM (15).
c [w = 125] Start task in PID: 99424.
c [w = 125] Cyclic Antibandwidth problem with w = 125 (U-662_bus.mtx.rnd):
c [w = 125] Initializing CaDiCaL (version 2.2.1).
c [w = 125] Configuring CaDiCaL as --sat (1).
c [w = 125] Encoding starts with w = 125:
c [w = 125] Symmetry breaking highest degree node is applied.
c [w = 125] Encoding duration: 5234 ms.
c [w = 125] Number of clauses: 7095889.
c [w = 125] Number of variables: 1427272.
c [w = 125] SAT Solving starts:
c [w = 125] Solving duration: 32644 ms.
c [w = 125] Answer:
s [w = 125] SAT (w = 125).
c [w = 125] Solution check = 125.
c [w = 125] The solution is correct.
c [Signal] Signal interruption. Caught signal: SIGTERM (15).
c [w = 124] Start task in PID: 99423.
c [w = 124] Cyclic Antibandwidth problem with w = 124 (U-662_bus.mtx.rnd):
c [w = 124] Initializing CaDiCaL (version 2.2.1).
c [w = 124] Configuring CaDiCaL as --sat (1).
c [w = 124] Encoding starts with w = 124:
c [w = 124] Symmetry breaking highest degree node is applied.
c [w = 124] Encoding duration: 5237 ms.
c [w = 124] Number of clauses: 7083311.
c [w = 124] Number of variables: 1423300.
c [w = 124] SAT Solving starts:
c [w = 124] Solving duration: 32967 ms.
c [w = 124] Answer:
s [w = 124] SAT (w = 124).
c [w = 124] Solution check = 124.
c [w = 124] The solution is correct.
c [Signal] Signal interruption. Caught signal: SIGTERM (15).
c [Main] Child pid 127 - 99426 terminated by signal 15.
c [Main] Child pid 126 - 99422 terminated by signal 15.
c [Main] Child pid 125 - 99424 terminated by signal 15.
c [Main] Child pid 124 - 99423 terminated by signal 15.
c [w = 137] Start task in PID: 99400.
c [w = 137] Cyclic Antibandwidth problem with w = 137 (U-662_bus.mtx.rnd):
c [w = 137] Initializing CaDiCaL (version 2.2.1).
c [w = 137] Configuring CaDiCaL as --sat (1).
c [w = 137] Encoding starts with w = 137:
c [w = 137] Symmetry breaking highest degree node is applied.
c [w = 137] Encoding duration: 5316 ms.
c [w = 137] Number of clauses: 6979447.
c [w = 137] Number of variables: 1386228.
c [w = 137] SAT Solving starts:
c [w = 137] Solving duration: 88019 ms.
c [w = 137] Answer:
s [w = 137] SAT (w = 137).
c [w = 137] Solution check = 137.
c [w = 137] The solution is correct.
c [w = 137] Result: 10.
c [Main] Max width SAT is set to 137.
c [Main] Kill lower pid 135.
c [Main] Kill lower pid 132.
c [Main] Kill lower pid 131.
c [Main] Kill lower pid 133.
c [Main] Kill lower pid 129.
c [Main] Kill lower pid 130.
c [w = 135] Start task in PID: 99436.
c [w = 135] Cyclic Antibandwidth problem with w = 135 (U-662_bus.mtx.rnd):
c [w = 135] Initializing CaDiCaL (version 2.2.1).
c [w = 135] Configuring CaDiCaL as --sat (1).
c [w = 135] Encoding starts with w = 135:
c [w = 135] Symmetry breaking highest degree node is applied.
c [w = 135] Encoding duration: 4918 ms.
c [w = 135] Number of clauses: 6958263.
c [w = 135] Number of variables: 1379608.
c [w = 135] SAT Solving starts:
c [Signal] Signal interruption. Caught signal: SIGTERM (15).
c [w = 131] Start task in PID: 99434.
c [w = 131] Cyclic Antibandwidth problem with w = 131 (U-662_bus.mtx.rnd):
c [w = 131] Initializing CaDiCaL (version 2.2.1).
c [w = 131] Configuring CaDiCaL as --sat (1).
c [w = 131] Encoding starts with w = 131:
c [w = 131] Symmetry breaking highest degree node is applied.
c [w = 131] Encoding duration: 5282 ms.
c [w = 131] Number of clauses: 7171357.
c [w = 131] Number of variables: 1451104.
c [w = 131] SAT Solving starts:
c [Signal] Signal interruption. Caught signal: SIGTERM (15).
c [w = 132] Start task in PID: 99435.
c [w = 132] Cyclic Antibandwidth problem with w = 132 (U-662_bus.mtx.rnd):
c [w = 132] Initializing CaDiCaL (version 2.2.1).
c [w = 132] Configuring CaDiCaL as --sat (1).
c [w = 132] Encoding starts with w = 132:
c [w = 132] Symmetry breaking highest degree node is applied.
c [w = 132] Encoding duration: 5312 ms.
c [w = 132] Number of clauses: 7183935.
c [w = 132] Number of variables: 1455076.
c [w = 132] SAT Solving starts:
c [Signal] Signal interruption. Caught signal: SIGTERM (15).
c [w = 129] Start task in PID: 99432.
c [w = 129] Cyclic Antibandwidth problem with w = 129 (U-662_bus.mtx.rnd):
c [w = 129] Initializing CaDiCaL (version 2.2.1).
c [w = 129] Configuring CaDiCaL as --sat (1).
c [w = 129] Encoding starts with w = 129:
c [w = 129] Symmetry breaking highest degree node is applied.
c [w = 129] Encoding duration: 4837 ms.
c [w = 129] Number of clauses: 7146201.
c [w = 129] Number of variables: 1443160.
c [w = 129] SAT Solving starts:
c [Signal] Signal interruption. Caught signal: SIGTERM (15).
c [w = 130] Start task in PID: 99421.
c [w = 130] Cyclic Antibandwidth problem with w = 130 (U-662_bus.mtx.rnd):
c [w = 130] Initializing CaDiCaL (version 2.2.1).
c [w = 130] Configuring CaDiCaL as --sat (1).
c [w = 130] Encoding starts with w = 130:
c [w = 130] Symmetry breaking highest degree node is applied.
c [w = 130] Encoding duration: 5315 ms.
c [w = 130] Number of clauses: 7158779.
c [w = 130] Number of variables: 1447132.
c [w = 130] SAT Solving starts:
c [Signal] Signal interruption. Caught signal: SIGTERM (15).
c [w = 133] Start task in PID: 99433.
c [w = 133] Cyclic Antibandwidth problem with w = 133 (U-662_bus.mtx.rnd):
c [w = 133] Initializing CaDiCaL (version 2.2.1).
c [w = 133] Configuring CaDiCaL as --sat (1).
c [w = 133] Encoding starts with w = 133:
c [w = 133] Symmetry breaking highest degree node is applied.
c [w = 133] Encoding duration: 4523 ms.
c [w = 133] Number of clauses: 6937079.
c [w = 133] Number of variables: 1372988.
c [w = 133] SAT Solving starts:
c [Signal] Signal interruption. Caught signal: SIGTERM (15).
c [Main] Child pid 135 - 99436 terminated by signal 15.
c [Main] Child pid 133 - 99433 terminated by signal 15.
c [Main] Child pid 131 - 99434 terminated by signal 15.
c [Main] Child pid 130 - 99421 terminated by signal 15.
c [Main] Child pid 132 - 99435 terminated by signal 15.
c [Main] Child pid 129 - 99432 terminated by signal 15.
c [w = 139] Start task in PID: 99445.
c [w = 139] Cyclic Antibandwidth problem with w = 139 (U-662_bus.mtx.rnd):
c [w = 139] Initializing CaDiCaL (version 2.2.1).
c [w = 139] Configuring CaDiCaL as --sat (1).
c [w = 139] Encoding starts with w = 139:
c [w = 139] Symmetry breaking highest degree node is applied.
c [w = 139] Encoding duration: 5242 ms.
c [w = 139] Number of clauses: 7000631.
c [w = 139] Number of variables: 1392848.
c [w = 139] SAT Solving starts:
c [w = 139] Solving duration: 86249 ms.
c [w = 139] Answer:
s [w = 139] SAT (w = 139).
c [w = 139] Solution check = 139.
c [w = 139] The solution is correct.
c [w = 139] Result: 10.
c [Main] Max width SAT is set to 139.
c [Main] Kill lower pid 138.
c [w = 138] Start task in PID: 99444.
c [w = 138] Cyclic Antibandwidth problem with w = 138 (U-662_bus.mtx.rnd):
c [w = 138] Initializing CaDiCaL (version 2.2.1).
c [w = 138] Configuring CaDiCaL as --sat (1).
c [w = 138] Encoding starts with w = 138:
c [w = 138] Symmetry breaking highest degree node is applied.
c [w = 138] Encoding duration: 5214 ms.
c [w = 138] Number of clauses: 6990039.
c [w = 138] Number of variables: 1389538.
c [w = 138] SAT Solving starts:
c [Signal] Signal interruption. Caught signal: SIGTERM (15).
c [Main] Child pid 138 - 99444 terminated by signal 15.
c [w = 140] Start task in PID: 99443.
c [w = 140] Cyclic Antibandwidth problem with w = 140 (U-662_bus.mtx.rnd):
c [w = 140] Initializing CaDiCaL (version 2.2.1).
c [w = 140] Configuring CaDiCaL as --sat (1).
c [w = 140] Encoding starts with w = 140:
c [w = 140] Symmetry breaking highest degree node is applied.
c [w = 140] Encoding duration: 4847 ms.
c [w = 140] Number of clauses: 7011223.
c [w = 140] Number of variables: 1396158.
c [w = 140] SAT Solving starts:
c [w = 140] Solving duration: 88190 ms.
c [w = 140] Answer:
s [w = 140] SAT (w = 140).
c [w = 140] Solution check = 140.
c [w = 140] The solution is correct.
c [w = 140] Result: 10.
c [Main] Max width SAT is set to 140.
c [w = 142] Start task in PID: 99446.
c [w = 142] Cyclic Antibandwidth problem with w = 142 (U-662_bus.mtx.rnd):
c [w = 142] Initializing CaDiCaL (version 2.2.1).
c [w = 142] Configuring CaDiCaL as --sat (1).
c [w = 142] Encoding starts with w = 142:
c [w = 142] Symmetry breaking highest degree node is applied.
c [w = 142] Encoding duration: 5268 ms.
c [w = 142] Number of clauses: 7032407.
c [w = 142] Number of variables: 1402778.
c [w = 142] SAT Solving starts:
c [w = 142] Solving duration: 154698 ms.
c [w = 142] Answer:
s [w = 142] SAT (w = 142).
c [w = 142] Solution check = 142.
c [w = 142] The solution is correct.
c [w = 142] Result: 10.
c [Main] Max width SAT is set to 142.
c [Main] Kill lower pid 141.
c [w = 141] Start task in PID: 99447.
c [w = 141] Cyclic Antibandwidth problem with w = 141 (U-662_bus.mtx.rnd):
c [w = 141] Initializing CaDiCaL (version 2.2.1).
c [w = 141] Configuring CaDiCaL as --sat (1).
c [w = 141] Encoding starts with w = 141:
c [w = 141] Symmetry breaking highest degree node is applied.
c [w = 141] Encoding duration: 5196 ms.
c [w = 141] Number of clauses: 7021815.
c [w = 141] Number of variables: 1399468.
c [w = 141] SAT Solving starts:
c [Signal] Signal interruption. Caught signal: SIGTERM (15).
c [Main] Child pid 141 - 99447 terminated by signal 15.
c [w = 165] Start task in PID: 99399.
c [w = 165] Cyclic Antibandwidth problem with w = 165 (U-662_bus.mtx.rnd):
c [w = 165] Initializing CaDiCaL (version 2.2.1).
c [w = 165] Configuring CaDiCaL as --sat (1).
c [w = 165] Encoding starts with w = 165:
c [w = 165] Symmetry breaking highest degree node is applied.
c [w = 165] Encoding duration: 5575 ms.
c [w = 165] Number of clauses: 7276023.
c [w = 165] Number of variables: 1478908.
c [w = 165] SAT Solving starts:
c [w = 165] Solving duration: 284634 ms.
c [w = 165] Answer:
s [w = 165] SAT (w = 165).
c [w = 165] Solution check = 165.
c [w = 165] The solution is correct.
c [w = 165] Result: 10.
c [w = 149] Start task in PID: 99910.
c [w = 149] Cyclic Antibandwidth problem with w = 149 (U-662_bus.mtx.rnd):
c [w = 149] Initializing CaDiCaL (version 2.2.1).
c [w = 149] Configuring CaDiCaL as --sat (1).
c [w = 149] Encoding starts with w = 149:
c [w = 149] Symmetry breaking highest degree node is applied.
c [w = 149] Encoding duration: 5039 ms.
c [w = 149] Number of clauses: 7106551.
c [w = 149] Number of variables: 1425948.
c [w = 149] SAT Solving starts:
c [Signal] Signal interruption. Caught signal: SIGTERM (15).
c [w = 146] Start task in PID: 99909.
c [w = 146] Cyclic Antibandwidth problem with w = 146 (U-662_bus.mtx.rnd):
c [w = 146] Initializing CaDiCaL (version 2.2.1).
c [w = 146] Configuring CaDiCaL as --sat (1).
c [w = 146] Encoding starts with w = 146:
c [w = 146] Symmetry breaking highest degree node is applied.
c [w = 146] Encoding duration: 4880 ms.
c [w = 146] Number of clauses: 7074775.
c [w = 146] Number of variables: 1416018.
c [w = 146] SAT Solving starts:
c [Signal] Signal interruption. Caught signal: SIGTERM (15).
c [w = 147] Start task in PID: 99465.
c [w = 147] Cyclic Antibandwidth problem with w = 147 (U-662_bus.mtx.rnd):
c [w = 147] Initializing CaDiCaL (version 2.2.1).
c [w = 147] Configuring CaDiCaL as --sat (1).
c [w = 147] Encoding starts with w = 147:
c [w = 147] Symmetry breaking highest degree node is applied.
c [w = 147] Encoding duration: 4945 ms.
c [w = 147] Number of clauses: 7085367.
c [w = 147] Number of variables: 1419328.
c [w = 147] SAT Solving starts:
c [Signal] Signal interruption. Caught signal: SIGTERM (15).
c [Main] Max width SAT is set to 165.
c [Main] Kill lower pid 149.
c [Main] Kill lower pid 146.
c [Main] Kill lower pid 145.
c [Main] Kill lower pid 147.
c [Main] Kill lower pid 143.
c [Main] Kill lower pid 151.
c [Main] Kill lower pid 144.
c [w = 143] Start task in PID: 99464.
c [w = 143] Cyclic Antibandwidth problem with w = 143 (U-662_bus.mtx.rnd):
c [w = 143] Initializing CaDiCaL (version 2.2.1).
c [w = 143] Configuring CaDiCaL as --sat (1).
c [w = 143] Encoding starts with w = 143:
c [w = 143] Symmetry breaking highest degree node is applied.
c [w = 143] Encoding duration: 5184 ms.
c [w = 143] Number of clauses: 7042999.
c [w = 143] Number of variables: 1406088.
c [w = 143] SAT Solving starts:
c [Signal] Signal interruption. Caught signal: SIGTERM (15).
c [w = 151] Start task in PID: 99441.
c [w = 151] Cyclic Antibandwidth problem with w = 151 (U-662_bus.mtx.rnd):
c [w = 151] Initializing CaDiCaL (version 2.2.1).
c [w = 151] Configuring CaDiCaL as --sat (1).
c [w = 151] Encoding starts with w = 151:
c [w = 151] Symmetry breaking highest degree node is applied.
c [w = 151] Encoding duration: 5370 ms.
c [w = 151] Number of clauses: 7127735.
c [w = 151] Number of variables: 1432568.
c [w = 151] SAT Solving starts:
c [Signal] Signal interruption. Caught signal: SIGTERM (15).
c [w = 145] Start task in PID: 99466.
c [w = 145] Cyclic Antibandwidth problem with w = 145 (U-662_bus.mtx.rnd):
c [w = 145] Initializing CaDiCaL (version 2.2.1).
c [w = 145] Configuring CaDiCaL as --sat (1).
c [w = 145] Encoding starts with w = 145:
c [w = 145] Symmetry breaking highest degree node is applied.
c [w = 145] Encoding duration: 5217 ms.
c [w = 145] Number of clauses: 7064183.
c [w = 145] Number of variables: 1412708.
c [w = 145] SAT Solving starts:
c [Signal] Signal interruption. Caught signal: SIGTERM (15).
c [w = 144] Start task in PID: 99442.
c [w = 144] Cyclic Antibandwidth problem with w = 144 (U-662_bus.mtx.rnd):
c [w = 144] Initializing CaDiCaL (version 2.2.1).
c [w = 144] Configuring CaDiCaL as --sat (1).
c [w = 144] Encoding starts with w = 144:
c [w = 144] Symmetry breaking highest degree node is applied.
c [w = 144] Encoding duration: 5309 ms.
c [w = 144] Number of clauses: 7053591.
c [w = 144] Number of variables: 1409398.
c [w = 144] SAT Solving starts:
c [Signal] Signal interruption. Caught signal: SIGTERM (15).
c [Main] Child pid 145 - 99466 terminated by signal 15.
c [Main] Child pid 144 - 99442 terminated by signal 15.
c [Main] Child pid 147 - 99465 terminated by signal 15.
c [Main] Child pid 149 - 99910 terminated by signal 15.
c [Main] Child pid 151 - 99441 terminated by signal 15.
c [Main] Child pid 146 - 99909 terminated by signal 15.
c [Main] Child pid 143 - 99464 terminated by signal 15.
c [w = 170] Start task in PID: 99926.
c [w = 170] Cyclic Antibandwidth problem with w = 170 (U-662_bus.mtx.rnd):
c [w = 170] Initializing CaDiCaL (version 2.2.1).
c [w = 170] Configuring CaDiCaL as --sat (1).
c [w = 170] Encoding starts with w = 170:
c [w = 170] Symmetry breaking highest degree node is applied.
c [w = 170] Encoding duration: 5191 ms.
c [w = 170] Number of clauses: 6996729.
c [w = 170] Number of variables: 1384904.
c [w = 170] SAT Solving starts:
c [w = 170] Solving duration: 29609 ms.
c [w = 170] Answer:
s [w = 170] UNSAT (w = 170).
c [w = 170] Result: 20.
c [Main] Min width UNSAT is set to 170
c [Main] Kill higher pid 179.
c [Main] Kill higher pid 193.
c [Main] Kill higher pid 172.
c [w = 179] Start task in PID: 99921.
c [w = 179] Cyclic Antibandwidth problem with w = 179 (U-662_bus.mtx.rnd):
c [w = 179] Initializing CaDiCaL (version 2.2.1).
c [w = 179] Configuring CaDiCaL as --sat (1).
c [w = 179] Encoding starts with w = 179:
c [w = 179] Symmetry breaking highest degree node is applied.
c [w = 179] Encoding duration: 5218 ms.
c [w = 179] Number of clauses: 7074183.
c [w = 179] Number of variables: 1408736.
c [w = 179] SAT Solving starts:
c [w = 179] Solving duration: 30942 ms.
c [w = 179] Answer:
s [w = 179] UNSAT (w = 179).
c [Signal] Signal interruption. Caught signal: SIGTERM (15).
c [w = 193] Start task in PID: 99920.
c [w = 193] Cyclic Antibandwidth problem with w = 193 (U-662_bus.mtx.rnd):
c [w = 193] Initializing CaDiCaL (version 2.2.1).
c [w = 193] Configuring CaDiCaL as --sat (1).
c [w = 193] Encoding starts with w = 193:
c [w = 193] Symmetry breaking highest degree node is applied.
c [w = 193] Encoding duration: 5433 ms.
c [w = 193] Number of clauses: 7194667.
c [w = 193] Number of variables: 1445808.
c [w = 193] SAT Solving starts:
c [w = 193] Solving duration: 30791 ms.
c [w = 193] Answer:
s [w = 193] UNSAT (w = 193).
c [Signal] Signal interruption. Caught signal: SIGTERM (15).
c [w = 172] Start task in PID: 99922.
c [w = 172] Cyclic Antibandwidth problem with w = 172 (U-662_bus.mtx.rnd):
c [w = 172] Initializing CaDiCaL (version 2.2.1).
c [w = 172] Configuring CaDiCaL as --sat (1).
c [w = 172] Encoding starts with w = 172:
c [w = 172] Symmetry breaking highest degree node is applied.
c [w = 172] Encoding duration: 5129 ms.
c [w = 172] Number of clauses: 7013941.
c [w = 172] Number of variables: 1390200.
c [w = 172] SAT Solving starts:
c [w = 172] Solving duration: 30178 ms.
c [w = 172] Answer:
s [w = 172] UNSAT (w = 172).
c [Signal] Signal interruption. Caught signal: SIGTERM (15).
c [w = 166] Start task in PID: 99924.
c [w = 166] Cyclic Antibandwidth problem with w = 166 (U-662_bus.mtx.rnd):
c [w = 166] Initializing CaDiCaL (version 2.2.1).
c [w = 166] Configuring CaDiCaL as --sat (1).
c [w = 166] Encoding starts with w = 166:
c [w = 166] Symmetry breaking highest degree node is applied.
c [w = 166] Encoding duration: 5078 ms.
c [w = 166] Number of clauses: 6962305.
c [w = 166] Number of variables: 1374312.
c [w = 166] SAT Solving starts:
c [w = 166] Solving duration: 29930 ms.
c [w = 166] Answer:
s [w = 166] UNSAT (w = 166).
c [w = 166] Result: 20.
c [w = 169] Start task in PID: 99927.
c [w = 169] Cyclic Antibandwidth problem with w = 169 (U-662_bus.mtx.rnd):
c [w = 169] Initializing CaDiCaL (version 2.2.1).
c [w = 169] Configuring CaDiCaL as --sat (1).
c [w = 169] Encoding starts with w = 169:
c [w = 169] Symmetry breaking highest degree node is applied.
c [w = 169] Encoding duration: 5150 ms.
c [w = 169] Number of clauses: 6988123.
c [w = 169] Number of variables: 1382256.
c [w = 169] SAT Solving starts:
c [w = 169] Solving duration: 29987 ms.
c [w = 169] Answer:
s [w = 169] UNSAT (w = 169).
c [w = 169] Result: 20.
c [Main] Child pid 179 - 99921 terminated by signal 15.
c [Main] Child pid 193 - 99920 terminated by signal 15.
c [Main] Child pid 172 - 99922 terminated by signal 15.
c [Main] Min width UNSAT is set to 166
c [Main] Kill higher pid 169.
c [Main] Kill higher pid 168.
c [Main] Kill higher pid 167.
c [w = 168] Start task in PID: 99923.
c [w = 168] Cyclic Antibandwidth problem with w = 168 (U-662_bus.mtx.rnd):
c [w = 168] Initializing CaDiCaL (version 2.2.1).
c [w = 168] Configuring CaDiCaL as --sat (1).
c [w = 168] Encoding starts with w = 168:
c [w = 168] Symmetry breaking highest degree node is applied.
c [w = 168] Encoding duration: 5132 ms.
c [w = 168] Number of clauses: 6979517.
c [w = 168] Number of variables: 1379608.
c [w = 168] SAT Solving starts:
c [w = 168] Solving duration: 30427 ms.
c [w = 168] Answer:
s [w = 168] UNSAT (w = 168).
c [Signal] Signal interruption. Caught signal: SIGTERM (15).
c [w = 167] Start task in PID: 99925.
c [w = 167] Cyclic Antibandwidth problem with w = 167 (U-662_bus.mtx.rnd):
c [w = 167] Initializing CaDiCaL (version 2.2.1).
c [w = 167] Configuring CaDiCaL as --sat (1).
c [w = 167] Encoding starts with w = 167:
c [w = 167] Symmetry breaking highest degree node is applied.
c [w = 167] Encoding duration: 5169 ms.
c [w = 167] Number of clauses: 6970911.
c [w = 167] Number of variables: 1376960.
c [w = 167] SAT Solving starts:
c [w = 167] Solving duration: 30456 ms.
c [w = 167] Answer:
s [w = 167] UNSAT (w = 167).
c [Signal] Signal interruption. Caught signal: SIGTERM (15).
c [Main] Child pid 168 - 99923 terminated by signal 15.
c [Main] Child pid 167 - 99925 terminated by signal 15.
c [Signal] Signal interruption. Caught signal: SIGTERM (15).
c [Main] All children have completed.
r [Main] 
r [Main] Final results: 
r [Main] Max width SAT:  	165.
r [Main] Min width UNSAT:	166.
r [Main] Total real time: 330363 ms.
r [Main] Total memory consumed: 19347.8 MB.
r [Main] 
