c [Version] Cyclic Anti-bandwidth Encoder version 1.0.0.
c [Param] Real time limit is set to 1800.
c [Param] Memory limit is set to 30000.
c [Param] Worker count is set to 8.
c [Main] Encoding and solving for graph: W-685_bus.mtx.rnd.
c [Main] Search strategy: Binary search from lower bound.
c [Main] Lower bound is set to 68.
c [Main] Upper bound is set to 136.
c [Main] Search order: 102 84 75 71 69 68 70 73 72 74 79 77 76 78 81 80 82 83 93 88 86 85 87 90 89 91 92 97 95 94 96 99 98 100 101 119 110 106 104 103 105 108 107 109 114 112 111 113 116 115 117 118 128 123 121 120 122 125 124 126 127 132 130 129 131 134 133 135 136.
c [w = 69] Start task in PID: 101666.
c [w = 69] Cyclic Antibandwidth problem with w = 69 (W-685_bus.mtx.rnd):
c [w = 69] Initializing CaDiCaL (version 2.2.1).
c [w = 69] Configuring CaDiCaL as --sat (1).
c [w = 69] Encoding starts with w = 69:
c [w = 69] Symmetry breaking highest degree node is applied.
c [w = 69] Encoding duration: 7293 ms.
c [w = 69] Number of clauses: 8300387.
c [w = 69] Number of variables: 1460420.
c [w = 69] SAT Solving starts:
c [w = 69] Solving duration: 36924 ms.
c [w = 69] Answer:
s [w = 69] SAT (w = 69).
c [w = 69] Solution check = 69.
c [w = 69] The solution is correct.
c [w = 69] Result: 10.
c [Main] Max width SAT is set to 69.
c [Main] Kill lower pid 68.
c [w = 68] Start task in PID: 101667.
c [w = 68] Cyclic Antibandwidth problem with w = 68 (W-685_bus.mtx.rnd):
c [w = 68] Initializing CaDiCaL (version 2.2.1).
c [w = 68] Configuring CaDiCaL as --sat (1).
c [w = 68] Encoding starts with w = 68:
c [w = 68] Symmetry breaking highest degree node is applied.
c [w = 68] Encoding duration: 7525 ms.
c [w = 68] Number of clauses: 8416416.
c [w = 68] Number of variables: 1498095.
c [w = 68] SAT Solving starts:
c [Signal] Signal interruption. Caught signal: SIGTERM (15).
c [Main] Child pid 68 - 101667 terminated by signal 15.
c [w = 73] Start task in PID: 101669.
c [w = 73] Cyclic Antibandwidth problem with w = 73 (W-685_bus.mtx.rnd):
c [w = 73] Initializing CaDiCaL (version 2.2.1).
c [w = 73] Configuring CaDiCaL as --sat (1).
c [w = 73] Encoding starts with w = 73:
c [w = 73] Symmetry breaking highest degree node is applied.
c [w = 73] Encoding duration: 7376 ms.
c [w = 73] Number of clauses: 8385327.
c [w = 73] Number of variables: 1487820.
c [w = 73] SAT Solving starts:
c [w = 73] Solving duration: 37557 ms.
c [w = 73] Answer:
s [w = 73] SAT (w = 73).
c [w = 73] Solution check = 73.
c [w = 73] The solution is correct.
c [w = 73] Result: 10.
c [w = 71] Start task in PID: 101665.
c [w = 71] Cyclic Antibandwidth problem with w = 71 (W-685_bus.mtx.rnd):
c [w = 71] Initializing CaDiCaL (version 2.2.1).
c [w = 71] Configuring CaDiCaL as --sat (1).
c [w = 71] Encoding starts with w = 71:
c [w = 71] Symmetry breaking highest degree node is applied.
c [w = 71] Encoding duration: 7376 ms.
c [w = 71] Number of clauses: 8342857.
c [w = 71] Number of variables: 1474120.
c [w = 71] SAT Solving starts:
c [w = 71] Solving duration: 37580 ms.
c [w = 71] Answer:
s [w = 71] SAT (w = 71).
c [w = 71] Solution check = 71.
c [w = 71] The solution is correct.
c [w = 71] Result: 10.
c [w = 70] Start task in PID: 101668.
c [w = 70] Cyclic Antibandwidth problem with w = 70 (W-685_bus.mtx.rnd):
c [w = 70] Initializing CaDiCaL (version 2.2.1).
c [w = 70] Configuring CaDiCaL as --sat (1).
c [w = 70] Encoding starts with w = 70:
c [w = 70] Symmetry breaking highest degree node is applied.
c [w = 70] Encoding duration: 7410 ms.
c [w = 70] Number of clauses: 8321622.
c [w = 70] Number of variables: 1467270.
c [w = 70] SAT Solving starts:
c [w = 70] Solving duration: 37583 ms.
c [w = 70] Answer:
s [w = 70] SAT (w = 70).
c [w = 70] Solution check = 70.
c [w = 70] The solution is correct.
c [w = 70] Result: 10.
c [Main] Max width SAT is set to 73.
c [Main] Kill lower pid 72.
c [Main] Kill lower pid 70.
c [Main] Kill lower pid 71.
c [w = 72] Start task in PID: 101682.
c [w = 72] Cyclic Antibandwidth problem with w = 72 (W-685_bus.mtx.rnd):
c [w = 72] Initializing CaDiCaL (version 2.2.1).
c [w = 72] Configuring CaDiCaL as --sat (1).
c [w = 72] Encoding starts with w = 72:
c [w = 72] Symmetry breaking highest degree node is applied.
c [Signal] Signal interruption. Caught signal: SIGTERM (15).
c [Main] Child pid 72 - 101682 terminated by signal 15.
c [Main] Kill lower pid 70.
c [w = 102] Start task in PID: 101662.
c [w = 102] Cyclic Antibandwidth problem with w = 102 (W-685_bus.mtx.rnd):
c [w = 102] Initializing CaDiCaL (version 2.2.1).
c [w = 102] Configuring CaDiCaL as --sat (1).
c [w = 102] Encoding starts with w = 102:
c [w = 102] Symmetry breaking highest degree node is applied.
c [w = 102] Encoding duration: 7355 ms.
c [w = 102] Number of clauses: 8383850.
c [w = 102] Number of variables: 1483025.
c [w = 102] SAT Solving starts:
c [w = 102] Solving duration: 39886 ms.
c [w = 102] Answer:
s [w = 102] SAT (w = 102).
c [w = 102] Solution check = 102.
c [w = 102] The solution is correct.
c [w = 102] Result: 10.
c [w = 77] Start task in PID: 101685.
c [w = 77] Cyclic Antibandwidth problem with w = 77 (W-685_bus.mtx.rnd):
c [w = 77] Initializing CaDiCaL (version 2.2.1).
c [w = 77] Configuring CaDiCaL as --sat (1).
c [w = 77] Encoding starts with w = 77:
c [w = 77] Symmetry breaking highest degree node is applied.
c [Signal] Signal interruption. Caught signal: SIGTERM (15).
c [w = 79] Start task in PID: 101684.
c [w = 79] Cyclic Antibandwidth problem with w = 79 (W-685_bus.mtx.rnd):
c [w = 79] Initializing CaDiCaL (version 2.2.1).
c [w = 79] Configuring CaDiCaL as --sat (1).
c [w = 79] Encoding starts with w = 79:
c [w = 79] Symmetry breaking highest degree node is applied.
c [Signal] Signal interruption. Caught signal: SIGTERM (15).
c [w = 74] Start task in PID: 101683.
c [w = 74] Cyclic Antibandwidth problem with w = 74 (W-685_bus.mtx.rnd):
c [w = 74] Initializing CaDiCaL (version 2.2.1).
c [w = 74] Configuring CaDiCaL as --sat (1).
c [w = 74] Encoding starts with w = 74:
c [w = 74] Symmetry breaking highest degree node is applied.
c [Signal] Signal interruption. Caught signal: SIGTERM (15).
c [Main] Max width SAT is set to 102.
c [Main] Kill lower pid 78.
c [Main] Kill lower pid 77.
c [Main] Kill lower pid 79.
c [Main] Kill lower pid 74.
c [Main] Kill lower pid 75.
c [Main] Kill lower pid 84.
c [Main] Kill lower pid 76.
c [w = 75] Start task in PID: 101664.
c [w = 75] Cyclic Antibandwidth problem with w = 75 (W-685_bus.mtx.rnd):
c [w = 75] Initializing CaDiCaL (version 2.2.1).
c [w = 75] Configuring CaDiCaL as --sat (1).
c [w = 75] Encoding starts with w = 75:
c [w = 75] Symmetry breaking highest degree node is applied.
c [w = 75] Encoding duration: 7526 ms.
c [w = 75] Number of clauses: 8427797.
c [w = 75] Number of variables: 1501520.
c [w = 75] SAT Solving starts:
c [Signal] Signal interruption. Caught signal: SIGTERM (15).
c [w = 84] Start task in PID: 101663.
c [w = 84] Cyclic Antibandwidth problem with w = 84 (W-685_bus.mtx.rnd):
c [w = 84] Initializing CaDiCaL (version 2.2.1).
c [w = 84] Configuring CaDiCaL as --sat (1).
c [w = 84] Encoding starts with w = 84:
c [w = 84] Symmetry breaking highest degree node is applied.
c [w = 84] Encoding duration: 7493 ms.
c [w = 84] Number of clauses: 8449453.
c [w = 84] Number of variables: 1507685.
c [w = 84] SAT Solving starts:
c [w = 84] Solving duration: 42195 ms.
c [w = 84] Answer:
s [w = 84] SAT (w = 84).
c [w = 84] Solution check = 84.
c [w = 84] The solution is correct.
c [Signal] Signal interruption. Caught signal: SIGTERM (15).
c [w = 76] Start task in PID: 101686.
c [w = 76] Cyclic Antibandwidth problem with w = 76 (W-685_bus.mtx.rnd):
c [w = 76] Initializing CaDiCaL (version 2.2.1).
c [w = 76] Configuring CaDiCaL as --sat (1).
c [w = 76] Encoding starts with w = 76:
c [w = 76] Symmetry breaking highest degree node is applied.
c [Signal] Signal interruption. Caught signal: SIGTERM (15).
c [w = 78] Start task in PID: 101687.
c [w = 78] Cyclic Antibandwidth problem with w = 78 (W-685_bus.mtx.rnd):
c [w = 78] Initializing CaDiCaL (version 2.2.1).
c [w = 78] Configuring CaDiCaL as --sat (1).
c [w = 78] Encoding starts with w = 78:
c [w = 78] Symmetry breaking highest degree node is applied.
c [Signal] Signal interruption. Caught signal: SIGTERM (15).
c [Main] Child pid 78 - 101687 terminated by signal 15.
c [Main] Child pid 76 - 101686 terminated by signal 15.
c [Main] Child pid 79 - 101684 terminated by signal 15.
c [Main] Child pid 77 - 101685 terminated by signal 15.
c [Main] Child pid 74 - 101683 terminated by signal 15.
c [Main] Child pid 75 - 101664 terminated by signal 15.
c [Main] Child pid 84 - 101663 terminated by signal 15.
c [w = 110] Start task in PID: 101689.
c [w = 110] Cyclic Antibandwidth problem with w = 110 (W-685_bus.mtx.rnd):
c [w = 110] Initializing CaDiCaL (version 2.2.1).
c [w = 110] Configuring CaDiCaL as --sat (1).
c [w = 110] Encoding starts with w = 110:
c [w = 110] Symmetry breaking highest degree node is applied.
c [w = 110] Encoding duration: 6690 ms.
c [w = 110] Number of clauses: 8504410.
c [w = 110] Number of variables: 1521385.
c [w = 110] SAT Solving starts:
c [w = 110] Solving duration: 32923 ms.
c [w = 110] Answer:
s [w = 110] SAT (w = 110).
c [w = 110] Solution check = 110.
c [w = 110] The solution is correct.
c [w = 110] Result: 10.
c [w = 107] Start task in PID: 101695.
c [w = 107] Cyclic Antibandwidth problem with w = 107 (W-685_bus.mtx.rnd):
c [w = 107] Initializing CaDiCaL (version 2.2.1).
c [w = 107] Configuring CaDiCaL as --sat (1).
c [w = 107] Encoding starts with w = 107:
c [w = 107] Symmetry breaking highest degree node is applied.
c [w = 107] Encoding duration: 6550 ms.
c [w = 107] Number of clauses: 8459200.
c [w = 107] Number of variables: 1507000.
c [w = 107] SAT Solving starts:
c [Signal] Signal interruption. Caught signal: SIGTERM (15).
c [Main] Max width SAT is set to 110.
c [Main] Kill lower pid 107.
c [Main] Kill lower pid 108.
c [Main] Kill lower pid 105.
c [Main] Kill lower pid 103.
c [Main] Kill lower pid 104.
c [Main] Kill lower pid 106.
c [w = 103] Start task in PID: 101692.
c [w = 103] Cyclic Antibandwidth problem with w = 103 (W-685_bus.mtx.rnd):
c [w = 103] Initializing CaDiCaL (version 2.2.1).
c [w = 103] Configuring CaDiCaL as --sat (1).
c [w = 103] Encoding starts with w = 103:
c [w = 103] Symmetry breaking highest degree node is applied.
c [w = 103] Encoding duration: 6505 ms.
c [w = 103] Number of clauses: 8398920.
c [w = 103] Number of variables: 1487820.
c [w = 103] SAT Solving starts:
c [Signal] Signal interruption. Caught signal: SIGTERM (15).
c [w = 104] Start task in PID: 101691.
c [w = 104] Cyclic Antibandwidth problem with w = 104 (W-685_bus.mtx.rnd):
c [w = 104] Initializing CaDiCaL (version 2.2.1).
c [w = 104] Configuring CaDiCaL as --sat (1).
c [w = 104] Encoding starts with w = 104:
c [w = 104] Symmetry breaking highest degree node is applied.
c [w = 104] Encoding duration: 6613 ms.
c [w = 104] Number of clauses: 8413990.
c [w = 104] Number of variables: 1492615.
c [w = 104] SAT Solving starts:
c [Signal] Signal interruption. Caught signal: SIGTERM (15).
c [w = 108] Start task in PID: 101694.
c [w = 108] Cyclic Antibandwidth problem with w = 108 (W-685_bus.mtx.rnd):
c [w = 108] Initializing CaDiCaL (version 2.2.1).
c [w = 108] Configuring CaDiCaL as --sat (1).
c [w = 108] Encoding starts with w = 108:
c [w = 108] Symmetry breaking highest degree node is applied.
c [w = 108] Encoding duration: 6583 ms.
c [w = 108] Number of clauses: 8474270.
c [w = 108] Number of variables: 1511795.
c [w = 108] SAT Solving starts:
c [Signal] Signal interruption. Caught signal: SIGTERM (15).
c [w = 105] Start task in PID: 101693.
c [w = 105] Cyclic Antibandwidth problem with w = 105 (W-685_bus.mtx.rnd):
c [w = 105] Initializing CaDiCaL (version 2.2.1).
c [w = 105] Configuring CaDiCaL as --sat (1).
c [w = 105] Encoding starts with w = 105:
c [w = 105] Symmetry breaking highest degree node is applied.
c [w = 105] Encoding duration: 6524 ms.
c [w = 105] Number of clauses: 8429060.
c [w = 105] Number of variables: 1497410.
c [w = 105] SAT Solving starts:
c [Signal] Signal interruption. Caught signal: SIGTERM (15).
c [w = 106] Start task in PID: 101690.
c [w = 106] Cyclic Antibandwidth problem with w = 106 (W-685_bus.mtx.rnd):
c [w = 106] Initializing CaDiCaL (version 2.2.1).
c [w = 106] Configuring CaDiCaL as --sat (1).
c [w = 106] Encoding starts with w = 106:
c [w = 106] Symmetry breaking highest degree node is applied.
c [w = 106] Encoding duration: 6557 ms.
c [w = 106] Number of clauses: 8444130.
c [w = 106] Number of variables: 1502205.
c [w = 106] SAT Solving starts:
c [Signal] Signal interruption. Caught signal: SIGTERM (15).
c [Main] Child pid 108 - 101694 terminated by signal 15.
c [Main] Child pid 103 - 101692 terminated by signal 15.
c [Main] Child pid 107 - 101695 terminated by signal 15.
c [Main] Child pid 105 - 101693 terminated by signal 15.
c [Main] Child pid 106 - 101690 terminated by signal 15.
c [Main] Child pid 104 - 101691 terminated by signal 15.
c [w = 119] Start task in PID: 101688.
c [w = 119] Cyclic Antibandwidth problem with w = 119 (W-685_bus.mtx.rnd):
c [w = 119] Initializing CaDiCaL (version 2.2.1).
c [w = 119] Configuring CaDiCaL as --sat (1).
c [w = 119] Encoding starts with w = 119:
c [w = 119] Symmetry breaking highest degree node is applied.
c [w = 119] Encoding duration: 6595 ms.
c [w = 119] Number of clauses: 8400711.
c [w = 119] Number of variables: 1485080.
c [w = 119] SAT Solving starts:
c [w = 119] Solving duration: 46403 ms.
c [w = 119] Answer:
s [w = 119] UNSAT (w = 119).
c [w = 119] Result: 20.
c [Main] Min width UNSAT is set to 119
c [w = 117] Start task in PID: 101706.
c [w = 117] Cyclic Antibandwidth problem with w = 117 (W-685_bus.mtx.rnd):
c [w = 117] Initializing CaDiCaL (version 2.2.1).
c [w = 117] Configuring CaDiCaL as --sat (1).
c [w = 117] Encoding starts with w = 117:
c [w = 117] Symmetry breaking highest degree node is applied.
c [w = 117] Encoding duration: 5973 ms.
c [w = 117] Number of clauses: 8374681.
c [w = 117] Number of variables: 1476860.
c [w = 117] SAT Solving starts:
c [w = 117] Solving duration: 46456 ms.
c [w = 117] Answer:
s [w = 117] UNSAT (w = 117).
c [w = 117] Result: 20.
c [Main] Min width UNSAT is set to 117
c [Main] Kill higher pid 118.
c [w = 118] Start task in PID: 101714.
c [w = 118] Cyclic Antibandwidth problem with w = 118 (W-685_bus.mtx.rnd):
c [w = 118] Initializing CaDiCaL (version 2.2.1).
c [w = 118] Configuring CaDiCaL as --sat (1).
c [w = 118] Encoding starts with w = 118:
c [w = 118] Symmetry breaking highest degree node is applied.
c [w = 118] Encoding duration: 5960 ms.
c [w = 118] Number of clauses: 8387696.
c [w = 118] Number of variables: 1480970.
c [w = 118] SAT Solving starts:
c [Signal] Signal interruption. Caught signal: SIGTERM (15).
c [Main] Child pid 118 - 101714 terminated by signal 15.
c [w = 116] Start task in PID: 101704.
c [w = 116] Cyclic Antibandwidth problem with w = 116 (W-685_bus.mtx.rnd):
c [w = 116] Initializing CaDiCaL (version 2.2.1).
c [w = 116] Configuring CaDiCaL as --sat (1).
c [w = 116] Encoding starts with w = 116:
c [w = 116] Symmetry breaking highest degree node is applied.
c [w = 116] Encoding duration: 6409 ms.
c [w = 116] Number of clauses: 8361666.
c [w = 116] Number of variables: 1472750.
c [w = 116] SAT Solving starts:
c [w = 116] Solving duration: 47938 ms.
c [w = 116] Answer:
s [w = 116] UNSAT (w = 116).
c [w = 116] Result: 20.
c [w = 115] Start task in PID: 101705.
c [w = 115] Cyclic Antibandwidth problem with w = 115 (W-685_bus.mtx.rnd):
c [w = 115] Initializing CaDiCaL (version 2.2.1).
c [w = 115] Configuring CaDiCaL as --sat (1).
c [w = 115] Encoding starts with w = 115:
c [w = 115] Symmetry breaking highest degree node is applied.
c [w = 115] Encoding duration: 6384 ms.
c [w = 115] Number of clauses: 8348651.
c [w = 115] Number of variables: 1468640.
c [w = 115] SAT Solving starts:
c [w = 115] Solving duration: 48355 ms.
c [w = 115] Answer:
s [w = 115] UNSAT (w = 115).
c [w = 115] Result: 20.
c [Main] Min width UNSAT is set to 116
c [Main] Min width UNSAT is set to 115
c [w = 114] Start task in PID: 101700.
c [w = 114] Cyclic Antibandwidth problem with w = 114 (W-685_bus.mtx.rnd):
c [w = 114] Initializing CaDiCaL (version 2.2.1).
c [w = 114] Configuring CaDiCaL as --sat (1).
c [w = 114] Encoding starts with w = 114:
c [w = 114] Symmetry breaking highest degree node is applied.
c [w = 114] Encoding duration: 6363 ms.
c [w = 114] Number of clauses: 8335215.
c [w = 114] Number of variables: 1464530.
c [w = 114] SAT Solving starts:
c [w = 114] Solving duration: 50592 ms.
c [w = 114] Answer:
s [w = 114] SAT (w = 114).
c [w = 114] Solution check = 114.
c [w = 114] The solution is correct.
c [w = 114] Result: 10.
c [w = 113] Start task in PID: 101703.
c [w = 113] Cyclic Antibandwidth problem with w = 113 (W-685_bus.mtx.rnd):
c [w = 113] Initializing CaDiCaL (version 2.2.1).
c [w = 113] Configuring CaDiCaL as --sat (1).
c [w = 113] Encoding starts with w = 113:
c [w = 113] Symmetry breaking highest degree node is applied.
c [w = 113] Encoding duration: 6634 ms.
c [w = 113] Number of clauses: 8549620.
c [w = 113] Number of variables: 1535770.
c [w = 113] SAT Solving starts:
c [Signal] Signal interruption. Caught signal: SIGTERM (15).
c [w = 112] Start task in PID: 101701.
c [w = 112] Cyclic Antibandwidth problem with w = 112 (W-685_bus.mtx.rnd):
c [w = 112] Initializing CaDiCaL (version 2.2.1).
c [w = 112] Configuring CaDiCaL as --sat (1).
c [w = 112] Encoding starts with w = 112:
c [w = 112] Symmetry breaking highest degree node is applied.
c [w = 112] Encoding duration: 6631 ms.
c [w = 112] Number of clauses: 8534550.
c [w = 112] Number of variables: 1530975.
c [w = 112] SAT Solving starts:
c [Signal] Signal interruption. Caught signal: SIGTERM (15).
c [w = 111] Start task in PID: 101702.
c [w = 111] Cyclic Antibandwidth problem with w = 111 (W-685_bus.mtx.rnd):
c [w = 111] Initializing CaDiCaL (version 2.2.1).
c [w = 111] Configuring CaDiCaL as --sat (1).
c [w = 111] Encoding starts with w = 111:
c [w = 111] Symmetry breaking highest degree node is applied.
c [w = 111] Encoding duration: 6623 ms.
c [w = 111] Number of clauses: 8519480.
c [w = 111] Number of variables: 1526180.
c [w = 111] SAT Solving starts:
c [Signal] Signal interruption. Caught signal: SIGTERM (15).
c [Main] Max width SAT is set to 114.
c [Main] Kill lower pid 113.
c [Main] Kill lower pid 111.
c [Main] Kill lower pid 112.
c [Main] Child pid 113 - 101703 terminated by signal 15.
c [Main] Child pid 111 - 101702 terminated by signal 15.
c [Main] Child pid 112 - 101701 terminated by signal 15.
c [Signal] Signal interruption. Caught signal: SIGTERM (15).
c [Main] All children have completed.
r [Main] 
r [Main] Final results: 
r [Main] Max width SAT:  	114.
r [Main] Min width UNSAT:	115.
r [Main] Total real time: 150428 ms.
r [Main] Total memory consumed: 22098.6 MB.
r [Main] 
