c [Version] Cyclic Anti-bandwidth Encoder version 1.0.0.
c [Param] Real time limit is set to 1800.
c [Param] Memory limit is set to 30000.
c [Param] Worker count is set to 8.
c [Main] Encoding and solving for graph: X-can__715.mtx.rnd.
c [Main] Search strategy: Binary search from lower bound.
c [Main] Lower bound is set to 56.
c [Main] Upper bound is set to 142.
c [Main] Search order: 99 77 66 60 57 56 58 59 63 61 62 64 65 71 68 67 69 70 74 72 73 75 76 88 82 79 78 80 81 85 83 84 86 87 93 90 89 91 92 96 94 95 97 98 121 110 104 101 100 102 103 107 105 106 108 109 115 112 111 113 114 118 116 117 119 120 132 126 123 122 124 125 129 127 128 130 131 137 134 133 135 136 140 138 139 141 142.
c [w = 60] Start task in PID: 101727.
c [w = 60] Cyclic Antibandwidth problem with w = 60 (X-can__715.mtx.rnd):
c [w = 60] Initializing CaDiCaL (version 2.2.1).
c [w = 60] Configuring CaDiCaL as --sat (1).
c [w = 60] Encoding starts with w = 60:
c [w = 60] Symmetry breaking highest degree node is applied.
c [w = 60] Encoding duration: 10508 ms.
c [w = 60] Number of clauses: 13652717.
c [w = 60] Number of variables: 1585870.
c [w = 60] SAT Solving starts:
c [w = 60] Solving duration: 67558 ms.
c [w = 60] Answer:
s [w = 60] SAT (w = 60).
c [w = 60] Solution check = 60.
c [w = 60] The solution is correct.
c [w = 60] Result: 10.
c [Main] Max width SAT is set to 60.
c [Main] Kill lower pid 59.
c [Main] Kill lower pid 58.
c [Main] Kill lower pid 56.
c [Main] Kill lower pid 57.
c [w = 58] Start task in PID: 101730.
c [w = 58] Cyclic Antibandwidth problem with w = 58 (X-can__715.mtx.rnd):
c [w = 58] Initializing CaDiCaL (version 2.2.1).
c [w = 58] Configuring CaDiCaL as --sat (1).
c [w = 58] Encoding starts with w = 58:
c [w = 58] Symmetry breaking highest degree node is applied.
c [w = 58] Encoding duration: 10548 ms.
c [w = 58] Number of clauses: 13718152.
c [w = 58] Number of variables: 1608035.
c [w = 58] SAT Solving starts:
c [Signal] Signal interruption. Caught signal: SIGTERM (15).
c [w = 56] Start task in PID: 101729.
c [w = 56] Cyclic Antibandwidth problem with w = 56 (X-can__715.mtx.rnd):
c [w = 56] Initializing CaDiCaL (version 2.2.1).
c [w = 56] Configuring CaDiCaL as --sat (1).
c [w = 56] Encoding starts with w = 56:
c [w = 56] Symmetry breaking highest degree node is applied.
c [w = 56] Encoding duration: 10575 ms.
c [w = 56] Number of clauses: 13660952.
c [w = 56] Number of variables: 1589445.
c [w = 56] SAT Solving starts:
c [Signal] Signal interruption. Caught signal: SIGTERM (15).
c [w = 57] Start task in PID: 101728.
c [w = 57] Cyclic Antibandwidth problem with w = 57 (X-can__715.mtx.rnd):
c [w = 57] Initializing CaDiCaL (version 2.2.1).
c [w = 57] Configuring CaDiCaL as --sat (1).
c [w = 57] Encoding starts with w = 57:
c [w = 57] Symmetry breaking highest degree node is applied.
c [w = 57] Encoding duration: 10546 ms.
c [w = 57] Number of clauses: 13689552.
c [w = 57] Number of variables: 1598740.
c [w = 57] SAT Solving starts:
c [Signal] Signal interruption. Caught signal: SIGTERM (15).
c [w = 59] Start task in PID: 101731.
c [w = 59] Cyclic Antibandwidth problem with w = 59 (X-can__715.mtx.rnd):
c [w = 59] Initializing CaDiCaL (version 2.2.1).
c [w = 59] Configuring CaDiCaL as --sat (1).
c [w = 59] Encoding starts with w = 59:
c [w = 59] Symmetry breaking highest degree node is applied.
c [w = 59] Encoding duration: 10586 ms.
c [w = 59] Number of clauses: 13746752.
c [w = 59] Number of variables: 1617330.
c [w = 59] SAT Solving starts:
c [Signal] Signal interruption. Caught signal: SIGTERM (15).
c [Main] Child pid 59 - 101731 terminated by signal 15.
c [Main] Child pid 57 - 101728 terminated by signal 15.
c [Main] Child pid 56 - 101729 terminated by signal 15.
c [Main] Child pid 58 - 101730 terminated by signal 15.
c [w = 66] Start task in PID: 101726.
c [w = 66] Cyclic Antibandwidth problem with w = 66 (X-can__715.mtx.rnd):
c [w = 66] Initializing CaDiCaL (version 2.2.1).
c [w = 66] Configuring CaDiCaL as --sat (1).
c [w = 66] Encoding starts with w = 66:
c [w = 66] Symmetry breaking highest degree node is applied.
c [w = 66] Encoding duration: 10505 ms.
c [w = 66] Number of clauses: 13676657.
c [w = 66] Number of variables: 1592305.
c [w = 66] SAT Solving starts:
c [w = 66] Solving duration: 143532 ms.
c [w = 66] Answer:
s [w = 66] SAT (w = 66).
c [w = 66] Solution check = 66.
c [w = 66] The solution is correct.
c [w = 66] Result: 10.
c [Main] Max width SAT is set to 66.
c [Main] Kill lower pid 65.
c [Main] Kill lower pid 62.
c [Main] Kill lower pid 61.
c [Main] Kill lower pid 63.
c [Main] Kill lower pid 64.
c [w = 61] Start task in PID: 101751.
c [w = 61] Cyclic Antibandwidth problem with w = 61 (X-can__715.mtx.rnd):
c [w = 61] Initializing CaDiCaL (version 2.2.1).
c [w = 61] Configuring CaDiCaL as --sat (1).
c [w = 61] Encoding starts with w = 61:
c [w = 61] Symmetry breaking highest degree node is applied.
c [w = 61] Encoding duration: 10653 ms.
c [w = 61] Number of clauses: 13679172.
c [w = 61] Number of variables: 1594450.
c [w = 61] SAT Solving starts:
c [Signal] Signal interruption. Caught signal: SIGTERM (15).
c [w = 63] Start task in PID: 101750.
c [w = 63] Cyclic Antibandwidth problem with w = 63 (X-can__715.mtx.rnd):
c [w = 63] Initializing CaDiCaL (version 2.2.1).
c [w = 63] Configuring CaDiCaL as --sat (1).
c [w = 63] Encoding starts with w = 63:
c [w = 63] Symmetry breaking highest degree node is applied.
c [w = 63] Encoding duration: 10677 ms.
c [w = 63] Number of clauses: 13732082.
c [w = 63] Number of variables: 1611610.
c [w = 63] SAT Solving starts:
c [Signal] Signal interruption. Caught signal: SIGTERM (15).
c [w = 64] Start task in PID: 101753.
c [w = 64] Cyclic Antibandwidth problem with w = 64 (X-can__715.mtx.rnd):
c [w = 64] Initializing CaDiCaL (version 2.2.1).
c [w = 64] Configuring CaDiCaL as --sat (1).
c [w = 64] Encoding starts with w = 64:
c [w = 64] Symmetry breaking highest degree node is applied.
c [w = 64] Encoding duration: 10061 ms.
c [w = 64] Number of clauses: 13758537.
c [w = 64] Number of variables: 1620190.
c [w = 64] SAT Solving starts:
c [Signal] Signal interruption. Caught signal: SIGTERM (15).
c [w = 62] Start task in PID: 101752.
c [w = 62] Cyclic Antibandwidth problem with w = 62 (X-can__715.mtx.rnd):
c [w = 62] Initializing CaDiCaL (version 2.2.1).
c [w = 62] Configuring CaDiCaL as --sat (1).
c [w = 62] Encoding starts with w = 62:
c [w = 62] Symmetry breaking highest degree node is applied.
c [w = 62] Encoding duration: 10109 ms.
c [w = 62] Number of clauses: 13705627.
c [w = 62] Number of variables: 1603030.
c [w = 62] SAT Solving starts:
c [Signal] Signal interruption. Caught signal: SIGTERM (15).
c [w = 65] Start task in PID: 101754.
c [w = 65] Cyclic Antibandwidth problem with w = 65 (X-can__715.mtx.rnd):
c [w = 65] Initializing CaDiCaL (version 2.2.1).
c [w = 65] Configuring CaDiCaL as --sat (1).
c [w = 65] Encoding starts with w = 65:
c [w = 65] Symmetry breaking highest degree node is applied.
c [w = 65] Encoding duration: 9927 ms.
c [w = 65] Number of clauses: 13652347.
c [w = 65] Number of variables: 1584440.
c [w = 65] SAT Solving starts:
c [Signal] Signal interruption. Caught signal: SIGTERM (15).
c [Main] Child pid 64 - 101753 terminated by signal 15.
c [Main] Child pid 61 - 101751 terminated by signal 15.
c [Main] Child pid 63 - 101750 terminated by signal 15.
c [Main] Child pid 65 - 101754 terminated by signal 15.
c [Main] Child pid 62 - 101752 terminated by signal 15.
c [w = 74] Start task in PID: 101779.
c [w = 74] Cyclic Antibandwidth problem with w = 74 (X-can__715.mtx.rnd):
c [w = 74] Initializing CaDiCaL (version 2.2.1).
c [w = 74] Configuring CaDiCaL as --sat (1).
c [w = 74] Encoding starts with w = 74:
c [w = 74] Symmetry breaking highest degree node is applied.
c [w = 74] Encoding duration: 9640 ms.
c [w = 74] Number of clauses: 13719902.
c [w = 74] Number of variables: 1604460.
c [w = 74] SAT Solving starts:
c [Signal] Signal interruption. Caught signal: SIGTERM (15).
c [w = 67] Start task in PID: 101776.
c [w = 67] Cyclic Antibandwidth problem with w = 67 (X-can__715.mtx.rnd):
c [w = 67] Initializing CaDiCaL (version 2.2.1).
c [w = 67] Configuring CaDiCaL as --sat (1).
c [w = 67] Encoding starts with w = 67:
c [w = 67] Symmetry breaking highest degree node is applied.
c [w = 67] Encoding duration: 10520 ms.
c [w = 67] Number of clauses: 13700967.
c [w = 67] Number of variables: 1600170.
c [w = 67] SAT Solving starts:
c [Signal] Signal interruption. Caught signal: SIGTERM (15).
c [w = 71] Start task in PID: 101773.
c [w = 71] Cyclic Antibandwidth problem with w = 71 (X-can__715.mtx.rnd):
c [w = 71] Initializing CaDiCaL (version 2.2.1).
c [w = 71] Configuring CaDiCaL as --sat (1).
c [w = 71] Encoding starts with w = 71:
c [w = 71] Symmetry breaking highest degree node is applied.
c [w = 71] Encoding duration: 10604 ms.
c [w = 71] Number of clauses: 13798207.
c [w = 71] Number of variables: 1631630.
c [w = 71] SAT Solving starts:
c [Signal] Signal interruption. Caught signal: SIGTERM (15).
c [w = 68] Start task in PID: 101775.
c [w = 68] Cyclic Antibandwidth problem with w = 68 (X-can__715.mtx.rnd):
c [w = 68] Initializing CaDiCaL (version 2.2.1).
c [w = 68] Configuring CaDiCaL as --sat (1).
c [w = 68] Encoding starts with w = 68:
c [w = 68] Symmetry breaking highest degree node is applied.
c [w = 68] Encoding duration: 9757 ms.
c [w = 68] Number of clauses: 13725277.
c [w = 68] Number of variables: 1608035.
c [w = 68] SAT Solving starts:
c [Signal] Signal interruption. Caught signal: SIGTERM (15).
c [w = 69] Start task in PID: 101777.
c [w = 69] Cyclic Antibandwidth problem with w = 69 (X-can__715.mtx.rnd):
c [w = 69] Initializing CaDiCaL (version 2.2.1).
c [w = 69] Configuring CaDiCaL as --sat (1).
c [w = 69] Encoding starts with w = 69:
c [w = 69] Symmetry breaking highest degree node is applied.
c [w = 69] Encoding duration: 10531 ms.
c [w = 69] Number of clauses: 13749587.
c [w = 69] Number of variables: 1615900.
c [w = 69] SAT Solving starts:
c [Signal] Signal interruption. Caught signal: SIGTERM (15).
c [w = 77] Start task in PID: 101725.
c [w = 77] Cyclic Antibandwidth problem with w = 77 (X-can__715.mtx.rnd):
c [w = 77] Initializing CaDiCaL (version 2.2.1).
c [w = 77] Configuring CaDiCaL as --sat (1).
c [w = 77] Encoding starts with w = 77:
c [w = 77] Symmetry breaking highest degree node is applied.
c [w = 77] Encoding duration: 10605 ms.
c [w = 77] Number of clauses: 13786397.
c [w = 77] Number of variables: 1625910.
c [w = 77] SAT Solving starts:
c [Signal] Signal interruption. Caught signal: SIGTERM (15).
c [w = 99] Start task in PID: 101724.
c [w = 99] Cyclic Antibandwidth problem with w = 99 (X-can__715.mtx.rnd):
c [w = 99] Initializing CaDiCaL (version 2.2.1).
c [w = 99] Configuring CaDiCaL as --sat (1).
c [w = 99] Encoding starts with w = 99:
c [w = 99] Symmetry breaking highest degree node is applied.
c [w = 99] Encoding duration: 10799 ms.
c [w = 99] Number of clauses: 13866452.
c [w = 99] Number of variables: 1645930.
c [w = 99] SAT Solving starts:
c [Signal] Signal interruption. Caught signal: SIGTERM (15).
c [Main] Lim pid ends with result: 255.
c [Main] All children have completed.
r [Main] 
r [Main] Final results: 
r [Main] Max width SAT:  	66.
r [Main] Min width UNSAT:	-.
r [Main] Total real time: 246409 ms.
r [Main] Total memory consumed: 30168.6 MB.
r [Main] 
c [w = 70] Start task in PID: 101778.
c [w = 70] Cyclic Antibandwidth problem with w = 70 (X-can__715.mtx.rnd):
c [w = 70] Initializing CaDiCaL (version 2.2.1).
c [w = 70] Configuring CaDiCaL as --sat (1).
c [w = 70] Encoding starts with w = 70:
c [w = 70] Symmetry breaking highest degree node is applied.
c [w = 70] Encoding duration: 10484 ms.
c [w = 70] Number of clauses: 13773897.
c [w = 70] Number of variables: 1623765.
c [w = 70] SAT Solving starts:
c [Signal] Signal interruption. Caught signal: SIGTERM (15).
